Archive member included to satisfy reference by file (symbol)

.\CortexM3\ARM_GCC_541\Debug\AY1920_II_HW_FINAL_CARZANIGA_GUALNIERA.a(ISR_CONFIG.o)
                              .\CortexM3\ARM_GCC_541\Debug\main.o (ISR_CONFIG_StartEx)
.\CortexM3\ARM_GCC_541\Debug\AY1920_II_HW_FINAL_CARZANIGA_GUALNIERA.a(ISR_START.o)
                              .\CortexM3\ARM_GCC_541\Debug\main.o (ISR_START_StartEx)
.\CortexM3\ARM_GCC_541\Debug\AY1920_II_HW_FINAL_CARZANIGA_GUALNIERA.a(UART.o)
                              .\CortexM3\ARM_GCC_541\Debug\main.o (UART_Start)
.\CortexM3\ARM_GCC_541\Debug\AY1920_II_HW_FINAL_CARZANIGA_GUALNIERA.a(UART_IntClock.o)
                              .\CortexM3\ARM_GCC_541\Debug\AY1920_II_HW_FINAL_CARZANIGA_GUALNIERA.a(UART.o) (UART_IntClock_Start)
.\CortexM3\ARM_GCC_541\Debug\AY1920_II_HW_FINAL_CARZANIGA_GUALNIERA.a(CyLib.o)
                              .\CortexM3\ARM_GCC_541\Debug\Cm3Start.o (CyHalt)
.\CortexM3\ARM_GCC_541\Debug\AY1920_II_HW_FINAL_CARZANIGA_GUALNIERA.a(cyPm.o)
                              .\CortexM3\ARM_GCC_541\Debug\AY1920_II_HW_FINAL_CARZANIGA_GUALNIERA.a(CyLib.o) (CyPmReadStatus)
.\CortexM3\ARM_GCC_541\Debug\AY1920_II_HW_FINAL_CARZANIGA_GUALNIERA.a(SPIM.o)
                              .\CortexM3\ARM_GCC_541\Debug\SPI_Interface.o (SPIM_ReadTxStatus)
.\CortexM3\ARM_GCC_541\Debug\AY1920_II_HW_FINAL_CARZANIGA_GUALNIERA.a(SPIM_INT.o)
                              .\CortexM3\ARM_GCC_541\Debug\AY1920_II_HW_FINAL_CARZANIGA_GUALNIERA.a(SPIM.o) (SPIM_TX_ISR)
.\CortexM3\ARM_GCC_541\Debug\AY1920_II_HW_FINAL_CARZANIGA_GUALNIERA.a(CS.o)
                              .\CortexM3\ARM_GCC_541\Debug\SPI_Interface.o (CS_Write)
.\CortexM3\ARM_GCC_541\Debug\AY1920_II_HW_FINAL_CARZANIGA_GUALNIERA.a(SPIM_IntClock.o)
                              .\CortexM3\ARM_GCC_541\Debug\AY1920_II_HW_FINAL_CARZANIGA_GUALNIERA.a(SPIM.o) (SPIM_IntClock_Start)
.\CortexM3\ARM_GCC_541\Debug\AY1920_II_HW_FINAL_CARZANIGA_GUALNIERA.a(CyBootAsmGnu.o)
                              .\CortexM3\ARM_GCC_541\Debug\cyfitter_cfg.o (CyDelayCycles)
.\CortexM3\ARM_GCC_541\Debug\AY1920_II_HW_FINAL_CARZANIGA_GUALNIERA.a(CyFlash.o)
                              .\CortexM3\ARM_GCC_541\Debug\AY1920_II_HW_FINAL_CARZANIGA_GUALNIERA.a(cyPm.o) (CyFlash_SetWaitCycles)
.\CortexM3\ARM_GCC_541\Debug\AY1920_II_HW_FINAL_CARZANIGA_GUALNIERA.a(CySpc.o)
                              .\CortexM3\ARM_GCC_541\Debug\AY1920_II_HW_FINAL_CARZANIGA_GUALNIERA.a(CyFlash.o) (CySpcStart)
c:/program files (x86)/cypress/psoc creator/4.3/psoc creator/import/gnu/arm/5.4.1/bin/../lib/gcc/arm-none-eabi/5.4.1/../../../../arm-none-eabi/lib/armv7-m\libg_nano.a(lib_a-errno.o)
                              .\CortexM3\ARM_GCC_541\Debug\Cm3Start.o (__errno)
c:/program files (x86)/cypress/psoc creator/4.3/psoc creator/import/gnu/arm/5.4.1/bin/../lib/gcc/arm-none-eabi/5.4.1/../../../../arm-none-eabi/lib/armv7-m\libg_nano.a(lib_a-exit.o)
                              c:/program files (x86)/cypress/psoc creator/4.3/psoc creator/import/gnu/arm/5.4.1/bin/../lib/gcc/arm-none-eabi/5.4.1/../../../../arm-none-eabi/lib/armv7-m/crt0.o (exit)
c:/program files (x86)/cypress/psoc creator/4.3/psoc creator/import/gnu/arm/5.4.1/bin/../lib/gcc/arm-none-eabi/5.4.1/../../../../arm-none-eabi/lib/armv7-m\libg_nano.a(lib_a-impure.o)
                              c:/program files (x86)/cypress/psoc creator/4.3/psoc creator/import/gnu/arm/5.4.1/bin/../lib/gcc/arm-none-eabi/5.4.1/../../../../arm-none-eabi/lib/armv7-m\libg_nano.a(lib_a-exit.o) (_global_impure_ptr)
c:/program files (x86)/cypress/psoc creator/4.3/psoc creator/import/gnu/arm/5.4.1/bin/../lib/gcc/arm-none-eabi/5.4.1/../../../../arm-none-eabi/lib/armv7-m\libg_nano.a(lib_a-init.o)
                              c:/program files (x86)/cypress/psoc creator/4.3/psoc creator/import/gnu/arm/5.4.1/bin/../lib/gcc/arm-none-eabi/5.4.1/../../../../arm-none-eabi/lib/armv7-m/crt0.o (__libc_init_array)
c:/program files (x86)/cypress/psoc creator/4.3/psoc creator/import/gnu/arm/5.4.1/bin/../lib/gcc/arm-none-eabi/5.4.1/../../../../arm-none-eabi/lib/armv7-m\libg_nano.a(lib_a-memcpy-stub.o)
                              .\CortexM3\ARM_GCC_541\Debug\cyfitter_cfg.o (memcpy)
c:/program files (x86)/cypress/psoc creator/4.3/psoc creator/import/gnu/arm/5.4.1/bin/../lib/gcc/arm-none-eabi/5.4.1/../../../../arm-none-eabi/lib/armv7-m\libg_nano.a(lib_a-memset.o)
                              c:/program files (x86)/cypress/psoc creator/4.3/psoc creator/import/gnu/arm/5.4.1/bin/../lib/gcc/arm-none-eabi/5.4.1/../../../../arm-none-eabi/lib/armv7-m/crt0.o (memset)
c:/program files (x86)/cypress/psoc creator/4.3/psoc creator/import/gnu/arm/5.4.1/bin/../lib/gcc/arm-none-eabi/5.4.1/../../../../arm-none-eabi/lib/armv7-m\libg_nano.a(lib_a-sprintf.o)
                              .\CortexM3\ARM_GCC_541\Debug\main.o (sprintf)
[...]
Memory Configuration

Name             Origin             Length             Attributes
rom              0x00000000         0x00040000         xr
ram              0x1fff8000         0x00010000         xrw
*default*        0x00000000         0xffffffff

Linker script and memory map

LOAD c:/program files (x86)/cypress/psoc creator/4.3/psoc creator/import/gnu/arm/5.4.1/bin/../lib/gcc/arm-none-eabi/5.4.1/armv7-m/crti.o
LOAD c:/program files (x86)/cypress/psoc creator/4.3/psoc creator/import/gnu/arm/5.4.1/bin/../lib/gcc/arm-none-eabi/5.4.1/armv7-m/crtbegin.o
LOAD c:/program files (x86)/cypress/psoc creator/4.3/psoc creator/import/gnu/arm/5.4.1/bin/../lib/gcc/arm-none-eabi/5.4.1/../../../../arm-none-eabi/lib/armv7-m/crt0.o
START GROUP
LOAD .\CortexM3\ARM_GCC_541\Debug\main.o
LOAD .\CortexM3\ARM_GCC_541\Debug\InterruptRoutines.o
LOAD .\CortexM3\ARM_GCC_541\Debug\SPI_Interface.o
LOAD .\CortexM3\ARM_GCC_541\Debug\25LC256.o
LOAD .\CortexM3\ARM_GCC_541\Debug\cyfitter_cfg.o
LOAD .\CortexM3\ARM_GCC_541\Debug\cymetadata.o
LOAD .\CortexM3\ARM_GCC_541\Debug\Cm3Start.o
LOAD .\CortexM3\ARM_GCC_541\Debug\AY1920_II_HW_FINAL_CARZANIGA_GUALNIERA.a
LOAD C:\Program Files (x86)\Cypress\PSoC Creator\4.3\PSoC Creator\psoc\content\cycomponentlibrary\CyComponentLibrary.cylib\CortexM3\ARM_GCC_541\Debug\CyComponentLibrary.a
END GROUP
START GROUP
LOAD c:/program files (x86)/cypress/psoc creator/4.3/psoc creator/import/gnu/arm/5.4.1/bin/../lib/gcc/arm-none-eabi/5.4.1/armv7-m\libgcc.a
LOAD c:/program files (x86)/cypress/psoc creator/4.3/psoc creator/import/gnu/arm/5.4.1/bin/../lib/gcc/arm-none-eabi/5.4.1/../../../../arm-none-eabi/lib/armv7-m\libg_nano.a
LOAD c:/program files (x86)/cypress/psoc creator/4.3/psoc creator/import/gnu/arm/5.4.1/bin/../lib/gcc/arm-none-eabi/5.4.1/../../../../arm-none-eabi/lib/armv7-m\libc_nano.a
END GROUP
START GROUP
LOAD c:/program files (x86)/cypress/psoc creator/4.3/psoc creator/import/gnu/arm/5.4.1/bin/../lib/gcc/arm-none-eabi/5.4.1/armv7-m\libgcc.a
LOAD c:/program files (x86)/cypress/psoc creator/4.3/psoc creator/import/gnu/arm/5.4.1/bin/../lib/gcc/arm-none-eabi/5.4.1/../../../../arm-none-eabi/lib/armv7-m\libc_nano.a
END GROUP
LOAD c:/program files (x86)/cypress/psoc creator/4.3/psoc creator/import/gnu/arm/5.4.1/bin/../lib/gcc/arm-none-eabi/5.4.1/armv7-m/crtend.o
LOAD c:/program files (x86)/cypress/psoc creator/4.3/psoc creator/import/gnu/arm/5.4.1/bin/../lib/gcc/arm-none-eabi/5.4.1/armv7-m/crtn.o
START GROUP
LOAD c:/program files (x86)/cypress/psoc creator/4.3/psoc creator/import/gnu/arm/5.4.1/bin/../lib/gcc/arm-none-eabi/5.4.1/armv7-m\libgcc.a
LOAD c:/program files (x86)/cypress/psoc creator/4.3/psoc creator/import/gnu/arm/5.4.1/bin/../lib/gcc/arm-none-eabi/5.4.1/../../../../arm-none-eabi/lib/armv7-m\libc.a
LOAD c:/program files (x86)/cypress/psoc creator/4.3/psoc creator/import/gnu/arm/5.4.1/bin/../lib/gcc/arm-none-eabi/5.4.1/../../../../arm-none-eabi/lib/armv7-m\libnosys.a
END GROUP
                0x00000000                CY_APPL_ORIGIN = 0x0
                0x00000100                CY_FLASH_ROW_SIZE = 0x100
                0x00000020                CY_ECC_ROW_SIZE = 0x20
                0x00000000                CY_EE_IN_BTLDR = 0x0
                0x00000000                CY_APPL_LOADABLE = 0x0
                0x00000800                CY_EE_SIZE = 0x800
                0x00000001                CY_APPL_NUM = 0x1
                0x00000001                CY_APPL_MAX = 0x1
                0x00000040                CY_METADATA_SIZE = 0x40
                0x00000000                CY_APPL_LOADABLE = 0x0
                0x00000000                CY_CHECKSUM_EXCLUDE_SIZE = ALIGN (0x0, CY_FLASH_ROW_SIZE)
                [!provide]                PROVIDE (__cy_heap_start, _end)
                0x00000001                PROVIDE (__cy_region_num, ((__cy_regions_end - __cy_regions) / 0x10))
                0x20008000                PROVIDE (__cy_stack, (ORIGIN (ram) + LENGTH (ram)))
                [!provide]                PROVIDE (__cy_heap_end, (__cy_stack - 0x800))

.cybootloader   0x00000000        0x0
 *(.cybootloader)
                0x00000000                appl1_start = CY_APPL_ORIGIN?CY_APPL_ORIGIN:ALIGN (CY_FLASH_ROW_SIZE)
                0x0001ff00                appl2_start = (appl1_start + ALIGN ((((LENGTH (rom) - appl1_start) - (0x2 * CY_FLASH_ROW_SIZE)) / 0x2), CY_FLASH_ROW_SIZE))
                0x00000000                appl_start = (CY_APPL_NUM == 0x1)?appl1_start:appl2_start
                0x00000000                ecc_offset = ((appl_start / CY_FLASH_ROW_SIZE) * CY_ECC_ROW_SIZE)
                0x00000000                ee_offset = (CY_APPL_LOADABLE && ! (CY_EE_IN_BTLDR))?((CY_EE_SIZE / CY_APPL_MAX) * (CY_APPL_NUM - 0x1)):0x0
                0x00000800                ee_size = (CY_APPL_LOADABLE && ! (CY_EE_IN_BTLDR))?(CY_EE_SIZE / CY_APPL_MAX):CY_EE_SIZE
                [!provide]                PROVIDE (CY_ECC_OFFSET, ecc_offset)

.text           0x00000000     0x1450
 CREATE_OBJECT_SYMBOLS
                0x00000000                PROVIDE (__cy_interrupt_vector, RomVectors)
 *(.romvectors)
 .romvectors    0x00000000       0x10 .\CortexM3\ARM_GCC_541\Debug\Cm3Start.o
                0x00000000                RomVectors
                0x00000001                ASSERT ((. != __cy_interrupt_vector), No interrupt vector)
                0x00000001                ASSERT (CY_APPL_ORIGIN?(SIZEOF (.cybootloader) <= CY_APPL_ORIGIN):0x1, Wrong image location)
                0x00000010                PROVIDE (__cy_reset, Reset)
 *(.text.Reset)
 .text.Reset    0x00000010       0x18 .\CortexM3\ARM_GCC_541\Debug\Cm3Start.o
                0x00000010                Reset
                0x00000001                ASSERT ((. != __cy_reset), No reset code)
 *(.dma_init)
                0x00000001                ASSERT ((((appl_start + .) <= 0x10000) || 0x1), DMA Init must be within the first 64k of flash)
 *(.text .text.* .gnu.linkonce.t.*)
 .text          0x00000028       0x5c c:/program files (x86)/cypress/psoc creator/4.3/psoc creator/import/gnu/arm/5.4.1/bin/../lib/gcc/arm-none-eabi/5.4.1/armv7-m/crtbegin.o
 .text.main     0x00000084       0xa0 .\CortexM3\ARM_GCC_541\Debug\main.o
                0x00000084                main
 .text.CUSTOM_ISR_CONFIG
                0x00000124       0x10 .\CortexM3\ARM_GCC_541\Debug\InterruptRoutines.o
                0x00000124                CUSTOM_ISR_CONFIG
 .text.CUSTOM_ISR_START
                0x00000134       0x30 .\CortexM3\ARM_GCC_541\Debug\InterruptRoutines.o
                0x00000134                CUSTOM_ISR_START
 .text.SPI_Interface_ReadByte
                0x00000164       0x34 .\CortexM3\ARM_GCC_541\Debug\SPI_Interface.o
                0x00000164                SPI_Interface_ReadByte
 .text.CyClockStartupError
                0x00000198        0x4 .\CortexM3\ARM_GCC_541\Debug\cyfitter_cfg.o
 .text.cfg_write_bytes32
                0x0000019c       0x34 .\CortexM3\ARM_GCC_541\Debug\cyfitter_cfg.o
 .text.AnalogSetDefault
                0x000001d0       0x28 .\CortexM3\ARM_GCC_541\Debug\cyfitter_cfg.o
 .text.CYMEMZERO
                0x000001f8        0xc .\CortexM3\ARM_GCC_541\Debug\cyfitter_cfg.o
 .text.ClockSetup
                0x00000204       0xf0 .\CortexM3\ARM_GCC_541\Debug\cyfitter_cfg.o
 .text.CYCONFIGCPY
                0x000002f4        0x8 .\CortexM3\ARM_GCC_541\Debug\cyfitter_cfg.o
 .text.cyfitter_cfg
                0x000002fc      0x120 .\CortexM3\ARM_GCC_541\Debug\cyfitter_cfg.o
                0x000002fc                cyfitter_cfg
 .text.IntDefaultHandler
                0x0000041c       0x10 .\CortexM3\ARM_GCC_541\Debug\Cm3Start.o
                0x0000041c                IntDefaultHandler
 .text._sbrk    0x0000042c       0x30 .\CortexM3\ARM_GCC_541\Debug\Cm3Start.o
                0x0000042c                _sbrk
 .text.Start_c  0x0000045c       0x4c .\CortexM3\ARM_GCC_541\Debug\Cm3Start.o
                0x0000045c                Start_c
 .text.initialize_psoc
                0x000004a8       0x68 .\CortexM3\ARM_GCC_541\Debug\Cm3Start.o
                0x000004a8                initialize_psoc
 .text.ISR_CONFIG_SetVector
                0x00000510       0x10 .\CortexM3\ARM_GCC_541\Debug\AY1920_II_HW_FINAL_CARZANIGA_GUALNIERA.a(ISR_CONFIG.o)
                0x00000510                ISR_CONFIG_SetVector
 .text.ISR_CONFIG_SetPriority
                0x00000520       0x10 .\CortexM3\ARM_GCC_541\Debug\AY1920_II_HW_FINAL_CARZANIGA_GUALNIERA.a(ISR_CONFIG.o)
                0x00000520                ISR_CONFIG_SetPriority
 .text.ISR_CONFIG_Enable
                0x00000530       0x10 .\CortexM3\ARM_GCC_541\Debug\AY1920_II_HW_FINAL_CARZANIGA_GUALNIERA.a(ISR_CONFIG.o)
                0x00000530                ISR_CONFIG_Enable
 .text.ISR_CONFIG_Disable
                0x00000540       0x10 .\CortexM3\ARM_GCC_541\Debug\AY1920_II_HW_FINAL_CARZANIGA_GUALNIERA.a(ISR_CONFIG.o)
                0x00000540                ISR_CONFIG_Disable
 .text.ISR_CONFIG_StartEx
                0x00000550       0x1c .\CortexM3\ARM_GCC_541\Debug\AY1920_II_HW_FINAL_CARZANIGA_GUALNIERA.a(ISR_CONFIG.o)
                0x00000550                ISR_CONFIG_StartEx
 .text.ISR_START_SetVector
                0x0000056c        0xc .\CortexM3\ARM_GCC_541\Debug\AY1920_II_HW_FINAL_CARZANIGA_GUALNIERA.a(ISR_START.o)
                0x0000056c                ISR_START_SetVector
 .text.ISR_START_SetPriority
                0x00000578       0x10 .\CortexM3\ARM_GCC_541\Debug\AY1920_II_HW_FINAL_CARZANIGA_GUALNIERA.a(ISR_START.o)
                0x00000578                ISR_START_SetPriority
 .text.ISR_START_Enable
                0x00000588        0xc .\CortexM3\ARM_GCC_541\Debug\AY1920_II_HW_FINAL_CARZANIGA_GUALNIERA.a(ISR_START.o)
                0x00000588                ISR_START_Enable
 .text.ISR_START_Disable
                0x00000594        0xc .\CortexM3\ARM_GCC_541\Debug\AY1920_II_HW_FINAL_CARZANIGA_GUALNIERA.a(ISR_START.o)
                0x00000594                ISR_START_Disable
 .text.ISR_START_StartEx
                0x000005a0       0x1c .\CortexM3\ARM_GCC_541\Debug\AY1920_II_HW_FINAL_CARZANIGA_GUALNIERA.a(ISR_START.o)
                0x000005a0                ISR_START_StartEx
 .text.UART_Init
                0x000005bc       0x28 .\CortexM3\ARM_GCC_541\Debug\AY1920_II_HW_FINAL_CARZANIGA_GUALNIERA.a(UART.o)
                0x000005bc                UART_Init
 .text.UART_Enable
                0x000005e4       0x38 .\CortexM3\ARM_GCC_541\Debug\AY1920_II_HW_FINAL_CARZANIGA_GUALNIERA.a(UART.o)
                0x000005e4                UART_Enable
 .text.UART_Start
                0x0000061c       0x1c .\CortexM3\ARM_GCC_541\Debug\AY1920_II_HW_FINAL_CARZANIGA_GUALNIERA.a(UART.o)
                0x0000061c                UART_Start
 .text.UART_PutChar
                0x00000638       0x18 .\CortexM3\ARM_GCC_541\Debug\AY1920_II_HW_FINAL_CARZANIGA_GUALNIERA.a(UART.o)
                0x00000638                UART_PutChar
 .text.UART_PutString
                0x00000650       0x24 .\CortexM3\ARM_GCC_541\Debug\AY1920_II_HW_FINAL_CARZANIGA_GUALNIERA.a(UART.o)
                0x00000650                UART_PutString
 .text.UART_IntClock_Start
                0x00000674       0x1c .\CortexM3\ARM_GCC_541\Debug\AY1920_II_HW_FINAL_CARZANIGA_GUALNIERA.a(UART_IntClock.o)
                0x00000674                UART_IntClock_Start
 .text.CyHalt   0x00000690        0x4 .\CortexM3\ARM_GCC_541\Debug\AY1920_II_HW_FINAL_CARZANIGA_GUALNIERA.a(CyLib.o)
                0x00000690                CyHalt
 .text.CyDelay  0x00000694       0x2c .\CortexM3\ARM_GCC_541\Debug\AY1920_II_HW_FINAL_CARZANIGA_GUALNIERA.a(CyLib.o)
                0x00000694                CyDelay
 .text.CyIntSetVector
                0x000006c0       0x28 .\CortexM3\ARM_GCC_541\Debug\AY1920_II_HW_FINAL_CARZANIGA_GUALNIERA.a(CyLib.o)
                0x000006c0                CyIntSetVector
 .text.CyIntSetPriority
                0x000006e8       0x30 .\CortexM3\ARM_GCC_541\Debug\AY1920_II_HW_FINAL_CARZANIGA_GUALNIERA.a(CyLib.o)
                0x000006e8                CyIntSetPriority
 .text.SPIM_EnableTxInt
                0x00000718        0xc .\CortexM3\ARM_GCC_541\Debug\AY1920_II_HW_FINAL_CARZANIGA_GUALNIERA.a(SPIM.o)
                0x00000718                SPIM_EnableTxInt
 .text.SPIM_EnableRxInt
                0x00000724        0xc .\CortexM3\ARM_GCC_541\Debug\AY1920_II_HW_FINAL_CARZANIGA_GUALNIERA.a(SPIM.o)
                0x00000724                SPIM_EnableRxInt
 .text.SPIM_Enable
                0x00000730       0x3c .\CortexM3\ARM_GCC_541\Debug\AY1920_II_HW_FINAL_CARZANIGA_GUALNIERA.a(SPIM.o)
                0x00000730                SPIM_Enable
 .text.SPIM_DisableTxInt
                0x0000076c        0xc .\CortexM3\ARM_GCC_541\Debug\AY1920_II_HW_FINAL_CARZANIGA_GUALNIERA.a(SPIM.o)
                0x0000076c                SPIM_DisableTxInt
 .text.SPIM_DisableRxInt
                0x00000778        0xc .\CortexM3\ARM_GCC_541\Debug\AY1920_II_HW_FINAL_CARZANIGA_GUALNIERA.a(SPIM.o)
                0x00000778                SPIM_DisableRxInt
 .text.SPIM_ReadTxStatus
                0x00000784       0x28 .\CortexM3\ARM_GCC_541\Debug\AY1920_II_HW_FINAL_CARZANIGA_GUALNIERA.a(SPIM.o)
                0x00000784                SPIM_ReadTxStatus
 .text.SPIM_ReadRxStatus
                0x000007ac       0x28 .\CortexM3\ARM_GCC_541\Debug\AY1920_II_HW_FINAL_CARZANIGA_GUALNIERA.a(SPIM.o)
                0x000007ac                SPIM_ReadRxStatus
 .text.SPIM_WriteTxData
                0x000007d4       0xd4 .\CortexM3\ARM_GCC_541\Debug\AY1920_II_HW_FINAL_CARZANIGA_GUALNIERA.a(SPIM.o)
                0x000007d4                SPIM_WriteTxData
 .text.SPIM_ReadRxData
                0x000008a8       0x64 .\CortexM3\ARM_GCC_541\Debug\AY1920_II_HW_FINAL_CARZANIGA_GUALNIERA.a(SPIM.o)
                0x000008a8                SPIM_ReadRxData
 .text.SPIM_ClearFIFO
                0x0000090c       0x3c .\CortexM3\ARM_GCC_541\Debug\AY1920_II_HW_FINAL_CARZANIGA_GUALNIERA.a(SPIM.o)
                0x0000090c                SPIM_ClearFIFO
 .text.SPIM_Init
                0x00000948       0x90 .\CortexM3\ARM_GCC_541\Debug\AY1920_II_HW_FINAL_CARZANIGA_GUALNIERA.a(SPIM.o)
                0x00000948                SPIM_Init
 .text.SPIM_Start
                0x000009d8       0x1c .\CortexM3\ARM_GCC_541\Debug\AY1920_II_HW_FINAL_CARZANIGA_GUALNIERA.a(SPIM.o)
                0x000009d8                SPIM_Start
 .text.SPIM_TX_ISR
                0x000009f4       0xa0 .\CortexM3\ARM_GCC_541\Debug\AY1920_II_HW_FINAL_CARZANIGA_GUALNIERA.a(SPIM_INT.o)
                0x000009f4                SPIM_TX_ISR
 .text.SPIM_RX_ISR
                0x00000a94       0xa0 .\CortexM3\ARM_GCC_541\Debug\AY1920_II_HW_FINAL_CARZANIGA_GUALNIERA.a(SPIM_INT.o)
                0x00000a94                SPIM_RX_ISR
 .text.CS_Write
                0x00000b34       0x18 .\CortexM3\ARM_GCC_541\Debug\AY1920_II_HW_FINAL_CARZANIGA_GUALNIERA.a(CS.o)
                0x00000b34                CS_Write
 .text.SPIM_IntClock_Start
                0x00000b4c       0x1c .\CortexM3\ARM_GCC_541\Debug\AY1920_II_HW_FINAL_CARZANIGA_GUALNIERA.a(SPIM_IntClock.o)
                0x00000b4c                SPIM_IntClock_Start
 .text          0x00000b68       0x20 .\CortexM3\ARM_GCC_541\Debug\AY1920_II_HW_FINAL_CARZANIGA_GUALNIERA.a(CyBootAsmGnu.o)
                0x00000b68                CyDelayCycles
                0x00000b78                CyEnterCriticalSection
                0x00000b80                CyExitCriticalSection
 .text.__errno  0x00000b88        0xc c:/program files (x86)/cypress/psoc creator/4.3/psoc creator/import/gnu/arm/5.4.1/bin/../lib/gcc/arm-none-eabi/5.4.1/../../../../arm-none-eabi/lib/armv7-m\libg_nano.a(lib_a-errno.o)
                0x00000b88                __errno
 .text.__libc_init_array
                0x00000b94       0x4c c:/program files (x86)/cypress/psoc creator/4.3/psoc creator/import/gnu/arm/5.4.1/bin/../lib/gcc/arm-none-eabi/5.4.1/../../../../arm-none-eabi/lib/armv7-m\libg_nano.a(lib_a-init.o)
                0x00000b94                __libc_init_array
 .text.memcpy   0x00000be0       0x16 c:/program files (x86)/cypress/psoc creator/4.3/psoc creator/import/gnu/arm/5.4.1/bin/../lib/gcc/arm-none-eabi/5.4.1/../../../../arm-none-eabi/lib/armv7-m\libg_nano.a(lib_a-memcpy-stub.o)
                0x00000be0                memcpy
 .text.memset   0x00000bf6       0x10 c:/program files (x86)/cypress/psoc creator/4.3/psoc creator/import/gnu/arm/5.4.1/bin/../lib/gcc/arm-none-eabi/5.4.1/../../../../arm-none-eabi/lib/armv7-m\libg_nano.a(lib_a-memset.o)
                0x00000bf6                memset
 *fill*         0x00000c06        0x2 
 .text.sprintf  0x00000c08       0x48 c:/program files (x86)/cypress/psoc creator/4.3/psoc creator/import/gnu/arm/5.4.1/bin/../lib/gcc/arm-none-eabi/5.4.1/../../../../arm-none-eabi/lib/armv7-m\libg_nano.a(lib_a-sprintf.o)
                0x00000c08                siprintf
                0x00000c08                sprintf
 .text.__ssputs_r
                0x00000c50       0xb2 c:/program files (x86)/cypress/psoc creator/4.3/psoc creator/import/gnu/arm/5.4.1/bin/../lib/gcc/arm-none-eabi/5.4.1/../../../../arm-none-eabi/lib/armv7-m\libg_nano.a(lib_a-nano-svfprintf.o)
                0x00000c50                __ssputs_r
 *fill*         0x00000d02        0x2 
 .text._svfprintf_r
                0x00000d04      0x1e8 c:/program files (x86)/cypress/psoc creator/4.3/psoc creator/import/gnu/arm/5.4.1/bin/../lib/gcc/arm-none-eabi/5.4.1/../../../../arm-none-eabi/lib/armv7-m\libg_nano.a(lib_a-nano-svfprintf.o)
                0x00000d04                _svfiprintf_r
                0x00000d04                _svfprintf_r
 .text._printf_common
                0x00000eec       0xec c:/program files (x86)/cypress/psoc creator/4.3/psoc creator/import/gnu/arm/5.4.1/bin/../lib/gcc/arm-none-eabi/5.4.1/../../../../arm-none-eabi/lib/armv7-m\libg_nano.a(lib_a-nano-vfprintf_i.o)
                0x00000eec                _printf_common
 .text._printf_i
                0x00000fd8      0x24c c:/program files (x86)/cypress/psoc creator/4.3/psoc creator/import/gnu/arm/5.4.1/bin/../lib/gcc/arm-none-eabi/5.4.1/../../../../arm-none-eabi/lib/armv7-m\libg_nano.a(lib_a-nano-vfprintf_i.o)
                0x00000fd8                _printf_i
 .text.memchr   0x00001224       0x1c c:/program files (x86)/cypress/psoc creator/4.3/psoc creator/import/gnu/arm/5.4.1/bin/../lib/gcc/arm-none-eabi/5.4.1/../../../../arm-none-eabi/lib/armv7-m\libg_nano.a(lib_a-memchr-stub.o)
                0x00001224                memchr
 .text.memmove  0x00001240       0x36 c:/program files (x86)/cypress/psoc creator/4.3/psoc creator/import/gnu/arm/5.4.1/bin/../lib/gcc/arm-none-eabi/5.4.1/../../../../arm-none-eabi/lib/armv7-m\libg_nano.a(lib_a-memmove.o)
                0x00001240                memmove
 *fill*         0x00001276        0x2 
 .text._free_r  0x00001278       0x98 c:/program files (x86)/cypress/psoc creator/4.3/psoc creator/import/gnu/arm/5.4.1/bin/../lib/gcc/arm-none-eabi/5.4.1/../../../../arm-none-eabi/lib/armv7-m\libg_nano.a(lib_a-nano-freer.o)
                0x00001278                _free_r
 .text._malloc_r
                0x00001310       0xbc c:/program files (x86)/cypress/psoc creator/4.3/psoc creator/import/gnu/arm/5.4.1/bin/../lib/gcc/arm-none-eabi/5.4.1/../../../../arm-none-eabi/lib/armv7-m\libg_nano.a(lib_a-nano-mallocr.o)
                0x00001310                _malloc_r
 .text._realloc_r
                0x000013cc       0x4c c:/program files (x86)/cypress/psoc creator/4.3/psoc creator/import/gnu/arm/5.4.1/bin/../lib/gcc/arm-none-eabi/5.4.1/../../../../arm-none-eabi/lib/armv7-m\libg_nano.a(lib_a-nano-reallocr.o)
                0x000013cc                _realloc_r
 .text._sbrk_r  0x00001418       0x20 c:/program files (x86)/cypress/psoc creator/4.3/psoc creator/import/gnu/arm/5.4.1/bin/../lib/gcc/arm-none-eabi/5.4.1/../../../../arm-none-eabi/lib/armv7-m\libg_nano.a(lib_a-sbrkr.o)
                0x00001418                _sbrk_r
 .text.__malloc_lock
                0x00001438        0x2 c:/program files (x86)/cypress/psoc creator/4.3/psoc creator/import/gnu/arm/5.4.1/bin/../lib/gcc/arm-none-eabi/5.4.1/../../../../arm-none-eabi/lib/armv7-m\libg_nano.a(lib_a-mlock.o)
                0x00001438                __malloc_lock
 .text.__malloc_unlock
                0x0000143a        0x2 c:/program files (x86)/cypress/psoc creator/4.3/psoc creator/import/gnu/arm/5.4.1/bin/../lib/gcc/arm-none-eabi/5.4.1/../../../../arm-none-eabi/lib/armv7-m\libg_nano.a(lib_a-mlock.o)
                0x0000143a                __malloc_unlock
 .text._malloc_usable_size_r
                0x0000143c       0x14 c:/program files (x86)/cypress/psoc creator/4.3/psoc creator/import/gnu/arm/5.4.1/bin/../lib/gcc/arm-none-eabi/5.4.1/../../../../arm-none-eabi/lib/armv7-m\libg_nano.a(lib_a-nano-msizer.o)
                0x0000143c                _malloc_usable_size_r
 *(.plt)
 *(.gnu.warning)
 *(.glue_7t)
 .glue_7t       0x00001450        0x0 linker stubs
 *(.glue_7)
 .glue_7        0x00001450        0x0 linker stubs
 *(.vfp11_veneer)
 .vfp11_veneer  0x00001450        0x0 linker stubs
 *(.bootloader)
 *(.ARM.extab* .gnu.linkonce.armextab.*)
 *(.gcc_except_table)

.v4_bx          0x00001450        0x0
 .v4_bx         0x00001450        0x0 linker stubs

.iplt           0x00001450        0x0
 .iplt          0x00001450        0x0 c:/program files (x86)/cypress/psoc creator/4.3/psoc creator/import/gnu/arm/5.4.1/bin/../lib/gcc/arm-none-eabi/5.4.1/armv7-m/crtbegin.o

.eh_frame_hdr
 *(.eh_frame_hdr)

.eh_frame       0x00001450        0x4
 *(.eh_frame)
 .eh_frame      0x00001450        0x0 c:/program files (x86)/cypress/psoc creator/4.3/psoc creator/import/gnu/arm/5.4.1/bin/../lib/gcc/arm-none-eabi/5.4.1/armv7-m/crtbegin.o
 .eh_frame      0x00001450        0x4 c:/program files (x86)/cypress/psoc creator/4.3/psoc creator/import/gnu/arm/5.4.1/bin/../lib/gcc/arm-none-eabi/5.4.1/armv7-m/crtend.o
                [!provide]                PROVIDE (__exidx_start, .)

.ARM.exidx
 *(.ARM.exidx* .gnu.linkonce.armexidx.*)
                0x00001454                __exidx_end = .

.rodata         0x00001454      0x15c
 *(.rodata .rodata.* .gnu.linkonce.r.*)
 .rodata.str1.4
                0x00001454       0xa8 .\CortexM3\ARM_GCC_541\Debug\main.o
                                 0xa5 (size before relaxing)
 .rodata        0x000014fc       0x46 .\CortexM3\ARM_GCC_541\Debug\cyfitter_cfg.o
 .rodata.str1.1
                0x00001542        0x2 c:/program files (x86)/cypress/psoc creator/4.3/psoc creator/import/gnu/arm/5.4.1/bin/../lib/gcc/arm-none-eabi/5.4.1/../../../../arm-none-eabi/lib/armv7-m\libg_nano.a(lib_a-impure.o)
 .rodata.str1.1
                0x00001544       0x11 c:/program files (x86)/cypress/psoc creator/4.3/psoc creator/import/gnu/arm/5.4.1/bin/../lib/gcc/arm-none-eabi/5.4.1/../../../../arm-none-eabi/lib/armv7-m\libg_nano.a(lib_a-nano-svfprintf.o)
 .rodata.str1.1
                0x00001555       0x22 c:/program files (x86)/cypress/psoc creator/4.3/psoc creator/import/gnu/arm/5.4.1/bin/../lib/gcc/arm-none-eabi/5.4.1/../../../../arm-none-eabi/lib/armv7-m\libg_nano.a(lib_a-nano-vfprintf_i.o)
                0x00001578                . = ALIGN (0x4)
 *fill*         0x00001577        0x1 
 *(.init)
 .init          0x00001578        0x4 c:/program files (x86)/cypress/psoc creator/4.3/psoc creator/import/gnu/arm/5.4.1/bin/../lib/gcc/arm-none-eabi/5.4.1/armv7-m/crti.o
                0x00001578                _init
 .init          0x0000157c        0x8 c:/program files (x86)/cypress/psoc creator/4.3/psoc creator/import/gnu/arm/5.4.1/bin/../lib/gcc/arm-none-eabi/5.4.1/armv7-m/crtn.o
                0x00001584                . = ALIGN (0x4)
                0x00001584                __preinit_array_start = .
 *(.preinit_array)
                0x00001584                __preinit_array_end = .
                0x00001584                . = ALIGN (0x4)
                0x00001584                __init_array_start = .
 *(SORT(.init_array.*))
 *(.init_array)
 .init_array    0x00001584        0x4 c:/program files (x86)/cypress/psoc creator/4.3/psoc creator/import/gnu/arm/5.4.1/bin/../lib/gcc/arm-none-eabi/5.4.1/armv7-m/crtbegin.o
 .init_array    0x00001588        0x4 .\CortexM3\ARM_GCC_541\Debug\Cm3Start.o
                0x0000158c                __init_array_end = .
                0x0000158c                . = ALIGN (0x4)
 *(.fini)
 .fini          0x0000158c        0x4 c:/program files (x86)/cypress/psoc creator/4.3/psoc creator/import/gnu/arm/5.4.1/bin/../lib/gcc/arm-none-eabi/5.4.1/armv7-m/crti.o
                0x0000158c                _fini
 .fini          0x00001590        0x8 c:/program files (x86)/cypress/psoc creator/4.3/psoc creator/import/gnu/arm/5.4.1/bin/../lib/gcc/arm-none-eabi/5.4.1/armv7-m/crtn.o
                0x00001598                . = ALIGN (0x4)
                0x00001598                __fini_array_start = .
 *(.fini_array)
 .fini_array    0x00001598        0x4 c:/program files (x86)/cypress/psoc creator/4.3/psoc creator/import/gnu/arm/5.4.1/bin/../lib/gcc/arm-none-eabi/5.4.1/armv7-m/crtbegin.o
 *(SORT(.fini_array.*))
                0x0000159c                __fini_array_end = .
                0x0000159c                . = ALIGN (0x4)
 *crtbegin.o(.ctors)
 *(EXCLUDE_FILE(*crtend.o) .ctors)
 *(SORT(.ctors.*))
 *crtend.o(.ctors)
                0x0000159c                . = ALIGN (0x4)
 *crtbegin.o(.dtors)
 *(EXCLUDE_FILE(*crtend.o) .dtors)
 *(SORT(.dtors.*))
 *crtend.o(.dtors)
                0x0000159c                . = ALIGN (0x4)
                0x0000159c                __cy_regions = .
                0x0000159c        0x4 LONG 0x15b0 __cy_region_init_ram
                0x000015a0        0x4 LONG 0x1fff80c8 __cy_region_start_data
                0x000015a4        0x4 LONG 0x80 __cy_region_init_size_ram
                0x000015a8        0x4 LONG 0xb8 __cy_region_zero_size_ram
                0x000015ac                __cy_regions_end = .
                0x000015b0                . = ALIGN (0x8)
 *fill*         0x000015ac        0x4 
                0x000015b0                _etext = .

.cy_checksum_exclude
                0x000015b0        0x0
 *(.cy_checksum_exclude)

.ramvectors     0x1fff8000       0xc0
                0x1fff8000                __cy_region_start_ram = .
 *(.ramvectors)
 .ramvectors    0x1fff8000       0xc0 .\CortexM3\ARM_GCC_541\Debug\Cm3Start.o
                0x1fff8000                CyRamVectors

.noinit         0x1fff80c0        0x1
 *(.noinit)
 .noinit        0x1fff80c0        0x1 .\CortexM3\ARM_GCC_541\Debug\AY1920_II_HW_FINAL_CARZANIGA_GUALNIERA.a(CyLib.o)
                0x1fff80c0                CyResetStatus

.data           0x1fff80c8       0x80 load address 0x000015b0
                0x1fff80c8                __cy_region_start_data = .
 *(.jcr)
 .jcr           0x1fff80c8        0x0 c:/program files (x86)/cypress/psoc creator/4.3/psoc creator/import/gnu/arm/5.4.1/bin/../lib/gcc/arm-none-eabi/5.4.1/armv7-m/crtbegin.o
 .jcr           0x1fff80c8        0x4 c:/program files (x86)/cypress/psoc creator/4.3/psoc creator/import/gnu/arm/5.4.1/bin/../lib/gcc/arm-none-eabi/5.4.1/armv7-m/crtend.o
 *(.got.plt)
 *(.got)
 *(.shdata)
 *(.data .data.* .gnu.linkonce.d.*)
 .data          0x1fff80cc        0x4 .\CortexM3\ARM_GCC_541\Debug\Cm3Start.o
 .data          0x1fff80d0       0x10 .\CortexM3\ARM_GCC_541\Debug\AY1920_II_HW_FINAL_CARZANIGA_GUALNIERA.a(CyLib.o)
                0x1fff80d0                cydelay_32k_ms
                0x1fff80d4                cydelay_freq_khz
                0x1fff80d8                cydelay_freq_mhz
                0x1fff80dc                cydelay_freq_hz
 .data.impure_data
                0x1fff80e0       0x60 c:/program files (x86)/cypress/psoc creator/4.3/psoc creator/import/gnu/arm/5.4.1/bin/../lib/gcc/arm-none-eabi/5.4.1/../../../../arm-none-eabi/lib/armv7-m\libg_nano.a(lib_a-impure.o)
 .data._impure_ptr
                0x1fff8140        0x4 c:/program files (x86)/cypress/psoc creator/4.3/psoc creator/import/gnu/arm/5.4.1/bin/../lib/gcc/arm-none-eabi/5.4.1/../../../../arm-none-eabi/lib/armv7-m\libg_nano.a(lib_a-impure.o)
                0x1fff8140                _impure_ptr
                0x1fff8148                . = ALIGN (0x8)
 *fill*         0x1fff8144        0x4 
 *(.ram)
                0x1fff8148                _edata = .

.igot.plt       0x1fff8148        0x0 load address 0x00001630
 .igot.plt      0x1fff8148        0x0 c:/program files (x86)/cypress/psoc creator/4.3/psoc creator/import/gnu/arm/5.4.1/bin/../lib/gcc/arm-none-eabi/5.4.1/armv7-m/crtbegin.o

.bss            0x1fff8148       0xb8 load address 0x00001630
                0x1fff8148                PROVIDE (__bss_start__, .)
 *(.shbss)
 *(.bss .bss.* .gnu.linkonce.b.*)
 .bss           0x1fff8148       0x1c c:/program files (x86)/cypress/psoc creator/4.3/psoc creator/import/gnu/arm/5.4.1/bin/../lib/gcc/arm-none-eabi/5.4.1/armv7-m/crtbegin.o
 .bss           0x1fff8164        0x2 .\CortexM3\ARM_GCC_541\Debug\AY1920_II_HW_FINAL_CARZANIGA_GUALNIERA.a(UART.o)
                0x1fff8164                UART_initVar
 .bss           0x1fff8166        0x1 .\CortexM3\ARM_GCC_541\Debug\AY1920_II_HW_FINAL_CARZANIGA_GUALNIERA.a(SPIM.o)
                0x1fff8166                SPIM_initVar
 *fill*         0x1fff8167        0x1 
 .bss.__malloc_sbrk_start
                0x1fff8168        0x4 c:/program files (x86)/cypress/psoc creator/4.3/psoc creator/import/gnu/arm/5.4.1/bin/../lib/gcc/arm-none-eabi/5.4.1/../../../../arm-none-eabi/lib/armv7-m\libg_nano.a(lib_a-nano-mallocr.o)
                0x1fff8168                __malloc_sbrk_start
 .bss.__malloc_free_list
                0x1fff816c        0x4 c:/program files (x86)/cypress/psoc creator/4.3/psoc creator/import/gnu/arm/5.4.1/bin/../lib/gcc/arm-none-eabi/5.4.1/../../../../arm-none-eabi/lib/armv7-m\libg_nano.a(lib_a-nano-mallocr.o)
                0x1fff816c                __malloc_free_list
 *(COMMON)
 COMMON         0x1fff8170       0x69 .\CortexM3\ARM_GCC_541\Debug\main.o
                0x1fff8170                press_counter
                0x1fff8171                config_flag
                0x1fff8174                bufferUART
                0x1fff81d8                start_flag
 *fill*         0x1fff81d9        0x3 
 COMMON         0x1fff81dc       0x1e .\CortexM3\ARM_GCC_541\Debug\AY1920_II_HW_FINAL_CARZANIGA_GUALNIERA.a(SPIM.o)
                0x1fff81dc                SPIM_rxBufferFull
                0x1fff81e0                SPIM_txBuffer
                0x1fff81e8                SPIM_swStatusTx
                0x1fff81ec                SPIM_rxBuffer
                0x1fff81f4                SPIM_txBufferFull
                0x1fff81f5                SPIM_txBufferRead
                0x1fff81f6                SPIM_rxBufferWrite
                0x1fff81f7                SPIM_txBufferWrite
                0x1fff81f8                SPIM_rxBufferRead
                0x1fff81f9                SPIM_swStatusRx
 *fill*         0x1fff81fa        0x2 
 COMMON         0x1fff81fc        0x4 c:/program files (x86)/cypress/psoc creator/4.3/psoc creator/import/gnu/arm/5.4.1/bin/../lib/gcc/arm-none-eabi/5.4.1/../../../../arm-none-eabi/lib/armv7-m\libg_nano.a(lib_a-reent.o)
                0x1fff81fc                errno
                0x1fff8200                . = ALIGN (0x8)
 *(.ram.b)
                0x1fff8200                _end = .
                0x1fff8200                __end = .
                0x1fff8200                PROVIDE (end, .)
                0x1fff8200                PROVIDE (__bss_end__, .)
                0x000015b0                __cy_region_init_ram = LOADADDR (.data)
                0x00000080                __cy_region_init_size_ram = (_edata - ADDR (.data))
                0x000000b8                __cy_region_zero_size_ram = (_end - _edata)

.heap           0x1fff8200       0x80 load address 0x00001630
                0x1fff8200                . = _end
                0x1fff8280                . = (. + 0x80)
 *fill*         0x1fff8200       0x80 
                0x1fff8280                __cy_heap_limit = .

.stack          0x20007800      0x800
                0x20007800                __cy_stack_limit = .
                0x20008000                . = (. + 0x800)
 *fill*         0x20007800      0x800 
                0x00000001                ASSERT ((__cy_stack_limit >= __cy_heap_limit), region RAM overflowed with stack)
                0x00000000                cy_checksum_exclude_size = (CY_APPL_LOADABLE == 0x1)?SIZEOF (.cy_checksum_exclude):0x0
                0x00000001                ASSERT ((cy_checksum_exclude_size <= CY_CHECKSUM_EXCLUDE_SIZE), CY_BOOT: Section .cy_checksum_exclude size exceedes specified limit.)

.cyloadermeta
 *(.cyloadermeta)

.cyloadablemeta
 *(.cyloadablemeta)

.cyconfigecc    0x80000000      0x784
 *(.cyconfigecc)
 .cyconfigecc   0x80000000      0x784 .\CortexM3\ARM_GCC_541\Debug\cymetadata.o
                0x80000000                cy_meta_configecc

.cycustnvl      0x90000000        0x4
 *(.cycustnvl)
 .cycustnvl     0x90000000        0x4 .\CortexM3\ARM_GCC_541\Debug\cymetadata.o
                0x90000000                cy_meta_custnvl

.cywolatch      0x90100000        0x4
 *(.cywolatch)
 .cywolatch     0x90100000        0x4 .\CortexM3\ARM_GCC_541\Debug\cymetadata.o
                0x90100000                cy_meta_wonvl

.cyeeprom       0x90200000        0x0
 *(.cyeeprom)
                0x00000001                ASSERT ((. <= ((0x90200000 + ee_offset) + ee_size)), .cyeeprom data will not fit in EEPROM)

.cyflashprotect
                0x90400000      0x100
 *(.cyflashprotect)
 .cyflashprotect
                0x90400000      0x100 .\CortexM3\ARM_GCC_541\Debug\cymetadata.o
                0x90400000                cy_meta_flashprotect

.cymeta         0x90500000        0xc
 *(.cymeta)
 .cymeta        0x90500000        0xc .\CortexM3\ARM_GCC_541\Debug\cymetadata.o
                0x90500000                cy_metadata

.rel.dyn        0x00001630        0x0 load address 0x9050000c
 .rel.iplt      0x00001630        0x0 c:/program files (x86)/cypress/psoc creator/4.3/psoc creator/import/gnu/arm/5.4.1/bin/../lib/gcc/arm-none-eabi/5.4.1/armv7-m/crtbegin.o

.stab
 *(.stab)

.stabstr
 *(.stabstr)

.debug
 *(.debug)

.line
 *(.line)

.debug_srcinfo
 *(.debug_srcinfo)

.debug_sfnames
 *(.debug_sfnames)

.debug_aranges  0x00000000      0x9f0
 *(.debug_aranges)
 .debug_aranges
                0x00000000       0x20 .\CortexM3\ARM_GCC_541\Debug\main.o
 .debug_aranges
                0x00000020       0x28 .\CortexM3\ARM_GCC_541\Debug\InterruptRoutines.o
 .debug_aranges
                0x00000048       0x38 .\CortexM3\ARM_GCC_541\Debug\SPI_Interface.o
 .debug_aranges
                0x00000080       0x50 .\CortexM3\ARM_GCC_541\Debug\25LC256.o
 .debug_aranges
                0x000000d0       0x58 .\CortexM3\ARM_GCC_541\Debug\cyfitter_cfg.o
 .debug_aranges
                0x00000128       0x18 .\CortexM3\ARM_GCC_541\Debug\cymetadata.o
 .debug_aranges
                0x00000140       0x48 .\CortexM3\ARM_GCC_541\Debug\Cm3Start.o
 .debug_aranges
                0x00000188       0x80 .\CortexM3\ARM_GCC_541\Debug\AY1920_II_HW_FINAL_CARZANIGA_GUALNIERA.a(ISR_CONFIG.o)
 .debug_aranges
                0x00000208       0x80 .\CortexM3\ARM_GCC_541\Debug\AY1920_II_HW_FINAL_CARZANIGA_GUALNIERA.a(ISR_START.o)
 .debug_aranges
                0x00000288       0xf0 .\CortexM3\ARM_GCC_541\Debug\AY1920_II_HW_FINAL_CARZANIGA_GUALNIERA.a(UART.o)
 .debug_aranges
                0x00000378       0x70 .\CortexM3\ARM_GCC_541\Debug\AY1920_II_HW_FINAL_CARZANIGA_GUALNIERA.a(UART_IntClock.o)
 .debug_aranges
                0x000003e8      0x2a0 .\CortexM3\ARM_GCC_541\Debug\AY1920_II_HW_FINAL_CARZANIGA_GUALNIERA.a(CyLib.o)
 .debug_aranges
                0x00000688       0x98 .\CortexM3\ARM_GCC_541\Debug\AY1920_II_HW_FINAL_CARZANIGA_GUALNIERA.a(cyPm.o)
 .debug_aranges
                0x00000720       0xd8 .\CortexM3\ARM_GCC_541\Debug\AY1920_II_HW_FINAL_CARZANIGA_GUALNIERA.a(SPIM.o)
 .debug_aranges
                0x000007f8       0x28 .\CortexM3\ARM_GCC_541\Debug\AY1920_II_HW_FINAL_CARZANIGA_GUALNIERA.a(SPIM_INT.o)
 .debug_aranges
                0x00000820       0x38 .\CortexM3\ARM_GCC_541\Debug\AY1920_II_HW_FINAL_CARZANIGA_GUALNIERA.a(CS.o)
 .debug_aranges
                0x00000858       0x70 .\CortexM3\ARM_GCC_541\Debug\AY1920_II_HW_FINAL_CARZANIGA_GUALNIERA.a(SPIM_IntClock.o)
 .debug_aranges
                0x000008c8       0x20 .\CortexM3\ARM_GCC_541\Debug\AY1920_II_HW_FINAL_CARZANIGA_GUALNIERA.a(CyBootAsmGnu.o)
 .debug_aranges
                0x000008e8       0x88 .\CortexM3\ARM_GCC_541\Debug\AY1920_II_HW_FINAL_CARZANIGA_GUALNIERA.a(CyFlash.o)
 .debug_aranges
                0x00000970       0x80 .\CortexM3\ARM_GCC_541\Debug\AY1920_II_HW_FINAL_CARZANIGA_GUALNIERA.a(CySpc.o)

.debug_pubnames
 *(.debug_pubnames)

.debug_info     0x00000000     0x5a29
 *(.debug_info .gnu.linkonce.wi.*)
 .debug_info    0x00000000      0x325 .\CortexM3\ARM_GCC_541\Debug\main.o
 .debug_info    0x00000325      0x132 .\CortexM3\ARM_GCC_541\Debug\InterruptRoutines.o
 .debug_info    0x00000457      0x3d4 .\CortexM3\ARM_GCC_541\Debug\SPI_Interface.o
 .debug_info    0x0000082b      0x2d8 .\CortexM3\ARM_GCC_541\Debug\25LC256.o
 .debug_info    0x00000b03      0x5ba .\CortexM3\ARM_GCC_541\Debug\cyfitter_cfg.o
 .debug_info    0x000010bd      0x139 .\CortexM3\ARM_GCC_541\Debug\cymetadata.o
 .debug_info    0x000011f6      0x3bb .\CortexM3\ARM_GCC_541\Debug\Cm3Start.o
 .debug_info    0x000015b1      0x2d2 .\CortexM3\ARM_GCC_541\Debug\AY1920_II_HW_FINAL_CARZANIGA_GUALNIERA.a(ISR_CONFIG.o)
 .debug_info    0x00001883      0x2d2 .\CortexM3\ARM_GCC_541\Debug\AY1920_II_HW_FINAL_CARZANIGA_GUALNIERA.a(ISR_START.o)
 .debug_info    0x00001b55      0x60c .\CortexM3\ARM_GCC_541\Debug\AY1920_II_HW_FINAL_CARZANIGA_GUALNIERA.a(UART.o)
 .debug_info    0x00002161      0x283 .\CortexM3\ARM_GCC_541\Debug\AY1920_II_HW_FINAL_CARZANIGA_GUALNIERA.a(UART_IntClock.o)
 .debug_info    0x000023e4     0x1374 .\CortexM3\ARM_GCC_541\Debug\AY1920_II_HW_FINAL_CARZANIGA_GUALNIERA.a(CyLib.o)
 .debug_info    0x00003758      0xa2a .\CortexM3\ARM_GCC_541\Debug\AY1920_II_HW_FINAL_CARZANIGA_GUALNIERA.a(cyPm.o)
 .debug_info    0x00004182      0x709 .\CortexM3\ARM_GCC_541\Debug\AY1920_II_HW_FINAL_CARZANIGA_GUALNIERA.a(SPIM.o)
 .debug_info    0x0000488b      0x18d .\CortexM3\ARM_GCC_541\Debug\AY1920_II_HW_FINAL_CARZANIGA_GUALNIERA.a(SPIM_INT.o)
 .debug_info    0x00004a18      0x11f .\CortexM3\ARM_GCC_541\Debug\AY1920_II_HW_FINAL_CARZANIGA_GUALNIERA.a(CS.o)
 .debug_info    0x00004b37      0x283 .\CortexM3\ARM_GCC_541\Debug\AY1920_II_HW_FINAL_CARZANIGA_GUALNIERA.a(SPIM_IntClock.o)
 .debug_info    0x00004dba       0xd2 .\CortexM3\ARM_GCC_541\Debug\AY1920_II_HW_FINAL_CARZANIGA_GUALNIERA.a(CyBootAsmGnu.o)
 .debug_info    0x00004e8c      0x64d .\CortexM3\ARM_GCC_541\Debug\AY1920_II_HW_FINAL_CARZANIGA_GUALNIERA.a(CyFlash.o)
 .debug_info    0x000054d9      0x550 .\CortexM3\ARM_GCC_541\Debug\AY1920_II_HW_FINAL_CARZANIGA_GUALNIERA.a(CySpc.o)

.debug_abbrev   0x00000000     0x187f
 *(.debug_abbrev)
 .debug_abbrev  0x00000000       0xe0 .\CortexM3\ARM_GCC_541\Debug\main.o
 .debug_abbrev  0x000000e0       0x78 .\CortexM3\ARM_GCC_541\Debug\InterruptRoutines.o
 .debug_abbrev  0x00000158      0x12b .\CortexM3\ARM_GCC_541\Debug\SPI_Interface.o
 .debug_abbrev  0x00000283       0xf9 .\CortexM3\ARM_GCC_541\Debug\25LC256.o
 .debug_abbrev  0x0000037c      0x20d .\CortexM3\ARM_GCC_541\Debug\cyfitter_cfg.o
 .debug_abbrev  0x00000589       0x77 .\CortexM3\ARM_GCC_541\Debug\cymetadata.o
 .debug_abbrev  0x00000600      0x1e8 .\CortexM3\ARM_GCC_541\Debug\Cm3Start.o
 .debug_abbrev  0x000007e8      0x173 .\CortexM3\ARM_GCC_541\Debug\AY1920_II_HW_FINAL_CARZANIGA_GUALNIERA.a(ISR_CONFIG.o)
 .debug_abbrev  0x0000095b      0x173 .\CortexM3\ARM_GCC_541\Debug\AY1920_II_HW_FINAL_CARZANIGA_GUALNIERA.a(ISR_START.o)
 .debug_abbrev  0x00000ace      0x175 .\CortexM3\ARM_GCC_541\Debug\AY1920_II_HW_FINAL_CARZANIGA_GUALNIERA.a(UART.o)
 .debug_abbrev  0x00000c43      0x139 .\CortexM3\ARM_GCC_541\Debug\AY1920_II_HW_FINAL_CARZANIGA_GUALNIERA.a(UART_IntClock.o)
 .debug_abbrev  0x00000d7c      0x254 .\CortexM3\ARM_GCC_541\Debug\AY1920_II_HW_FINAL_CARZANIGA_GUALNIERA.a(CyLib.o)
 .debug_abbrev  0x00000fd0      0x1ab .\CortexM3\ARM_GCC_541\Debug\AY1920_II_HW_FINAL_CARZANIGA_GUALNIERA.a(cyPm.o)
 .debug_abbrev  0x0000117b      0x162 .\CortexM3\ARM_GCC_541\Debug\AY1920_II_HW_FINAL_CARZANIGA_GUALNIERA.a(SPIM.o)
 .debug_abbrev  0x000012dd       0x8a .\CortexM3\ARM_GCC_541\Debug\AY1920_II_HW_FINAL_CARZANIGA_GUALNIERA.a(SPIM_INT.o)
 .debug_abbrev  0x00001367       0x90 .\CortexM3\ARM_GCC_541\Debug\AY1920_II_HW_FINAL_CARZANIGA_GUALNIERA.a(CS.o)
 .debug_abbrev  0x000013f7      0x139 .\CortexM3\ARM_GCC_541\Debug\AY1920_II_HW_FINAL_CARZANIGA_GUALNIERA.a(SPIM_IntClock.o)
 .debug_abbrev  0x00001530       0x14 .\CortexM3\ARM_GCC_541\Debug\AY1920_II_HW_FINAL_CARZANIGA_GUALNIERA.a(CyBootAsmGnu.o)
 .debug_abbrev  0x00001544      0x1a7 .\CortexM3\ARM_GCC_541\Debug\AY1920_II_HW_FINAL_CARZANIGA_GUALNIERA.a(CyFlash.o)
 .debug_abbrev  0x000016eb      0x194 .\CortexM3\ARM_GCC_541\Debug\AY1920_II_HW_FINAL_CARZANIGA_GUALNIERA.a(CySpc.o)

.debug_line     0x00000000     0x293d
 *(.debug_line)
 .debug_line    0x00000000      0x246 .\CortexM3\ARM_GCC_541\Debug\main.o
 .debug_line    0x00000246      0x190 .\CortexM3\ARM_GCC_541\Debug\InterruptRoutines.o
 .debug_line    0x000003d6      0x1f0 .\CortexM3\ARM_GCC_541\Debug\SPI_Interface.o
 .debug_line    0x000005c6      0x1b9 .\CortexM3\ARM_GCC_541\Debug\25LC256.o
 .debug_line    0x0000077f      0x1fc .\CortexM3\ARM_GCC_541\Debug\cyfitter_cfg.o
 .debug_line    0x0000097b      0x141 .\CortexM3\ARM_GCC_541\Debug\cymetadata.o
 .debug_line    0x00000abc      0x234 .\CortexM3\ARM_GCC_541\Debug\Cm3Start.o
 .debug_line    0x00000cf0      0x137 .\CortexM3\ARM_GCC_541\Debug\AY1920_II_HW_FINAL_CARZANIGA_GUALNIERA.a(ISR_CONFIG.o)
 .debug_line    0x00000e27      0x136 .\CortexM3\ARM_GCC_541\Debug\AY1920_II_HW_FINAL_CARZANIGA_GUALNIERA.a(ISR_START.o)
 .debug_line    0x00000f5d      0x2bc .\CortexM3\ARM_GCC_541\Debug\AY1920_II_HW_FINAL_CARZANIGA_GUALNIERA.a(UART.o)
 .debug_line    0x00001219      0x17c .\CortexM3\ARM_GCC_541\Debug\AY1920_II_HW_FINAL_CARZANIGA_GUALNIERA.a(UART_IntClock.o)
 .debug_line    0x00001395      0x816 .\CortexM3\ARM_GCC_541\Debug\AY1920_II_HW_FINAL_CARZANIGA_GUALNIERA.a(CyLib.o)
 .debug_line    0x00001bab      0x367 .\CortexM3\ARM_GCC_541\Debug\AY1920_II_HW_FINAL_CARZANIGA_GUALNIERA.a(cyPm.o)
 .debug_line    0x00001f12      0x29a .\CortexM3\ARM_GCC_541\Debug\AY1920_II_HW_FINAL_CARZANIGA_GUALNIERA.a(SPIM.o)
 .debug_line    0x000021ac       0xa6 .\CortexM3\ARM_GCC_541\Debug\AY1920_II_HW_FINAL_CARZANIGA_GUALNIERA.a(SPIM_INT.o)
 .debug_line    0x00002252       0x8f .\CortexM3\ARM_GCC_541\Debug\AY1920_II_HW_FINAL_CARZANIGA_GUALNIERA.a(CS.o)
 .debug_line    0x000022e1      0x17c .\CortexM3\ARM_GCC_541\Debug\AY1920_II_HW_FINAL_CARZANIGA_GUALNIERA.a(SPIM_IntClock.o)
 .debug_line    0x0000245d       0x66 .\CortexM3\ARM_GCC_541\Debug\AY1920_II_HW_FINAL_CARZANIGA_GUALNIERA.a(CyBootAsmGnu.o)
 .debug_line    0x000024c3      0x21a .\CortexM3\ARM_GCC_541\Debug\AY1920_II_HW_FINAL_CARZANIGA_GUALNIERA.a(CyFlash.o)
 .debug_line    0x000026dd      0x260 .\CortexM3\ARM_GCC_541\Debug\AY1920_II_HW_FINAL_CARZANIGA_GUALNIERA.a(CySpc.o)

.debug_frame    0x00000000     0x1c68
 *(.debug_frame)
 .debug_frame   0x00000000       0x30 .\CortexM3\ARM_GCC_541\Debug\main.o
 .debug_frame   0x00000030       0x30 .\CortexM3\ARM_GCC_541\Debug\InterruptRoutines.o
 .debug_frame   0x00000060       0x88 .\CortexM3\ARM_GCC_541\Debug\SPI_Interface.o
 .debug_frame   0x000000e8       0xc4 .\CortexM3\ARM_GCC_541\Debug\25LC256.o
 .debug_frame   0x000001ac       0xe4 .\CortexM3\ARM_GCC_541\Debug\cyfitter_cfg.o
 .debug_frame   0x00000290       0xb8 .\CortexM3\ARM_GCC_541\Debug\Cm3Start.o
 .debug_frame   0x00000348      0x104 .\CortexM3\ARM_GCC_541\Debug\AY1920_II_HW_FINAL_CARZANIGA_GUALNIERA.a(ISR_CONFIG.o)
 .debug_frame   0x0000044c      0x104 .\CortexM3\ARM_GCC_541\Debug\AY1920_II_HW_FINAL_CARZANIGA_GUALNIERA.a(ISR_START.o)
 .debug_frame   0x00000550      0x250 .\CortexM3\ARM_GCC_541\Debug\AY1920_II_HW_FINAL_CARZANIGA_GUALNIERA.a(UART.o)
 .debug_frame   0x000007a0       0xe0 .\CortexM3\ARM_GCC_541\Debug\AY1920_II_HW_FINAL_CARZANIGA_GUALNIERA.a(UART_IntClock.o)
 .debug_frame   0x00000880      0x738 .\CortexM3\ARM_GCC_541\Debug\AY1920_II_HW_FINAL_CARZANIGA_GUALNIERA.a(CyLib.o)
 .debug_frame   0x00000fb8      0x1f8 .\CortexM3\ARM_GCC_541\Debug\AY1920_II_HW_FINAL_CARZANIGA_GUALNIERA.a(cyPm.o)
 .debug_frame   0x000011b0      0x260 .\CortexM3\ARM_GCC_541\Debug\AY1920_II_HW_FINAL_CARZANIGA_GUALNIERA.a(SPIM.o)
 .debug_frame   0x00001410       0x30 .\CortexM3\ARM_GCC_541\Debug\AY1920_II_HW_FINAL_CARZANIGA_GUALNIERA.a(SPIM_INT.o)
 .debug_frame   0x00001440       0x50 .\CortexM3\ARM_GCC_541\Debug\AY1920_II_HW_FINAL_CARZANIGA_GUALNIERA.a(CS.o)
 .debug_frame   0x00001490       0xe0 .\CortexM3\ARM_GCC_541\Debug\AY1920_II_HW_FINAL_CARZANIGA_GUALNIERA.a(SPIM_IntClock.o)
 .debug_frame   0x00001570      0x194 .\CortexM3\ARM_GCC_541\Debug\AY1920_II_HW_FINAL_CARZANIGA_GUALNIERA.a(CyFlash.o)
 .debug_frame   0x00001704      0x180 .\CortexM3\ARM_GCC_541\Debug\AY1920_II_HW_FINAL_CARZANIGA_GUALNIERA.a(CySpc.o)
 .debug_frame   0x00001884       0x20 c:/program files (x86)/cypress/psoc creator/4.3/psoc creator/import/gnu/arm/5.4.1/bin/../lib/gcc/arm-none-eabi/5.4.1/../../../../arm-none-eabi/lib/armv7-m\libg_nano.a(lib_a-errno.o)
 .debug_frame   0x000018a4       0x28 c:/program files (x86)/cypress/psoc creator/4.3/psoc creator/import/gnu/arm/5.4.1/bin/../lib/gcc/arm-none-eabi/5.4.1/../../../../arm-none-eabi/lib/armv7-m\libg_nano.a(lib_a-exit.o)
 .debug_frame   0x000018cc       0x2c c:/program files (x86)/cypress/psoc creator/4.3/psoc creator/import/gnu/arm/5.4.1/bin/../lib/gcc/arm-none-eabi/5.4.1/../../../../arm-none-eabi/lib/armv7-m\libg_nano.a(lib_a-init.o)
 .debug_frame   0x000018f8       0x28 c:/program files (x86)/cypress/psoc creator/4.3/psoc creator/import/gnu/arm/5.4.1/bin/../lib/gcc/arm-none-eabi/5.4.1/../../../../arm-none-eabi/lib/armv7-m\libg_nano.a(lib_a-memcpy-stub.o)
 .debug_frame   0x00001920       0x20 c:/program files (x86)/cypress/psoc creator/4.3/psoc creator/import/gnu/arm/5.4.1/bin/../lib/gcc/arm-none-eabi/5.4.1/../../../../arm-none-eabi/lib/armv7-m\libg_nano.a(lib_a-memset.o)
 .debug_frame   0x00001940       0x70 c:/program files (x86)/cypress/psoc creator/4.3/psoc creator/import/gnu/arm/5.4.1/bin/../lib/gcc/arm-none-eabi/5.4.1/../../../../arm-none-eabi/lib/armv7-m\libg_nano.a(lib_a-sprintf.o)
 .debug_frame   0x000019b0       0x90 c:/program files (x86)/cypress/psoc creator/4.3/psoc creator/import/gnu/arm/5.4.1/bin/../lib/gcc/arm-none-eabi/5.4.1/../../../../arm-none-eabi/lib/armv7-m\libg_nano.a(lib_a-nano-svfprintf.o)
 .debug_frame   0x00001a40       0x60 c:/program files (x86)/cypress/psoc creator/4.3/psoc creator/import/gnu/arm/5.4.1/bin/../lib/gcc/arm-none-eabi/5.4.1/../../../../arm-none-eabi/lib/armv7-m\libg_nano.a(lib_a-nano-vfprintf_i.o)
 .debug_frame   0x00001aa0       0x28 c:/program files (x86)/cypress/psoc creator/4.3/psoc creator/import/gnu/arm/5.4.1/bin/../lib/gcc/arm-none-eabi/5.4.1/../../../../arm-none-eabi/lib/armv7-m\libg_nano.a(lib_a-memchr-stub.o)
 .debug_frame   0x00001ac8       0x28 c:/program files (x86)/cypress/psoc creator/4.3/psoc creator/import/gnu/arm/5.4.1/bin/../lib/gcc/arm-none-eabi/5.4.1/../../../../arm-none-eabi/lib/armv7-m\libg_nano.a(lib_a-memmove.o)
 .debug_frame   0x00001af0       0x38 c:/program files (x86)/cypress/psoc creator/4.3/psoc creator/import/gnu/arm/5.4.1/bin/../lib/gcc/arm-none-eabi/5.4.1/../../../../arm-none-eabi/lib/armv7-m\libg_nano.a(lib_a-nano-freer.o)
 .debug_frame   0x00001b28       0x2c c:/program files (x86)/cypress/psoc creator/4.3/psoc creator/import/gnu/arm/5.4.1/bin/../lib/gcc/arm-none-eabi/5.4.1/../../../../arm-none-eabi/lib/armv7-m\libg_nano.a(lib_a-nano-mallocr.o)
 .debug_frame   0x00001b54       0x3c c:/program files (x86)/cypress/psoc creator/4.3/psoc creator/import/gnu/arm/5.4.1/bin/../lib/gcc/arm-none-eabi/5.4.1/../../../../arm-none-eabi/lib/armv7-m\libg_nano.a(lib_a-nano-reallocr.o)
 .debug_frame   0x00001b90       0x2c c:/program files (x86)/cypress/psoc creator/4.3/psoc creator/import/gnu/arm/5.4.1/bin/../lib/gcc/arm-none-eabi/5.4.1/../../../../arm-none-eabi/lib/armv7-m\libg_nano.a(lib_a-sbrkr.o)
 .debug_frame   0x00001bbc       0x30 c:/program files (x86)/cypress/psoc creator/4.3/psoc creator/import/gnu/arm/5.4.1/bin/../lib/gcc/arm-none-eabi/5.4.1/../../../../arm-none-eabi/lib/armv7-m\libg_nano.a(lib_a-mlock.o)
 .debug_frame   0x00001bec       0x20 c:/program files (x86)/cypress/psoc creator/4.3/psoc creator/import/gnu/arm/5.4.1/bin/../lib/gcc/arm-none-eabi/5.4.1/../../../../arm-none-eabi/lib/armv7-m\libg_nano.a(lib_a-nano-msizer.o)
 .debug_frame   0x00001c0c       0x5c c:/program files (x86)/cypress/psoc creator/4.3/psoc creator/import/gnu/arm/5.4.1/bin/../lib/gcc/arm-none-eabi/5.4.1/../../../../arm-none-eabi/lib/armv7-m\libg_nano.a(lib_a-reent.o)

.debug_str      0x00000000     0x203d
 *(.debug_str)
 .debug_str     0x00000000      0x26f .\CortexM3\ARM_GCC_541\Debug\main.o
                                0x2bf (size before relaxing)
 .debug_str     0x0000026f       0x37 .\CortexM3\ARM_GCC_541\Debug\InterruptRoutines.o
                                0x250 (size before relaxing)
 .debug_str     0x000002a6      0x133 .\CortexM3\ARM_GCC_541\Debug\SPI_Interface.o
                                0x325 (size before relaxing)
 .debug_str     0x000003d9       0xb9 .\CortexM3\ARM_GCC_541\Debug\25LC256.o
                                0x2f1 (size before relaxing)
 .debug_str     0x00000492      0x1b0 .\CortexM3\ARM_GCC_541\Debug\cyfitter_cfg.o
                                0x386 (size before relaxing)
 .debug_str     0x00000642       0x75 .\CortexM3\ARM_GCC_541\Debug\cymetadata.o
                                0x226 (size before relaxing)
 .debug_str     0x000006b7      0x144 .\CortexM3\ARM_GCC_541\Debug\Cm3Start.o
                                0x34c (size before relaxing)
 .debug_str     0x000007fb      0x131 .\CortexM3\ARM_GCC_541\Debug\AY1920_II_HW_FINAL_CARZANIGA_GUALNIERA.a(ISR_CONFIG.o)
                                0x32e (size before relaxing)
 .debug_str     0x0000092c      0x10c .\CortexM3\ARM_GCC_541\Debug\AY1920_II_HW_FINAL_CARZANIGA_GUALNIERA.a(ISR_START.o)
                                0x320 (size before relaxing)
 .debug_str     0x00000a38      0x2ba .\CortexM3\ARM_GCC_541\Debug\AY1920_II_HW_FINAL_CARZANIGA_GUALNIERA.a(UART.o)
                                0x4b7 (size before relaxing)
 .debug_str     0x00000cf2      0x189 .\CortexM3\ARM_GCC_541\Debug\AY1920_II_HW_FINAL_CARZANIGA_GUALNIERA.a(UART_IntClock.o)
                                0x378 (size before relaxing)
 .debug_str     0x00000e7b      0x801 .\CortexM3\ARM_GCC_541\Debug\AY1920_II_HW_FINAL_CARZANIGA_GUALNIERA.a(CyLib.o)
                                0xa89 (size before relaxing)
 .debug_str     0x0000167c      0x365 .\CortexM3\ARM_GCC_541\Debug\AY1920_II_HW_FINAL_CARZANIGA_GUALNIERA.a(cyPm.o)
                                0x775 (size before relaxing)
 .debug_str     0x000019e1      0x23c .\CortexM3\ARM_GCC_541\Debug\AY1920_II_HW_FINAL_CARZANIGA_GUALNIERA.a(SPIM.o)
                                0x520 (size before relaxing)
 .debug_str     0x00001c1d       0x3a .\CortexM3\ARM_GCC_541\Debug\AY1920_II_HW_FINAL_CARZANIGA_GUALNIERA.a(SPIM_INT.o)
                                0x2bd (size before relaxing)
 .debug_str     0x00001c57       0x4e .\CortexM3\ARM_GCC_541\Debug\AY1920_II_HW_FINAL_CARZANIGA_GUALNIERA.a(CS.o)
                                0x215 (size before relaxing)
 .debug_str     0x00001ca5      0x138 .\CortexM3\ARM_GCC_541\Debug\AY1920_II_HW_FINAL_CARZANIGA_GUALNIERA.a(SPIM_IntClock.o)
                                0x378 (size before relaxing)
 .debug_str     0x00001ddd      0x1b4 .\CortexM3\ARM_GCC_541\Debug\AY1920_II_HW_FINAL_CARZANIGA_GUALNIERA.a(CyFlash.o)
                                0x402 (size before relaxing)
 .debug_str     0x00001f91       0xac .\CortexM3\ARM_GCC_541\Debug\AY1920_II_HW_FINAL_CARZANIGA_GUALNIERA.a(CySpc.o)
                                0x37a (size before relaxing)

.debug_loc      0x00000000     0x246d
 *(.debug_loc)
 .debug_loc     0x00000000       0x39 .\CortexM3\ARM_GCC_541\Debug\main.o
 .debug_loc     0x00000039      0x16c .\CortexM3\ARM_GCC_541\Debug\SPI_Interface.o
 .debug_loc     0x000001a5       0x63 .\CortexM3\ARM_GCC_541\Debug\25LC256.o
 .debug_loc     0x00000208      0x25a .\CortexM3\ARM_GCC_541\Debug\cyfitter_cfg.o
 .debug_loc     0x00000462      0x144 .\CortexM3\ARM_GCC_541\Debug\Cm3Start.o
 .debug_loc     0x000005a6       0x56 .\CortexM3\ARM_GCC_541\Debug\AY1920_II_HW_FINAL_CARZANIGA_GUALNIERA.a(ISR_CONFIG.o)
 .debug_loc     0x000005fc       0x56 .\CortexM3\ARM_GCC_541\Debug\AY1920_II_HW_FINAL_CARZANIGA_GUALNIERA.a(ISR_START.o)
 .debug_loc     0x00000652      0x258 .\CortexM3\ARM_GCC_541\Debug\AY1920_II_HW_FINAL_CARZANIGA_GUALNIERA.a(UART.o)
 .debug_loc     0x000008aa      0x128 .\CortexM3\ARM_GCC_541\Debug\AY1920_II_HW_FINAL_CARZANIGA_GUALNIERA.a(UART_IntClock.o)
 .debug_loc     0x000009d2      0xa11 .\CortexM3\ARM_GCC_541\Debug\AY1920_II_HW_FINAL_CARZANIGA_GUALNIERA.a(CyLib.o)
 .debug_loc     0x000013e3      0x1e4 .\CortexM3\ARM_GCC_541\Debug\AY1920_II_HW_FINAL_CARZANIGA_GUALNIERA.a(cyPm.o)
 .debug_loc     0x000015c7      0x20d .\CortexM3\ARM_GCC_541\Debug\AY1920_II_HW_FINAL_CARZANIGA_GUALNIERA.a(SPIM.o)
 .debug_loc     0x000017d4       0x74 .\CortexM3\ARM_GCC_541\Debug\AY1920_II_HW_FINAL_CARZANIGA_GUALNIERA.a(SPIM_INT.o)
 .debug_loc     0x00001848       0x42 .\CortexM3\ARM_GCC_541\Debug\AY1920_II_HW_FINAL_CARZANIGA_GUALNIERA.a(CS.o)
 .debug_loc     0x0000188a      0x12c .\CortexM3\ARM_GCC_541\Debug\AY1920_II_HW_FINAL_CARZANIGA_GUALNIERA.a(SPIM_IntClock.o)
 .debug_loc     0x000019b6      0x3b2 .\CortexM3\ARM_GCC_541\Debug\AY1920_II_HW_FINAL_CARZANIGA_GUALNIERA.a(CyFlash.o)
 .debug_loc     0x00001d68      0x705 .\CortexM3\ARM_GCC_541\Debug\AY1920_II_HW_FINAL_CARZANIGA_GUALNIERA.a(CySpc.o)

.debug_macinfo
 *(.debug_macinfo)

.debug_ranges   0x00000000      0x898
 *(.debug_ranges)
 .debug_ranges  0x00000000       0x10 .\CortexM3\ARM_GCC_541\Debug\main.o
 .debug_ranges  0x00000010       0x18 .\CortexM3\ARM_GCC_541\Debug\InterruptRoutines.o
 .debug_ranges  0x00000028       0x28 .\CortexM3\ARM_GCC_541\Debug\SPI_Interface.o
 .debug_ranges  0x00000050       0x40 .\CortexM3\ARM_GCC_541\Debug\25LC256.o
 .debug_ranges  0x00000090       0x48 .\CortexM3\ARM_GCC_541\Debug\cyfitter_cfg.o
 .debug_ranges  0x000000d8       0x38 .\CortexM3\ARM_GCC_541\Debug\Cm3Start.o
 .debug_ranges  0x00000110       0x70 .\CortexM3\ARM_GCC_541\Debug\AY1920_II_HW_FINAL_CARZANIGA_GUALNIERA.a(ISR_CONFIG.o)
 .debug_ranges  0x00000180       0x70 .\CortexM3\ARM_GCC_541\Debug\AY1920_II_HW_FINAL_CARZANIGA_GUALNIERA.a(ISR_START.o)
 .debug_ranges  0x000001f0       0xe0 .\CortexM3\ARM_GCC_541\Debug\AY1920_II_HW_FINAL_CARZANIGA_GUALNIERA.a(UART.o)
 .debug_ranges  0x000002d0       0x60 .\CortexM3\ARM_GCC_541\Debug\AY1920_II_HW_FINAL_CARZANIGA_GUALNIERA.a(UART_IntClock.o)
 .debug_ranges  0x00000330      0x290 .\CortexM3\ARM_GCC_541\Debug\AY1920_II_HW_FINAL_CARZANIGA_GUALNIERA.a(CyLib.o)
 .debug_ranges  0x000005c0       0x88 .\CortexM3\ARM_GCC_541\Debug\AY1920_II_HW_FINAL_CARZANIGA_GUALNIERA.a(cyPm.o)
 .debug_ranges  0x00000648       0xc8 .\CortexM3\ARM_GCC_541\Debug\AY1920_II_HW_FINAL_CARZANIGA_GUALNIERA.a(SPIM.o)
 .debug_ranges  0x00000710       0x18 .\CortexM3\ARM_GCC_541\Debug\AY1920_II_HW_FINAL_CARZANIGA_GUALNIERA.a(SPIM_INT.o)
 .debug_ranges  0x00000728       0x28 .\CortexM3\ARM_GCC_541\Debug\AY1920_II_HW_FINAL_CARZANIGA_GUALNIERA.a(CS.o)
 .debug_ranges  0x00000750       0x60 .\CortexM3\ARM_GCC_541\Debug\AY1920_II_HW_FINAL_CARZANIGA_GUALNIERA.a(SPIM_IntClock.o)
 .debug_ranges  0x000007b0       0x78 .\CortexM3\ARM_GCC_541\Debug\AY1920_II_HW_FINAL_CARZANIGA_GUALNIERA.a(CyFlash.o)
 .debug_ranges  0x00000828       0x70 .\CortexM3\ARM_GCC_541\Debug\AY1920_II_HW_FINAL_CARZANIGA_GUALNIERA.a(CySpc.o)

.comment        0x00000000       0x6e
 .comment       0x00000000       0x6e .\CortexM3\ARM_GCC_541\Debug\main.o
                                 0x6f (size before relaxing)
 .comment       0x0000006e       0x6f .\CortexM3\ARM_GCC_541\Debug\InterruptRoutines.o
 .comment       0x0000006e       0x6f .\CortexM3\ARM_GCC_541\Debug\SPI_Interface.o
 .comment       0x0000006e       0x6f .\CortexM3\ARM_GCC_541\Debug\25LC256.o
 .comment       0x0000006e       0x6f .\CortexM3\ARM_GCC_541\Debug\cyfitter_cfg.o
 .comment       0x0000006e       0x6f .\CortexM3\ARM_GCC_541\Debug\cymetadata.o
 .comment       0x0000006e       0x6f .\CortexM3\ARM_GCC_541\Debug\Cm3Start.o
 .comment       0x0000006e       0x6f .\CortexM3\ARM_GCC_541\Debug\AY1920_II_HW_FINAL_CARZANIGA_GUALNIERA.a(ISR_CONFIG.o)
 .comment       0x0000006e       0x6f .\CortexM3\ARM_GCC_541\Debug\AY1920_II_HW_FINAL_CARZANIGA_GUALNIERA.a(ISR_START.o)
 .comment       0x0000006e       0x6f .\CortexM3\ARM_GCC_541\Debug\AY1920_II_HW_FINAL_CARZANIGA_GUALNIERA.a(UART.o)
 .comment       0x0000006e       0x6f .\CortexM3\ARM_GCC_541\Debug\AY1920_II_HW_FINAL_CARZANIGA_GUALNIERA.a(UART_IntClock.o)
 .comment       0x0000006e       0x6f .\CortexM3\ARM_GCC_541\Debug\AY1920_II_HW_FINAL_CARZANIGA_GUALNIERA.a(CyLib.o)
 .comment       0x0000006e       0x6f .\CortexM3\ARM_GCC_541\Debug\AY1920_II_HW_FINAL_CARZANIGA_GUALNIERA.a(cyPm.o)
 .comment       0x0000006e       0x6f .\CortexM3\ARM_GCC_541\Debug\AY1920_II_HW_FINAL_CARZANIGA_GUALNIERA.a(SPIM.o)
 .comment       0x0000006e       0x6f .\CortexM3\ARM_GCC_541\Debug\AY1920_II_HW_FINAL_CARZANIGA_GUALNIERA.a(SPIM_INT.o)
 .comment       0x0000006e       0x6f .\CortexM3\ARM_GCC_541\Debug\AY1920_II_HW_FINAL_CARZANIGA_GUALNIERA.a(CS.o)
 .comment       0x0000006e       0x6f .\CortexM3\ARM_GCC_541\Debug\AY1920_II_HW_FINAL_CARZANIGA_GUALNIERA.a(SPIM_IntClock.o)
 .comment       0x0000006e       0x6f .\CortexM3\ARM_GCC_541\Debug\AY1920_II_HW_FINAL_CARZANIGA_GUALNIERA.a(CyFlash.o)
 .comment       0x0000006e       0x6f .\CortexM3\ARM_GCC_541\Debug\AY1920_II_HW_FINAL_CARZANIGA_GUALNIERA.a(CySpc.o)

.debug_weaknames
 *(.debug_weaknames)

.debug_funcnames
 *(.debug_funcnames)

.debug_typenames
 *(.debug_typenames)

.debug_varnames
 *(.debug_varnames)

.note.gnu.arm.ident
 *(.note.gnu.arm.ident)

.ARM.attributes
                0x00000000       0x29
 *(.ARM.attributes)
 .ARM.attributes
                0x00000000       0x1d c:/program files (x86)/cypress/psoc creator/4.3/psoc creator/import/gnu/arm/5.4.1/bin/../lib/gcc/arm-none-eabi/5.4.1/armv7-m/crti.o
 .ARM.attributes
                0x0000001d       0x2d c:/program files (x86)/cypress/psoc creator/4.3/psoc creator/import/gnu/arm/5.4.1/bin/../lib/gcc/arm-none-eabi/5.4.1/armv7-m/crtbegin.o
 .ARM.attributes
                0x0000004a       0x1b c:/program files (x86)/cypress/psoc creator/4.3/psoc creator/import/gnu/arm/5.4.1/bin/../lib/gcc/arm-none-eabi/5.4.1/../../../../arm-none-eabi/lib/armv7-m/crt0.o
 .ARM.attributes
                0x00000065       0x33 .\CortexM3\ARM_GCC_541\Debug\main.o
 .ARM.attributes
                0x00000098       0x33 .\CortexM3\ARM_GCC_541\Debug\InterruptRoutines.o
 .ARM.attributes
                0x000000cb       0x33 .\CortexM3\ARM_GCC_541\Debug\SPI_Interface.o
 .ARM.attributes
                0x000000fe       0x33 .\CortexM3\ARM_GCC_541\Debug\25LC256.o
 .ARM.attributes
                0x00000131       0x33 .\CortexM3\ARM_GCC_541\Debug\cyfitter_cfg.o
 .ARM.attributes
                0x00000164       0x33 .\CortexM3\ARM_GCC_541\Debug\cymetadata.o
 .ARM.attributes
                0x00000197       0x33 .\CortexM3\ARM_GCC_541\Debug\Cm3Start.o
 .ARM.attributes
                0x000001ca       0x33 .\CortexM3\ARM_GCC_541\Debug\AY1920_II_HW_FINAL_CARZANIGA_GUALNIERA.a(ISR_CONFIG.o)
 .ARM.attributes
                0x000001fd       0x33 .\CortexM3\ARM_GCC_541\Debug\AY1920_II_HW_FINAL_CARZANIGA_GUALNIERA.a(ISR_START.o)
 .ARM.attributes
                0x00000230       0x33 .\CortexM3\ARM_GCC_541\Debug\AY1920_II_HW_FINAL_CARZANIGA_GUALNIERA.a(UART.o)
 .ARM.attributes
                0x00000263       0x33 .\CortexM3\ARM_GCC_541\Debug\AY1920_II_HW_FINAL_CARZANIGA_GUALNIERA.a(UART_IntClock.o)
 .ARM.attributes
                0x00000296       0x33 .\CortexM3\ARM_GCC_541\Debug\AY1920_II_HW_FINAL_CARZANIGA_GUALNIERA.a(CyLib.o)
 .ARM.attributes
                0x000002c9       0x33 .\CortexM3\ARM_GCC_541\Debug\AY1920_II_HW_FINAL_CARZANIGA_GUALNIERA.a(cyPm.o)
 .ARM.attributes
                0x000002fc       0x33 .\CortexM3\ARM_GCC_541\Debug\AY1920_II_HW_FINAL_CARZANIGA_GUALNIERA.a(SPIM.o)
 .ARM.attributes
                0x0000032f       0x33 .\CortexM3\ARM_GCC_541\Debug\AY1920_II_HW_FINAL_CARZANIGA_GUALNIERA.a(SPIM_INT.o)
 .ARM.attributes
                0x00000362       0x33 .\CortexM3\ARM_GCC_541\Debug\AY1920_II_HW_FINAL_CARZANIGA_GUALNIERA.a(CS.o)
 .ARM.attributes
                0x00000395       0x33 .\CortexM3\ARM_GCC_541\Debug\AY1920_II_HW_FINAL_CARZANIGA_GUALNIERA.a(SPIM_IntClock.o)
 .ARM.attributes
                0x000003c8       0x21 .\CortexM3\ARM_GCC_541\Debug\AY1920_II_HW_FINAL_CARZANIGA_GUALNIERA.a(CyBootAsmGnu.o)
 .ARM.attributes
                0x000003e9       0x33 .\CortexM3\ARM_GCC_541\Debug\AY1920_II_HW_FINAL_CARZANIGA_GUALNIERA.a(CyFlash.o)
 .ARM.attributes
                0x0000041c       0x33 .\CortexM3\ARM_GCC_541\Debug\AY1920_II_HW_FINAL_CARZANIGA_GUALNIERA.a(CySpc.o)
 .ARM.attributes
                0x0000044f       0x2d c:/program files (x86)/cypress/psoc creator/4.3/psoc creator/import/gnu/arm/5.4.1/bin/../lib/gcc/arm-none-eabi/5.4.1/../../../../arm-none-eabi/lib/armv7-m\libg_nano.a(lib_a-errno.o)
 .ARM.attributes
                0x0000047c       0x2d c:/program files (x86)/cypress/psoc creator/4.3/psoc creator/import/gnu/arm/5.4.1/bin/../lib/gcc/arm-none-eabi/5.4.1/../../../../arm-none-eabi/lib/armv7-m\libg_nano.a(lib_a-exit.o)
 .ARM.attributes
                0x000004a9       0x2d c:/program files (x86)/cypress/psoc creator/4.3/psoc creator/import/gnu/arm/5.4.1/bin/../lib/gcc/arm-none-eabi/5.4.1/../../../../arm-none-eabi/lib/armv7-m\libg_nano.a(lib_a-impure.o)
 .ARM.attributes
                0x000004d6       0x2d c:/program files (x86)/cypress/psoc creator/4.3/psoc creator/import/gnu/arm/5.4.1/bin/../lib/gcc/arm-none-eabi/5.4.1/../../../../arm-none-eabi/lib/armv7-m\libg_nano.a(lib_a-init.o)
 .ARM.attributes
                0x00000503       0x2d c:/program files (x86)/cypress/psoc creator/4.3/psoc creator/import/gnu/arm/5.4.1/bin/../lib/gcc/arm-none-eabi/5.4.1/../../../../arm-none-eabi/lib/armv7-m\libg_nano.a(lib_a-memcpy-stub.o)
 .ARM.attributes
                0x00000530       0x2d c:/program files (x86)/cypress/psoc creator/4.3/psoc creator/import/gnu/arm/5.4.1/bin/../lib/gcc/arm-none-eabi/5.4.1/../../../../arm-none-eabi/lib/armv7-m\libg_nano.a(lib_a-memset.o)
 .ARM.attributes
                0x0000055d       0x2d c:/program files (x86)/cypress/psoc creator/4.3/psoc creator/import/gnu/arm/5.4.1/bin/../lib/gcc/arm-none-eabi/5.4.1/../../../../arm-none-eabi/lib/armv7-m\libg_nano.a(lib_a-sprintf.o)
 .ARM.attributes
                0x0000058a       0x2d c:/program files (x86)/cypress/psoc creator/4.3/psoc creator/import/gnu/arm/5.4.1/bin/../lib/gcc/arm-none-eabi/5.4.1/../../../../arm-none-eabi/lib/armv7-m\libg_nano.a(lib_a-nano-svfprintf.o)
 .ARM.attributes
                0x000005b7       0x2d c:/program files (x86)/cypress/psoc creator/4.3/psoc creator/import/gnu/arm/5.4.1/bin/../lib/gcc/arm-none-eabi/5.4.1/../../../../arm-none-eabi/lib/armv7-m\libg_nano.a(lib_a-nano-vfprintf_i.o)
 .ARM.attributes
                0x000005e4       0x2d c:/program files (x86)/cypress/psoc creator/4.3/psoc creator/import/gnu/arm/5.4.1/bin/../lib/gcc/arm-none-eabi/5.4.1/../../../../arm-none-eabi/lib/armv7-m\libg_nano.a(lib_a-memchr-stub.o)
 .ARM.attributes
                0x00000611       0x2d c:/program files (x86)/cypress/psoc creator/4.3/psoc creator/import/gnu/arm/5.4.1/bin/../lib/gcc/arm-none-eabi/5.4.1/../../../../arm-none-eabi/lib/armv7-m\libg_nano.a(lib_a-memmove.o)
 .ARM.attributes
                0x0000063e       0x2d c:/program files (x86)/cypress/psoc creator/4.3/psoc creator/import/gnu/arm/5.4.1/bin/../lib/gcc/arm-none-eabi/5.4.1/../../../../arm-none-eabi/lib/armv7-m\libg_nano.a(lib_a-nano-freer.o)
 .ARM.attributes
                0x0000066b       0x2d c:/program files (x86)/cypress/psoc creator/4.3/psoc creator/import/gnu/arm/5.4.1/bin/../lib/gcc/arm-none-eabi/5.4.1/../../../../arm-none-eabi/lib/armv7-m\libg_nano.a(lib_a-nano-mallocr.o)
 .ARM.attributes
                0x00000698       0x2d c:/program files (x86)/cypress/psoc creator/4.3/psoc creator/import/gnu/arm/5.4.1/bin/../lib/gcc/arm-none-eabi/5.4.1/../../../../arm-none-eabi/lib/armv7-m\libg_nano.a(lib_a-nano-reallocr.o)
 .ARM.attributes
                0x000006c5       0x2d c:/program files (x86)/cypress/psoc creator/4.3/psoc creator/import/gnu/arm/5.4.1/bin/../lib/gcc/arm-none-eabi/5.4.1/../../../../arm-none-eabi/lib/armv7-m\libg_nano.a(lib_a-sbrkr.o)
 .ARM.attributes
                0x000006f2       0x2d c:/program files (x86)/cypress/psoc creator/4.3/psoc creator/import/gnu/arm/5.4.1/bin/../lib/gcc/arm-none-eabi/5.4.1/../../../../arm-none-eabi/lib/armv7-m\libg_nano.a(lib_a-mlock.o)
 .ARM.attributes
                0x0000071f       0x2d c:/program files (x86)/cypress/psoc creator/4.3/psoc creator/import/gnu/arm/5.4.1/bin/../lib/gcc/arm-none-eabi/5.4.1/../../../../arm-none-eabi/lib/armv7-m\libg_nano.a(lib_a-nano-msizer.o)
 .ARM.attributes
                0x0000074c       0x2d c:/program files (x86)/cypress/psoc creator/4.3/psoc creator/import/gnu/arm/5.4.1/bin/../lib/gcc/arm-none-eabi/5.4.1/../../../../arm-none-eabi/lib/armv7-m\libg_nano.a(lib_a-reent.o)
 .ARM.attributes
                0x00000779       0x2d c:/program files (x86)/cypress/psoc creator/4.3/psoc creator/import/gnu/arm/5.4.1/bin/../lib/gcc/arm-none-eabi/5.4.1/armv7-m/crtend.o
 .ARM.attributes
                0x000007a6       0x1d c:/program files (x86)/cypress/psoc creator/4.3/psoc creator/import/gnu/arm/5.4.1/bin/../lib/gcc/arm-none-eabi/5.4.1/armv7-m/crtn.o

/DISCARD/
 *(.note.GNU-stack)
OUTPUT(C:\Users\Manu\Desktop\github\PSoC-Final-Project\AY1920_II_HW_FINAL_CARZANIGA_GUALNIERA\AY1920_II_HW_FINAL_CARZANIGA_GUALNIERA.cydsn\CortexM3\ARM_GCC_541\Debug\AY1920_II_HW_FINAL_CARZANIGA_GUALNIERA.elf elf32-littlearm)
