Archive member included to satisfy reference by file (symbol)

.\CortexM3\ARM_GCC_541\Debug\AY1920_II_HW_FINAL_CARZANIGA_GUALNIERA.a(ISR_CONFIG.o)
                              .\CortexM3\ARM_GCC_541\Debug\main.o (ISR_CONFIG_StartEx)
.\CortexM3\ARM_GCC_541\Debug\AY1920_II_HW_FINAL_CARZANIGA_GUALNIERA.a(PWM_RG.o)
                              .\CortexM3\ARM_GCC_541\Debug\LED_Driver.o (PWM_RG_WriteCompare1)
.\CortexM3\ARM_GCC_541\Debug\AY1920_II_HW_FINAL_CARZANIGA_GUALNIERA.a(PWM_B.o)
                              .\CortexM3\ARM_GCC_541\Debug\LED_Driver.o (PWM_B_WriteCompare)
.\CortexM3\ARM_GCC_541\Debug\AY1920_II_HW_FINAL_CARZANIGA_GUALNIERA.a(ISR_START.o)
                              .\CortexM3\ARM_GCC_541\Debug\main.o (ISR_START_StartEx)
.\CortexM3\ARM_GCC_541\Debug\AY1920_II_HW_FINAL_CARZANIGA_GUALNIERA.a(UART.o)
                              .\CortexM3\ARM_GCC_541\Debug\main.o (UART_Start)
.\CortexM3\ARM_GCC_541\Debug\AY1920_II_HW_FINAL_CARZANIGA_GUALNIERA.a(UART_IntClock.o)
                              .\CortexM3\ARM_GCC_541\Debug\AY1920_II_HW_FINAL_CARZANIGA_GUALNIERA.a(UART.o) (UART_IntClock_Start)
.\CortexM3\ARM_GCC_541\Debug\AY1920_II_HW_FINAL_CARZANIGA_GUALNIERA.a(CyLib.o)
                              .\CortexM3\ARM_GCC_541\Debug\Cm3Start.o (CyHalt)
.\CortexM3\ARM_GCC_541\Debug\AY1920_II_HW_FINAL_CARZANIGA_GUALNIERA.a(cyPm.o)
                              .\CortexM3\ARM_GCC_541\Debug\AY1920_II_HW_FINAL_CARZANIGA_GUALNIERA.a(CyLib.o) (CyPmReadStatus)
.\CortexM3\ARM_GCC_541\Debug\AY1920_II_HW_FINAL_CARZANIGA_GUALNIERA.a(SPIM.o)
                              .\CortexM3\ARM_GCC_541\Debug\SPI_Interface.o (SPIM_ReadTxStatus)
.\CortexM3\ARM_GCC_541\Debug\AY1920_II_HW_FINAL_CARZANIGA_GUALNIERA.a(SPIM_INT.o)
                              .\CortexM3\ARM_GCC_541\Debug\AY1920_II_HW_FINAL_CARZANIGA_GUALNIERA.a(SPIM.o) (SPIM_TX_ISR)
.\CortexM3\ARM_GCC_541\Debug\AY1920_II_HW_FINAL_CARZANIGA_GUALNIERA.a(CS.o)
                              .\CortexM3\ARM_GCC_541\Debug\SPI_Interface.o (CS_Write)
.\CortexM3\ARM_GCC_541\Debug\AY1920_II_HW_FINAL_CARZANIGA_GUALNIERA.a(SPIM_IntClock.o)
                              .\CortexM3\ARM_GCC_541\Debug\AY1920_II_HW_FINAL_CARZANIGA_GUALNIERA.a(SPIM.o) (SPIM_IntClock_Start)
.\CortexM3\ARM_GCC_541\Debug\AY1920_II_HW_FINAL_CARZANIGA_GUALNIERA.a(ONBOARD_LED.o)
                              .\CortexM3\ARM_GCC_541\Debug\Notifications.o (ONBOARD_LED_Write)
.\CortexM3\ARM_GCC_541\Debug\AY1920_II_HW_FINAL_CARZANIGA_GUALNIERA.a(NOTIFY_TIMER.o)
                              .\CortexM3\ARM_GCC_541\Debug\InterruptRoutines.o (NOTIFY_TIMER_ReadStatusRegister)
.\CortexM3\ARM_GCC_541\Debug\AY1920_II_HW_FINAL_CARZANIGA_GUALNIERA.a(BUTTON_TIMER.o)
                              .\CortexM3\ARM_GCC_541\Debug\main.o (BUTTON_TIMER_Start)
.\CortexM3\ARM_GCC_541\Debug\AY1920_II_HW_FINAL_CARZANIGA_GUALNIERA.a(ISR_IMU.o)
                              .\CortexM3\ARM_GCC_541\Debug\main.o (ISR_IMU_StartEx)
.\CortexM3\ARM_GCC_541\Debug\AY1920_II_HW_FINAL_CARZANIGA_GUALNIERA.a(CyBootAsmGnu.o)
                              .\CortexM3\ARM_GCC_541\Debug\cyfitter_cfg.o (CyDelayCycles)
.\CortexM3\ARM_GCC_541\Debug\AY1920_II_HW_FINAL_CARZANIGA_GUALNIERA.a(CyFlash.o)
                              .\CortexM3\ARM_GCC_541\Debug\AY1920_II_HW_FINAL_CARZANIGA_GUALNIERA.a(cyPm.o) (CyFlash_SetWaitCycles)
.\CortexM3\ARM_GCC_541\Debug\AY1920_II_HW_FINAL_CARZANIGA_GUALNIERA.a(CySpc.o)
                              .\CortexM3\ARM_GCC_541\Debug\AY1920_II_HW_FINAL_CARZANIGA_GUALNIERA.a(CyFlash.o) (CySpcStart)
c:/program files (x86)/cypress/psoc creator/4.3/psoc creator/import/gnu/arm/5.4.1/bin/../lib/gcc/arm-none-eabi/5.4.1/../../../../arm-none-eabi/lib/armv7-m\libg_nano.a(lib_a-errno.o)
                              .\CortexM3\ARM_GCC_541\Debug\Cm3Start.o (__errno)
c:/program files (x86)/cypress/psoc creator/4.3/psoc creator/import/gnu/arm/5.4.1/bin/../lib/gcc/arm-none-eabi/5.4.1/../../../../arm-none-eabi/lib/armv7-m\libg_nano.a(lib_a-exit.o)
                              c:/program files (x86)/cypress/psoc creator/4.3/psoc creator/import/gnu/arm/5.4.1/bin/../lib/gcc/arm-none-eabi/5.4.1/../../../../arm-none-eabi/lib/armv7-m/crt0.o (exit)
c:/program files (x86)/cypress/psoc creator/4.3/psoc creator/import/gnu/arm/5.4.1/bin/../lib/gcc/arm-none-eabi/5.4.1/../../../../arm-none-eabi/lib/armv7-m\libg_nano.a(lib_a-impure.o)
                              c:/program files (x86)/cypress/psoc creator/4.3/psoc creator/import/gnu/arm/5.4.1/bin/../lib/gcc/arm-none-eabi/5.4.1/../../../../arm-none-eabi/lib/armv7-m\libg_nano.a(lib_a-exit.o) (_global_impure_ptr)
c:/program files (x86)/cypress/psoc creator/4.3/psoc creator/import/gnu/arm/5.4.1/bin/../lib/gcc/arm-none-eabi/5.4.1/../../../../arm-none-eabi/lib/armv7-m\libg_nano.a(lib_a-init.o)
[...]
Memory Configuration

Name             Origin             Length             Attributes
rom              0x00000000         0x00040000         xr
ram              0x1fff8000         0x00010000         xrw
*default*        0x00000000         0xffffffff

Linker script and memory map

LOAD c:/program files (x86)/cypress/psoc creator/4.3/psoc creator/import/gnu/arm/5.4.1/bin/../lib/gcc/arm-none-eabi/5.4.1/armv7-m/crti.o
LOAD c:/program files (x86)/cypress/psoc creator/4.3/psoc creator/import/gnu/arm/5.4.1/bin/../lib/gcc/arm-none-eabi/5.4.1/armv7-m/crtbegin.o
LOAD c:/program files (x86)/cypress/psoc creator/4.3/psoc creator/import/gnu/arm/5.4.1/bin/../lib/gcc/arm-none-eabi/5.4.1/../../../../arm-none-eabi/lib/armv7-m/crt0.o
START GROUP
LOAD .\CortexM3\ARM_GCC_541\Debug\main.o
LOAD .\CortexM3\ARM_GCC_541\Debug\InterruptRoutines.o
LOAD .\CortexM3\ARM_GCC_541\Debug\SPI_Interface.o
LOAD .\CortexM3\ARM_GCC_541\Debug\25LC256.o
LOAD .\CortexM3\ARM_GCC_541\Debug\LED_Driver.o
LOAD .\CortexM3\ARM_GCC_541\Debug\Notifications.o
LOAD .\CortexM3\ARM_GCC_541\Debug\LIS3DH.o
LOAD .\CortexM3\ARM_GCC_541\Debug\cyfitter_cfg.o
LOAD .\CortexM3\ARM_GCC_541\Debug\cymetadata.o
LOAD .\CortexM3\ARM_GCC_541\Debug\Cm3Start.o
LOAD .\CortexM3\ARM_GCC_541\Debug\AY1920_II_HW_FINAL_CARZANIGA_GUALNIERA.a
LOAD C:\Program Files (x86)\Cypress\PSoC Creator\4.3\PSoC Creator\psoc\content\cycomponentlibrary\CyComponentLibrary.cylib\CortexM3\ARM_GCC_541\Debug\CyComponentLibrary.a
END GROUP
START GROUP
LOAD c:/program files (x86)/cypress/psoc creator/4.3/psoc creator/import/gnu/arm/5.4.1/bin/../lib/gcc/arm-none-eabi/5.4.1/armv7-m\libgcc.a
LOAD c:/program files (x86)/cypress/psoc creator/4.3/psoc creator/import/gnu/arm/5.4.1/bin/../lib/gcc/arm-none-eabi/5.4.1/../../../../arm-none-eabi/lib/armv7-m\libg_nano.a
LOAD c:/program files (x86)/cypress/psoc creator/4.3/psoc creator/import/gnu/arm/5.4.1/bin/../lib/gcc/arm-none-eabi/5.4.1/../../../../arm-none-eabi/lib/armv7-m\libc_nano.a
END GROUP
START GROUP
LOAD c:/program files (x86)/cypress/psoc creator/4.3/psoc creator/import/gnu/arm/5.4.1/bin/../lib/gcc/arm-none-eabi/5.4.1/armv7-m\libgcc.a
LOAD c:/program files (x86)/cypress/psoc creator/4.3/psoc creator/import/gnu/arm/5.4.1/bin/../lib/gcc/arm-none-eabi/5.4.1/../../../../arm-none-eabi/lib/armv7-m\libc_nano.a
END GROUP
LOAD c:/program files (x86)/cypress/psoc creator/4.3/psoc creator/import/gnu/arm/5.4.1/bin/../lib/gcc/arm-none-eabi/5.4.1/armv7-m/crtend.o
LOAD c:/program files (x86)/cypress/psoc creator/4.3/psoc creator/import/gnu/arm/5.4.1/bin/../lib/gcc/arm-none-eabi/5.4.1/armv7-m/crtn.o
START GROUP
LOAD c:/program files (x86)/cypress/psoc creator/4.3/psoc creator/import/gnu/arm/5.4.1/bin/../lib/gcc/arm-none-eabi/5.4.1/armv7-m\libgcc.a
LOAD c:/program files (x86)/cypress/psoc creator/4.3/psoc creator/import/gnu/arm/5.4.1/bin/../lib/gcc/arm-none-eabi/5.4.1/../../../../arm-none-eabi/lib/armv7-m\libc.a
LOAD c:/program files (x86)/cypress/psoc creator/4.3/psoc creator/import/gnu/arm/5.4.1/bin/../lib/gcc/arm-none-eabi/5.4.1/../../../../arm-none-eabi/lib/armv7-m\libnosys.a
END GROUP
                0x00000000                CY_APPL_ORIGIN = 0x0
                0x00000100                CY_FLASH_ROW_SIZE = 0x100
                0x00000020                CY_ECC_ROW_SIZE = 0x20
                0x00000000                CY_EE_IN_BTLDR = 0x0
                0x00000000                CY_APPL_LOADABLE = 0x0
                0x00000800                CY_EE_SIZE = 0x800
                0x00000001                CY_APPL_NUM = 0x1
                0x00000001                CY_APPL_MAX = 0x1
                0x00000040                CY_METADATA_SIZE = 0x40
                0x00000000                CY_APPL_LOADABLE = 0x0
                0x00000000                CY_CHECKSUM_EXCLUDE_SIZE = ALIGN (0x0, CY_FLASH_ROW_SIZE)
                [!provide]                PROVIDE (__cy_heap_start, _end)
                0x00000001                PROVIDE (__cy_region_num, ((__cy_regions_end - __cy_regions) / 0x10))
                0x20008000                PROVIDE (__cy_stack, (ORIGIN (ram) + LENGTH (ram)))
                [!provide]                PROVIDE (__cy_heap_end, (__cy_stack - 0x800))

.cybootloader   0x00000000        0x0
 *(.cybootloader)
                0x00000000                appl1_start = CY_APPL_ORIGIN?CY_APPL_ORIGIN:ALIGN (CY_FLASH_ROW_SIZE)
                0x0001ff00                appl2_start = (appl1_start + ALIGN ((((LENGTH (rom) - appl1_start) - (0x2 * CY_FLASH_ROW_SIZE)) / 0x2), CY_FLASH_ROW_SIZE))
                0x00000000                appl_start = (CY_APPL_NUM == 0x1)?appl1_start:appl2_start
                0x00000000                ecc_offset = ((appl_start / CY_FLASH_ROW_SIZE) * CY_ECC_ROW_SIZE)
                0x00000000                ee_offset = (CY_APPL_LOADABLE && ! (CY_EE_IN_BTLDR))?((CY_EE_SIZE / CY_APPL_MAX) * (CY_APPL_NUM - 0x1)):0x0
                0x00000800                ee_size = (CY_APPL_LOADABLE && ! (CY_EE_IN_BTLDR))?(CY_EE_SIZE / CY_APPL_MAX):CY_EE_SIZE
                [!provide]                PROVIDE (CY_ECC_OFFSET, ecc_offset)

.text           0x00000000     0x1da8
 CREATE_OBJECT_SYMBOLS
                0x00000000                PROVIDE (__cy_interrupt_vector, RomVectors)
 *(.romvectors)
 .romvectors    0x00000000       0x10 .\CortexM3\ARM_GCC_541\Debug\Cm3Start.o
                0x00000000                RomVectors
                0x00000001                ASSERT ((. != __cy_interrupt_vector), No interrupt vector)
                0x00000001                ASSERT (CY_APPL_ORIGIN?(SIZEOF (.cybootloader) <= CY_APPL_ORIGIN):0x1, Wrong image location)
                0x00000010                PROVIDE (__cy_reset, Reset)
 *(.text.Reset)
 .text.Reset    0x00000010       0x18 .\CortexM3\ARM_GCC_541\Debug\Cm3Start.o
                0x00000010                Reset
                0x00000001                ASSERT ((. != __cy_reset), No reset code)
 *(.dma_init)
                0x00000001                ASSERT ((((appl_start + .) <= 0x10000) || 0x1), DMA Init must be within the first 64k of flash)
 *(.text .text.* .gnu.linkonce.t.*)
 .text          0x00000028       0x5c c:/program files (x86)/cypress/psoc creator/4.3/psoc creator/import/gnu/arm/5.4.1/bin/../lib/gcc/arm-none-eabi/5.4.1/armv7-m/crtbegin.o
 .text.main     0x00000084       0xe8 .\CortexM3\ARM_GCC_541\Debug\main.o
                0x00000084                main
 .text.CUSTOM_ISR_CONFIG
                0x0000016c       0x28 .\CortexM3\ARM_GCC_541\Debug\InterruptRoutines.o
                0x0000016c                CUSTOM_ISR_CONFIG
 .text.CUSTOM_ISR_START
                0x00000194       0x60 .\CortexM3\ARM_GCC_541\Debug\InterruptRoutines.o
                0x00000194                CUSTOM_ISR_START
 .text.CUSTOM_ISR_IMU
                0x000001f4        0xc .\CortexM3\ARM_GCC_541\Debug\InterruptRoutines.o
                0x000001f4                CUSTOM_ISR_IMU
 .text.SPI_Interface_ReadByte
                0x00000200       0x34 .\CortexM3\ARM_GCC_541\Debug\SPI_Interface.o
                0x00000200                SPI_Interface_ReadByte
 .text.SPI_Interface_Multi_RW
                0x00000234       0xb8 .\CortexM3\ARM_GCC_541\Debug\SPI_Interface.o
                0x00000234                SPI_Interface_Multi_RW
 .text.RGB_Init
                0x000002ec        0xc .\CortexM3\ARM_GCC_541\Debug\LED_Driver.o
                0x000002ec                RGB_Init
 .text.IMU_RegistersSetup
                0x000002f8      0x28c .\CortexM3\ARM_GCC_541\Debug\LIS3DH.o
                0x000002f8                IMU_RegistersSetup
 .text.IMU_ReadFIFO
                0x00000584       0x30 .\CortexM3\ARM_GCC_541\Debug\LIS3DH.o
                0x00000584                IMU_ReadFIFO
 .text.IMU_ResetFIFO
                0x000005b4       0x48 .\CortexM3\ARM_GCC_541\Debug\LIS3DH.o
                0x000005b4                IMU_ResetFIFO
 .text.CyClockStartupError
                0x000005fc        0x4 .\CortexM3\ARM_GCC_541\Debug\cyfitter_cfg.o
 .text.cfg_write_bytes32
                0x00000600       0x34 .\CortexM3\ARM_GCC_541\Debug\cyfitter_cfg.o
 .text.AnalogSetDefault
                0x00000634       0x28 .\CortexM3\ARM_GCC_541\Debug\cyfitter_cfg.o
 .text.CYMEMZERO
                0x0000065c        0xc .\CortexM3\ARM_GCC_541\Debug\cyfitter_cfg.o
 .text.ClockSetup
                0x00000668       0xdc .\CortexM3\ARM_GCC_541\Debug\cyfitter_cfg.o
 .text.CYCONFIGCPY
                0x00000744        0x8 .\CortexM3\ARM_GCC_541\Debug\cyfitter_cfg.o
 .text.cyfitter_cfg
                0x0000074c      0x100 .\CortexM3\ARM_GCC_541\Debug\cyfitter_cfg.o
                0x0000074c                cyfitter_cfg
 .text.IntDefaultHandler
                0x0000084c       0x10 .\CortexM3\ARM_GCC_541\Debug\Cm3Start.o
                0x0000084c                IntDefaultHandler
 .text._sbrk    0x0000085c       0x30 .\CortexM3\ARM_GCC_541\Debug\Cm3Start.o
                0x0000085c                _sbrk
 .text.Start_c  0x0000088c       0x4c .\CortexM3\ARM_GCC_541\Debug\Cm3Start.o
                0x0000088c                Start_c
 .text.initialize_psoc
                0x000008d8       0x68 .\CortexM3\ARM_GCC_541\Debug\Cm3Start.o
                0x000008d8                initialize_psoc
 .text.ISR_CONFIG_SetVector
                0x00000940        0xc .\CortexM3\ARM_GCC_541\Debug\AY1920_II_HW_FINAL_CARZANIGA_GUALNIERA.a(ISR_CONFIG.o)
                0x00000940                ISR_CONFIG_SetVector
 .text.ISR_CONFIG_SetPriority
                0x0000094c       0x10 .\CortexM3\ARM_GCC_541\Debug\AY1920_II_HW_FINAL_CARZANIGA_GUALNIERA.a(ISR_CONFIG.o)
                0x0000094c                ISR_CONFIG_SetPriority
 .text.ISR_CONFIG_Enable
                0x0000095c        0xc .\CortexM3\ARM_GCC_541\Debug\AY1920_II_HW_FINAL_CARZANIGA_GUALNIERA.a(ISR_CONFIG.o)
                0x0000095c                ISR_CONFIG_Enable
 .text.ISR_CONFIG_Disable
                0x00000968        0xc .\CortexM3\ARM_GCC_541\Debug\AY1920_II_HW_FINAL_CARZANIGA_GUALNIERA.a(ISR_CONFIG.o)
                0x00000968                ISR_CONFIG_Disable
 .text.ISR_CONFIG_StartEx
                0x00000974       0x1c .\CortexM3\ARM_GCC_541\Debug\AY1920_II_HW_FINAL_CARZANIGA_GUALNIERA.a(ISR_CONFIG.o)
                0x00000974                ISR_CONFIG_StartEx
 .text.PWM_RG_Enable
                0x00000990       0x10 .\CortexM3\ARM_GCC_541\Debug\AY1920_II_HW_FINAL_CARZANIGA_GUALNIERA.a(PWM_RG.o)
                0x00000990                PWM_RG_Enable
 .text.PWM_RG_WriteCounter
                0x000009a0        0xc .\CortexM3\ARM_GCC_541\Debug\AY1920_II_HW_FINAL_CARZANIGA_GUALNIERA.a(PWM_RG.o)
                0x000009a0                PWM_RG_WriteCounter
 .text.PWM_RG_WritePeriod
                0x000009ac        0xc .\CortexM3\ARM_GCC_541\Debug\AY1920_II_HW_FINAL_CARZANIGA_GUALNIERA.a(PWM_RG.o)
                0x000009ac                PWM_RG_WritePeriod
 .text.PWM_RG_WriteCompare1
                0x000009b8        0xc .\CortexM3\ARM_GCC_541\Debug\AY1920_II_HW_FINAL_CARZANIGA_GUALNIERA.a(PWM_RG.o)
                0x000009b8                PWM_RG_WriteCompare1
 .text.PWM_RG_WriteCompare2
                0x000009c4        0xc .\CortexM3\ARM_GCC_541\Debug\AY1920_II_HW_FINAL_CARZANIGA_GUALNIERA.a(PWM_RG.o)
                0x000009c4                PWM_RG_WriteCompare2
 .text.PWM_RG_SetInterruptMode
                0x000009d0        0xc .\CortexM3\ARM_GCC_541\Debug\AY1920_II_HW_FINAL_CARZANIGA_GUALNIERA.a(PWM_RG.o)
                0x000009d0                PWM_RG_SetInterruptMode
 .text.PWM_RG_ReadStatusRegister
                0x000009dc        0xc .\CortexM3\ARM_GCC_541\Debug\AY1920_II_HW_FINAL_CARZANIGA_GUALNIERA.a(PWM_RG.o)
                0x000009dc                PWM_RG_ReadStatusRegister
 .text.PWM_RG_ReadCapture
                0x000009e8        0xc .\CortexM3\ARM_GCC_541\Debug\AY1920_II_HW_FINAL_CARZANIGA_GUALNIERA.a(PWM_RG.o)
                0x000009e8                PWM_RG_ReadCapture
 .text.PWM_RG_ClearFIFO
                0x000009f4       0x14 .\CortexM3\ARM_GCC_541\Debug\AY1920_II_HW_FINAL_CARZANIGA_GUALNIERA.a(PWM_RG.o)
                0x000009f4                PWM_RG_ClearFIFO
 .text.PWM_RG_Init
                0x00000a08       0x58 .\CortexM3\ARM_GCC_541\Debug\AY1920_II_HW_FINAL_CARZANIGA_GUALNIERA.a(PWM_RG.o)
                0x00000a08                PWM_RG_Init
 .text.PWM_RG_Start
                0x00000a60       0x1c .\CortexM3\ARM_GCC_541\Debug\AY1920_II_HW_FINAL_CARZANIGA_GUALNIERA.a(PWM_RG.o)
                0x00000a60                PWM_RG_Start
 .text.PWM_B_Enable
                0x00000a7c       0x10 .\CortexM3\ARM_GCC_541\Debug\AY1920_II_HW_FINAL_CARZANIGA_GUALNIERA.a(PWM_B.o)
                0x00000a7c                PWM_B_Enable
 .text.PWM_B_WriteCounter
                0x00000a8c        0xc .\CortexM3\ARM_GCC_541\Debug\AY1920_II_HW_FINAL_CARZANIGA_GUALNIERA.a(PWM_B.o)
                0x00000a8c                PWM_B_WriteCounter
 .text.PWM_B_WritePeriod
                0x00000a98        0xc .\CortexM3\ARM_GCC_541\Debug\AY1920_II_HW_FINAL_CARZANIGA_GUALNIERA.a(PWM_B.o)
                0x00000a98                PWM_B_WritePeriod
 .text.PWM_B_WriteCompare
                0x00000aa4        0xc .\CortexM3\ARM_GCC_541\Debug\AY1920_II_HW_FINAL_CARZANIGA_GUALNIERA.a(PWM_B.o)
                0x00000aa4                PWM_B_WriteCompare
 .text.PWM_B_SetInterruptMode
                0x00000ab0        0xc .\CortexM3\ARM_GCC_541\Debug\AY1920_II_HW_FINAL_CARZANIGA_GUALNIERA.a(PWM_B.o)
                0x00000ab0                PWM_B_SetInterruptMode
 .text.PWM_B_ReadStatusRegister
                0x00000abc        0xc .\CortexM3\ARM_GCC_541\Debug\AY1920_II_HW_FINAL_CARZANIGA_GUALNIERA.a(PWM_B.o)
                0x00000abc                PWM_B_ReadStatusRegister
 .text.PWM_B_ReadCapture
                0x00000ac8        0xc .\CortexM3\ARM_GCC_541\Debug\AY1920_II_HW_FINAL_CARZANIGA_GUALNIERA.a(PWM_B.o)
                0x00000ac8                PWM_B_ReadCapture
 .text.PWM_B_ClearFIFO
                0x00000ad4       0x14 .\CortexM3\ARM_GCC_541\Debug\AY1920_II_HW_FINAL_CARZANIGA_GUALNIERA.a(PWM_B.o)
                0x00000ad4                PWM_B_ClearFIFO
 .text.PWM_B_Init
                0x00000ae8       0x54 .\CortexM3\ARM_GCC_541\Debug\AY1920_II_HW_FINAL_CARZANIGA_GUALNIERA.a(PWM_B.o)
                0x00000ae8                PWM_B_Init
 .text.PWM_B_Start
                0x00000b3c       0x1c .\CortexM3\ARM_GCC_541\Debug\AY1920_II_HW_FINAL_CARZANIGA_GUALNIERA.a(PWM_B.o)
                0x00000b3c                PWM_B_Start
 .text.ISR_START_SetVector
                0x00000b58        0xc .\CortexM3\ARM_GCC_541\Debug\AY1920_II_HW_FINAL_CARZANIGA_GUALNIERA.a(ISR_START.o)
                0x00000b58                ISR_START_SetVector
 .text.ISR_START_SetPriority
                0x00000b64       0x10 .\CortexM3\ARM_GCC_541\Debug\AY1920_II_HW_FINAL_CARZANIGA_GUALNIERA.a(ISR_START.o)
                0x00000b64                ISR_START_SetPriority
 .text.ISR_START_Enable
                0x00000b74        0xc .\CortexM3\ARM_GCC_541\Debug\AY1920_II_HW_FINAL_CARZANIGA_GUALNIERA.a(ISR_START.o)
                0x00000b74                ISR_START_Enable
 .text.ISR_START_Disable
                0x00000b80        0xc .\CortexM3\ARM_GCC_541\Debug\AY1920_II_HW_FINAL_CARZANIGA_GUALNIERA.a(ISR_START.o)
                0x00000b80                ISR_START_Disable
 .text.ISR_START_StartEx
                0x00000b8c       0x1c .\CortexM3\ARM_GCC_541\Debug\AY1920_II_HW_FINAL_CARZANIGA_GUALNIERA.a(ISR_START.o)
                0x00000b8c                ISR_START_StartEx
 .text.UART_Init
                0x00000ba8       0x28 .\CortexM3\ARM_GCC_541\Debug\AY1920_II_HW_FINAL_CARZANIGA_GUALNIERA.a(UART.o)
                0x00000ba8                UART_Init
 .text.UART_Enable
                0x00000bd0       0x38 .\CortexM3\ARM_GCC_541\Debug\AY1920_II_HW_FINAL_CARZANIGA_GUALNIERA.a(UART.o)
                0x00000bd0                UART_Enable
 .text.UART_Start
                0x00000c08       0x1c .\CortexM3\ARM_GCC_541\Debug\AY1920_II_HW_FINAL_CARZANIGA_GUALNIERA.a(UART.o)
                0x00000c08                UART_Start
 .text.UART_PutChar
                0x00000c24       0x18 .\CortexM3\ARM_GCC_541\Debug\AY1920_II_HW_FINAL_CARZANIGA_GUALNIERA.a(UART.o)
                0x00000c24                UART_PutChar
 .text.UART_PutString
                0x00000c3c       0x24 .\CortexM3\ARM_GCC_541\Debug\AY1920_II_HW_FINAL_CARZANIGA_GUALNIERA.a(UART.o)
                0x00000c3c                UART_PutString
 .text.UART_IntClock_Start
                0x00000c60       0x1c .\CortexM3\ARM_GCC_541\Debug\AY1920_II_HW_FINAL_CARZANIGA_GUALNIERA.a(UART_IntClock.o)
                0x00000c60                UART_IntClock_Start
 .text.CyHalt   0x00000c7c        0x4 .\CortexM3\ARM_GCC_541\Debug\AY1920_II_HW_FINAL_CARZANIGA_GUALNIERA.a(CyLib.o)
                0x00000c7c                CyHalt
 .text.CyDelay  0x00000c80       0x2c .\CortexM3\ARM_GCC_541\Debug\AY1920_II_HW_FINAL_CARZANIGA_GUALNIERA.a(CyLib.o)
                0x00000c80                CyDelay
 .text.CyDelayUs
                0x00000cac       0x14 .\CortexM3\ARM_GCC_541\Debug\AY1920_II_HW_FINAL_CARZANIGA_GUALNIERA.a(CyLib.o)
                0x00000cac                CyDelayUs
 .text.CyIntSetSysVector
                0x00000cc0       0x28 .\CortexM3\ARM_GCC_541\Debug\AY1920_II_HW_FINAL_CARZANIGA_GUALNIERA.a(CyLib.o)
                0x00000cc0                CyIntSetSysVector
 .text.CyIntSetVector
                0x00000ce8       0x28 .\CortexM3\ARM_GCC_541\Debug\AY1920_II_HW_FINAL_CARZANIGA_GUALNIERA.a(CyLib.o)
                0x00000ce8                CyIntSetVector
 .text.CyIntSetPriority
                0x00000d10       0x30 .\CortexM3\ARM_GCC_541\Debug\AY1920_II_HW_FINAL_CARZANIGA_GUALNIERA.a(CyLib.o)
                0x00000d10                CyIntSetPriority
 .text.CySysTickStop
                0x00000d40       0x10 .\CortexM3\ARM_GCC_541\Debug\AY1920_II_HW_FINAL_CARZANIGA_GUALNIERA.a(CyLib.o)
                0x00000d40                CySysTickStop
 .text.CySysTickEnableInterrupt
                0x00000d50       0x10 .\CortexM3\ARM_GCC_541\Debug\AY1920_II_HW_FINAL_CARZANIGA_GUALNIERA.a(CyLib.o)
                0x00000d50                CySysTickEnableInterrupt
 .text.CySysTickEnable
                0x00000d60       0x18 .\CortexM3\ARM_GCC_541\Debug\AY1920_II_HW_FINAL_CARZANIGA_GUALNIERA.a(CyLib.o)
                0x00000d60                CySysTickEnable
 .text.CySysTickSetReload
                0x00000d78       0x10 .\CortexM3\ARM_GCC_541\Debug\AY1920_II_HW_FINAL_CARZANIGA_GUALNIERA.a(CyLib.o)
                0x00000d78                CySysTickSetReload
 .text.CySysTickGetValue
                0x00000d88       0x10 .\CortexM3\ARM_GCC_541\Debug\AY1920_II_HW_FINAL_CARZANIGA_GUALNIERA.a(CyLib.o)
                0x00000d88                CySysTickGetValue
 .text.CySysTickSetClockSource
                0x00000d98       0x20 .\CortexM3\ARM_GCC_541\Debug\AY1920_II_HW_FINAL_CARZANIGA_GUALNIERA.a(CyLib.o)
                0x00000d98                CySysTickSetClockSource
 .text.CySysTickGetCountFlag
                0x00000db8       0x10 .\CortexM3\ARM_GCC_541\Debug\AY1920_II_HW_FINAL_CARZANIGA_GUALNIERA.a(CyLib.o)
                0x00000db8                CySysTickGetCountFlag
 .text.CySysTickServiceCallbacks
                0x00000dc8       0x28 .\CortexM3\ARM_GCC_541\Debug\AY1920_II_HW_FINAL_CARZANIGA_GUALNIERA.a(CyLib.o)
 .text.CySysTickClear
                0x00000df0        0xc .\CortexM3\ARM_GCC_541\Debug\AY1920_II_HW_FINAL_CARZANIGA_GUALNIERA.a(CyLib.o)
                0x00000df0                CySysTickClear
 .text.CySysTickInit
                0x00000dfc       0x58 .\CortexM3\ARM_GCC_541\Debug\AY1920_II_HW_FINAL_CARZANIGA_GUALNIERA.a(CyLib.o)
                0x00000dfc                CySysTickInit
 .text.CySysTickStart
                0x00000e54       0x1c .\CortexM3\ARM_GCC_541\Debug\AY1920_II_HW_FINAL_CARZANIGA_GUALNIERA.a(CyLib.o)
                0x00000e54                CySysTickStart
 .text.SPIM_EnableTxInt
                0x00000e70        0xc .\CortexM3\ARM_GCC_541\Debug\AY1920_II_HW_FINAL_CARZANIGA_GUALNIERA.a(SPIM.o)
                0x00000e70                SPIM_EnableTxInt
 .text.SPIM_EnableRxInt
                0x00000e7c        0xc .\CortexM3\ARM_GCC_541\Debug\AY1920_II_HW_FINAL_CARZANIGA_GUALNIERA.a(SPIM.o)
                0x00000e7c                SPIM_EnableRxInt
 .text.SPIM_Enable
                0x00000e88       0x3c .\CortexM3\ARM_GCC_541\Debug\AY1920_II_HW_FINAL_CARZANIGA_GUALNIERA.a(SPIM.o)
                0x00000e88                SPIM_Enable
 .text.SPIM_DisableTxInt
                0x00000ec4        0xc .\CortexM3\ARM_GCC_541\Debug\AY1920_II_HW_FINAL_CARZANIGA_GUALNIERA.a(SPIM.o)
                0x00000ec4                SPIM_DisableTxInt
 .text.SPIM_DisableRxInt
                0x00000ed0        0xc .\CortexM3\ARM_GCC_541\Debug\AY1920_II_HW_FINAL_CARZANIGA_GUALNIERA.a(SPIM.o)
                0x00000ed0                SPIM_DisableRxInt
 .text.SPIM_ReadTxStatus
                0x00000edc       0x28 .\CortexM3\ARM_GCC_541\Debug\AY1920_II_HW_FINAL_CARZANIGA_GUALNIERA.a(SPIM.o)
                0x00000edc                SPIM_ReadTxStatus
 .text.SPIM_ReadRxStatus
                0x00000f04       0x28 .\CortexM3\ARM_GCC_541\Debug\AY1920_II_HW_FINAL_CARZANIGA_GUALNIERA.a(SPIM.o)
                0x00000f04                SPIM_ReadRxStatus
 .text.SPIM_WriteTxData
                0x00000f2c       0xd4 .\CortexM3\ARM_GCC_541\Debug\AY1920_II_HW_FINAL_CARZANIGA_GUALNIERA.a(SPIM.o)
                0x00000f2c                SPIM_WriteTxData
 .text.SPIM_ReadRxData
                0x00001000       0x64 .\CortexM3\ARM_GCC_541\Debug\AY1920_II_HW_FINAL_CARZANIGA_GUALNIERA.a(SPIM.o)
                0x00001000                SPIM_ReadRxData
 .text.SPIM_ClearRxBuffer
                0x00001064       0x40 .\CortexM3\ARM_GCC_541\Debug\AY1920_II_HW_FINAL_CARZANIGA_GUALNIERA.a(SPIM.o)
                0x00001064                SPIM_ClearRxBuffer
 .text.SPIM_ClearTxBuffer
                0x000010a4       0x54 .\CortexM3\ARM_GCC_541\Debug\AY1920_II_HW_FINAL_CARZANIGA_GUALNIERA.a(SPIM.o)
                0x000010a4                SPIM_ClearTxBuffer
 .text.SPIM_PutArray
                0x000010f8       0x20 .\CortexM3\ARM_GCC_541\Debug\AY1920_II_HW_FINAL_CARZANIGA_GUALNIERA.a(SPIM.o)
                0x000010f8                SPIM_PutArray
 .text.SPIM_ClearFIFO
                0x00001118       0x3c .\CortexM3\ARM_GCC_541\Debug\AY1920_II_HW_FINAL_CARZANIGA_GUALNIERA.a(SPIM.o)
                0x00001118                SPIM_ClearFIFO
 .text.SPIM_Init
                0x00001154       0x90 .\CortexM3\ARM_GCC_541\Debug\AY1920_II_HW_FINAL_CARZANIGA_GUALNIERA.a(SPIM.o)
                0x00001154                SPIM_Init
 .text.SPIM_Start
                0x000011e4       0x1c .\CortexM3\ARM_GCC_541\Debug\AY1920_II_HW_FINAL_CARZANIGA_GUALNIERA.a(SPIM.o)
                0x000011e4                SPIM_Start
 .text.SPIM_TX_ISR
                0x00001200       0xa0 .\CortexM3\ARM_GCC_541\Debug\AY1920_II_HW_FINAL_CARZANIGA_GUALNIERA.a(SPIM_INT.o)
                0x00001200                SPIM_TX_ISR
 .text.SPIM_RX_ISR
                0x000012a0       0xa0 .\CortexM3\ARM_GCC_541\Debug\AY1920_II_HW_FINAL_CARZANIGA_GUALNIERA.a(SPIM_INT.o)
                0x000012a0                SPIM_RX_ISR
 .text.CS_Write
                0x00001340       0x18 .\CortexM3\ARM_GCC_541\Debug\AY1920_II_HW_FINAL_CARZANIGA_GUALNIERA.a(CS.o)
                0x00001340                CS_Write
 .text.SPIM_IntClock_Start
                0x00001358       0x1c .\CortexM3\ARM_GCC_541\Debug\AY1920_II_HW_FINAL_CARZANIGA_GUALNIERA.a(SPIM_IntClock.o)
                0x00001358                SPIM_IntClock_Start
 .text.BUTTON_TIMER_Enable
                0x00001374       0x28 .\CortexM3\ARM_GCC_541\Debug\AY1920_II_HW_FINAL_CARZANIGA_GUALNIERA.a(BUTTON_TIMER.o)
                0x00001374                BUTTON_TIMER_Enable
 .text.BUTTON_TIMER_SetInterruptMode
                0x0000139c        0xc .\CortexM3\ARM_GCC_541\Debug\AY1920_II_HW_FINAL_CARZANIGA_GUALNIERA.a(BUTTON_TIMER.o)
                0x0000139c                BUTTON_TIMER_SetInterruptMode
 .text.BUTTON_TIMER_WritePeriod
                0x000013a8        0xc .\CortexM3\ARM_GCC_541\Debug\AY1920_II_HW_FINAL_CARZANIGA_GUALNIERA.a(BUTTON_TIMER.o)
                0x000013a8                BUTTON_TIMER_WritePeriod
 .text.BUTTON_TIMER_WriteCounter
                0x000013b4        0xc .\CortexM3\ARM_GCC_541\Debug\AY1920_II_HW_FINAL_CARZANIGA_GUALNIERA.a(BUTTON_TIMER.o)
                0x000013b4                BUTTON_TIMER_WriteCounter
 .text.BUTTON_TIMER_Init
                0x000013c0       0x90 .\CortexM3\ARM_GCC_541\Debug\AY1920_II_HW_FINAL_CARZANIGA_GUALNIERA.a(BUTTON_TIMER.o)
                0x000013c0                BUTTON_TIMER_Init
 .text.BUTTON_TIMER_Start
                0x00001450       0x1c .\CortexM3\ARM_GCC_541\Debug\AY1920_II_HW_FINAL_CARZANIGA_GUALNIERA.a(BUTTON_TIMER.o)
                0x00001450                BUTTON_TIMER_Start
 .text.ISR_IMU_SetVector
                0x0000146c        0xc .\CortexM3\ARM_GCC_541\Debug\AY1920_II_HW_FINAL_CARZANIGA_GUALNIERA.a(ISR_IMU.o)
                0x0000146c                ISR_IMU_SetVector
 .text.ISR_IMU_SetPriority
                0x00001478       0x10 .\CortexM3\ARM_GCC_541\Debug\AY1920_II_HW_FINAL_CARZANIGA_GUALNIERA.a(ISR_IMU.o)
                0x00001478                ISR_IMU_SetPriority
 .text.ISR_IMU_Enable
                0x00001488        0xc .\CortexM3\ARM_GCC_541\Debug\AY1920_II_HW_FINAL_CARZANIGA_GUALNIERA.a(ISR_IMU.o)
                0x00001488                ISR_IMU_Enable
 .text.ISR_IMU_Disable
                0x00001494        0xc .\CortexM3\ARM_GCC_541\Debug\AY1920_II_HW_FINAL_CARZANIGA_GUALNIERA.a(ISR_IMU.o)
                0x00001494                ISR_IMU_Disable
 .text.ISR_IMU_StartEx
                0x000014a0       0x1c .\CortexM3\ARM_GCC_541\Debug\AY1920_II_HW_FINAL_CARZANIGA_GUALNIERA.a(ISR_IMU.o)
                0x000014a0                ISR_IMU_StartEx
 *fill*         0x000014bc        0x4 
 .text          0x000014c0       0x20 .\CortexM3\ARM_GCC_541\Debug\AY1920_II_HW_FINAL_CARZANIGA_GUALNIERA.a(CyBootAsmGnu.o)
                0x000014c0                CyDelayCycles
                0x000014d0                CyEnterCriticalSection
                0x000014d8                CyExitCriticalSection
 .text.__errno  0x000014e0        0xc c:/program files (x86)/cypress/psoc creator/4.3/psoc creator/import/gnu/arm/5.4.1/bin/../lib/gcc/arm-none-eabi/5.4.1/../../../../arm-none-eabi/lib/armv7-m\libg_nano.a(lib_a-errno.o)
                0x000014e0                __errno
 .text.__libc_init_array
                0x000014ec       0x4c c:/program files (x86)/cypress/psoc creator/4.3/psoc creator/import/gnu/arm/5.4.1/bin/../lib/gcc/arm-none-eabi/5.4.1/../../../../arm-none-eabi/lib/armv7-m\libg_nano.a(lib_a-init.o)
                0x000014ec                __libc_init_array
 .text.memcpy   0x00001538       0x16 c:/program files (x86)/cypress/psoc creator/4.3/psoc creator/import/gnu/arm/5.4.1/bin/../lib/gcc/arm-none-eabi/5.4.1/../../../../arm-none-eabi/lib/armv7-m\libg_nano.a(lib_a-memcpy-stub.o)
                0x00001538                memcpy
 .text.memset   0x0000154e       0x10 c:/program files (x86)/cypress/psoc creator/4.3/psoc creator/import/gnu/arm/5.4.1/bin/../lib/gcc/arm-none-eabi/5.4.1/../../../../arm-none-eabi/lib/armv7-m\libg_nano.a(lib_a-memset.o)
                0x0000154e                memset
 *fill*         0x0000155e        0x2 
 .text.sprintf  0x00001560       0x48 c:/program files (x86)/cypress/psoc creator/4.3/psoc creator/import/gnu/arm/5.4.1/bin/../lib/gcc/arm-none-eabi/5.4.1/../../../../arm-none-eabi/lib/armv7-m\libg_nano.a(lib_a-sprintf.o)
                0x00001560                siprintf
                0x00001560                sprintf
 .text.__ssputs_r
                0x000015a8       0xb2 c:/program files (x86)/cypress/psoc creator/4.3/psoc creator/import/gnu/arm/5.4.1/bin/../lib/gcc/arm-none-eabi/5.4.1/../../../../arm-none-eabi/lib/armv7-m\libg_nano.a(lib_a-nano-svfprintf.o)
                0x000015a8                __ssputs_r
 *fill*         0x0000165a        0x2 
 .text._svfprintf_r
                0x0000165c      0x1e8 c:/program files (x86)/cypress/psoc creator/4.3/psoc creator/import/gnu/arm/5.4.1/bin/../lib/gcc/arm-none-eabi/5.4.1/../../../../arm-none-eabi/lib/armv7-m\libg_nano.a(lib_a-nano-svfprintf.o)
                0x0000165c                _svfiprintf_r
                0x0000165c                _svfprintf_r
 .text._printf_common
                0x00001844       0xec c:/program files (x86)/cypress/psoc creator/4.3/psoc creator/import/gnu/arm/5.4.1/bin/../lib/gcc/arm-none-eabi/5.4.1/../../../../arm-none-eabi/lib/armv7-m\libg_nano.a(lib_a-nano-vfprintf_i.o)
                0x00001844                _printf_common
 .text._printf_i
                0x00001930      0x24c c:/program files (x86)/cypress/psoc creator/4.3/psoc creator/import/gnu/arm/5.4.1/bin/../lib/gcc/arm-none-eabi/5.4.1/../../../../arm-none-eabi/lib/armv7-m\libg_nano.a(lib_a-nano-vfprintf_i.o)
                0x00001930                _printf_i
 .text.memchr   0x00001b7c       0x1c c:/program files (x86)/cypress/psoc creator/4.3/psoc creator/import/gnu/arm/5.4.1/bin/../lib/gcc/arm-none-eabi/5.4.1/../../../../arm-none-eabi/lib/armv7-m\libg_nano.a(lib_a-memchr-stub.o)
                0x00001b7c                memchr
 .text.memmove  0x00001b98       0x36 c:/program files (x86)/cypress/psoc creator/4.3/psoc creator/import/gnu/arm/5.4.1/bin/../lib/gcc/arm-none-eabi/5.4.1/../../../../arm-none-eabi/lib/armv7-m\libg_nano.a(lib_a-memmove.o)
                0x00001b98                memmove
 *fill*         0x00001bce        0x2 
 .text._free_r  0x00001bd0       0x98 c:/program files (x86)/cypress/psoc creator/4.3/psoc creator/import/gnu/arm/5.4.1/bin/../lib/gcc/arm-none-eabi/5.4.1/../../../../arm-none-eabi/lib/armv7-m\libg_nano.a(lib_a-nano-freer.o)
                0x00001bd0                _free_r
 .text._malloc_r
                0x00001c68       0xbc c:/program files (x86)/cypress/psoc creator/4.3/psoc creator/import/gnu/arm/5.4.1/bin/../lib/gcc/arm-none-eabi/5.4.1/../../../../arm-none-eabi/lib/armv7-m\libg_nano.a(lib_a-nano-mallocr.o)
                0x00001c68                _malloc_r
 .text._realloc_r
                0x00001d24       0x4c c:/program files (x86)/cypress/psoc creator/4.3/psoc creator/import/gnu/arm/5.4.1/bin/../lib/gcc/arm-none-eabi/5.4.1/../../../../arm-none-eabi/lib/armv7-m\libg_nano.a(lib_a-nano-reallocr.o)
                0x00001d24                _realloc_r
 .text._sbrk_r  0x00001d70       0x20 c:/program files (x86)/cypress/psoc creator/4.3/psoc creator/import/gnu/arm/5.4.1/bin/../lib/gcc/arm-none-eabi/5.4.1/../../../../arm-none-eabi/lib/armv7-m\libg_nano.a(lib_a-sbrkr.o)
                0x00001d70                _sbrk_r
 .text.__malloc_lock
                0x00001d90        0x2 c:/program files (x86)/cypress/psoc creator/4.3/psoc creator/import/gnu/arm/5.4.1/bin/../lib/gcc/arm-none-eabi/5.4.1/../../../../arm-none-eabi/lib/armv7-m\libg_nano.a(lib_a-mlock.o)
                0x00001d90                __malloc_lock
 .text.__malloc_unlock
                0x00001d92        0x2 c:/program files (x86)/cypress/psoc creator/4.3/psoc creator/import/gnu/arm/5.4.1/bin/../lib/gcc/arm-none-eabi/5.4.1/../../../../arm-none-eabi/lib/armv7-m\libg_nano.a(lib_a-mlock.o)
                0x00001d92                __malloc_unlock
 .text._malloc_usable_size_r
                0x00001d94       0x14 c:/program files (x86)/cypress/psoc creator/4.3/psoc creator/import/gnu/arm/5.4.1/bin/../lib/gcc/arm-none-eabi/5.4.1/../../../../arm-none-eabi/lib/armv7-m\libg_nano.a(lib_a-nano-msizer.o)
                0x00001d94                _malloc_usable_size_r
 *(.plt)
 *(.gnu.warning)
 *(.glue_7t)
 .glue_7t       0x00001da8        0x0 linker stubs
 *(.glue_7)
 .glue_7        0x00001da8        0x0 linker stubs
 *(.vfp11_veneer)
 .vfp11_veneer  0x00001da8        0x0 linker stubs
 *(.bootloader)
 *(.ARM.extab* .gnu.linkonce.armextab.*)
 *(.gcc_except_table)

.v4_bx          0x00001da8        0x0
 .v4_bx         0x00001da8        0x0 linker stubs

.iplt           0x00001da8        0x0
 .iplt          0x00001da8        0x0 c:/program files (x86)/cypress/psoc creator/4.3/psoc creator/import/gnu/arm/5.4.1/bin/../lib/gcc/arm-none-eabi/5.4.1/armv7-m/crtbegin.o

.eh_frame_hdr
 *(.eh_frame_hdr)

.eh_frame       0x00001da8        0x4
 *(.eh_frame)
 .eh_frame      0x00001da8        0x0 c:/program files (x86)/cypress/psoc creator/4.3/psoc creator/import/gnu/arm/5.4.1/bin/../lib/gcc/arm-none-eabi/5.4.1/armv7-m/crtbegin.o
 .eh_frame      0x00001da8        0x4 c:/program files (x86)/cypress/psoc creator/4.3/psoc creator/import/gnu/arm/5.4.1/bin/../lib/gcc/arm-none-eabi/5.4.1/armv7-m/crtend.o
                [!provide]                PROVIDE (__exidx_start, .)

.ARM.exidx
 *(.ARM.exidx* .gnu.linkonce.armexidx.*)
                0x00001dac                __exidx_end = .

.rodata         0x00001dac      0x2ac
 *(.rodata .rodata.* .gnu.linkonce.r.*)
 .rodata        0x00001dac       0x12 .\CortexM3\ARM_GCC_541\Debug\LIS3DH.o
 *fill*         0x00001dbe        0x2 
 .rodata.str1.4
                0x00001dc0      0x1f8 .\CortexM3\ARM_GCC_541\Debug\LIS3DH.o
                                0x1f5 (size before relaxing)
 .rodata        0x00001fb8       0x36 .\CortexM3\ARM_GCC_541\Debug\cyfitter_cfg.o
 .rodata.str1.1
                0x00001fee        0x2 c:/program files (x86)/cypress/psoc creator/4.3/psoc creator/import/gnu/arm/5.4.1/bin/../lib/gcc/arm-none-eabi/5.4.1/../../../../arm-none-eabi/lib/armv7-m\libg_nano.a(lib_a-impure.o)
 .rodata.str1.1
                0x00001ff0       0x11 c:/program files (x86)/cypress/psoc creator/4.3/psoc creator/import/gnu/arm/5.4.1/bin/../lib/gcc/arm-none-eabi/5.4.1/../../../../arm-none-eabi/lib/armv7-m\libg_nano.a(lib_a-nano-svfprintf.o)
 .rodata.str1.1
                0x00002001       0x22 c:/program files (x86)/cypress/psoc creator/4.3/psoc creator/import/gnu/arm/5.4.1/bin/../lib/gcc/arm-none-eabi/5.4.1/../../../../arm-none-eabi/lib/armv7-m\libg_nano.a(lib_a-nano-vfprintf_i.o)
                0x00002024                . = ALIGN (0x4)
 *fill*         0x00002023        0x1 
 *(.init)
 .init          0x00002024        0x4 c:/program files (x86)/cypress/psoc creator/4.3/psoc creator/import/gnu/arm/5.4.1/bin/../lib/gcc/arm-none-eabi/5.4.1/armv7-m/crti.o
                0x00002024                _init
 .init          0x00002028        0x8 c:/program files (x86)/cypress/psoc creator/4.3/psoc creator/import/gnu/arm/5.4.1/bin/../lib/gcc/arm-none-eabi/5.4.1/armv7-m/crtn.o
                0x00002030                . = ALIGN (0x4)
                0x00002030                __preinit_array_start = .
 *(.preinit_array)
                0x00002030                __preinit_array_end = .
                0x00002030                . = ALIGN (0x4)
                0x00002030                __init_array_start = .
 *(SORT(.init_array.*))
 *(.init_array)
 .init_array    0x00002030        0x4 c:/program files (x86)/cypress/psoc creator/4.3/psoc creator/import/gnu/arm/5.4.1/bin/../lib/gcc/arm-none-eabi/5.4.1/armv7-m/crtbegin.o
 .init_array    0x00002034        0x4 .\CortexM3\ARM_GCC_541\Debug\Cm3Start.o
                0x00002038                __init_array_end = .
                0x00002038                . = ALIGN (0x4)
 *(.fini)
 .fini          0x00002038        0x4 c:/program files (x86)/cypress/psoc creator/4.3/psoc creator/import/gnu/arm/5.4.1/bin/../lib/gcc/arm-none-eabi/5.4.1/armv7-m/crti.o
                0x00002038                _fini
 .fini          0x0000203c        0x8 c:/program files (x86)/cypress/psoc creator/4.3/psoc creator/import/gnu/arm/5.4.1/bin/../lib/gcc/arm-none-eabi/5.4.1/armv7-m/crtn.o
                0x00002044                . = ALIGN (0x4)
                0x00002044                __fini_array_start = .
 *(.fini_array)
 .fini_array    0x00002044        0x4 c:/program files (x86)/cypress/psoc creator/4.3/psoc creator/import/gnu/arm/5.4.1/bin/../lib/gcc/arm-none-eabi/5.4.1/armv7-m/crtbegin.o
 *(SORT(.fini_array.*))
                0x00002048                __fini_array_end = .
                0x00002048                . = ALIGN (0x4)
 *crtbegin.o(.ctors)
 *(EXCLUDE_FILE(*crtend.o) .ctors)
 *(SORT(.ctors.*))
 *crtend.o(.ctors)
                0x00002048                . = ALIGN (0x4)
 *crtbegin.o(.dtors)
 *(EXCLUDE_FILE(*crtend.o) .dtors)
 *(SORT(.dtors.*))
 *crtend.o(.dtors)
                0x00002048                . = ALIGN (0x4)
                0x00002048                __cy_regions = .
                0x00002048        0x4 LONG 0x2058 __cy_region_init_ram
                0x0000204c        0x4 LONG 0x1fff80c8 __cy_region_start_data
                0x00002050        0x4 LONG 0x80 __cy_region_init_size_ram
                0x00002054        0x4 LONG 0x1a0 __cy_region_zero_size_ram
                0x00002058                __cy_regions_end = .
                0x00002058                . = ALIGN (0x8)
                0x00002058                _etext = .

.cy_checksum_exclude
                0x00002058        0x0
 *(.cy_checksum_exclude)

.ramvectors     0x1fff8000       0xc0
                0x1fff8000                __cy_region_start_ram = .
 *(.ramvectors)
 .ramvectors    0x1fff8000       0xc0 .\CortexM3\ARM_GCC_541\Debug\Cm3Start.o
                0x1fff8000                CyRamVectors

.noinit         0x1fff80c0        0x1
 *(.noinit)
 .noinit        0x1fff80c0        0x1 .\CortexM3\ARM_GCC_541\Debug\AY1920_II_HW_FINAL_CARZANIGA_GUALNIERA.a(CyLib.o)
                0x1fff80c0                CyResetStatus

.data           0x1fff80c8       0x80 load address 0x00002058
                0x1fff80c8                __cy_region_start_data = .
 *(.jcr)
 .jcr           0x1fff80c8        0x0 c:/program files (x86)/cypress/psoc creator/4.3/psoc creator/import/gnu/arm/5.4.1/bin/../lib/gcc/arm-none-eabi/5.4.1/armv7-m/crtbegin.o
 .jcr           0x1fff80c8        0x4 c:/program files (x86)/cypress/psoc creator/4.3/psoc creator/import/gnu/arm/5.4.1/bin/../lib/gcc/arm-none-eabi/5.4.1/armv7-m/crtend.o
 *(.got.plt)
 *(.got)
 *(.shdata)
 *(.data .data.* .gnu.linkonce.d.*)
 .data          0x1fff80cc        0x4 .\CortexM3\ARM_GCC_541\Debug\Cm3Start.o
 .data          0x1fff80d0       0x10 .\CortexM3\ARM_GCC_541\Debug\AY1920_II_HW_FINAL_CARZANIGA_GUALNIERA.a(CyLib.o)
                0x1fff80d0                cydelay_32k_ms
                0x1fff80d4                cydelay_freq_khz
                0x1fff80d8                cydelay_freq_mhz
                0x1fff80dc                cydelay_freq_hz
 .data.impure_data
                0x1fff80e0       0x60 c:/program files (x86)/cypress/psoc creator/4.3/psoc creator/import/gnu/arm/5.4.1/bin/../lib/gcc/arm-none-eabi/5.4.1/../../../../arm-none-eabi/lib/armv7-m\libg_nano.a(lib_a-impure.o)
 .data._impure_ptr
                0x1fff8140        0x4 c:/program files (x86)/cypress/psoc creator/4.3/psoc creator/import/gnu/arm/5.4.1/bin/../lib/gcc/arm-none-eabi/5.4.1/../../../../arm-none-eabi/lib/armv7-m\libg_nano.a(lib_a-impure.o)
                0x1fff8140                _impure_ptr
                0x1fff8148                . = ALIGN (0x8)
 *fill*         0x1fff8144        0x4 
 *(.ram)
                0x1fff8148                _edata = .

.igot.plt       0x1fff8148        0x0 load address 0x000020d8
 .igot.plt      0x1fff8148        0x0 c:/program files (x86)/cypress/psoc creator/4.3/psoc creator/import/gnu/arm/5.4.1/bin/../lib/gcc/arm-none-eabi/5.4.1/armv7-m/crtbegin.o

.bss            0x1fff8148      0x1a0 load address 0x000020d8
                0x1fff8148                PROVIDE (__bss_start__, .)
 *(.shbss)
 *(.bss .bss.* .gnu.linkonce.b.*)
 .bss           0x1fff8148       0x1c c:/program files (x86)/cypress/psoc creator/4.3/psoc creator/import/gnu/arm/5.4.1/bin/../lib/gcc/arm-none-eabi/5.4.1/armv7-m/crtbegin.o
 .bss           0x1fff8164        0x1 .\CortexM3\ARM_GCC_541\Debug\AY1920_II_HW_FINAL_CARZANIGA_GUALNIERA.a(PWM_RG.o)
                0x1fff8164                PWM_RG_initVar
 .bss           0x1fff8165        0x1 .\CortexM3\ARM_GCC_541\Debug\AY1920_II_HW_FINAL_CARZANIGA_GUALNIERA.a(PWM_B.o)
                0x1fff8165                PWM_B_initVar
 .bss           0x1fff8166        0x2 .\CortexM3\ARM_GCC_541\Debug\AY1920_II_HW_FINAL_CARZANIGA_GUALNIERA.a(UART.o)
                0x1fff8166                UART_initVar
 .bss           0x1fff8168       0x1c .\CortexM3\ARM_GCC_541\Debug\AY1920_II_HW_FINAL_CARZANIGA_GUALNIERA.a(CyLib.o)
                0x1fff8180                CySysTickInitVar
 .bss           0x1fff8184        0x1 .\CortexM3\ARM_GCC_541\Debug\AY1920_II_HW_FINAL_CARZANIGA_GUALNIERA.a(SPIM.o)
                0x1fff8184                SPIM_initVar
 .bss           0x1fff8185        0x1 .\CortexM3\ARM_GCC_541\Debug\AY1920_II_HW_FINAL_CARZANIGA_GUALNIERA.a(BUTTON_TIMER.o)
                0x1fff8185                BUTTON_TIMER_initVar
 *fill*         0x1fff8186        0x2 
 .bss.__malloc_sbrk_start
                0x1fff8188        0x4 c:/program files (x86)/cypress/psoc creator/4.3/psoc creator/import/gnu/arm/5.4.1/bin/../lib/gcc/arm-none-eabi/5.4.1/../../../../arm-none-eabi/lib/armv7-m\libg_nano.a(lib_a-nano-mallocr.o)
                0x1fff8188                __malloc_sbrk_start
 .bss.__malloc_free_list
                0x1fff818c        0x4 c:/program files (x86)/cypress/psoc creator/4.3/psoc creator/import/gnu/arm/5.4.1/bin/../lib/gcc/arm-none-eabi/5.4.1/../../../../arm-none-eabi/lib/armv7-m\libg_nano.a(lib_a-nano-mallocr.o)
                0x1fff818c                __malloc_free_list
 *(COMMON)
 COMMON         0x1fff8190      0x12f .\CortexM3\ARM_GCC_541\Debug\main.o
                0x1fff8190                IMU_DataBuffer
                0x1fff8250                press_counter
                0x1fff8251                IMUDataReady
                0x1fff8254                bufferUART
                0x1fff82b8                press_timer
                0x1fff82b9                button_state
                0x1fff82ba                old_button_state
                0x1fff82bc                notify_led
 *fill*         0x1fff82bf        0x1 
 COMMON         0x1fff82c0       0x1e .\CortexM3\ARM_GCC_541\Debug\AY1920_II_HW_FINAL_CARZANIGA_GUALNIERA.a(SPIM.o)
                0x1fff82c0                SPIM_rxBufferFull
                0x1fff82c4                SPIM_txBuffer
                0x1fff82cc                SPIM_swStatusTx
                0x1fff82d0                SPIM_rxBuffer
                0x1fff82d8                SPIM_txBufferFull
                0x1fff82d9                SPIM_txBufferRead
                0x1fff82da                SPIM_rxBufferWrite
                0x1fff82db                SPIM_txBufferWrite
                0x1fff82dc                SPIM_rxBufferRead
                0x1fff82dd                SPIM_swStatusRx
 *fill*         0x1fff82de        0x2 
 COMMON         0x1fff82e0        0x4 c:/program files (x86)/cypress/psoc creator/4.3/psoc creator/import/gnu/arm/5.4.1/bin/../lib/gcc/arm-none-eabi/5.4.1/../../../../arm-none-eabi/lib/armv7-m\libg_nano.a(lib_a-reent.o)
                0x1fff82e0                errno
                0x1fff82e8                . = ALIGN (0x8)
 *fill*         0x1fff82e4        0x4 
 *(.ram.b)
                0x1fff82e8                _end = .
                0x1fff82e8                __end = .
                0x1fff82e8                PROVIDE (end, .)
                0x1fff82e8                PROVIDE (__bss_end__, .)
                0x00002058                __cy_region_init_ram = LOADADDR (.data)
                0x00000080                __cy_region_init_size_ram = (_edata - ADDR (.data))
                0x000001a0                __cy_region_zero_size_ram = (_end - _edata)

.heap           0x1fff82e8       0x80 load address 0x000020d8
                0x1fff82e8                . = _end
                0x1fff8368                . = (. + 0x80)
 *fill*         0x1fff82e8       0x80 
                0x1fff8368                __cy_heap_limit = .

.stack          0x20007800      0x800
                0x20007800                __cy_stack_limit = .
                0x20008000                . = (. + 0x800)
 *fill*         0x20007800      0x800 
                0x00000001                ASSERT ((__cy_stack_limit >= __cy_heap_limit), region RAM overflowed with stack)
                0x00000000                cy_checksum_exclude_size = (CY_APPL_LOADABLE == 0x1)?SIZEOF (.cy_checksum_exclude):0x0
                0x00000001                ASSERT ((cy_checksum_exclude_size <= CY_CHECKSUM_EXCLUDE_SIZE), CY_BOOT: Section .cy_checksum_exclude size exceedes specified limit.)

.cyloadermeta
 *(.cyloadermeta)

.cyloadablemeta
 *(.cyloadablemeta)

.cyconfigecc    0x80000000      0x790
 *(.cyconfigecc)
 .cyconfigecc   0x80000000      0x790 .\CortexM3\ARM_GCC_541\Debug\cymetadata.o
                0x80000000                cy_meta_configecc

.cycustnvl      0x90000000        0x4
 *(.cycustnvl)
 .cycustnvl     0x90000000        0x4 .\CortexM3\ARM_GCC_541\Debug\cymetadata.o
                0x90000000                cy_meta_custnvl

.cywolatch      0x90100000        0x4
 *(.cywolatch)
 .cywolatch     0x90100000        0x4 .\CortexM3\ARM_GCC_541\Debug\cymetadata.o
                0x90100000                cy_meta_wonvl

.cyeeprom       0x90200000        0x0
 *(.cyeeprom)
                0x00000001                ASSERT ((. <= ((0x90200000 + ee_offset) + ee_size)), .cyeeprom data will not fit in EEPROM)

.cyflashprotect
                0x90400000      0x100
 *(.cyflashprotect)
 .cyflashprotect
                0x90400000      0x100 .\CortexM3\ARM_GCC_541\Debug\cymetadata.o
                0x90400000                cy_meta_flashprotect

.cymeta         0x90500000        0xc
 *(.cymeta)
 .cymeta        0x90500000        0xc .\CortexM3\ARM_GCC_541\Debug\cymetadata.o
                0x90500000                cy_metadata

.rel.dyn        0x000020d8        0x0 load address 0x9050000c
 .rel.iplt      0x000020d8        0x0 c:/program files (x86)/cypress/psoc creator/4.3/psoc creator/import/gnu/arm/5.4.1/bin/../lib/gcc/arm-none-eabi/5.4.1/armv7-m/crtbegin.o

.stab
 *(.stab)

.stabstr
 *(.stabstr)

.debug
 *(.debug)

.line
 *(.line)

.debug_srcinfo
 *(.debug_srcinfo)

.debug_sfnames
 *(.debug_sfnames)

.debug_aranges  0x00000000      0xdc0
 *(.debug_aranges)
 .debug_aranges
                0x00000000       0x20 .\CortexM3\ARM_GCC_541\Debug\main.o
 .debug_aranges
                0x00000020       0x38 .\CortexM3\ARM_GCC_541\Debug\InterruptRoutines.o
 .debug_aranges
                0x00000058       0x30 .\CortexM3\ARM_GCC_541\Debug\SPI_Interface.o
 .debug_aranges
                0x00000088       0x50 .\CortexM3\ARM_GCC_541\Debug\25LC256.o
 .debug_aranges
                0x000000d8       0x40 .\CortexM3\ARM_GCC_541\Debug\LED_Driver.o
 .debug_aranges
                0x00000118       0x28 .\CortexM3\ARM_GCC_541\Debug\Notifications.o
 .debug_aranges
                0x00000140       0x58 .\CortexM3\ARM_GCC_541\Debug\LIS3DH.o
 .debug_aranges
                0x00000198       0x58 .\CortexM3\ARM_GCC_541\Debug\cyfitter_cfg.o
 .debug_aranges
                0x000001f0       0x18 .\CortexM3\ARM_GCC_541\Debug\cymetadata.o
 .debug_aranges
                0x00000208       0x48 .\CortexM3\ARM_GCC_541\Debug\Cm3Start.o
 .debug_aranges
                0x00000250       0x80 .\CortexM3\ARM_GCC_541\Debug\AY1920_II_HW_FINAL_CARZANIGA_GUALNIERA.a(ISR_CONFIG.o)
 .debug_aranges
                0x000002d0       0xa8 .\CortexM3\ARM_GCC_541\Debug\AY1920_II_HW_FINAL_CARZANIGA_GUALNIERA.a(PWM_RG.o)
 .debug_aranges
                0x00000378       0x98 .\CortexM3\ARM_GCC_541\Debug\AY1920_II_HW_FINAL_CARZANIGA_GUALNIERA.a(PWM_B.o)
 .debug_aranges
                0x00000410       0x80 .\CortexM3\ARM_GCC_541\Debug\AY1920_II_HW_FINAL_CARZANIGA_GUALNIERA.a(ISR_START.o)
 .debug_aranges
                0x00000490       0xf0 .\CortexM3\ARM_GCC_541\Debug\AY1920_II_HW_FINAL_CARZANIGA_GUALNIERA.a(UART.o)
 .debug_aranges
                0x00000580       0x70 .\CortexM3\ARM_GCC_541\Debug\AY1920_II_HW_FINAL_CARZANIGA_GUALNIERA.a(UART_IntClock.o)
 .debug_aranges
                0x000005f0      0x2a0 .\CortexM3\ARM_GCC_541\Debug\AY1920_II_HW_FINAL_CARZANIGA_GUALNIERA.a(CyLib.o)
 .debug_aranges
                0x00000890       0x98 .\CortexM3\ARM_GCC_541\Debug\AY1920_II_HW_FINAL_CARZANIGA_GUALNIERA.a(cyPm.o)
 .debug_aranges
                0x00000928       0xd8 .\CortexM3\ARM_GCC_541\Debug\AY1920_II_HW_FINAL_CARZANIGA_GUALNIERA.a(SPIM.o)
 .debug_aranges
                0x00000a00       0x28 .\CortexM3\ARM_GCC_541\Debug\AY1920_II_HW_FINAL_CARZANIGA_GUALNIERA.a(SPIM_INT.o)
 .debug_aranges
                0x00000a28       0x38 .\CortexM3\ARM_GCC_541\Debug\AY1920_II_HW_FINAL_CARZANIGA_GUALNIERA.a(CS.o)
 .debug_aranges
                0x00000a60       0x70 .\CortexM3\ARM_GCC_541\Debug\AY1920_II_HW_FINAL_CARZANIGA_GUALNIERA.a(SPIM_IntClock.o)
 .debug_aranges
                0x00000ad0       0x38 .\CortexM3\ARM_GCC_541\Debug\AY1920_II_HW_FINAL_CARZANIGA_GUALNIERA.a(ONBOARD_LED.o)
 .debug_aranges
                0x00000b08       0x88 .\CortexM3\ARM_GCC_541\Debug\AY1920_II_HW_FINAL_CARZANIGA_GUALNIERA.a(NOTIFY_TIMER.o)
 .debug_aranges
                0x00000b90       0x88 .\CortexM3\ARM_GCC_541\Debug\AY1920_II_HW_FINAL_CARZANIGA_GUALNIERA.a(BUTTON_TIMER.o)
 .debug_aranges
                0x00000c18       0x80 .\CortexM3\ARM_GCC_541\Debug\AY1920_II_HW_FINAL_CARZANIGA_GUALNIERA.a(ISR_IMU.o)
 .debug_aranges
                0x00000c98       0x20 .\CortexM3\ARM_GCC_541\Debug\AY1920_II_HW_FINAL_CARZANIGA_GUALNIERA.a(CyBootAsmGnu.o)
 .debug_aranges
                0x00000cb8       0x88 .\CortexM3\ARM_GCC_541\Debug\AY1920_II_HW_FINAL_CARZANIGA_GUALNIERA.a(CyFlash.o)
 .debug_aranges
                0x00000d40       0x80 .\CortexM3\ARM_GCC_541\Debug\AY1920_II_HW_FINAL_CARZANIGA_GUALNIERA.a(CySpc.o)

.debug_pubnames
 *(.debug_pubnames)

.debug_info     0x00000000     0x7b02
 *(.debug_info .gnu.linkonce.wi.*)
 .debug_info    0x00000000      0x3c2 .\CortexM3\ARM_GCC_541\Debug\main.o
 .debug_info    0x000003c2      0x2f8 .\CortexM3\ARM_GCC_541\Debug\InterruptRoutines.o
 .debug_info    0x000006ba      0x397 .\CortexM3\ARM_GCC_541\Debug\SPI_Interface.o
 .debug_info    0x00000a51      0x2d8 .\CortexM3\ARM_GCC_541\Debug\25LC256.o
 .debug_info    0x00000d29      0x27a .\CortexM3\ARM_GCC_541\Debug\LED_Driver.o
 .debug_info    0x00000fa3      0x1a4 .\CortexM3\ARM_GCC_541\Debug\Notifications.o
 .debug_info    0x00001147      0xb95 .\CortexM3\ARM_GCC_541\Debug\LIS3DH.o
 .debug_info    0x00001cdc      0x4ee .\CortexM3\ARM_GCC_541\Debug\cyfitter_cfg.o
 .debug_info    0x000021ca      0x139 .\CortexM3\ARM_GCC_541\Debug\cymetadata.o
 .debug_info    0x00002303      0x3bb .\CortexM3\ARM_GCC_541\Debug\Cm3Start.o
 .debug_info    0x000026be      0x2d2 .\CortexM3\ARM_GCC_541\Debug\AY1920_II_HW_FINAL_CARZANIGA_GUALNIERA.a(ISR_CONFIG.o)
 .debug_info    0x00002990      0x383 .\CortexM3\ARM_GCC_541\Debug\AY1920_II_HW_FINAL_CARZANIGA_GUALNIERA.a(PWM_RG.o)
 .debug_info    0x00002d13      0x334 .\CortexM3\ARM_GCC_541\Debug\AY1920_II_HW_FINAL_CARZANIGA_GUALNIERA.a(PWM_B.o)
 .debug_info    0x00003047      0x2d2 .\CortexM3\ARM_GCC_541\Debug\AY1920_II_HW_FINAL_CARZANIGA_GUALNIERA.a(ISR_START.o)
 .debug_info    0x00003319      0x60c .\CortexM3\ARM_GCC_541\Debug\AY1920_II_HW_FINAL_CARZANIGA_GUALNIERA.a(UART.o)
 .debug_info    0x00003925      0x283 .\CortexM3\ARM_GCC_541\Debug\AY1920_II_HW_FINAL_CARZANIGA_GUALNIERA.a(UART_IntClock.o)
 .debug_info    0x00003ba8     0x1374 .\CortexM3\ARM_GCC_541\Debug\AY1920_II_HW_FINAL_CARZANIGA_GUALNIERA.a(CyLib.o)
 .debug_info    0x00004f1c      0xa2a .\CortexM3\ARM_GCC_541\Debug\AY1920_II_HW_FINAL_CARZANIGA_GUALNIERA.a(cyPm.o)
 .debug_info    0x00005946      0x709 .\CortexM3\ARM_GCC_541\Debug\AY1920_II_HW_FINAL_CARZANIGA_GUALNIERA.a(SPIM.o)
 .debug_info    0x0000604f      0x18d .\CortexM3\ARM_GCC_541\Debug\AY1920_II_HW_FINAL_CARZANIGA_GUALNIERA.a(SPIM_INT.o)
 .debug_info    0x000061dc      0x11f .\CortexM3\ARM_GCC_541\Debug\AY1920_II_HW_FINAL_CARZANIGA_GUALNIERA.a(CS.o)
 .debug_info    0x000062fb      0x283 .\CortexM3\ARM_GCC_541\Debug\AY1920_II_HW_FINAL_CARZANIGA_GUALNIERA.a(SPIM_IntClock.o)
 .debug_info    0x0000657e      0x11f .\CortexM3\ARM_GCC_541\Debug\AY1920_II_HW_FINAL_CARZANIGA_GUALNIERA.a(ONBOARD_LED.o)
 .debug_info    0x0000669d      0x291 .\CortexM3\ARM_GCC_541\Debug\AY1920_II_HW_FINAL_CARZANIGA_GUALNIERA.a(NOTIFY_TIMER.o)
 .debug_info    0x0000692e      0x293 .\CortexM3\ARM_GCC_541\Debug\AY1920_II_HW_FINAL_CARZANIGA_GUALNIERA.a(BUTTON_TIMER.o)
 .debug_info    0x00006bc1      0x2d2 .\CortexM3\ARM_GCC_541\Debug\AY1920_II_HW_FINAL_CARZANIGA_GUALNIERA.a(ISR_IMU.o)
 .debug_info    0x00006e93       0xd2 .\CortexM3\ARM_GCC_541\Debug\AY1920_II_HW_FINAL_CARZANIGA_GUALNIERA.a(CyBootAsmGnu.o)
 .debug_info    0x00006f65      0x64d .\CortexM3\ARM_GCC_541\Debug\AY1920_II_HW_FINAL_CARZANIGA_GUALNIERA.a(CyFlash.o)
 .debug_info    0x000075b2      0x550 .\CortexM3\ARM_GCC_541\Debug\AY1920_II_HW_FINAL_CARZANIGA_GUALNIERA.a(CySpc.o)

.debug_abbrev   0x00000000     0x23ad
 *(.debug_abbrev)
 .debug_abbrev  0x00000000      0x107 .\CortexM3\ARM_GCC_541\Debug\main.o
 .debug_abbrev  0x00000107      0x132 .\CortexM3\ARM_GCC_541\Debug\InterruptRoutines.o
 .debug_abbrev  0x00000239      0x11c .\CortexM3\ARM_GCC_541\Debug\SPI_Interface.o
 .debug_abbrev  0x00000355       0xf9 .\CortexM3\ARM_GCC_541\Debug\25LC256.o
 .debug_abbrev  0x0000044e      0x104 .\CortexM3\ARM_GCC_541\Debug\LED_Driver.o
 .debug_abbrev  0x00000552       0xe1 .\CortexM3\ARM_GCC_541\Debug\Notifications.o
 .debug_abbrev  0x00000633      0x1e9 .\CortexM3\ARM_GCC_541\Debug\LIS3DH.o
 .debug_abbrev  0x0000081c      0x1fe .\CortexM3\ARM_GCC_541\Debug\cyfitter_cfg.o
 .debug_abbrev  0x00000a1a       0x77 .\CortexM3\ARM_GCC_541\Debug\cymetadata.o
 .debug_abbrev  0x00000a91      0x1e8 .\CortexM3\ARM_GCC_541\Debug\Cm3Start.o
 .debug_abbrev  0x00000c79      0x173 .\CortexM3\ARM_GCC_541\Debug\AY1920_II_HW_FINAL_CARZANIGA_GUALNIERA.a(ISR_CONFIG.o)
 .debug_abbrev  0x00000dec      0x133 .\CortexM3\ARM_GCC_541\Debug\AY1920_II_HW_FINAL_CARZANIGA_GUALNIERA.a(PWM_RG.o)
 .debug_abbrev  0x00000f1f      0x133 .\CortexM3\ARM_GCC_541\Debug\AY1920_II_HW_FINAL_CARZANIGA_GUALNIERA.a(PWM_B.o)
 .debug_abbrev  0x00001052      0x173 .\CortexM3\ARM_GCC_541\Debug\AY1920_II_HW_FINAL_CARZANIGA_GUALNIERA.a(ISR_START.o)
 .debug_abbrev  0x000011c5      0x175 .\CortexM3\ARM_GCC_541\Debug\AY1920_II_HW_FINAL_CARZANIGA_GUALNIERA.a(UART.o)
 .debug_abbrev  0x0000133a      0x139 .\CortexM3\ARM_GCC_541\Debug\AY1920_II_HW_FINAL_CARZANIGA_GUALNIERA.a(UART_IntClock.o)
 .debug_abbrev  0x00001473      0x254 .\CortexM3\ARM_GCC_541\Debug\AY1920_II_HW_FINAL_CARZANIGA_GUALNIERA.a(CyLib.o)
 .debug_abbrev  0x000016c7      0x1ab .\CortexM3\ARM_GCC_541\Debug\AY1920_II_HW_FINAL_CARZANIGA_GUALNIERA.a(cyPm.o)
 .debug_abbrev  0x00001872      0x162 .\CortexM3\ARM_GCC_541\Debug\AY1920_II_HW_FINAL_CARZANIGA_GUALNIERA.a(SPIM.o)
 .debug_abbrev  0x000019d4       0x8a .\CortexM3\ARM_GCC_541\Debug\AY1920_II_HW_FINAL_CARZANIGA_GUALNIERA.a(SPIM_INT.o)
 .debug_abbrev  0x00001a5e       0x90 .\CortexM3\ARM_GCC_541\Debug\AY1920_II_HW_FINAL_CARZANIGA_GUALNIERA.a(CS.o)
 .debug_abbrev  0x00001aee      0x139 .\CortexM3\ARM_GCC_541\Debug\AY1920_II_HW_FINAL_CARZANIGA_GUALNIERA.a(SPIM_IntClock.o)
 .debug_abbrev  0x00001c27       0x90 .\CortexM3\ARM_GCC_541\Debug\AY1920_II_HW_FINAL_CARZANIGA_GUALNIERA.a(ONBOARD_LED.o)
 .debug_abbrev  0x00001cb7      0x11a .\CortexM3\ARM_GCC_541\Debug\AY1920_II_HW_FINAL_CARZANIGA_GUALNIERA.a(NOTIFY_TIMER.o)
 .debug_abbrev  0x00001dd1      0x11a .\CortexM3\ARM_GCC_541\Debug\AY1920_II_HW_FINAL_CARZANIGA_GUALNIERA.a(BUTTON_TIMER.o)
 .debug_abbrev  0x00001eeb      0x173 .\CortexM3\ARM_GCC_541\Debug\AY1920_II_HW_FINAL_CARZANIGA_GUALNIERA.a(ISR_IMU.o)
 .debug_abbrev  0x0000205e       0x14 .\CortexM3\ARM_GCC_541\Debug\AY1920_II_HW_FINAL_CARZANIGA_GUALNIERA.a(CyBootAsmGnu.o)
 .debug_abbrev  0x00002072      0x1a7 .\CortexM3\ARM_GCC_541\Debug\AY1920_II_HW_FINAL_CARZANIGA_GUALNIERA.a(CyFlash.o)
 .debug_abbrev  0x00002219      0x194 .\CortexM3\ARM_GCC_541\Debug\AY1920_II_HW_FINAL_CARZANIGA_GUALNIERA.a(CySpc.o)

.debug_line     0x00000000     0x37d2
 *(.debug_line)
 .debug_line    0x00000000      0x244 .\CortexM3\ARM_GCC_541\Debug\main.o
 .debug_line    0x00000244      0x214 .\CortexM3\ARM_GCC_541\Debug\InterruptRoutines.o
 .debug_line    0x00000458      0x1df .\CortexM3\ARM_GCC_541\Debug\SPI_Interface.o
 .debug_line    0x00000637      0x1b9 .\CortexM3\ARM_GCC_541\Debug\25LC256.o
 .debug_line    0x000007f0      0x1d7 .\CortexM3\ARM_GCC_541\Debug\LED_Driver.o
 .debug_line    0x000009c7      0x19e .\CortexM3\ARM_GCC_541\Debug\Notifications.o
 .debug_line    0x00000b65      0x318 .\CortexM3\ARM_GCC_541\Debug\LIS3DH.o
 .debug_line    0x00000e7d      0x1de .\CortexM3\ARM_GCC_541\Debug\cyfitter_cfg.o
 .debug_line    0x0000105b      0x141 .\CortexM3\ARM_GCC_541\Debug\cymetadata.o
 .debug_line    0x0000119c      0x234 .\CortexM3\ARM_GCC_541\Debug\Cm3Start.o
 .debug_line    0x000013d0      0x137 .\CortexM3\ARM_GCC_541\Debug\AY1920_II_HW_FINAL_CARZANIGA_GUALNIERA.a(ISR_CONFIG.o)
 .debug_line    0x00001507      0x1aa .\CortexM3\ARM_GCC_541\Debug\AY1920_II_HW_FINAL_CARZANIGA_GUALNIERA.a(PWM_RG.o)
 .debug_line    0x000016b1      0x185 .\CortexM3\ARM_GCC_541\Debug\AY1920_II_HW_FINAL_CARZANIGA_GUALNIERA.a(PWM_B.o)
 .debug_line    0x00001836      0x136 .\CortexM3\ARM_GCC_541\Debug\AY1920_II_HW_FINAL_CARZANIGA_GUALNIERA.a(ISR_START.o)
 .debug_line    0x0000196c      0x2bc .\CortexM3\ARM_GCC_541\Debug\AY1920_II_HW_FINAL_CARZANIGA_GUALNIERA.a(UART.o)
 .debug_line    0x00001c28      0x17c .\CortexM3\ARM_GCC_541\Debug\AY1920_II_HW_FINAL_CARZANIGA_GUALNIERA.a(UART_IntClock.o)
 .debug_line    0x00001da4      0x816 .\CortexM3\ARM_GCC_541\Debug\AY1920_II_HW_FINAL_CARZANIGA_GUALNIERA.a(CyLib.o)
 .debug_line    0x000025ba      0x367 .\CortexM3\ARM_GCC_541\Debug\AY1920_II_HW_FINAL_CARZANIGA_GUALNIERA.a(cyPm.o)
 .debug_line    0x00002921      0x29a .\CortexM3\ARM_GCC_541\Debug\AY1920_II_HW_FINAL_CARZANIGA_GUALNIERA.a(SPIM.o)
 .debug_line    0x00002bbb       0xa6 .\CortexM3\ARM_GCC_541\Debug\AY1920_II_HW_FINAL_CARZANIGA_GUALNIERA.a(SPIM_INT.o)
 .debug_line    0x00002c61       0x8f .\CortexM3\ARM_GCC_541\Debug\AY1920_II_HW_FINAL_CARZANIGA_GUALNIERA.a(CS.o)
 .debug_line    0x00002cf0      0x17c .\CortexM3\ARM_GCC_541\Debug\AY1920_II_HW_FINAL_CARZANIGA_GUALNIERA.a(SPIM_IntClock.o)
 .debug_line    0x00002e6c       0x98 .\CortexM3\ARM_GCC_541\Debug\AY1920_II_HW_FINAL_CARZANIGA_GUALNIERA.a(ONBOARD_LED.o)
 .debug_line    0x00002f04      0x15a .\CortexM3\ARM_GCC_541\Debug\AY1920_II_HW_FINAL_CARZANIGA_GUALNIERA.a(NOTIFY_TIMER.o)
 .debug_line    0x0000305e      0x160 .\CortexM3\ARM_GCC_541\Debug\AY1920_II_HW_FINAL_CARZANIGA_GUALNIERA.a(BUTTON_TIMER.o)
 .debug_line    0x000031be      0x134 .\CortexM3\ARM_GCC_541\Debug\AY1920_II_HW_FINAL_CARZANIGA_GUALNIERA.a(ISR_IMU.o)
 .debug_line    0x000032f2       0x66 .\CortexM3\ARM_GCC_541\Debug\AY1920_II_HW_FINAL_CARZANIGA_GUALNIERA.a(CyBootAsmGnu.o)
 .debug_line    0x00003358      0x21a .\CortexM3\ARM_GCC_541\Debug\AY1920_II_HW_FINAL_CARZANIGA_GUALNIERA.a(CyFlash.o)
 .debug_line    0x00003572      0x260 .\CortexM3\ARM_GCC_541\Debug\AY1920_II_HW_FINAL_CARZANIGA_GUALNIERA.a(CySpc.o)

.debug_frame    0x00000000     0x2484
 *(.debug_frame)
 .debug_frame   0x00000000       0x2c .\CortexM3\ARM_GCC_541\Debug\main.o
 .debug_frame   0x0000002c       0x6c .\CortexM3\ARM_GCC_541\Debug\InterruptRoutines.o
 .debug_frame   0x00000098       0x78 .\CortexM3\ARM_GCC_541\Debug\SPI_Interface.o
 .debug_frame   0x00000110       0xc4 .\CortexM3\ARM_GCC_541\Debug\25LC256.o
 .debug_frame   0x000001d4       0x94 .\CortexM3\ARM_GCC_541\Debug\LED_Driver.o
 .debug_frame   0x00000268       0x44 .\CortexM3\ARM_GCC_541\Debug\Notifications.o
 .debug_frame   0x000002ac      0x12c .\CortexM3\ARM_GCC_541\Debug\LIS3DH.o
 .debug_frame   0x000003d8       0xe4 .\CortexM3\ARM_GCC_541\Debug\cyfitter_cfg.o
 .debug_frame   0x000004bc       0xb8 .\CortexM3\ARM_GCC_541\Debug\Cm3Start.o
 .debug_frame   0x00000574      0x104 .\CortexM3\ARM_GCC_541\Debug\AY1920_II_HW_FINAL_CARZANIGA_GUALNIERA.a(ISR_CONFIG.o)
 .debug_frame   0x00000678      0x154 .\CortexM3\ARM_GCC_541\Debug\AY1920_II_HW_FINAL_CARZANIGA_GUALNIERA.a(PWM_RG.o)
 .debug_frame   0x000007cc      0x134 .\CortexM3\ARM_GCC_541\Debug\AY1920_II_HW_FINAL_CARZANIGA_GUALNIERA.a(PWM_B.o)
 .debug_frame   0x00000900      0x104 .\CortexM3\ARM_GCC_541\Debug\AY1920_II_HW_FINAL_CARZANIGA_GUALNIERA.a(ISR_START.o)
 .debug_frame   0x00000a04      0x250 .\CortexM3\ARM_GCC_541\Debug\AY1920_II_HW_FINAL_CARZANIGA_GUALNIERA.a(UART.o)
 .debug_frame   0x00000c54       0xe0 .\CortexM3\ARM_GCC_541\Debug\AY1920_II_HW_FINAL_CARZANIGA_GUALNIERA.a(UART_IntClock.o)
 .debug_frame   0x00000d34      0x738 .\CortexM3\ARM_GCC_541\Debug\AY1920_II_HW_FINAL_CARZANIGA_GUALNIERA.a(CyLib.o)
 .debug_frame   0x0000146c      0x1f8 .\CortexM3\ARM_GCC_541\Debug\AY1920_II_HW_FINAL_CARZANIGA_GUALNIERA.a(cyPm.o)
 .debug_frame   0x00001664      0x264 .\CortexM3\ARM_GCC_541\Debug\AY1920_II_HW_FINAL_CARZANIGA_GUALNIERA.a(SPIM.o)
 .debug_frame   0x000018c8       0x30 .\CortexM3\ARM_GCC_541\Debug\AY1920_II_HW_FINAL_CARZANIGA_GUALNIERA.a(SPIM_INT.o)
 .debug_frame   0x000018f8       0x50 .\CortexM3\ARM_GCC_541\Debug\AY1920_II_HW_FINAL_CARZANIGA_GUALNIERA.a(CS.o)
 .debug_frame   0x00001948       0xe0 .\CortexM3\ARM_GCC_541\Debug\AY1920_II_HW_FINAL_CARZANIGA_GUALNIERA.a(SPIM_IntClock.o)
 .debug_frame   0x00001a28       0x50 .\CortexM3\ARM_GCC_541\Debug\AY1920_II_HW_FINAL_CARZANIGA_GUALNIERA.a(ONBOARD_LED.o)
 .debug_frame   0x00001a78      0x108 .\CortexM3\ARM_GCC_541\Debug\AY1920_II_HW_FINAL_CARZANIGA_GUALNIERA.a(NOTIFY_TIMER.o)
 .debug_frame   0x00001b80      0x108 .\CortexM3\ARM_GCC_541\Debug\AY1920_II_HW_FINAL_CARZANIGA_GUALNIERA.a(BUTTON_TIMER.o)
 .debug_frame   0x00001c88      0x104 .\CortexM3\ARM_GCC_541\Debug\AY1920_II_HW_FINAL_CARZANIGA_GUALNIERA.a(ISR_IMU.o)
 .debug_frame   0x00001d8c      0x194 .\CortexM3\ARM_GCC_541\Debug\AY1920_II_HW_FINAL_CARZANIGA_GUALNIERA.a(CyFlash.o)
 .debug_frame   0x00001f20      0x180 .\CortexM3\ARM_GCC_541\Debug\AY1920_II_HW_FINAL_CARZANIGA_GUALNIERA.a(CySpc.o)
 .debug_frame   0x000020a0       0x20 c:/program files (x86)/cypress/psoc creator/4.3/psoc creator/import/gnu/arm/5.4.1/bin/../lib/gcc/arm-none-eabi/5.4.1/../../../../arm-none-eabi/lib/armv7-m\libg_nano.a(lib_a-errno.o)
 .debug_frame   0x000020c0       0x28 c:/program files (x86)/cypress/psoc creator/4.3/psoc creator/import/gnu/arm/5.4.1/bin/../lib/gcc/arm-none-eabi/5.4.1/../../../../arm-none-eabi/lib/armv7-m\libg_nano.a(lib_a-exit.o)
 .debug_frame   0x000020e8       0x2c c:/program files (x86)/cypress/psoc creator/4.3/psoc creator/import/gnu/arm/5.4.1/bin/../lib/gcc/arm-none-eabi/5.4.1/../../../../arm-none-eabi/lib/armv7-m\libg_nano.a(lib_a-init.o)
 .debug_frame   0x00002114       0x28 c:/program files (x86)/cypress/psoc creator/4.3/psoc creator/import/gnu/arm/5.4.1/bin/../lib/gcc/arm-none-eabi/5.4.1/../../../../arm-none-eabi/lib/armv7-m\libg_nano.a(lib_a-memcpy-stub.o)
 .debug_frame   0x0000213c       0x20 c:/program files (x86)/cypress/psoc creator/4.3/psoc creator/import/gnu/arm/5.4.1/bin/../lib/gcc/arm-none-eabi/5.4.1/../../../../arm-none-eabi/lib/armv7-m\libg_nano.a(lib_a-memset.o)
 .debug_frame   0x0000215c       0x70 c:/program files (x86)/cypress/psoc creator/4.3/psoc creator/import/gnu/arm/5.4.1/bin/../lib/gcc/arm-none-eabi/5.4.1/../../../../arm-none-eabi/lib/armv7-m\libg_nano.a(lib_a-sprintf.o)
 .debug_frame   0x000021cc       0x90 c:/program files (x86)/cypress/psoc creator/4.3/psoc creator/import/gnu/arm/5.4.1/bin/../lib/gcc/arm-none-eabi/5.4.1/../../../../arm-none-eabi/lib/armv7-m\libg_nano.a(lib_a-nano-svfprintf.o)
 .debug_frame   0x0000225c       0x60 c:/program files (x86)/cypress/psoc creator/4.3/psoc creator/import/gnu/arm/5.4.1/bin/../lib/gcc/arm-none-eabi/5.4.1/../../../../arm-none-eabi/lib/armv7-m\libg_nano.a(lib_a-nano-vfprintf_i.o)
 .debug_frame   0x000022bc       0x28 c:/program files (x86)/cypress/psoc creator/4.3/psoc creator/import/gnu/arm/5.4.1/bin/../lib/gcc/arm-none-eabi/5.4.1/../../../../arm-none-eabi/lib/armv7-m\libg_nano.a(lib_a-memchr-stub.o)
 .debug_frame   0x000022e4       0x28 c:/program files (x86)/cypress/psoc creator/4.3/psoc creator/import/gnu/arm/5.4.1/bin/../lib/gcc/arm-none-eabi/5.4.1/../../../../arm-none-eabi/lib/armv7-m\libg_nano.a(lib_a-memmove.o)
 .debug_frame   0x0000230c       0x38 c:/program files (x86)/cypress/psoc creator/4.3/psoc creator/import/gnu/arm/5.4.1/bin/../lib/gcc/arm-none-eabi/5.4.1/../../../../arm-none-eabi/lib/armv7-m\libg_nano.a(lib_a-nano-freer.o)
 .debug_frame   0x00002344       0x2c c:/program files (x86)/cypress/psoc creator/4.3/psoc creator/import/gnu/arm/5.4.1/bin/../lib/gcc/arm-none-eabi/5.4.1/../../../../arm-none-eabi/lib/armv7-m\libg_nano.a(lib_a-nano-mallocr.o)
 .debug_frame   0x00002370       0x3c c:/program files (x86)/cypress/psoc creator/4.3/psoc creator/import/gnu/arm/5.4.1/bin/../lib/gcc/arm-none-eabi/5.4.1/../../../../arm-none-eabi/lib/armv7-m\libg_nano.a(lib_a-nano-reallocr.o)
 .debug_frame   0x000023ac       0x2c c:/program files (x86)/cypress/psoc creator/4.3/psoc creator/import/gnu/arm/5.4.1/bin/../lib/gcc/arm-none-eabi/5.4.1/../../../../arm-none-eabi/lib/armv7-m\libg_nano.a(lib_a-sbrkr.o)
 .debug_frame   0x000023d8       0x30 c:/program files (x86)/cypress/psoc creator/4.3/psoc creator/import/gnu/arm/5.4.1/bin/../lib/gcc/arm-none-eabi/5.4.1/../../../../arm-none-eabi/lib/armv7-m\libg_nano.a(lib_a-mlock.o)
 .debug_frame   0x00002408       0x20 c:/program files (x86)/cypress/psoc creator/4.3/psoc creator/import/gnu/arm/5.4.1/bin/../lib/gcc/arm-none-eabi/5.4.1/../../../../arm-none-eabi/lib/armv7-m\libg_nano.a(lib_a-nano-msizer.o)
 .debug_frame   0x00002428       0x5c c:/program files (x86)/cypress/psoc creator/4.3/psoc creator/import/gnu/arm/5.4.1/bin/../lib/gcc/arm-none-eabi/5.4.1/../../../../arm-none-eabi/lib/armv7-m\libg_nano.a(lib_a-reent.o)

.debug_str      0x00000000     0x29cf
 *(.debug_str)
 .debug_str     0x00000000      0x31e .\CortexM3\ARM_GCC_541\Debug\main.o
                                0x383 (size before relaxing)
 .debug_str     0x0000031e       0xda .\CortexM3\ARM_GCC_541\Debug\InterruptRoutines.o
                                0x38e (size before relaxing)
 .debug_str     0x000003f8      0x10c .\CortexM3\ARM_GCC_541\Debug\SPI_Interface.o
                                0x304 (size before relaxing)
 .debug_str     0x00000504       0xbb .\CortexM3\ARM_GCC_541\Debug\25LC256.o
                                0x2f1 (size before relaxing)
 .debug_str     0x000005bf       0xb6 .\CortexM3\ARM_GCC_541\Debug\LED_Driver.o
                                0x2c9 (size before relaxing)
 .debug_str     0x00000675       0x2e .\CortexM3\ARM_GCC_541\Debug\Notifications.o
                                0x258 (size before relaxing)
 .debug_str     0x000006a3      0x109 .\CortexM3\ARM_GCC_541\Debug\LIS3DH.o
                                0x3a8 (size before relaxing)
 .debug_str     0x000007ac      0x16e .\CortexM3\ARM_GCC_541\Debug\cyfitter_cfg.o
                                0x351 (size before relaxing)
 .debug_str     0x0000091a       0x75 .\CortexM3\ARM_GCC_541\Debug\cymetadata.o
                                0x226 (size before relaxing)
 .debug_str     0x0000098f      0x144 .\CortexM3\ARM_GCC_541\Debug\Cm3Start.o
                                0x34c (size before relaxing)
 .debug_str     0x00000ad3      0x131 .\CortexM3\ARM_GCC_541\Debug\AY1920_II_HW_FINAL_CARZANIGA_GUALNIERA.a(ISR_CONFIG.o)
                                0x32e (size before relaxing)
 .debug_str     0x00000c04      0x1be .\CortexM3\ARM_GCC_541\Debug\AY1920_II_HW_FINAL_CARZANIGA_GUALNIERA.a(PWM_RG.o)
                                0x3d1 (size before relaxing)
 .debug_str     0x00000dc2      0x146 .\CortexM3\ARM_GCC_541\Debug\AY1920_II_HW_FINAL_CARZANIGA_GUALNIERA.a(PWM_B.o)
                                0x393 (size before relaxing)
 .debug_str     0x00000f08      0x10c .\CortexM3\ARM_GCC_541\Debug\AY1920_II_HW_FINAL_CARZANIGA_GUALNIERA.a(ISR_START.o)
                                0x320 (size before relaxing)
 .debug_str     0x00001014      0x26a .\CortexM3\ARM_GCC_541\Debug\AY1920_II_HW_FINAL_CARZANIGA_GUALNIERA.a(UART.o)
                                0x4b7 (size before relaxing)
 .debug_str     0x0000127e      0x183 .\CortexM3\ARM_GCC_541\Debug\AY1920_II_HW_FINAL_CARZANIGA_GUALNIERA.a(UART_IntClock.o)
                                0x378 (size before relaxing)
 .debug_str     0x00001401      0x7a0 .\CortexM3\ARM_GCC_541\Debug\AY1920_II_HW_FINAL_CARZANIGA_GUALNIERA.a(CyLib.o)
                                0xa89 (size before relaxing)
 .debug_str     0x00001ba1      0x365 .\CortexM3\ARM_GCC_541\Debug\AY1920_II_HW_FINAL_CARZANIGA_GUALNIERA.a(cyPm.o)
                                0x775 (size before relaxing)
 .debug_str     0x00001f06      0x235 .\CortexM3\ARM_GCC_541\Debug\AY1920_II_HW_FINAL_CARZANIGA_GUALNIERA.a(SPIM.o)
                                0x520 (size before relaxing)
 .debug_str     0x0000213b       0x3a .\CortexM3\ARM_GCC_541\Debug\AY1920_II_HW_FINAL_CARZANIGA_GUALNIERA.a(SPIM_INT.o)
                                0x2bd (size before relaxing)
 .debug_str     0x00002175       0x4e .\CortexM3\ARM_GCC_541\Debug\AY1920_II_HW_FINAL_CARZANIGA_GUALNIERA.a(CS.o)
                                0x215 (size before relaxing)
 .debug_str     0x000021c3      0x138 .\CortexM3\ARM_GCC_541\Debug\AY1920_II_HW_FINAL_CARZANIGA_GUALNIERA.a(SPIM_IntClock.o)
                                0x378 (size before relaxing)
 .debug_str     0x000022fb       0x67 .\CortexM3\ARM_GCC_541\Debug\AY1920_II_HW_FINAL_CARZANIGA_GUALNIERA.a(ONBOARD_LED.o)
                                0x242 (size before relaxing)
 .debug_str     0x00002362      0x18d .\CortexM3\ARM_GCC_541\Debug\AY1920_II_HW_FINAL_CARZANIGA_GUALNIERA.a(NOTIFY_TIMER.o)
                                0x3a7 (size before relaxing)
 .debug_str     0x000024ef      0x18e .\CortexM3\ARM_GCC_541\Debug\AY1920_II_HW_FINAL_CARZANIGA_GUALNIERA.a(BUTTON_TIMER.o)
                                0x3a7 (size before relaxing)
 .debug_str     0x0000267d       0xf2 .\CortexM3\ARM_GCC_541\Debug\AY1920_II_HW_FINAL_CARZANIGA_GUALNIERA.a(ISR_IMU.o)
                                0x304 (size before relaxing)
 .debug_str     0x0000276f      0x1b4 .\CortexM3\ARM_GCC_541\Debug\AY1920_II_HW_FINAL_CARZANIGA_GUALNIERA.a(CyFlash.o)
                                0x402 (size before relaxing)
 .debug_str     0x00002923       0xac .\CortexM3\ARM_GCC_541\Debug\AY1920_II_HW_FINAL_CARZANIGA_GUALNIERA.a(CySpc.o)
                                0x37a (size before relaxing)

.debug_loc      0x00000000     0x285a
 *(.debug_loc)
 .debug_loc     0x00000000       0x13 .\CortexM3\ARM_GCC_541\Debug\InterruptRoutines.o
 .debug_loc     0x00000013      0x16c .\CortexM3\ARM_GCC_541\Debug\SPI_Interface.o
 .debug_loc     0x0000017f       0x63 .\CortexM3\ARM_GCC_541\Debug\25LC256.o
 .debug_loc     0x000001e2       0xb8 .\CortexM3\ARM_GCC_541\Debug\LED_Driver.o
 .debug_loc     0x0000029a       0x1e .\CortexM3\ARM_GCC_541\Debug\Notifications.o
 .debug_loc     0x000002b8      0x2dc .\CortexM3\ARM_GCC_541\Debug\LIS3DH.o
 .debug_loc     0x00000594      0x1d7 .\CortexM3\ARM_GCC_541\Debug\cyfitter_cfg.o
 .debug_loc     0x0000076b      0x144 .\CortexM3\ARM_GCC_541\Debug\Cm3Start.o
 .debug_loc     0x000008af       0x56 .\CortexM3\ARM_GCC_541\Debug\AY1920_II_HW_FINAL_CARZANIGA_GUALNIERA.a(ISR_CONFIG.o)
 .debug_loc     0x00000905       0x26 .\CortexM3\ARM_GCC_541\Debug\AY1920_II_HW_FINAL_CARZANIGA_GUALNIERA.a(PWM_RG.o)
 .debug_loc     0x0000092b       0x26 .\CortexM3\ARM_GCC_541\Debug\AY1920_II_HW_FINAL_CARZANIGA_GUALNIERA.a(PWM_B.o)
 .debug_loc     0x00000951       0x56 .\CortexM3\ARM_GCC_541\Debug\AY1920_II_HW_FINAL_CARZANIGA_GUALNIERA.a(ISR_START.o)
 .debug_loc     0x000009a7      0x258 .\CortexM3\ARM_GCC_541\Debug\AY1920_II_HW_FINAL_CARZANIGA_GUALNIERA.a(UART.o)
 .debug_loc     0x00000bff      0x128 .\CortexM3\ARM_GCC_541\Debug\AY1920_II_HW_FINAL_CARZANIGA_GUALNIERA.a(UART_IntClock.o)
 .debug_loc     0x00000d27      0xa11 .\CortexM3\ARM_GCC_541\Debug\AY1920_II_HW_FINAL_CARZANIGA_GUALNIERA.a(CyLib.o)
 .debug_loc     0x00001738      0x1e4 .\CortexM3\ARM_GCC_541\Debug\AY1920_II_HW_FINAL_CARZANIGA_GUALNIERA.a(cyPm.o)
 .debug_loc     0x0000191c      0x20d .\CortexM3\ARM_GCC_541\Debug\AY1920_II_HW_FINAL_CARZANIGA_GUALNIERA.a(SPIM.o)
 .debug_loc     0x00001b29       0x74 .\CortexM3\ARM_GCC_541\Debug\AY1920_II_HW_FINAL_CARZANIGA_GUALNIERA.a(SPIM_INT.o)
 .debug_loc     0x00001b9d       0x42 .\CortexM3\ARM_GCC_541\Debug\AY1920_II_HW_FINAL_CARZANIGA_GUALNIERA.a(CS.o)
 .debug_loc     0x00001bdf      0x12c .\CortexM3\ARM_GCC_541\Debug\AY1920_II_HW_FINAL_CARZANIGA_GUALNIERA.a(SPIM_IntClock.o)
 .debug_loc     0x00001d0b       0x42 .\CortexM3\ARM_GCC_541\Debug\AY1920_II_HW_FINAL_CARZANIGA_GUALNIERA.a(ONBOARD_LED.o)
 .debug_loc     0x00001d4d       0x56 .\CortexM3\ARM_GCC_541\Debug\AY1920_II_HW_FINAL_CARZANIGA_GUALNIERA.a(ISR_IMU.o)
 .debug_loc     0x00001da3      0x3b2 .\CortexM3\ARM_GCC_541\Debug\AY1920_II_HW_FINAL_CARZANIGA_GUALNIERA.a(CyFlash.o)
 .debug_loc     0x00002155      0x705 .\CortexM3\ARM_GCC_541\Debug\AY1920_II_HW_FINAL_CARZANIGA_GUALNIERA.a(CySpc.o)

.debug_macinfo
 *(.debug_macinfo)

.debug_ranges   0x00000000      0xbf0
 *(.debug_ranges)
 .debug_ranges  0x00000000       0x10 .\CortexM3\ARM_GCC_541\Debug\main.o
 .debug_ranges  0x00000010       0x28 .\CortexM3\ARM_GCC_541\Debug\InterruptRoutines.o
 .debug_ranges  0x00000038       0x20 .\CortexM3\ARM_GCC_541\Debug\SPI_Interface.o
 .debug_ranges  0x00000058       0x40 .\CortexM3\ARM_GCC_541\Debug\25LC256.o
 .debug_ranges  0x00000098       0x30 .\CortexM3\ARM_GCC_541\Debug\LED_Driver.o
 .debug_ranges  0x000000c8       0x18 .\CortexM3\ARM_GCC_541\Debug\Notifications.o
 .debug_ranges  0x000000e0       0x60 .\CortexM3\ARM_GCC_541\Debug\LIS3DH.o
 .debug_ranges  0x00000140       0x48 .\CortexM3\ARM_GCC_541\Debug\cyfitter_cfg.o
 .debug_ranges  0x00000188       0x38 .\CortexM3\ARM_GCC_541\Debug\Cm3Start.o
 .debug_ranges  0x000001c0       0x70 .\CortexM3\ARM_GCC_541\Debug\AY1920_II_HW_FINAL_CARZANIGA_GUALNIERA.a(ISR_CONFIG.o)
 .debug_ranges  0x00000230       0x98 .\CortexM3\ARM_GCC_541\Debug\AY1920_II_HW_FINAL_CARZANIGA_GUALNIERA.a(PWM_RG.o)
 .debug_ranges  0x000002c8       0x88 .\CortexM3\ARM_GCC_541\Debug\AY1920_II_HW_FINAL_CARZANIGA_GUALNIERA.a(PWM_B.o)
 .debug_ranges  0x00000350       0x70 .\CortexM3\ARM_GCC_541\Debug\AY1920_II_HW_FINAL_CARZANIGA_GUALNIERA.a(ISR_START.o)
 .debug_ranges  0x000003c0       0xe0 .\CortexM3\ARM_GCC_541\Debug\AY1920_II_HW_FINAL_CARZANIGA_GUALNIERA.a(UART.o)
 .debug_ranges  0x000004a0       0x60 .\CortexM3\ARM_GCC_541\Debug\AY1920_II_HW_FINAL_CARZANIGA_GUALNIERA.a(UART_IntClock.o)
 .debug_ranges  0x00000500      0x290 .\CortexM3\ARM_GCC_541\Debug\AY1920_II_HW_FINAL_CARZANIGA_GUALNIERA.a(CyLib.o)
 .debug_ranges  0x00000790       0x88 .\CortexM3\ARM_GCC_541\Debug\AY1920_II_HW_FINAL_CARZANIGA_GUALNIERA.a(cyPm.o)
 .debug_ranges  0x00000818       0xc8 .\CortexM3\ARM_GCC_541\Debug\AY1920_II_HW_FINAL_CARZANIGA_GUALNIERA.a(SPIM.o)
 .debug_ranges  0x000008e0       0x18 .\CortexM3\ARM_GCC_541\Debug\AY1920_II_HW_FINAL_CARZANIGA_GUALNIERA.a(SPIM_INT.o)
 .debug_ranges  0x000008f8       0x28 .\CortexM3\ARM_GCC_541\Debug\AY1920_II_HW_FINAL_CARZANIGA_GUALNIERA.a(CS.o)
 .debug_ranges  0x00000920       0x60 .\CortexM3\ARM_GCC_541\Debug\AY1920_II_HW_FINAL_CARZANIGA_GUALNIERA.a(SPIM_IntClock.o)
 .debug_ranges  0x00000980       0x28 .\CortexM3\ARM_GCC_541\Debug\AY1920_II_HW_FINAL_CARZANIGA_GUALNIERA.a(ONBOARD_LED.o)
 .debug_ranges  0x000009a8       0x78 .\CortexM3\ARM_GCC_541\Debug\AY1920_II_HW_FINAL_CARZANIGA_GUALNIERA.a(NOTIFY_TIMER.o)
 .debug_ranges  0x00000a20       0x78 .\CortexM3\ARM_GCC_541\Debug\AY1920_II_HW_FINAL_CARZANIGA_GUALNIERA.a(BUTTON_TIMER.o)
 .debug_ranges  0x00000a98       0x70 .\CortexM3\ARM_GCC_541\Debug\AY1920_II_HW_FINAL_CARZANIGA_GUALNIERA.a(ISR_IMU.o)
 .debug_ranges  0x00000b08       0x78 .\CortexM3\ARM_GCC_541\Debug\AY1920_II_HW_FINAL_CARZANIGA_GUALNIERA.a(CyFlash.o)
 .debug_ranges  0x00000b80       0x70 .\CortexM3\ARM_GCC_541\Debug\AY1920_II_HW_FINAL_CARZANIGA_GUALNIERA.a(CySpc.o)

.comment        0x00000000       0x6e
 .comment       0x00000000       0x6e .\CortexM3\ARM_GCC_541\Debug\main.o
                                 0x6f (size before relaxing)
 .comment       0x0000006e       0x6f .\CortexM3\ARM_GCC_541\Debug\InterruptRoutines.o
 .comment       0x0000006e       0x6f .\CortexM3\ARM_GCC_541\Debug\SPI_Interface.o
 .comment       0x0000006e       0x6f .\CortexM3\ARM_GCC_541\Debug\25LC256.o
 .comment       0x0000006e       0x6f .\CortexM3\ARM_GCC_541\Debug\LED_Driver.o
 .comment       0x0000006e       0x6f .\CortexM3\ARM_GCC_541\Debug\Notifications.o
 .comment       0x0000006e       0x6f .\CortexM3\ARM_GCC_541\Debug\LIS3DH.o
 .comment       0x0000006e       0x6f .\CortexM3\ARM_GCC_541\Debug\cyfitter_cfg.o
 .comment       0x0000006e       0x6f .\CortexM3\ARM_GCC_541\Debug\cymetadata.o
 .comment       0x0000006e       0x6f .\CortexM3\ARM_GCC_541\Debug\Cm3Start.o
 .comment       0x0000006e       0x6f .\CortexM3\ARM_GCC_541\Debug\AY1920_II_HW_FINAL_CARZANIGA_GUALNIERA.a(ISR_CONFIG.o)
 .comment       0x0000006e       0x6f .\CortexM3\ARM_GCC_541\Debug\AY1920_II_HW_FINAL_CARZANIGA_GUALNIERA.a(PWM_RG.o)
 .comment       0x0000006e       0x6f .\CortexM3\ARM_GCC_541\Debug\AY1920_II_HW_FINAL_CARZANIGA_GUALNIERA.a(PWM_B.o)
 .comment       0x0000006e       0x6f .\CortexM3\ARM_GCC_541\Debug\AY1920_II_HW_FINAL_CARZANIGA_GUALNIERA.a(ISR_START.o)
 .comment       0x0000006e       0x6f .\CortexM3\ARM_GCC_541\Debug\AY1920_II_HW_FINAL_CARZANIGA_GUALNIERA.a(UART.o)
 .comment       0x0000006e       0x6f .\CortexM3\ARM_GCC_541\Debug\AY1920_II_HW_FINAL_CARZANIGA_GUALNIERA.a(UART_IntClock.o)
 .comment       0x0000006e       0x6f .\CortexM3\ARM_GCC_541\Debug\AY1920_II_HW_FINAL_CARZANIGA_GUALNIERA.a(CyLib.o)
 .comment       0x0000006e       0x6f .\CortexM3\ARM_GCC_541\Debug\AY1920_II_HW_FINAL_CARZANIGA_GUALNIERA.a(cyPm.o)
 .comment       0x0000006e       0x6f .\CortexM3\ARM_GCC_541\Debug\AY1920_II_HW_FINAL_CARZANIGA_GUALNIERA.a(SPIM.o)
 .comment       0x0000006e       0x6f .\CortexM3\ARM_GCC_541\Debug\AY1920_II_HW_FINAL_CARZANIGA_GUALNIERA.a(SPIM_INT.o)
 .comment       0x0000006e       0x6f .\CortexM3\ARM_GCC_541\Debug\AY1920_II_HW_FINAL_CARZANIGA_GUALNIERA.a(CS.o)
 .comment       0x0000006e       0x6f .\CortexM3\ARM_GCC_541\Debug\AY1920_II_HW_FINAL_CARZANIGA_GUALNIERA.a(SPIM_IntClock.o)
 .comment       0x0000006e       0x6f .\CortexM3\ARM_GCC_541\Debug\AY1920_II_HW_FINAL_CARZANIGA_GUALNIERA.a(ONBOARD_LED.o)
 .comment       0x0000006e       0x6f .\CortexM3\ARM_GCC_541\Debug\AY1920_II_HW_FINAL_CARZANIGA_GUALNIERA.a(NOTIFY_TIMER.o)
 .comment       0x0000006e       0x6f .\CortexM3\ARM_GCC_541\Debug\AY1920_II_HW_FINAL_CARZANIGA_GUALNIERA.a(BUTTON_TIMER.o)
 .comment       0x0000006e       0x6f .\CortexM3\ARM_GCC_541\Debug\AY1920_II_HW_FINAL_CARZANIGA_GUALNIERA.a(ISR_IMU.o)
 .comment       0x0000006e       0x6f .\CortexM3\ARM_GCC_541\Debug\AY1920_II_HW_FINAL_CARZANIGA_GUALNIERA.a(CyFlash.o)
 .comment       0x0000006e       0x6f .\CortexM3\ARM_GCC_541\Debug\AY1920_II_HW_FINAL_CARZANIGA_GUALNIERA.a(CySpc.o)

.debug_weaknames
 *(.debug_weaknames)

.debug_funcnames
 *(.debug_funcnames)

.debug_typenames
 *(.debug_typenames)

.debug_varnames
 *(.debug_varnames)

.note.gnu.arm.ident
 *(.note.gnu.arm.ident)

.ARM.attributes
                0x00000000       0x29
 *(.ARM.attributes)
 .ARM.attributes
                0x00000000       0x1d c:/program files (x86)/cypress/psoc creator/4.3/psoc creator/import/gnu/arm/5.4.1/bin/../lib/gcc/arm-none-eabi/5.4.1/armv7-m/crti.o
 .ARM.attributes
                0x0000001d       0x2d c:/program files (x86)/cypress/psoc creator/4.3/psoc creator/import/gnu/arm/5.4.1/bin/../lib/gcc/arm-none-eabi/5.4.1/armv7-m/crtbegin.o
 .ARM.attributes
                0x0000004a       0x1b c:/program files (x86)/cypress/psoc creator/4.3/psoc creator/import/gnu/arm/5.4.1/bin/../lib/gcc/arm-none-eabi/5.4.1/../../../../arm-none-eabi/lib/armv7-m/crt0.o
 .ARM.attributes
                0x00000065       0x33 .\CortexM3\ARM_GCC_541\Debug\main.o
 .ARM.attributes
                0x00000098       0x33 .\CortexM3\ARM_GCC_541\Debug\InterruptRoutines.o
 .ARM.attributes
                0x000000cb       0x33 .\CortexM3\ARM_GCC_541\Debug\SPI_Interface.o
 .ARM.attributes
                0x000000fe       0x33 .\CortexM3\ARM_GCC_541\Debug\25LC256.o
 .ARM.attributes
                0x00000131       0x33 .\CortexM3\ARM_GCC_541\Debug\LED_Driver.o
 .ARM.attributes
                0x00000164       0x33 .\CortexM3\ARM_GCC_541\Debug\Notifications.o
 .ARM.attributes
                0x00000197       0x33 .\CortexM3\ARM_GCC_541\Debug\LIS3DH.o
 .ARM.attributes
                0x000001ca       0x33 .\CortexM3\ARM_GCC_541\Debug\cyfitter_cfg.o
 .ARM.attributes
                0x000001fd       0x33 .\CortexM3\ARM_GCC_541\Debug\cymetadata.o
 .ARM.attributes
                0x00000230       0x33 .\CortexM3\ARM_GCC_541\Debug\Cm3Start.o
 .ARM.attributes
                0x00000263       0x33 .\CortexM3\ARM_GCC_541\Debug\AY1920_II_HW_FINAL_CARZANIGA_GUALNIERA.a(ISR_CONFIG.o)
 .ARM.attributes
                0x00000296       0x33 .\CortexM3\ARM_GCC_541\Debug\AY1920_II_HW_FINAL_CARZANIGA_GUALNIERA.a(PWM_RG.o)
 .ARM.attributes
                0x000002c9       0x33 .\CortexM3\ARM_GCC_541\Debug\AY1920_II_HW_FINAL_CARZANIGA_GUALNIERA.a(PWM_B.o)
 .ARM.attributes
                0x000002fc       0x33 .\CortexM3\ARM_GCC_541\Debug\AY1920_II_HW_FINAL_CARZANIGA_GUALNIERA.a(ISR_START.o)
 .ARM.attributes
                0x0000032f       0x33 .\CortexM3\ARM_GCC_541\Debug\AY1920_II_HW_FINAL_CARZANIGA_GUALNIERA.a(UART.o)
 .ARM.attributes
                0x00000362       0x33 .\CortexM3\ARM_GCC_541\Debug\AY1920_II_HW_FINAL_CARZANIGA_GUALNIERA.a(UART_IntClock.o)
 .ARM.attributes
                0x00000395       0x33 .\CortexM3\ARM_GCC_541\Debug\AY1920_II_HW_FINAL_CARZANIGA_GUALNIERA.a(CyLib.o)
 .ARM.attributes
                0x000003c8       0x33 .\CortexM3\ARM_GCC_541\Debug\AY1920_II_HW_FINAL_CARZANIGA_GUALNIERA.a(cyPm.o)
 .ARM.attributes
                0x000003fb       0x33 .\CortexM3\ARM_GCC_541\Debug\AY1920_II_HW_FINAL_CARZANIGA_GUALNIERA.a(SPIM.o)
 .ARM.attributes
                0x0000042e       0x33 .\CortexM3\ARM_GCC_541\Debug\AY1920_II_HW_FINAL_CARZANIGA_GUALNIERA.a(SPIM_INT.o)
 .ARM.attributes
                0x00000461       0x33 .\CortexM3\ARM_GCC_541\Debug\AY1920_II_HW_FINAL_CARZANIGA_GUALNIERA.a(CS.o)
 .ARM.attributes
                0x00000494       0x33 .\CortexM3\ARM_GCC_541\Debug\AY1920_II_HW_FINAL_CARZANIGA_GUALNIERA.a(SPIM_IntClock.o)
 .ARM.attributes
                0x000004c7       0x33 .\CortexM3\ARM_GCC_541\Debug\AY1920_II_HW_FINAL_CARZANIGA_GUALNIERA.a(ONBOARD_LED.o)
 .ARM.attributes
                0x000004fa       0x33 .\CortexM3\ARM_GCC_541\Debug\AY1920_II_HW_FINAL_CARZANIGA_GUALNIERA.a(NOTIFY_TIMER.o)
 .ARM.attributes
                0x0000052d       0x33 .\CortexM3\ARM_GCC_541\Debug\AY1920_II_HW_FINAL_CARZANIGA_GUALNIERA.a(BUTTON_TIMER.o)
 .ARM.attributes
                0x00000560       0x33 .\CortexM3\ARM_GCC_541\Debug\AY1920_II_HW_FINAL_CARZANIGA_GUALNIERA.a(ISR_IMU.o)
 .ARM.attributes
                0x00000593       0x21 .\CortexM3\ARM_GCC_541\Debug\AY1920_II_HW_FINAL_CARZANIGA_GUALNIERA.a(CyBootAsmGnu.o)
 .ARM.attributes
                0x000005b4       0x33 .\CortexM3\ARM_GCC_541\Debug\AY1920_II_HW_FINAL_CARZANIGA_GUALNIERA.a(CyFlash.o)
 .ARM.attributes
                0x000005e7       0x33 .\CortexM3\ARM_GCC_541\Debug\AY1920_II_HW_FINAL_CARZANIGA_GUALNIERA.a(CySpc.o)
 .ARM.attributes
                0x0000061a       0x2d c:/program files (x86)/cypress/psoc creator/4.3/psoc creator/import/gnu/arm/5.4.1/bin/../lib/gcc/arm-none-eabi/5.4.1/../../../../arm-none-eabi/lib/armv7-m\libg_nano.a(lib_a-errno.o)
 .ARM.attributes
                0x00000647       0x2d c:/program files (x86)/cypress/psoc creator/4.3/psoc creator/import/gnu/arm/5.4.1/bin/../lib/gcc/arm-none-eabi/5.4.1/../../../../arm-none-eabi/lib/armv7-m\libg_nano.a(lib_a-exit.o)
 .ARM.attributes
                0x00000674       0x2d c:/program files (x86)/cypress/psoc creator/4.3/psoc creator/import/gnu/arm/5.4.1/bin/../lib/gcc/arm-none-eabi/5.4.1/../../../../arm-none-eabi/lib/armv7-m\libg_nano.a(lib_a-impure.o)
 .ARM.attributes
                0x000006a1       0x2d c:/program files (x86)/cypress/psoc creator/4.3/psoc creator/import/gnu/arm/5.4.1/bin/../lib/gcc/arm-none-eabi/5.4.1/../../../../arm-none-eabi/lib/armv7-m\libg_nano.a(lib_a-init.o)
 .ARM.attributes
                0x000006ce       0x2d c:/program files (x86)/cypress/psoc creator/4.3/psoc creator/import/gnu/arm/5.4.1/bin/../lib/gcc/arm-none-eabi/5.4.1/../../../../arm-none-eabi/lib/armv7-m\libg_nano.a(lib_a-memcpy-stub.o)
 .ARM.attributes
                0x000006fb       0x2d c:/program files (x86)/cypress/psoc creator/4.3/psoc creator/import/gnu/arm/5.4.1/bin/../lib/gcc/arm-none-eabi/5.4.1/../../../../arm-none-eabi/lib/armv7-m\libg_nano.a(lib_a-memset.o)
 .ARM.attributes
                0x00000728       0x2d c:/program files (x86)/cypress/psoc creator/4.3/psoc creator/import/gnu/arm/5.4.1/bin/../lib/gcc/arm-none-eabi/5.4.1/../../../../arm-none-eabi/lib/armv7-m\libg_nano.a(lib_a-sprintf.o)
 .ARM.attributes
                0x00000755       0x2d c:/program files (x86)/cypress/psoc creator/4.3/psoc creator/import/gnu/arm/5.4.1/bin/../lib/gcc/arm-none-eabi/5.4.1/../../../../arm-none-eabi/lib/armv7-m\libg_nano.a(lib_a-nano-svfprintf.o)
 .ARM.attributes
                0x00000782       0x2d c:/program files (x86)/cypress/psoc creator/4.3/psoc creator/import/gnu/arm/5.4.1/bin/../lib/gcc/arm-none-eabi/5.4.1/../../../../arm-none-eabi/lib/armv7-m\libg_nano.a(lib_a-nano-vfprintf_i.o)
 .ARM.attributes
                0x000007af       0x2d c:/program files (x86)/cypress/psoc creator/4.3/psoc creator/import/gnu/arm/5.4.1/bin/../lib/gcc/arm-none-eabi/5.4.1/../../../../arm-none-eabi/lib/armv7-m\libg_nano.a(lib_a-memchr-stub.o)
 .ARM.attributes
                0x000007dc       0x2d c:/program files (x86)/cypress/psoc creator/4.3/psoc creator/import/gnu/arm/5.4.1/bin/../lib/gcc/arm-none-eabi/5.4.1/../../../../arm-none-eabi/lib/armv7-m\libg_nano.a(lib_a-memmove.o)
 .ARM.attributes
                0x00000809       0x2d c:/program files (x86)/cypress/psoc creator/4.3/psoc creator/import/gnu/arm/5.4.1/bin/../lib/gcc/arm-none-eabi/5.4.1/../../../../arm-none-eabi/lib/armv7-m\libg_nano.a(lib_a-nano-freer.o)
 .ARM.attributes
                0x00000836       0x2d c:/program files (x86)/cypress/psoc creator/4.3/psoc creator/import/gnu/arm/5.4.1/bin/../lib/gcc/arm-none-eabi/5.4.1/../../../../arm-none-eabi/lib/armv7-m\libg_nano.a(lib_a-nano-mallocr.o)
 .ARM.attributes
                0x00000863       0x2d c:/program files (x86)/cypress/psoc creator/4.3/psoc creator/import/gnu/arm/5.4.1/bin/../lib/gcc/arm-none-eabi/5.4.1/../../../../arm-none-eabi/lib/armv7-m\libg_nano.a(lib_a-nano-reallocr.o)
 .ARM.attributes
                0x00000890       0x2d c:/program files (x86)/cypress/psoc creator/4.3/psoc creator/import/gnu/arm/5.4.1/bin/../lib/gcc/arm-none-eabi/5.4.1/../../../../arm-none-eabi/lib/armv7-m\libg_nano.a(lib_a-sbrkr.o)
 .ARM.attributes
                0x000008bd       0x2d c:/program files (x86)/cypress/psoc creator/4.3/psoc creator/import/gnu/arm/5.4.1/bin/../lib/gcc/arm-none-eabi/5.4.1/../../../../arm-none-eabi/lib/armv7-m\libg_nano.a(lib_a-mlock.o)
 .ARM.attributes
                0x000008ea       0x2d c:/program files (x86)/cypress/psoc creator/4.3/psoc creator/import/gnu/arm/5.4.1/bin/../lib/gcc/arm-none-eabi/5.4.1/../../../../arm-none-eabi/lib/armv7-m\libg_nano.a(lib_a-nano-msizer.o)
 .ARM.attributes
                0x00000917       0x2d c:/program files (x86)/cypress/psoc creator/4.3/psoc creator/import/gnu/arm/5.4.1/bin/../lib/gcc/arm-none-eabi/5.4.1/../../../../arm-none-eabi/lib/armv7-m\libg_nano.a(lib_a-reent.o)
 .ARM.attributes
                0x00000944       0x2d c:/program files (x86)/cypress/psoc creator/4.3/psoc creator/import/gnu/arm/5.4.1/bin/../lib/gcc/arm-none-eabi/5.4.1/armv7-m/crtend.o
 .ARM.attributes
                0x00000971       0x1d c:/program files (x86)/cypress/psoc creator/4.3/psoc creator/import/gnu/arm/5.4.1/bin/../lib/gcc/arm-none-eabi/5.4.1/armv7-m/crtn.o

/DISCARD/
 *(.note.GNU-stack)
OUTPUT(C:\Users\Manu\Desktop\github\PSoC-Final-Project\AY1920_II_HW_FINAL_CARZANIGA_GUALNIERA\AY1920_II_HW_FINAL_CARZANIGA_GUALNIERA.cydsn\CortexM3\ARM_GCC_541\Debug\AY1920_II_HW_FINAL_CARZANIGA_GUALNIERA.elf elf32-littlearm)
