Archive member included to satisfy reference by file (symbol)

.\CortexM3\ARM_GCC_541\Debug\AY1920_II_HW_FINAL_CARZANIGA_GUALNIERA.a(ISR_CONFIG.o)
                              .\CortexM3\ARM_GCC_541\Debug\main.o (ISR_CONFIG_StartEx)
.\CortexM3\ARM_GCC_541\Debug\AY1920_II_HW_FINAL_CARZANIGA_GUALNIERA.a(PWM_RG.o)
                              .\CortexM3\ARM_GCC_541\Debug\LED_Driver.o (PWM_RG_Stop)
.\CortexM3\ARM_GCC_541\Debug\AY1920_II_HW_FINAL_CARZANIGA_GUALNIERA.a(PWM_B.o)
                              .\CortexM3\ARM_GCC_541\Debug\LED_Driver.o (PWM_B_Stop)
.\CortexM3\ARM_GCC_541\Debug\AY1920_II_HW_FINAL_CARZANIGA_GUALNIERA.a(ISR_START.o)
                              .\CortexM3\ARM_GCC_541\Debug\main.o (ISR_START_StartEx)
.\CortexM3\ARM_GCC_541\Debug\AY1920_II_HW_FINAL_CARZANIGA_GUALNIERA.a(UART.o)
                              .\CortexM3\ARM_GCC_541\Debug\main.o (UART_Start)
.\CortexM3\ARM_GCC_541\Debug\AY1920_II_HW_FINAL_CARZANIGA_GUALNIERA.a(UART_IntClock.o)
                              .\CortexM3\ARM_GCC_541\Debug\AY1920_II_HW_FINAL_CARZANIGA_GUALNIERA.a(UART.o) (UART_IntClock_Start)
.\CortexM3\ARM_GCC_541\Debug\AY1920_II_HW_FINAL_CARZANIGA_GUALNIERA.a(CyLib.o)
                              .\CortexM3\ARM_GCC_541\Debug\Cm3Start.o (CyHalt)
.\CortexM3\ARM_GCC_541\Debug\AY1920_II_HW_FINAL_CARZANIGA_GUALNIERA.a(cyPm.o)
                              .\CortexM3\ARM_GCC_541\Debug\AY1920_II_HW_FINAL_CARZANIGA_GUALNIERA.a(CyLib.o) (CyPmReadStatus)
.\CortexM3\ARM_GCC_541\Debug\AY1920_II_HW_FINAL_CARZANIGA_GUALNIERA.a(BUTTON_TIMER.o)
                              .\CortexM3\ARM_GCC_541\Debug\main.o (BUTTON_TIMER_Start)
.\CortexM3\ARM_GCC_541\Debug\AY1920_II_HW_FINAL_CARZANIGA_GUALNIERA.a(CS_IMU.o)
                              .\CortexM3\ARM_GCC_541\Debug\SPI_Interface.o (CS_IMU_Write)
.\CortexM3\ARM_GCC_541\Debug\AY1920_II_HW_FINAL_CARZANIGA_GUALNIERA.a(CS_EEPROM.o)
                              .\CortexM3\ARM_GCC_541\Debug\SPI_Interface.o (CS_EEPROM_Write)
.\CortexM3\ARM_GCC_541\Debug\AY1920_II_HW_FINAL_CARZANIGA_GUALNIERA.a(PWM_NOTIFY.o)
                              .\CortexM3\ARM_GCC_541\Debug\Notifications.o (PWM_NOTIFY_Stop)
.\CortexM3\ARM_GCC_541\Debug\AY1920_II_HW_FINAL_CARZANIGA_GUALNIERA.a(CLICK_TIMER.o)
                              .\CortexM3\ARM_GCC_541\Debug\main.o (CLICK_TIMER_Start)
.\CortexM3\ARM_GCC_541\Debug\AY1920_II_HW_FINAL_CARZANIGA_GUALNIERA.a(ISR_IMU.o)
                              .\CortexM3\ARM_GCC_541\Debug\main.o (ISR_IMU_StartEx)
.\CortexM3\ARM_GCC_541\Debug\AY1920_II_HW_FINAL_CARZANIGA_GUALNIERA.a(SPIM_IMU.o)
                              .\CortexM3\ARM_GCC_541\Debug\SPI_Interface.o (SPIM_IMU_ReadTxStatus)
.\CortexM3\ARM_GCC_541\Debug\AY1920_II_HW_FINAL_CARZANIGA_GUALNIERA.a(SPIM_IMU_INT.o)
                              .\CortexM3\ARM_GCC_541\Debug\AY1920_II_HW_FINAL_CARZANIGA_GUALNIERA.a(SPIM_IMU.o) (SPIM_IMU_TX_ISR)
.\CortexM3\ARM_GCC_541\Debug\AY1920_II_HW_FINAL_CARZANIGA_GUALNIERA.a(SPIM_EEPROM.o)
                              .\CortexM3\ARM_GCC_541\Debug\SPI_Interface.o (SPIM_EEPROM_ReadTxStatus)
.\CortexM3\ARM_GCC_541\Debug\AY1920_II_HW_FINAL_CARZANIGA_GUALNIERA.a(SPIM_EEPROM_INT.o)
                              .\CortexM3\ARM_GCC_541\Debug\AY1920_II_HW_FINAL_CARZANIGA_GUALNIERA.a(SPIM_EEPROM.o) (SPIM_EEPROM_TX_ISR)
.\CortexM3\ARM_GCC_541\Debug\AY1920_II_HW_FINAL_CARZANIGA_GUALNIERA.a(SPIM_IMU_IntClock.o)
                              .\CortexM3\ARM_GCC_541\Debug\AY1920_II_HW_FINAL_CARZANIGA_GUALNIERA.a(SPIM_IMU.o) (SPIM_IMU_IntClock_Start)
.\CortexM3\ARM_GCC_541\Debug\AY1920_II_HW_FINAL_CARZANIGA_GUALNIERA.a(SPIM_EEPROM_IntClock.o)
                              .\CortexM3\ARM_GCC_541\Debug\AY1920_II_HW_FINAL_CARZANIGA_GUALNIERA.a(SPIM_EEPROM.o) (SPIM_EEPROM_IntClock_Start)
.\CortexM3\ARM_GCC_541\Debug\AY1920_II_HW_FINAL_CARZANIGA_GUALNIERA.a(MAIN_TIMER.o)
                              .\CortexM3\ARM_GCC_541\Debug\main.o (MAIN_TIMER_Start)
.\CortexM3\ARM_GCC_541\Debug\AY1920_II_HW_FINAL_CARZANIGA_GUALNIERA.a(ADC_DELSIG.o)
                              .\CortexM3\ARM_GCC_541\Debug\main.o (ADC_DELSIG_Start)
.\CortexM3\ARM_GCC_541\Debug\AY1920_II_HW_FINAL_CARZANIGA_GUALNIERA.a(ADC_DELSIG_INT.o)
                              .\CortexM3\ARM_GCC_541\Debug\AY1920_II_HW_FINAL_CARZANIGA_GUALNIERA.a(ADC_DELSIG.o) (ADC_DELSIG_ISR1)
.\CortexM3\ARM_GCC_541\Debug\AY1920_II_HW_FINAL_CARZANIGA_GUALNIERA.a(ADC_DELSIG_AMux.o)
                              .\CortexM3\ARM_GCC_541\Debug\AY1920_II_HW_FINAL_CARZANIGA_GUALNIERA.a(ADC_DELSIG.o) (ADC_DELSIG_AMux_Select)
.\CortexM3\ARM_GCC_541\Debug\AY1920_II_HW_FINAL_CARZANIGA_GUALNIERA.a(ADC_DELSIG_Ext_CP_Clk.o)
                              .\CortexM3\ARM_GCC_541\Debug\AY1920_II_HW_FINAL_CARZANIGA_GUALNIERA.a(ADC_DELSIG.o) (ADC_DELSIG_Ext_CP_Clk_SetModeRegister)
.\CortexM3\ARM_GCC_541\Debug\AY1920_II_HW_FINAL_CARZANIGA_GUALNIERA.a(ADC_DELSIG_theACLK.o)
[...]
Memory Configuration

Name             Origin             Length             Attributes
rom              0x00000000         0x00040000         xr
ram              0x1fff8000         0x00010000         xrw
*default*        0x00000000         0xffffffff

Linker script and memory map

LOAD c:/program files (x86)/cypress/psoc creator/4.3/psoc creator/import/gnu/arm/5.4.1/bin/../lib/gcc/arm-none-eabi/5.4.1/armv7-m/crti.o
LOAD c:/program files (x86)/cypress/psoc creator/4.3/psoc creator/import/gnu/arm/5.4.1/bin/../lib/gcc/arm-none-eabi/5.4.1/armv7-m/crtbegin.o
LOAD c:/program files (x86)/cypress/psoc creator/4.3/psoc creator/import/gnu/arm/5.4.1/bin/../lib/gcc/arm-none-eabi/5.4.1/../../../../arm-none-eabi/lib/armv7-m/crt0.o
START GROUP
LOAD .\CortexM3\ARM_GCC_541\Debug\main.o
LOAD .\CortexM3\ARM_GCC_541\Debug\InterruptRoutines.o
LOAD .\CortexM3\ARM_GCC_541\Debug\SPI_Interface.o
LOAD .\CortexM3\ARM_GCC_541\Debug\25LC256.o
LOAD .\CortexM3\ARM_GCC_541\Debug\LED_Driver.o
LOAD .\CortexM3\ARM_GCC_541\Debug\LIS3DH.o
LOAD .\CortexM3\ARM_GCC_541\Debug\Notifications.o
LOAD .\CortexM3\ARM_GCC_541\Debug\LogUtils.o
LOAD .\CortexM3\ARM_GCC_541\Debug\cyfitter_cfg.o
LOAD .\CortexM3\ARM_GCC_541\Debug\cymetadata.o
LOAD .\CortexM3\ARM_GCC_541\Debug\Cm3Start.o
LOAD .\CortexM3\ARM_GCC_541\Debug\AY1920_II_HW_FINAL_CARZANIGA_GUALNIERA.a
LOAD C:\Program Files (x86)\Cypress\PSoC Creator\4.3\PSoC Creator\psoc\content\cycomponentlibrary\CyComponentLibrary.cylib\CortexM3\ARM_GCC_541\Debug\CyComponentLibrary.a
END GROUP
START GROUP
LOAD c:/program files (x86)/cypress/psoc creator/4.3/psoc creator/import/gnu/arm/5.4.1/bin/../lib/gcc/arm-none-eabi/5.4.1/armv7-m\libgcc.a
LOAD c:/program files (x86)/cypress/psoc creator/4.3/psoc creator/import/gnu/arm/5.4.1/bin/../lib/gcc/arm-none-eabi/5.4.1/../../../../arm-none-eabi/lib/armv7-m\libg_nano.a
LOAD c:/program files (x86)/cypress/psoc creator/4.3/psoc creator/import/gnu/arm/5.4.1/bin/../lib/gcc/arm-none-eabi/5.4.1/../../../../arm-none-eabi/lib/armv7-m\libc_nano.a
END GROUP
START GROUP
LOAD c:/program files (x86)/cypress/psoc creator/4.3/psoc creator/import/gnu/arm/5.4.1/bin/../lib/gcc/arm-none-eabi/5.4.1/armv7-m\libgcc.a
LOAD c:/program files (x86)/cypress/psoc creator/4.3/psoc creator/import/gnu/arm/5.4.1/bin/../lib/gcc/arm-none-eabi/5.4.1/../../../../arm-none-eabi/lib/armv7-m\libc_nano.a
END GROUP
LOAD c:/program files (x86)/cypress/psoc creator/4.3/psoc creator/import/gnu/arm/5.4.1/bin/../lib/gcc/arm-none-eabi/5.4.1/armv7-m/crtend.o
LOAD c:/program files (x86)/cypress/psoc creator/4.3/psoc creator/import/gnu/arm/5.4.1/bin/../lib/gcc/arm-none-eabi/5.4.1/armv7-m/crtn.o
START GROUP
LOAD c:/program files (x86)/cypress/psoc creator/4.3/psoc creator/import/gnu/arm/5.4.1/bin/../lib/gcc/arm-none-eabi/5.4.1/armv7-m\libgcc.a
LOAD c:/program files (x86)/cypress/psoc creator/4.3/psoc creator/import/gnu/arm/5.4.1/bin/../lib/gcc/arm-none-eabi/5.4.1/../../../../arm-none-eabi/lib/armv7-m\libc.a
LOAD c:/program files (x86)/cypress/psoc creator/4.3/psoc creator/import/gnu/arm/5.4.1/bin/../lib/gcc/arm-none-eabi/5.4.1/../../../../arm-none-eabi/lib/armv7-m\libnosys.a
END GROUP
                0x00000000                CY_APPL_ORIGIN = 0x0
                0x00000100                CY_FLASH_ROW_SIZE = 0x100
                0x00000020                CY_ECC_ROW_SIZE = 0x20
                0x00000000                CY_EE_IN_BTLDR = 0x0
                0x00000000                CY_APPL_LOADABLE = 0x0
                0x00000800                CY_EE_SIZE = 0x800
                0x00000001                CY_APPL_NUM = 0x1
                0x00000001                CY_APPL_MAX = 0x1
                0x00000040                CY_METADATA_SIZE = 0x40
                0x00000000                CY_APPL_LOADABLE = 0x0
                0x00000000                CY_CHECKSUM_EXCLUDE_SIZE = ALIGN (0x0, CY_FLASH_ROW_SIZE)
                [!provide]                PROVIDE (__cy_heap_start, _end)
                0x00000001                PROVIDE (__cy_region_num, ((__cy_regions_end - __cy_regions) / 0x10))
                0x20008000                PROVIDE (__cy_stack, (ORIGIN (ram) + LENGTH (ram)))
                [!provide]                PROVIDE (__cy_heap_end, (__cy_stack - 0x800))

.cybootloader   0x00000000        0x0
 *(.cybootloader)
                0x00000000                appl1_start = CY_APPL_ORIGIN?CY_APPL_ORIGIN:ALIGN (CY_FLASH_ROW_SIZE)
                0x0001ff00                appl2_start = (appl1_start + ALIGN ((((LENGTH (rom) - appl1_start) - (0x2 * CY_FLASH_ROW_SIZE)) / 0x2), CY_FLASH_ROW_SIZE))
                0x00000000                appl_start = (CY_APPL_NUM == 0x1)?appl1_start:appl2_start
                0x00000000                ecc_offset = ((appl_start / CY_FLASH_ROW_SIZE) * CY_ECC_ROW_SIZE)
                0x00000000                ee_offset = (CY_APPL_LOADABLE && ! (CY_EE_IN_BTLDR))?((CY_EE_SIZE / CY_APPL_MAX) * (CY_APPL_NUM - 0x1)):0x0
                0x00000800                ee_size = (CY_APPL_LOADABLE && ! (CY_EE_IN_BTLDR))?(CY_EE_SIZE / CY_APPL_MAX):CY_EE_SIZE
                [!provide]                PROVIDE (CY_ECC_OFFSET, ecc_offset)

.text           0x00000000     0x3608
 CREATE_OBJECT_SYMBOLS
                0x00000000                PROVIDE (__cy_interrupt_vector, RomVectors)
 *(.romvectors)
 .romvectors    0x00000000       0x10 .\CortexM3\ARM_GCC_541\Debug\Cm3Start.o
                0x00000000                RomVectors
                0x00000001                ASSERT ((. != __cy_interrupt_vector), No interrupt vector)
                0x00000001                ASSERT (CY_APPL_ORIGIN?(SIZEOF (.cybootloader) <= CY_APPL_ORIGIN):0x1, Wrong image location)
                0x00000010                PROVIDE (__cy_reset, Reset)
 *(.text.Reset)
 .text.Reset    0x00000010       0x18 .\CortexM3\ARM_GCC_541\Debug\Cm3Start.o
                0x00000010                Reset
                0x00000001                ASSERT ((. != __cy_reset), No reset code)
 *(.dma_init)
                0x00000001                ASSERT ((((appl_start + .) <= 0x10000) || 0x1), DMA Init must be within the first 64k of flash)
 *(.text .text.* .gnu.linkonce.t.*)
 .text          0x00000028       0x5c c:/program files (x86)/cypress/psoc creator/4.3/psoc creator/import/gnu/arm/5.4.1/bin/../lib/gcc/arm-none-eabi/5.4.1/armv7-m/crtbegin.o
 .text.main     0x00000084      0x170 .\CortexM3\ARM_GCC_541\Debug\main.o
                0x00000084                main
 .text.CUSTOM_ISR_CONFIG
                0x000001f4       0x58 .\CortexM3\ARM_GCC_541\Debug\InterruptRoutines.o
                0x000001f4                CUSTOM_ISR_CONFIG
 .text.CUSTOM_ISR_START
                0x0000024c       0x44 .\CortexM3\ARM_GCC_541\Debug\InterruptRoutines.o
                0x0000024c                CUSTOM_ISR_START
 .text.CUSTOM_ISR_IMU
                0x00000290        0xc .\CortexM3\ARM_GCC_541\Debug\InterruptRoutines.o
                0x00000290                CUSTOM_ISR_IMU
 .text.SPI_IMU_Interface_ReadByte
                0x0000029c       0x34 .\CortexM3\ARM_GCC_541\Debug\SPI_Interface.o
                0x0000029c                SPI_IMU_Interface_ReadByte
 .text.SPI_IMU_Interface_Multi_RW
                0x000002d0       0xb8 .\CortexM3\ARM_GCC_541\Debug\SPI_Interface.o
                0x000002d0                SPI_IMU_Interface_Multi_RW
 .text.SPI_EEPROM_Interface_tradeByte
                0x00000388       0x2c .\CortexM3\ARM_GCC_541\Debug\SPI_Interface.o
                0x00000388                SPI_EEPROM_Interface_tradeByte
 .text.SPI_EEPROM_Interface_ReadByte
                0x000003b4       0x34 .\CortexM3\ARM_GCC_541\Debug\SPI_Interface.o
                0x000003b4                SPI_EEPROM_Interface_ReadByte
 .text.SPI_EEPROM_Interface_Multi_RW
                0x000003e8       0xb8 .\CortexM3\ARM_GCC_541\Debug\SPI_Interface.o
                0x000003e8                SPI_EEPROM_Interface_Multi_RW
 .text.EEPROM_readStatus
                0x000004a0        0xc .\CortexM3\ARM_GCC_541\Debug\25LC256.o
                0x000004a0                EEPROM_readStatus
 .text.EEPROM_writeEnable
                0x000004ac        0xc .\CortexM3\ARM_GCC_541\Debug\25LC256.o
                0x000004ac                EEPROM_writeEnable
 .text.EEPROM_readByte
                0x000004b8       0x30 .\CortexM3\ARM_GCC_541\Debug\25LC256.o
                0x000004b8                EEPROM_readByte
 .text.EEPROM_writeByte
                0x000004e8       0x38 .\CortexM3\ARM_GCC_541\Debug\25LC256.o
                0x000004e8                EEPROM_writeByte
 .text.EEPROM_readPage
                0x00000520       0x24 .\CortexM3\ARM_GCC_541\Debug\25LC256.o
                0x00000520                EEPROM_readPage
 .text.EEPROM_writePage
                0x00000544       0x5c .\CortexM3\ARM_GCC_541\Debug\25LC256.o
                0x00000544                EEPROM_writePage
 .text.EEPROM_waitForWriteComplete
                0x000005a0       0x10 .\CortexM3\ARM_GCC_541\Debug\25LC256.o
                0x000005a0                EEPROM_waitForWriteComplete
 .text.EEPROM_saveStartStopState
                0x000005b0       0x28 .\CortexM3\ARM_GCC_541\Debug\25LC256.o
                0x000005b0                EEPROM_saveStartStopState
 .text.EEPROM_retrieveStartStopState
                0x000005d8       0x10 .\CortexM3\ARM_GCC_541\Debug\25LC256.o
                0x000005d8                EEPROM_retrieveStartStopState
 .text.EEPROM_saveConfigFlag
                0x000005e8       0x28 .\CortexM3\ARM_GCC_541\Debug\25LC256.o
                0x000005e8                EEPROM_saveConfigFlag
 .text.EEPROM_retrieveConfigFlag
                0x00000610       0x10 .\CortexM3\ARM_GCC_541\Debug\25LC256.o
                0x00000610                EEPROM_retrieveConfigFlag
 .text.EEPROM_saveSendFlag
                0x00000620       0x28 .\CortexM3\ARM_GCC_541\Debug\25LC256.o
                0x00000620                EEPROM_saveSendFlag
 .text.EEPROM_saveResetFlag
                0x00000648       0x28 .\CortexM3\ARM_GCC_541\Debug\25LC256.o
                0x00000648                EEPROM_saveResetFlag
 .text.EEPROM_retrieveLogPages
                0x00000670       0x18 .\CortexM3\ARM_GCC_541\Debug\25LC256.o
                0x00000670                EEPROM_retrieveLogPages
 .text.EEPROM_retrieveLogCount
                0x00000688       0x18 .\CortexM3\ARM_GCC_541\Debug\25LC256.o
                0x00000688                EEPROM_retrieveLogCount
 .text.EEPROM_incrementLogCounter
                0x000006a0       0x30 .\CortexM3\ARM_GCC_541\Debug\25LC256.o
                0x000006a0                EEPROM_incrementLogCounter
 .text.EEPROM_storeLogData
                0x000006d0       0x24 .\CortexM3\ARM_GCC_541\Debug\25LC256.o
                0x000006d0                EEPROM_storeLogData
 .text.EEPROM_storeLogMessage
                0x000006f4       0x2c .\CortexM3\ARM_GCC_541\Debug\25LC256.o
                0x000006f4                EEPROM_storeLogMessage
 .text.EEPROM_findLogID
                0x00000720       0x28 .\CortexM3\ARM_GCC_541\Debug\25LC256.o
                0x00000720                EEPROM_findLogID
 .text.EEPROM_retrieveLogData
                0x00000748       0x1c .\CortexM3\ARM_GCC_541\Debug\25LC256.o
                0x00000748                EEPROM_retrieveLogData
 .text.EEPROM_retrieveLogMessage
                0x00000764       0x38 .\CortexM3\ARM_GCC_541\Debug\25LC256.o
                0x00000764                EEPROM_retrieveLogMessage
 .text.EEPROM_resetMemory
                0x0000079c       0x48 .\CortexM3\ARM_GCC_541\Debug\25LC256.o
                0x0000079c                EEPROM_resetMemory
 .text.RGB_Start
                0x000007e4        0xc .\CortexM3\ARM_GCC_541\Debug\LED_Driver.o
                0x000007e4                RGB_Start
 .text.PWM_Driver
                0x000007f0       0x18 .\CortexM3\ARM_GCC_541\Debug\LED_Driver.o
                0x000007f0                PWM_Driver
 .text.RGB_sendFlagNotify
                0x00000808       0x20 .\CortexM3\ARM_GCC_541\Debug\LED_Driver.o
                0x00000808                RGB_sendFlagNotify
 .text.Moving_Average
                0x00000828       0x68 .\CortexM3\ARM_GCC_541\Debug\LED_Driver.o
                0x00000828                Moving_Average
 .text.Absolute_Value
                0x00000890        0xc .\CortexM3\ARM_GCC_541\Debug\LED_Driver.o
                0x00000890                Absolute_Value
 .text.RGB_dataProcess
                0x0000089c       0x30 .\CortexM3\ARM_GCC_541\Debug\LED_Driver.o
                0x0000089c                RGB_dataProcess
 .text.RGB_Driver
                0x000008cc       0x20 .\CortexM3\ARM_GCC_541\Debug\LED_Driver.o
                0x000008cc                RGB_Driver
 .text.IMU_ReadByte
                0x000008ec        0xc .\CortexM3\ARM_GCC_541\Debug\LIS3DH.o
                0x000008ec                IMU_ReadByte
 .text.IMU_RegistersSetup
                0x000008f8      0x398 .\CortexM3\ARM_GCC_541\Debug\LIS3DH.o
                0x000008f8                IMU_RegistersSetup
 .text.IMU_ReadFIFO
                0x00000c90       0x30 .\CortexM3\ARM_GCC_541\Debug\LIS3DH.o
                0x00000c90                IMU_ReadFIFO
 .text.IMU_StoreFIFO
                0x00000cc0       0x90 .\CortexM3\ARM_GCC_541\Debug\LIS3DH.o
                0x00000cc0                IMU_StoreFIFO
 .text.IMU_getPayload
                0x00000d50       0x74 .\CortexM3\ARM_GCC_541\Debug\LIS3DH.o
                0x00000d50                IMU_getPayload
 .text.IMU_DataSend
                0x00000dc4       0x64 .\CortexM3\ARM_GCC_541\Debug\LIS3DH.o
                0x00000dc4                IMU_DataSend
 .text.IMU_ResetFIFO
                0x00000e28       0x48 .\CortexM3\ARM_GCC_541\Debug\LIS3DH.o
                0x00000e28                IMU_ResetFIFO
 .text.IMU_StopISR
                0x00000e70       0x24 .\CortexM3\ARM_GCC_541\Debug\LIS3DH.o
                0x00000e70                IMU_StopISR
 .text.IMU_StartISR
                0x00000e94       0x28 .\CortexM3\ARM_GCC_541\Debug\LIS3DH.o
                0x00000e94                IMU_StartISR
 .text.LED_Notify_Stop
                0x00000ebc       0x14 .\CortexM3\ARM_GCC_541\Debug\Notifications.o
                0x00000ebc                LED_Notify_Stop
 .text.LED_Notify_Start
                0x00000ed0       0x18 .\CortexM3\ARM_GCC_541\Debug\Notifications.o
                0x00000ed0                LED_Notify_Start
 .text.LED_Notify_Config
                0x00000ee8       0x18 .\CortexM3\ARM_GCC_541\Debug\Notifications.o
                0x00000ee8                LED_Notify_Config
 .text.POT_Read_Value
                0x00000f00       0x2c .\CortexM3\ARM_GCC_541\Debug\Notifications.o
                0x00000f00                POT_Read_Value
 .text.LOG_insertPayload
                0x00000f2c       0x30 .\CortexM3\ARM_GCC_541\Debug\LogUtils.o
                0x00000f2c                LOG_insertPayload
 .text.LOG_createMessage
                0x00000f5c       0x3c .\CortexM3\ARM_GCC_541\Debug\LogUtils.o
                0x00000f5c                LOG_createMessage
 .text.LOG_getTimestamp
                0x00000f98        0xc .\CortexM3\ARM_GCC_541\Debug\LogUtils.o
                0x00000f98                LOG_getTimestamp
 .text.LOG_unpackMessage
                0x00000fa4       0x44 .\CortexM3\ARM_GCC_541\Debug\LogUtils.o
                0x00000fa4                LOG_unpackMessage
 .text.LOG_packMessage
                0x00000fe8       0x44 .\CortexM3\ARM_GCC_541\Debug\LogUtils.o
                0x00000fe8                LOG_packMessage
 .text.LOG_sendData
                0x0000102c       0x1c .\CortexM3\ARM_GCC_541\Debug\LogUtils.o
                0x0000102c                LOG_sendData
 .text.CyClockStartupError
                0x00001048        0x4 .\CortexM3\ARM_GCC_541\Debug\cyfitter_cfg.o
 .text.cfg_write_bytes32
                0x0000104c       0x34 .\CortexM3\ARM_GCC_541\Debug\cyfitter_cfg.o
 .text.AnalogSetDefault
                0x00001080       0x40 .\CortexM3\ARM_GCC_541\Debug\cyfitter_cfg.o
 .text.CYMEMZERO
                0x000010c0        0xc .\CortexM3\ARM_GCC_541\Debug\cyfitter_cfg.o
 .text.CYCONFIGCPY
                0x000010cc        0x8 .\CortexM3\ARM_GCC_541\Debug\cyfitter_cfg.o
 .text.ClockSetup
                0x000010d4      0x134 .\CortexM3\ARM_GCC_541\Debug\cyfitter_cfg.o
 .text.ADC_DELSIG_AMux_Set
                0x00001208       0x1c .\CortexM3\ARM_GCC_541\Debug\cyfitter_cfg.o
                0x00001208                ADC_DELSIG_AMux_Set
 .text.ADC_DELSIG_AMux_Unset
                0x00001224       0x1c .\CortexM3\ARM_GCC_541\Debug\cyfitter_cfg.o
                0x00001224                ADC_DELSIG_AMux_Unset
 .text.cyfitter_cfg
                0x00001240      0x13c .\CortexM3\ARM_GCC_541\Debug\cyfitter_cfg.o
                0x00001240                cyfitter_cfg
 .text.IntDefaultHandler
                0x0000137c       0x10 .\CortexM3\ARM_GCC_541\Debug\Cm3Start.o
                0x0000137c                IntDefaultHandler
 .text._sbrk    0x0000138c       0x30 .\CortexM3\ARM_GCC_541\Debug\Cm3Start.o
                0x0000138c                _sbrk
 .text.Start_c  0x000013bc       0x4c .\CortexM3\ARM_GCC_541\Debug\Cm3Start.o
                0x000013bc                Start_c
 .text.initialize_psoc
                0x00001408       0x68 .\CortexM3\ARM_GCC_541\Debug\Cm3Start.o
                0x00001408                initialize_psoc
 .text.ISR_CONFIG_SetVector
                0x00001470        0xc .\CortexM3\ARM_GCC_541\Debug\AY1920_II_HW_FINAL_CARZANIGA_GUALNIERA.a(ISR_CONFIG.o)
                0x00001470                ISR_CONFIG_SetVector
 .text.ISR_CONFIG_SetPriority
                0x0000147c       0x10 .\CortexM3\ARM_GCC_541\Debug\AY1920_II_HW_FINAL_CARZANIGA_GUALNIERA.a(ISR_CONFIG.o)
                0x0000147c                ISR_CONFIG_SetPriority
 .text.ISR_CONFIG_Enable
                0x0000148c        0xc .\CortexM3\ARM_GCC_541\Debug\AY1920_II_HW_FINAL_CARZANIGA_GUALNIERA.a(ISR_CONFIG.o)
                0x0000148c                ISR_CONFIG_Enable
 .text.ISR_CONFIG_Disable
                0x00001498        0xc .\CortexM3\ARM_GCC_541\Debug\AY1920_II_HW_FINAL_CARZANIGA_GUALNIERA.a(ISR_CONFIG.o)
                0x00001498                ISR_CONFIG_Disable
 .text.ISR_CONFIG_StartEx
                0x000014a4       0x1c .\CortexM3\ARM_GCC_541\Debug\AY1920_II_HW_FINAL_CARZANIGA_GUALNIERA.a(ISR_CONFIG.o)
                0x000014a4                ISR_CONFIG_StartEx
 .text.PWM_RG_Enable
                0x000014c0       0x10 .\CortexM3\ARM_GCC_541\Debug\AY1920_II_HW_FINAL_CARZANIGA_GUALNIERA.a(PWM_RG.o)
                0x000014c0                PWM_RG_Enable
 .text.PWM_RG_WriteCounter
                0x000014d0        0xc .\CortexM3\ARM_GCC_541\Debug\AY1920_II_HW_FINAL_CARZANIGA_GUALNIERA.a(PWM_RG.o)
                0x000014d0                PWM_RG_WriteCounter
 .text.PWM_RG_WritePeriod
                0x000014dc        0xc .\CortexM3\ARM_GCC_541\Debug\AY1920_II_HW_FINAL_CARZANIGA_GUALNIERA.a(PWM_RG.o)
                0x000014dc                PWM_RG_WritePeriod
 .text.PWM_RG_WriteCompare1
                0x000014e8        0xc .\CortexM3\ARM_GCC_541\Debug\AY1920_II_HW_FINAL_CARZANIGA_GUALNIERA.a(PWM_RG.o)
                0x000014e8                PWM_RG_WriteCompare1
 .text.PWM_RG_WriteCompare2
                0x000014f4        0xc .\CortexM3\ARM_GCC_541\Debug\AY1920_II_HW_FINAL_CARZANIGA_GUALNIERA.a(PWM_RG.o)
                0x000014f4                PWM_RG_WriteCompare2
 .text.PWM_RG_SetInterruptMode
                0x00001500        0xc .\CortexM3\ARM_GCC_541\Debug\AY1920_II_HW_FINAL_CARZANIGA_GUALNIERA.a(PWM_RG.o)
                0x00001500                PWM_RG_SetInterruptMode
 .text.PWM_RG_ReadStatusRegister
                0x0000150c        0xc .\CortexM3\ARM_GCC_541\Debug\AY1920_II_HW_FINAL_CARZANIGA_GUALNIERA.a(PWM_RG.o)
                0x0000150c                PWM_RG_ReadStatusRegister
 .text.PWM_RG_ReadCapture
                0x00001518        0xc .\CortexM3\ARM_GCC_541\Debug\AY1920_II_HW_FINAL_CARZANIGA_GUALNIERA.a(PWM_RG.o)
                0x00001518                PWM_RG_ReadCapture
 .text.PWM_RG_ClearFIFO
                0x00001524       0x14 .\CortexM3\ARM_GCC_541\Debug\AY1920_II_HW_FINAL_CARZANIGA_GUALNIERA.a(PWM_RG.o)
                0x00001524                PWM_RG_ClearFIFO
 .text.PWM_RG_Init
                0x00001538       0x58 .\CortexM3\ARM_GCC_541\Debug\AY1920_II_HW_FINAL_CARZANIGA_GUALNIERA.a(PWM_RG.o)
                0x00001538                PWM_RG_Init
 .text.PWM_RG_Start
                0x00001590       0x1c .\CortexM3\ARM_GCC_541\Debug\AY1920_II_HW_FINAL_CARZANIGA_GUALNIERA.a(PWM_RG.o)
                0x00001590                PWM_RG_Start
 .text.PWM_B_Enable
                0x000015ac       0x10 .\CortexM3\ARM_GCC_541\Debug\AY1920_II_HW_FINAL_CARZANIGA_GUALNIERA.a(PWM_B.o)
                0x000015ac                PWM_B_Enable
 .text.PWM_B_WriteCounter
                0x000015bc        0xc .\CortexM3\ARM_GCC_541\Debug\AY1920_II_HW_FINAL_CARZANIGA_GUALNIERA.a(PWM_B.o)
                0x000015bc                PWM_B_WriteCounter
 .text.PWM_B_WritePeriod
                0x000015c8        0xc .\CortexM3\ARM_GCC_541\Debug\AY1920_II_HW_FINAL_CARZANIGA_GUALNIERA.a(PWM_B.o)
                0x000015c8                PWM_B_WritePeriod
 .text.PWM_B_WriteCompare
                0x000015d4        0xc .\CortexM3\ARM_GCC_541\Debug\AY1920_II_HW_FINAL_CARZANIGA_GUALNIERA.a(PWM_B.o)
                0x000015d4                PWM_B_WriteCompare
 .text.PWM_B_SetInterruptMode
                0x000015e0        0xc .\CortexM3\ARM_GCC_541\Debug\AY1920_II_HW_FINAL_CARZANIGA_GUALNIERA.a(PWM_B.o)
                0x000015e0                PWM_B_SetInterruptMode
 .text.PWM_B_ReadStatusRegister
                0x000015ec        0xc .\CortexM3\ARM_GCC_541\Debug\AY1920_II_HW_FINAL_CARZANIGA_GUALNIERA.a(PWM_B.o)
                0x000015ec                PWM_B_ReadStatusRegister
 .text.PWM_B_ReadCapture
                0x000015f8        0xc .\CortexM3\ARM_GCC_541\Debug\AY1920_II_HW_FINAL_CARZANIGA_GUALNIERA.a(PWM_B.o)
                0x000015f8                PWM_B_ReadCapture
 .text.PWM_B_ClearFIFO
                0x00001604       0x14 .\CortexM3\ARM_GCC_541\Debug\AY1920_II_HW_FINAL_CARZANIGA_GUALNIERA.a(PWM_B.o)
                0x00001604                PWM_B_ClearFIFO
 .text.PWM_B_Init
                0x00001618       0x50 .\CortexM3\ARM_GCC_541\Debug\AY1920_II_HW_FINAL_CARZANIGA_GUALNIERA.a(PWM_B.o)
                0x00001618                PWM_B_Init
 .text.PWM_B_Start
                0x00001668       0x1c .\CortexM3\ARM_GCC_541\Debug\AY1920_II_HW_FINAL_CARZANIGA_GUALNIERA.a(PWM_B.o)
                0x00001668                PWM_B_Start
 .text.ISR_START_SetVector
                0x00001684        0xc .\CortexM3\ARM_GCC_541\Debug\AY1920_II_HW_FINAL_CARZANIGA_GUALNIERA.a(ISR_START.o)
                0x00001684                ISR_START_SetVector
 .text.ISR_START_SetPriority
                0x00001690       0x10 .\CortexM3\ARM_GCC_541\Debug\AY1920_II_HW_FINAL_CARZANIGA_GUALNIERA.a(ISR_START.o)
                0x00001690                ISR_START_SetPriority
 .text.ISR_START_Enable
                0x000016a0        0xc .\CortexM3\ARM_GCC_541\Debug\AY1920_II_HW_FINAL_CARZANIGA_GUALNIERA.a(ISR_START.o)
                0x000016a0                ISR_START_Enable
 .text.ISR_START_Disable
                0x000016ac        0xc .\CortexM3\ARM_GCC_541\Debug\AY1920_II_HW_FINAL_CARZANIGA_GUALNIERA.a(ISR_START.o)
                0x000016ac                ISR_START_Disable
 .text.ISR_START_StartEx
                0x000016b8       0x1c .\CortexM3\ARM_GCC_541\Debug\AY1920_II_HW_FINAL_CARZANIGA_GUALNIERA.a(ISR_START.o)
                0x000016b8                ISR_START_StartEx
 .text.UART_Init
                0x000016d4       0x28 .\CortexM3\ARM_GCC_541\Debug\AY1920_II_HW_FINAL_CARZANIGA_GUALNIERA.a(UART.o)
                0x000016d4                UART_Init
 .text.UART_Enable
                0x000016fc       0x38 .\CortexM3\ARM_GCC_541\Debug\AY1920_II_HW_FINAL_CARZANIGA_GUALNIERA.a(UART.o)
                0x000016fc                UART_Enable
 .text.UART_Start
                0x00001734       0x1c .\CortexM3\ARM_GCC_541\Debug\AY1920_II_HW_FINAL_CARZANIGA_GUALNIERA.a(UART.o)
                0x00001734                UART_Start
 .text.UART_PutChar
                0x00001750       0x18 .\CortexM3\ARM_GCC_541\Debug\AY1920_II_HW_FINAL_CARZANIGA_GUALNIERA.a(UART.o)
                0x00001750                UART_PutChar
 .text.UART_PutString
                0x00001768       0x24 .\CortexM3\ARM_GCC_541\Debug\AY1920_II_HW_FINAL_CARZANIGA_GUALNIERA.a(UART.o)
                0x00001768                UART_PutString
 .text.UART_PutArray
                0x0000178c       0x28 .\CortexM3\ARM_GCC_541\Debug\AY1920_II_HW_FINAL_CARZANIGA_GUALNIERA.a(UART.o)
                0x0000178c                UART_PutArray
 .text.UART_IntClock_Start
                0x000017b4       0x1c .\CortexM3\ARM_GCC_541\Debug\AY1920_II_HW_FINAL_CARZANIGA_GUALNIERA.a(UART_IntClock.o)
                0x000017b4                UART_IntClock_Start
 .text.CyHalt   0x000017d0        0x4 .\CortexM3\ARM_GCC_541\Debug\AY1920_II_HW_FINAL_CARZANIGA_GUALNIERA.a(CyLib.o)
                0x000017d0                CyHalt
 .text.CyDelay  0x000017d4       0x2c .\CortexM3\ARM_GCC_541\Debug\AY1920_II_HW_FINAL_CARZANIGA_GUALNIERA.a(CyLib.o)
                0x000017d4                CyDelay
 .text.CyDelayUs
                0x00001800       0x14 .\CortexM3\ARM_GCC_541\Debug\AY1920_II_HW_FINAL_CARZANIGA_GUALNIERA.a(CyLib.o)
                0x00001800                CyDelayUs
 .text.CyIntSetVector
                0x00001814       0x28 .\CortexM3\ARM_GCC_541\Debug\AY1920_II_HW_FINAL_CARZANIGA_GUALNIERA.a(CyLib.o)
                0x00001814                CyIntSetVector
 .text.CyIntSetPriority
                0x0000183c       0x30 .\CortexM3\ARM_GCC_541\Debug\AY1920_II_HW_FINAL_CARZANIGA_GUALNIERA.a(CyLib.o)
                0x0000183c                CyIntSetPriority
 .text.BUTTON_TIMER_Enable
                0x0000186c       0x28 .\CortexM3\ARM_GCC_541\Debug\AY1920_II_HW_FINAL_CARZANIGA_GUALNIERA.a(BUTTON_TIMER.o)
                0x0000186c                BUTTON_TIMER_Enable
 .text.BUTTON_TIMER_SetInterruptMode
                0x00001894        0xc .\CortexM3\ARM_GCC_541\Debug\AY1920_II_HW_FINAL_CARZANIGA_GUALNIERA.a(BUTTON_TIMER.o)
                0x00001894                BUTTON_TIMER_SetInterruptMode
 .text.BUTTON_TIMER_WritePeriod
                0x000018a0        0xc .\CortexM3\ARM_GCC_541\Debug\AY1920_II_HW_FINAL_CARZANIGA_GUALNIERA.a(BUTTON_TIMER.o)
                0x000018a0                BUTTON_TIMER_WritePeriod
 .text.BUTTON_TIMER_WriteCounter
                0x000018ac        0xc .\CortexM3\ARM_GCC_541\Debug\AY1920_II_HW_FINAL_CARZANIGA_GUALNIERA.a(BUTTON_TIMER.o)
                0x000018ac                BUTTON_TIMER_WriteCounter
 .text.BUTTON_TIMER_Init
                0x000018b8       0x90 .\CortexM3\ARM_GCC_541\Debug\AY1920_II_HW_FINAL_CARZANIGA_GUALNIERA.a(BUTTON_TIMER.o)
                0x000018b8                BUTTON_TIMER_Init
 .text.BUTTON_TIMER_Start
                0x00001948       0x1c .\CortexM3\ARM_GCC_541\Debug\AY1920_II_HW_FINAL_CARZANIGA_GUALNIERA.a(BUTTON_TIMER.o)
                0x00001948                BUTTON_TIMER_Start
 .text.CS_IMU_Write
                0x00001964       0x18 .\CortexM3\ARM_GCC_541\Debug\AY1920_II_HW_FINAL_CARZANIGA_GUALNIERA.a(CS_IMU.o)
                0x00001964                CS_IMU_Write
 .text.CS_EEPROM_Write
                0x0000197c       0x18 .\CortexM3\ARM_GCC_541\Debug\AY1920_II_HW_FINAL_CARZANIGA_GUALNIERA.a(CS_EEPROM.o)
                0x0000197c                CS_EEPROM_Write
 .text.PWM_NOTIFY_Enable
                0x00001994       0x10 .\CortexM3\ARM_GCC_541\Debug\AY1920_II_HW_FINAL_CARZANIGA_GUALNIERA.a(PWM_NOTIFY.o)
                0x00001994                PWM_NOTIFY_Enable
 .text.PWM_NOTIFY_Stop
                0x000019a4       0x10 .\CortexM3\ARM_GCC_541\Debug\AY1920_II_HW_FINAL_CARZANIGA_GUALNIERA.a(PWM_NOTIFY.o)
                0x000019a4                PWM_NOTIFY_Stop
 .text.PWM_NOTIFY_WriteCounter
                0x000019b4        0xc .\CortexM3\ARM_GCC_541\Debug\AY1920_II_HW_FINAL_CARZANIGA_GUALNIERA.a(PWM_NOTIFY.o)
                0x000019b4                PWM_NOTIFY_WriteCounter
 .text.PWM_NOTIFY_WritePeriod
                0x000019c0        0xc .\CortexM3\ARM_GCC_541\Debug\AY1920_II_HW_FINAL_CARZANIGA_GUALNIERA.a(PWM_NOTIFY.o)
                0x000019c0                PWM_NOTIFY_WritePeriod
 .text.PWM_NOTIFY_WriteCompare
                0x000019cc        0xc .\CortexM3\ARM_GCC_541\Debug\AY1920_II_HW_FINAL_CARZANIGA_GUALNIERA.a(PWM_NOTIFY.o)
                0x000019cc                PWM_NOTIFY_WriteCompare
 .text.PWM_NOTIFY_SetInterruptMode
                0x000019d8        0xc .\CortexM3\ARM_GCC_541\Debug\AY1920_II_HW_FINAL_CARZANIGA_GUALNIERA.a(PWM_NOTIFY.o)
                0x000019d8                PWM_NOTIFY_SetInterruptMode
 .text.PWM_NOTIFY_ReadStatusRegister
                0x000019e4        0xc .\CortexM3\ARM_GCC_541\Debug\AY1920_II_HW_FINAL_CARZANIGA_GUALNIERA.a(PWM_NOTIFY.o)
                0x000019e4                PWM_NOTIFY_ReadStatusRegister
 .text.PWM_NOTIFY_ReadControlRegister
                0x000019f0        0xc .\CortexM3\ARM_GCC_541\Debug\AY1920_II_HW_FINAL_CARZANIGA_GUALNIERA.a(PWM_NOTIFY.o)
                0x000019f0                PWM_NOTIFY_ReadControlRegister
 .text.PWM_NOTIFY_ReadCapture
                0x000019fc        0xc .\CortexM3\ARM_GCC_541\Debug\AY1920_II_HW_FINAL_CARZANIGA_GUALNIERA.a(PWM_NOTIFY.o)
                0x000019fc                PWM_NOTIFY_ReadCapture
 .text.PWM_NOTIFY_ClearFIFO
                0x00001a08       0x14 .\CortexM3\ARM_GCC_541\Debug\AY1920_II_HW_FINAL_CARZANIGA_GUALNIERA.a(PWM_NOTIFY.o)
                0x00001a08                PWM_NOTIFY_ClearFIFO
 .text.PWM_NOTIFY_Init
                0x00001a1c       0x50 .\CortexM3\ARM_GCC_541\Debug\AY1920_II_HW_FINAL_CARZANIGA_GUALNIERA.a(PWM_NOTIFY.o)
                0x00001a1c                PWM_NOTIFY_Init
 .text.PWM_NOTIFY_Start
                0x00001a6c       0x1c .\CortexM3\ARM_GCC_541\Debug\AY1920_II_HW_FINAL_CARZANIGA_GUALNIERA.a(PWM_NOTIFY.o)
                0x00001a6c                PWM_NOTIFY_Start
 .text.CLICK_TIMER_Enable
                0x00001a88       0x10 .\CortexM3\ARM_GCC_541\Debug\AY1920_II_HW_FINAL_CARZANIGA_GUALNIERA.a(CLICK_TIMER.o)
                0x00001a88                CLICK_TIMER_Enable
 .text.CLICK_TIMER_SetInterruptMode
                0x00001a98        0xc .\CortexM3\ARM_GCC_541\Debug\AY1920_II_HW_FINAL_CARZANIGA_GUALNIERA.a(CLICK_TIMER.o)
                0x00001a98                CLICK_TIMER_SetInterruptMode
 .text.CLICK_TIMER_ReadStatusRegister
                0x00001aa4        0xc .\CortexM3\ARM_GCC_541\Debug\AY1920_II_HW_FINAL_CARZANIGA_GUALNIERA.a(CLICK_TIMER.o)
                0x00001aa4                CLICK_TIMER_ReadStatusRegister
 .text.CLICK_TIMER_WritePeriod
                0x00001ab0        0xc .\CortexM3\ARM_GCC_541\Debug\AY1920_II_HW_FINAL_CARZANIGA_GUALNIERA.a(CLICK_TIMER.o)
                0x00001ab0                CLICK_TIMER_WritePeriod
 .text.CLICK_TIMER_ReadCapture
                0x00001abc        0xc .\CortexM3\ARM_GCC_541\Debug\AY1920_II_HW_FINAL_CARZANIGA_GUALNIERA.a(CLICK_TIMER.o)
                0x00001abc                CLICK_TIMER_ReadCapture
 .text.CLICK_TIMER_WriteCounter
                0x00001ac8        0xc .\CortexM3\ARM_GCC_541\Debug\AY1920_II_HW_FINAL_CARZANIGA_GUALNIERA.a(CLICK_TIMER.o)
                0x00001ac8                CLICK_TIMER_WriteCounter
 .text.CLICK_TIMER_ClearFIFO
                0x00001ad4       0x14 .\CortexM3\ARM_GCC_541\Debug\AY1920_II_HW_FINAL_CARZANIGA_GUALNIERA.a(CLICK_TIMER.o)
                0x00001ad4                CLICK_TIMER_ClearFIFO
 .text.CLICK_TIMER_Init
                0x00001ae8       0x30 .\CortexM3\ARM_GCC_541\Debug\AY1920_II_HW_FINAL_CARZANIGA_GUALNIERA.a(CLICK_TIMER.o)
                0x00001ae8                CLICK_TIMER_Init
 .text.CLICK_TIMER_Start
                0x00001b18       0x1c .\CortexM3\ARM_GCC_541\Debug\AY1920_II_HW_FINAL_CARZANIGA_GUALNIERA.a(CLICK_TIMER.o)
                0x00001b18                CLICK_TIMER_Start
 .text.ISR_IMU_SetVector
                0x00001b34        0xc .\CortexM3\ARM_GCC_541\Debug\AY1920_II_HW_FINAL_CARZANIGA_GUALNIERA.a(ISR_IMU.o)
                0x00001b34                ISR_IMU_SetVector
 .text.ISR_IMU_SetPriority
                0x00001b40       0x10 .\CortexM3\ARM_GCC_541\Debug\AY1920_II_HW_FINAL_CARZANIGA_GUALNIERA.a(ISR_IMU.o)
                0x00001b40                ISR_IMU_SetPriority
 .text.ISR_IMU_Enable
                0x00001b50        0xc .\CortexM3\ARM_GCC_541\Debug\AY1920_II_HW_FINAL_CARZANIGA_GUALNIERA.a(ISR_IMU.o)
                0x00001b50                ISR_IMU_Enable
 .text.ISR_IMU_Disable
                0x00001b5c        0xc .\CortexM3\ARM_GCC_541\Debug\AY1920_II_HW_FINAL_CARZANIGA_GUALNIERA.a(ISR_IMU.o)
                0x00001b5c                ISR_IMU_Disable
 .text.ISR_IMU_StartEx
                0x00001b68       0x1c .\CortexM3\ARM_GCC_541\Debug\AY1920_II_HW_FINAL_CARZANIGA_GUALNIERA.a(ISR_IMU.o)
                0x00001b68                ISR_IMU_StartEx
 .text.SPIM_IMU_EnableTxInt
                0x00001b84        0xc .\CortexM3\ARM_GCC_541\Debug\AY1920_II_HW_FINAL_CARZANIGA_GUALNIERA.a(SPIM_IMU.o)
                0x00001b84                SPIM_IMU_EnableTxInt
 .text.SPIM_IMU_EnableRxInt
                0x00001b90        0xc .\CortexM3\ARM_GCC_541\Debug\AY1920_II_HW_FINAL_CARZANIGA_GUALNIERA.a(SPIM_IMU.o)
                0x00001b90                SPIM_IMU_EnableRxInt
 .text.SPIM_IMU_Enable
                0x00001b9c       0x3c .\CortexM3\ARM_GCC_541\Debug\AY1920_II_HW_FINAL_CARZANIGA_GUALNIERA.a(SPIM_IMU.o)
                0x00001b9c                SPIM_IMU_Enable
 .text.SPIM_IMU_DisableTxInt
                0x00001bd8        0xc .\CortexM3\ARM_GCC_541\Debug\AY1920_II_HW_FINAL_CARZANIGA_GUALNIERA.a(SPIM_IMU.o)
                0x00001bd8                SPIM_IMU_DisableTxInt
 .text.SPIM_IMU_DisableRxInt
                0x00001be4        0xc .\CortexM3\ARM_GCC_541\Debug\AY1920_II_HW_FINAL_CARZANIGA_GUALNIERA.a(SPIM_IMU.o)
                0x00001be4                SPIM_IMU_DisableRxInt
 .text.SPIM_IMU_ReadTxStatus
                0x00001bf0       0x28 .\CortexM3\ARM_GCC_541\Debug\AY1920_II_HW_FINAL_CARZANIGA_GUALNIERA.a(SPIM_IMU.o)
                0x00001bf0                SPIM_IMU_ReadTxStatus
 .text.SPIM_IMU_ReadRxStatus
                0x00001c18       0x28 .\CortexM3\ARM_GCC_541\Debug\AY1920_II_HW_FINAL_CARZANIGA_GUALNIERA.a(SPIM_IMU.o)
                0x00001c18                SPIM_IMU_ReadRxStatus
 .text.SPIM_IMU_WriteTxData
                0x00001c40       0xd4 .\CortexM3\ARM_GCC_541\Debug\AY1920_II_HW_FINAL_CARZANIGA_GUALNIERA.a(SPIM_IMU.o)
                0x00001c40                SPIM_IMU_WriteTxData
 .text.SPIM_IMU_ReadRxData
                0x00001d14       0x64 .\CortexM3\ARM_GCC_541\Debug\AY1920_II_HW_FINAL_CARZANIGA_GUALNIERA.a(SPIM_IMU.o)
                0x00001d14                SPIM_IMU_ReadRxData
 .text.SPIM_IMU_ClearRxBuffer
                0x00001d78       0x40 .\CortexM3\ARM_GCC_541\Debug\AY1920_II_HW_FINAL_CARZANIGA_GUALNIERA.a(SPIM_IMU.o)
                0x00001d78                SPIM_IMU_ClearRxBuffer
 .text.SPIM_IMU_ClearTxBuffer
                0x00001db8       0x54 .\CortexM3\ARM_GCC_541\Debug\AY1920_II_HW_FINAL_CARZANIGA_GUALNIERA.a(SPIM_IMU.o)
                0x00001db8                SPIM_IMU_ClearTxBuffer
 .text.SPIM_IMU_PutArray
                0x00001e0c       0x20 .\CortexM3\ARM_GCC_541\Debug\AY1920_II_HW_FINAL_CARZANIGA_GUALNIERA.a(SPIM_IMU.o)
                0x00001e0c                SPIM_IMU_PutArray
 .text.SPIM_IMU_ClearFIFO
                0x00001e2c       0x3c .\CortexM3\ARM_GCC_541\Debug\AY1920_II_HW_FINAL_CARZANIGA_GUALNIERA.a(SPIM_IMU.o)
                0x00001e2c                SPIM_IMU_ClearFIFO
 .text.SPIM_IMU_Init
                0x00001e68       0x90 .\CortexM3\ARM_GCC_541\Debug\AY1920_II_HW_FINAL_CARZANIGA_GUALNIERA.a(SPIM_IMU.o)
                0x00001e68                SPIM_IMU_Init
 .text.SPIM_IMU_Start
                0x00001ef8       0x1c .\CortexM3\ARM_GCC_541\Debug\AY1920_II_HW_FINAL_CARZANIGA_GUALNIERA.a(SPIM_IMU.o)
                0x00001ef8                SPIM_IMU_Start
 .text.SPIM_IMU_TX_ISR
                0x00001f14       0xa0 .\CortexM3\ARM_GCC_541\Debug\AY1920_II_HW_FINAL_CARZANIGA_GUALNIERA.a(SPIM_IMU_INT.o)
                0x00001f14                SPIM_IMU_TX_ISR
 .text.SPIM_IMU_RX_ISR
                0x00001fb4       0xa0 .\CortexM3\ARM_GCC_541\Debug\AY1920_II_HW_FINAL_CARZANIGA_GUALNIERA.a(SPIM_IMU_INT.o)
                0x00001fb4                SPIM_IMU_RX_ISR
 .text.SPIM_EEPROM_EnableTxInt
                0x00002054        0xc .\CortexM3\ARM_GCC_541\Debug\AY1920_II_HW_FINAL_CARZANIGA_GUALNIERA.a(SPIM_EEPROM.o)
                0x00002054                SPIM_EEPROM_EnableTxInt
 .text.SPIM_EEPROM_EnableRxInt
                0x00002060        0xc .\CortexM3\ARM_GCC_541\Debug\AY1920_II_HW_FINAL_CARZANIGA_GUALNIERA.a(SPIM_EEPROM.o)
                0x00002060                SPIM_EEPROM_EnableRxInt
 .text.SPIM_EEPROM_Enable
                0x0000206c       0x3c .\CortexM3\ARM_GCC_541\Debug\AY1920_II_HW_FINAL_CARZANIGA_GUALNIERA.a(SPIM_EEPROM.o)
                0x0000206c                SPIM_EEPROM_Enable
 .text.SPIM_EEPROM_DisableTxInt
                0x000020a8        0xc .\CortexM3\ARM_GCC_541\Debug\AY1920_II_HW_FINAL_CARZANIGA_GUALNIERA.a(SPIM_EEPROM.o)
                0x000020a8                SPIM_EEPROM_DisableTxInt
 .text.SPIM_EEPROM_DisableRxInt
                0x000020b4        0xc .\CortexM3\ARM_GCC_541\Debug\AY1920_II_HW_FINAL_CARZANIGA_GUALNIERA.a(SPIM_EEPROM.o)
                0x000020b4                SPIM_EEPROM_DisableRxInt
 .text.SPIM_EEPROM_ReadTxStatus
                0x000020c0       0x28 .\CortexM3\ARM_GCC_541\Debug\AY1920_II_HW_FINAL_CARZANIGA_GUALNIERA.a(SPIM_EEPROM.o)
                0x000020c0                SPIM_EEPROM_ReadTxStatus
 .text.SPIM_EEPROM_ReadRxStatus
                0x000020e8       0x28 .\CortexM3\ARM_GCC_541\Debug\AY1920_II_HW_FINAL_CARZANIGA_GUALNIERA.a(SPIM_EEPROM.o)
                0x000020e8                SPIM_EEPROM_ReadRxStatus
 .text.SPIM_EEPROM_WriteTxData
                0x00002110       0xd4 .\CortexM3\ARM_GCC_541\Debug\AY1920_II_HW_FINAL_CARZANIGA_GUALNIERA.a(SPIM_EEPROM.o)
                0x00002110                SPIM_EEPROM_WriteTxData
 .text.SPIM_EEPROM_ReadRxData
                0x000021e4       0x64 .\CortexM3\ARM_GCC_541\Debug\AY1920_II_HW_FINAL_CARZANIGA_GUALNIERA.a(SPIM_EEPROM.o)
                0x000021e4                SPIM_EEPROM_ReadRxData
 .text.SPIM_EEPROM_ClearRxBuffer
                0x00002248       0x40 .\CortexM3\ARM_GCC_541\Debug\AY1920_II_HW_FINAL_CARZANIGA_GUALNIERA.a(SPIM_EEPROM.o)
                0x00002248                SPIM_EEPROM_ClearRxBuffer
 .text.SPIM_EEPROM_ClearTxBuffer
                0x00002288       0x54 .\CortexM3\ARM_GCC_541\Debug\AY1920_II_HW_FINAL_CARZANIGA_GUALNIERA.a(SPIM_EEPROM.o)
                0x00002288                SPIM_EEPROM_ClearTxBuffer
 .text.SPIM_EEPROM_PutArray
                0x000022dc       0x20 .\CortexM3\ARM_GCC_541\Debug\AY1920_II_HW_FINAL_CARZANIGA_GUALNIERA.a(SPIM_EEPROM.o)
                0x000022dc                SPIM_EEPROM_PutArray
 .text.SPIM_EEPROM_ClearFIFO
                0x000022fc       0x3c .\CortexM3\ARM_GCC_541\Debug\AY1920_II_HW_FINAL_CARZANIGA_GUALNIERA.a(SPIM_EEPROM.o)
                0x000022fc                SPIM_EEPROM_ClearFIFO
 .text.SPIM_EEPROM_Init
                0x00002338       0x90 .\CortexM3\ARM_GCC_541\Debug\AY1920_II_HW_FINAL_CARZANIGA_GUALNIERA.a(SPIM_EEPROM.o)
                0x00002338                SPIM_EEPROM_Init
 .text.SPIM_EEPROM_Start
                0x000023c8       0x1c .\CortexM3\ARM_GCC_541\Debug\AY1920_II_HW_FINAL_CARZANIGA_GUALNIERA.a(SPIM_EEPROM.o)
                0x000023c8                SPIM_EEPROM_Start
 .text.SPIM_EEPROM_TX_ISR
                0x000023e4       0xa0 .\CortexM3\ARM_GCC_541\Debug\AY1920_II_HW_FINAL_CARZANIGA_GUALNIERA.a(SPIM_EEPROM_INT.o)
                0x000023e4                SPIM_EEPROM_TX_ISR
 .text.SPIM_EEPROM_RX_ISR
                0x00002484       0xa0 .\CortexM3\ARM_GCC_541\Debug\AY1920_II_HW_FINAL_CARZANIGA_GUALNIERA.a(SPIM_EEPROM_INT.o)
                0x00002484                SPIM_EEPROM_RX_ISR
 .text.SPIM_IMU_IntClock_Start
                0x00002524       0x1c .\CortexM3\ARM_GCC_541\Debug\AY1920_II_HW_FINAL_CARZANIGA_GUALNIERA.a(SPIM_IMU_IntClock.o)
                0x00002524                SPIM_IMU_IntClock_Start
 .text.SPIM_EEPROM_IntClock_Start
                0x00002540       0x1c .\CortexM3\ARM_GCC_541\Debug\AY1920_II_HW_FINAL_CARZANIGA_GUALNIERA.a(SPIM_EEPROM_IntClock.o)
                0x00002540                SPIM_EEPROM_IntClock_Start
 .text.MAIN_TIMER_Enable
                0x0000255c       0x28 .\CortexM3\ARM_GCC_541\Debug\AY1920_II_HW_FINAL_CARZANIGA_GUALNIERA.a(MAIN_TIMER.o)
                0x0000255c                MAIN_TIMER_Enable
 .text.MAIN_TIMER_SetInterruptMode
                0x00002584        0xc .\CortexM3\ARM_GCC_541\Debug\AY1920_II_HW_FINAL_CARZANIGA_GUALNIERA.a(MAIN_TIMER.o)
                0x00002584                MAIN_TIMER_SetInterruptMode
 .text.MAIN_TIMER_WritePeriod
                0x00002590        0xc .\CortexM3\ARM_GCC_541\Debug\AY1920_II_HW_FINAL_CARZANIGA_GUALNIERA.a(MAIN_TIMER.o)
                0x00002590                MAIN_TIMER_WritePeriod
 .text.MAIN_TIMER_WriteCounter
                0x0000259c        0xc .\CortexM3\ARM_GCC_541\Debug\AY1920_II_HW_FINAL_CARZANIGA_GUALNIERA.a(MAIN_TIMER.o)
                0x0000259c                MAIN_TIMER_WriteCounter
 .text.MAIN_TIMER_Init
                0x000025a8       0x68 .\CortexM3\ARM_GCC_541\Debug\AY1920_II_HW_FINAL_CARZANIGA_GUALNIERA.a(MAIN_TIMER.o)
                0x000025a8                MAIN_TIMER_Init
 .text.MAIN_TIMER_Start
                0x00002610       0x1c .\CortexM3\ARM_GCC_541\Debug\AY1920_II_HW_FINAL_CARZANIGA_GUALNIERA.a(MAIN_TIMER.o)
                0x00002610                MAIN_TIMER_Start
 .text.MAIN_TIMER_ReadCounter
                0x0000262c       0x14 .\CortexM3\ARM_GCC_541\Debug\AY1920_II_HW_FINAL_CARZANIGA_GUALNIERA.a(MAIN_TIMER.o)
                0x0000262c                MAIN_TIMER_ReadCounter
 .text.ADC_DELSIG_GainCompensation
                0x00002640       0xdc .\CortexM3\ARM_GCC_541\Debug\AY1920_II_HW_FINAL_CARZANIGA_GUALNIERA.a(ADC_DELSIG.o)
 .text.ADC_DELSIG_SetDSMRef0Reg
                0x0000271c       0x4c .\CortexM3\ARM_GCC_541\Debug\AY1920_II_HW_FINAL_CARZANIGA_GUALNIERA.a(ADC_DELSIG.o)
 .text.ADC_DELSIG_InitConfig
                0x00002768       0xdc .\CortexM3\ARM_GCC_541\Debug\AY1920_II_HW_FINAL_CARZANIGA_GUALNIERA.a(ADC_DELSIG.o)
 .text.ADC_DELSIG_Init
                0x00002844       0xc4 .\CortexM3\ARM_GCC_541\Debug\AY1920_II_HW_FINAL_CARZANIGA_GUALNIERA.a(ADC_DELSIG.o)
                0x00002844                ADC_DELSIG_Init
 .text.ADC_DELSIG_Enable
                0x00002908       0xd8 .\CortexM3\ARM_GCC_541\Debug\AY1920_II_HW_FINAL_CARZANIGA_GUALNIERA.a(ADC_DELSIG.o)
                0x00002908                ADC_DELSIG_Enable
 .text.ADC_DELSIG_Start
                0x000029e0       0x28 .\CortexM3\ARM_GCC_541\Debug\AY1920_II_HW_FINAL_CARZANIGA_GUALNIERA.a(ADC_DELSIG.o)
                0x000029e0                ADC_DELSIG_Start
 .text.ADC_DELSIG_StartConvert
                0x00002a08       0x10 .\CortexM3\ARM_GCC_541\Debug\AY1920_II_HW_FINAL_CARZANIGA_GUALNIERA.a(ADC_DELSIG.o)
                0x00002a08                ADC_DELSIG_StartConvert
 .text.ADC_DELSIG_StopConvert
                0x00002a18       0x10 .\CortexM3\ARM_GCC_541\Debug\AY1920_II_HW_FINAL_CARZANIGA_GUALNIERA.a(ADC_DELSIG.o)
                0x00002a18                ADC_DELSIG_StopConvert
 .text.ADC_DELSIG_IsEndConversion
                0x00002a28       0x30 .\CortexM3\ARM_GCC_541\Debug\AY1920_II_HW_FINAL_CARZANIGA_GUALNIERA.a(ADC_DELSIG.o)
                0x00002a28                ADC_DELSIG_IsEndConversion
 .text.ADC_DELSIG_GetResult16
                0x00002a58       0x50 .\CortexM3\ARM_GCC_541\Debug\AY1920_II_HW_FINAL_CARZANIGA_GUALNIERA.a(ADC_DELSIG.o)
                0x00002a58                ADC_DELSIG_GetResult16
 .text.ADC_DELSIG_Read16
                0x00002aa8       0x28 .\CortexM3\ARM_GCC_541\Debug\AY1920_II_HW_FINAL_CARZANIGA_GUALNIERA.a(ADC_DELSIG.o)
                0x00002aa8                ADC_DELSIG_Read16
 .text.ADC_DELSIG_ISR1
                0x00002ad0        0x4 .\CortexM3\ARM_GCC_541\Debug\AY1920_II_HW_FINAL_CARZANIGA_GUALNIERA.a(ADC_DELSIG_INT.o)
                0x00002ad0                ADC_DELSIG_ISR1
 .text.ADC_DELSIG_AMux_Start
                0x00002ad4       0x20 .\CortexM3\ARM_GCC_541\Debug\AY1920_II_HW_FINAL_CARZANIGA_GUALNIERA.a(ADC_DELSIG_AMux.o)
                0x00002ad4                ADC_DELSIG_AMux_Start
 .text.ADC_DELSIG_AMux_Select
                0x00002af4       0x18 .\CortexM3\ARM_GCC_541\Debug\AY1920_II_HW_FINAL_CARZANIGA_GUALNIERA.a(ADC_DELSIG_AMux.o)
                0x00002af4                ADC_DELSIG_AMux_Select
 .text.ADC_DELSIG_Ext_CP_Clk_GetDividerRegister
                0x00002b0c        0xc .\CortexM3\ARM_GCC_541\Debug\AY1920_II_HW_FINAL_CARZANIGA_GUALNIERA.a(ADC_DELSIG_Ext_CP_Clk.o)
                0x00002b0c                ADC_DELSIG_Ext_CP_Clk_GetDividerRegister
 .text.ADC_DELSIG_Ext_CP_Clk_SetModeRegister
                0x00002b18       0x14 .\CortexM3\ARM_GCC_541\Debug\AY1920_II_HW_FINAL_CARZANIGA_GUALNIERA.a(ADC_DELSIG_Ext_CP_Clk.o)
                0x00002b18                ADC_DELSIG_Ext_CP_Clk_SetModeRegister
 .text.ADC_DELSIG_Ext_CP_Clk_GetSourceRegister
                0x00002b2c       0x10 .\CortexM3\ARM_GCC_541\Debug\AY1920_II_HW_FINAL_CARZANIGA_GUALNIERA.a(ADC_DELSIG_Ext_CP_Clk.o)
                0x00002b2c                ADC_DELSIG_Ext_CP_Clk_GetSourceRegister
 .text.ADC_DELSIG_Ext_CP_Clk_SetDividerRegister
                0x00002b3c       0xd8 .\CortexM3\ARM_GCC_541\Debug\AY1920_II_HW_FINAL_CARZANIGA_GUALNIERA.a(ADC_DELSIG_Ext_CP_Clk.o)
                0x00002b3c                ADC_DELSIG_Ext_CP_Clk_SetDividerRegister
 .text.ADC_DELSIG_theACLK_GetDividerRegister
                0x00002c14        0xc .\CortexM3\ARM_GCC_541\Debug\AY1920_II_HW_FINAL_CARZANIGA_GUALNIERA.a(ADC_DELSIG_theACLK.o)
                0x00002c14                ADC_DELSIG_theACLK_GetDividerRegister
 .text.ADC_DELSIG_theACLK_SetModeRegister
                0x00002c20       0x14 .\CortexM3\ARM_GCC_541\Debug\AY1920_II_HW_FINAL_CARZANIGA_GUALNIERA.a(ADC_DELSIG_theACLK.o)
                0x00002c20                ADC_DELSIG_theACLK_SetModeRegister
 .text.ADC_DELSIG_theACLK_GetSourceRegister
                0x00002c34       0x10 .\CortexM3\ARM_GCC_541\Debug\AY1920_II_HW_FINAL_CARZANIGA_GUALNIERA.a(ADC_DELSIG_theACLK.o)
                0x00002c34                ADC_DELSIG_theACLK_GetSourceRegister
 .text.ADC_DELSIG_theACLK_SetDividerRegister
                0x00002c44       0xd8 .\CortexM3\ARM_GCC_541\Debug\AY1920_II_HW_FINAL_CARZANIGA_GUALNIERA.a(ADC_DELSIG_theACLK.o)
                0x00002c44                ADC_DELSIG_theACLK_SetDividerRegister
 *fill*         0x00002d1c        0x4 
 .text          0x00002d20       0x20 .\CortexM3\ARM_GCC_541\Debug\AY1920_II_HW_FINAL_CARZANIGA_GUALNIERA.a(CyBootAsmGnu.o)
                0x00002d20                CyDelayCycles
                0x00002d30                CyEnterCriticalSection
                0x00002d38                CyExitCriticalSection
 .text.__errno  0x00002d40        0xc c:/program files (x86)/cypress/psoc creator/4.3/psoc creator/import/gnu/arm/5.4.1/bin/../lib/gcc/arm-none-eabi/5.4.1/../../../../arm-none-eabi/lib/armv7-m\libg_nano.a(lib_a-errno.o)
                0x00002d40                __errno
 .text.__libc_init_array
                0x00002d4c       0x4c c:/program files (x86)/cypress/psoc creator/4.3/psoc creator/import/gnu/arm/5.4.1/bin/../lib/gcc/arm-none-eabi/5.4.1/../../../../arm-none-eabi/lib/armv7-m\libg_nano.a(lib_a-init.o)
                0x00002d4c                __libc_init_array
 .text.memcpy   0x00002d98       0x16 c:/program files (x86)/cypress/psoc creator/4.3/psoc creator/import/gnu/arm/5.4.1/bin/../lib/gcc/arm-none-eabi/5.4.1/../../../../arm-none-eabi/lib/armv7-m\libg_nano.a(lib_a-memcpy-stub.o)
                0x00002d98                memcpy
 .text.memset   0x00002dae       0x10 c:/program files (x86)/cypress/psoc creator/4.3/psoc creator/import/gnu/arm/5.4.1/bin/../lib/gcc/arm-none-eabi/5.4.1/../../../../arm-none-eabi/lib/armv7-m\libg_nano.a(lib_a-memset.o)
                0x00002dae                memset
 *fill*         0x00002dbe        0x2 
 .text.sprintf  0x00002dc0       0x48 c:/program files (x86)/cypress/psoc creator/4.3/psoc creator/import/gnu/arm/5.4.1/bin/../lib/gcc/arm-none-eabi/5.4.1/../../../../arm-none-eabi/lib/armv7-m\libg_nano.a(lib_a-sprintf.o)
                0x00002dc0                siprintf
                0x00002dc0                sprintf
 .text.__ssputs_r
                0x00002e08       0xb2 c:/program files (x86)/cypress/psoc creator/4.3/psoc creator/import/gnu/arm/5.4.1/bin/../lib/gcc/arm-none-eabi/5.4.1/../../../../arm-none-eabi/lib/armv7-m\libg_nano.a(lib_a-nano-svfprintf.o)
                0x00002e08                __ssputs_r
 *fill*         0x00002eba        0x2 
 .text._svfprintf_r
                0x00002ebc      0x1e8 c:/program files (x86)/cypress/psoc creator/4.3/psoc creator/import/gnu/arm/5.4.1/bin/../lib/gcc/arm-none-eabi/5.4.1/../../../../arm-none-eabi/lib/armv7-m\libg_nano.a(lib_a-nano-svfprintf.o)
                0x00002ebc                _svfiprintf_r
                0x00002ebc                _svfprintf_r
 .text._printf_common
                0x000030a4       0xec c:/program files (x86)/cypress/psoc creator/4.3/psoc creator/import/gnu/arm/5.4.1/bin/../lib/gcc/arm-none-eabi/5.4.1/../../../../arm-none-eabi/lib/armv7-m\libg_nano.a(lib_a-nano-vfprintf_i.o)
                0x000030a4                _printf_common
 .text._printf_i
                0x00003190      0x24c c:/program files (x86)/cypress/psoc creator/4.3/psoc creator/import/gnu/arm/5.4.1/bin/../lib/gcc/arm-none-eabi/5.4.1/../../../../arm-none-eabi/lib/armv7-m\libg_nano.a(lib_a-nano-vfprintf_i.o)
                0x00003190                _printf_i
 .text.memchr   0x000033dc       0x1c c:/program files (x86)/cypress/psoc creator/4.3/psoc creator/import/gnu/arm/5.4.1/bin/../lib/gcc/arm-none-eabi/5.4.1/../../../../arm-none-eabi/lib/armv7-m\libg_nano.a(lib_a-memchr-stub.o)
                0x000033dc                memchr
 .text.memmove  0x000033f8       0x36 c:/program files (x86)/cypress/psoc creator/4.3/psoc creator/import/gnu/arm/5.4.1/bin/../lib/gcc/arm-none-eabi/5.4.1/../../../../arm-none-eabi/lib/armv7-m\libg_nano.a(lib_a-memmove.o)
                0x000033f8                memmove
 *fill*         0x0000342e        0x2 
 .text._free_r  0x00003430       0x98 c:/program files (x86)/cypress/psoc creator/4.3/psoc creator/import/gnu/arm/5.4.1/bin/../lib/gcc/arm-none-eabi/5.4.1/../../../../arm-none-eabi/lib/armv7-m\libg_nano.a(lib_a-nano-freer.o)
                0x00003430                _free_r
 .text._malloc_r
                0x000034c8       0xbc c:/program files (x86)/cypress/psoc creator/4.3/psoc creator/import/gnu/arm/5.4.1/bin/../lib/gcc/arm-none-eabi/5.4.1/../../../../arm-none-eabi/lib/armv7-m\libg_nano.a(lib_a-nano-mallocr.o)
                0x000034c8                _malloc_r
 .text._realloc_r
                0x00003584       0x4c c:/program files (x86)/cypress/psoc creator/4.3/psoc creator/import/gnu/arm/5.4.1/bin/../lib/gcc/arm-none-eabi/5.4.1/../../../../arm-none-eabi/lib/armv7-m\libg_nano.a(lib_a-nano-reallocr.o)
                0x00003584                _realloc_r
 .text._sbrk_r  0x000035d0       0x20 c:/program files (x86)/cypress/psoc creator/4.3/psoc creator/import/gnu/arm/5.4.1/bin/../lib/gcc/arm-none-eabi/5.4.1/../../../../arm-none-eabi/lib/armv7-m\libg_nano.a(lib_a-sbrkr.o)
                0x000035d0                _sbrk_r
 .text.__malloc_lock
                0x000035f0        0x2 c:/program files (x86)/cypress/psoc creator/4.3/psoc creator/import/gnu/arm/5.4.1/bin/../lib/gcc/arm-none-eabi/5.4.1/../../../../arm-none-eabi/lib/armv7-m\libg_nano.a(lib_a-mlock.o)
                0x000035f0                __malloc_lock
 .text.__malloc_unlock
                0x000035f2        0x2 c:/program files (x86)/cypress/psoc creator/4.3/psoc creator/import/gnu/arm/5.4.1/bin/../lib/gcc/arm-none-eabi/5.4.1/../../../../arm-none-eabi/lib/armv7-m\libg_nano.a(lib_a-mlock.o)
                0x000035f2                __malloc_unlock
 .text._malloc_usable_size_r
                0x000035f4       0x14 c:/program files (x86)/cypress/psoc creator/4.3/psoc creator/import/gnu/arm/5.4.1/bin/../lib/gcc/arm-none-eabi/5.4.1/../../../../arm-none-eabi/lib/armv7-m\libg_nano.a(lib_a-nano-msizer.o)
                0x000035f4                _malloc_usable_size_r
 *(.plt)
 *(.gnu.warning)
 *(.glue_7t)
 .glue_7t       0x00003608        0x0 linker stubs
 *(.glue_7)
 .glue_7        0x00003608        0x0 linker stubs
 *(.vfp11_veneer)
 .vfp11_veneer  0x00003608        0x0 linker stubs
 *(.bootloader)
 *(.ARM.extab* .gnu.linkonce.armextab.*)
 *(.gcc_except_table)

.v4_bx          0x00003608        0x0
 .v4_bx         0x00003608        0x0 linker stubs

.iplt           0x00003608        0x0
 .iplt          0x00003608        0x0 c:/program files (x86)/cypress/psoc creator/4.3/psoc creator/import/gnu/arm/5.4.1/bin/../lib/gcc/arm-none-eabi/5.4.1/armv7-m/crtbegin.o

.eh_frame_hdr
 *(.eh_frame_hdr)

.eh_frame       0x00003608        0x4
 *(.eh_frame)
 .eh_frame      0x00003608        0x0 c:/program files (x86)/cypress/psoc creator/4.3/psoc creator/import/gnu/arm/5.4.1/bin/../lib/gcc/arm-none-eabi/5.4.1/armv7-m/crtbegin.o
 .eh_frame      0x00003608        0x4 c:/program files (x86)/cypress/psoc creator/4.3/psoc creator/import/gnu/arm/5.4.1/bin/../lib/gcc/arm-none-eabi/5.4.1/armv7-m/crtend.o
                [!provide]                PROVIDE (__exidx_start, .)

.ARM.exidx
 *(.ARM.exidx* .gnu.linkonce.armexidx.*)
                0x0000360c                __exidx_end = .

.rodata         0x0000360c      0x3c4
 *(.rodata .rodata.* .gnu.linkonce.r.*)
 .rodata        0x0000360c       0x1e .\CortexM3\ARM_GCC_541\Debug\LIS3DH.o
 *fill*         0x0000362a        0x2 
 .rodata.str1.4
                0x0000362c      0x2bc .\CortexM3\ARM_GCC_541\Debug\LIS3DH.o
                                0x2b9 (size before relaxing)
 .rodata        0x000038e8       0x7c .\CortexM3\ARM_GCC_541\Debug\cyfitter_cfg.o
                0x000038e8                ADC_DELSIG_AMux__addrTable
                0x000038f0                ADC_DELSIG_AMux__maskTable
 .rodata.str1.1
                0x00003964        0x2 c:/program files (x86)/cypress/psoc creator/4.3/psoc creator/import/gnu/arm/5.4.1/bin/../lib/gcc/arm-none-eabi/5.4.1/../../../../arm-none-eabi/lib/armv7-m\libg_nano.a(lib_a-impure.o)
 .rodata.str1.1
                0x00003966       0x11 c:/program files (x86)/cypress/psoc creator/4.3/psoc creator/import/gnu/arm/5.4.1/bin/../lib/gcc/arm-none-eabi/5.4.1/../../../../arm-none-eabi/lib/armv7-m\libg_nano.a(lib_a-nano-svfprintf.o)
 .rodata.str1.1
                0x00003977       0x22 c:/program files (x86)/cypress/psoc creator/4.3/psoc creator/import/gnu/arm/5.4.1/bin/../lib/gcc/arm-none-eabi/5.4.1/../../../../arm-none-eabi/lib/armv7-m\libg_nano.a(lib_a-nano-vfprintf_i.o)
                0x0000399c                . = ALIGN (0x4)
 *fill*         0x00003999        0x3 
 *(.init)
 .init          0x0000399c        0x4 c:/program files (x86)/cypress/psoc creator/4.3/psoc creator/import/gnu/arm/5.4.1/bin/../lib/gcc/arm-none-eabi/5.4.1/armv7-m/crti.o
                0x0000399c                _init
 .init          0x000039a0        0x8 c:/program files (x86)/cypress/psoc creator/4.3/psoc creator/import/gnu/arm/5.4.1/bin/../lib/gcc/arm-none-eabi/5.4.1/armv7-m/crtn.o
                0x000039a8                . = ALIGN (0x4)
                0x000039a8                __preinit_array_start = .
 *(.preinit_array)
                0x000039a8                __preinit_array_end = .
                0x000039a8                . = ALIGN (0x4)
                0x000039a8                __init_array_start = .
 *(SORT(.init_array.*))
 *(.init_array)
 .init_array    0x000039a8        0x4 c:/program files (x86)/cypress/psoc creator/4.3/psoc creator/import/gnu/arm/5.4.1/bin/../lib/gcc/arm-none-eabi/5.4.1/armv7-m/crtbegin.o
 .init_array    0x000039ac        0x4 .\CortexM3\ARM_GCC_541\Debug\Cm3Start.o
                0x000039b0                __init_array_end = .
                0x000039b0                . = ALIGN (0x4)
 *(.fini)
 .fini          0x000039b0        0x4 c:/program files (x86)/cypress/psoc creator/4.3/psoc creator/import/gnu/arm/5.4.1/bin/../lib/gcc/arm-none-eabi/5.4.1/armv7-m/crti.o
                0x000039b0                _fini
 .fini          0x000039b4        0x8 c:/program files (x86)/cypress/psoc creator/4.3/psoc creator/import/gnu/arm/5.4.1/bin/../lib/gcc/arm-none-eabi/5.4.1/armv7-m/crtn.o
                0x000039bc                . = ALIGN (0x4)
                0x000039bc                __fini_array_start = .
 *(.fini_array)
 .fini_array    0x000039bc        0x4 c:/program files (x86)/cypress/psoc creator/4.3/psoc creator/import/gnu/arm/5.4.1/bin/../lib/gcc/arm-none-eabi/5.4.1/armv7-m/crtbegin.o
 *(SORT(.fini_array.*))
                0x000039c0                __fini_array_end = .
                0x000039c0                . = ALIGN (0x4)
 *crtbegin.o(.ctors)
 *(EXCLUDE_FILE(*crtend.o) .ctors)
 *(SORT(.ctors.*))
 *crtend.o(.ctors)
                0x000039c0                . = ALIGN (0x4)
 *crtbegin.o(.dtors)
 *(EXCLUDE_FILE(*crtend.o) .dtors)
 *(SORT(.dtors.*))
 *crtend.o(.dtors)
                0x000039c0                . = ALIGN (0x4)
                0x000039c0                __cy_regions = .
                0x000039c0        0x4 LONG 0x39d0 __cy_region_init_ram
                0x000039c4        0x4 LONG 0x1fff80c8 __cy_region_start_data
                0x000039c8        0x4 LONG 0x80 __cy_region_init_size_ram
                0x000039cc        0x4 LONG 0x2d0 __cy_region_zero_size_ram
                0x000039d0                __cy_regions_end = .
                0x000039d0                . = ALIGN (0x8)
                0x000039d0                _etext = .

.cy_checksum_exclude
                0x000039d0        0x0
 *(.cy_checksum_exclude)

.ramvectors     0x1fff8000       0xc0
                0x1fff8000                __cy_region_start_ram = .
 *(.ramvectors)
 .ramvectors    0x1fff8000       0xc0 .\CortexM3\ARM_GCC_541\Debug\Cm3Start.o
                0x1fff8000                CyRamVectors

.noinit         0x1fff80c0        0x1
 *(.noinit)
 .noinit        0x1fff80c0        0x1 .\CortexM3\ARM_GCC_541\Debug\AY1920_II_HW_FINAL_CARZANIGA_GUALNIERA.a(CyLib.o)
                0x1fff80c0                CyResetStatus

.data           0x1fff80c8       0x80 load address 0x000039d0
                0x1fff80c8                __cy_region_start_data = .
 *(.jcr)
 .jcr           0x1fff80c8        0x0 c:/program files (x86)/cypress/psoc creator/4.3/psoc creator/import/gnu/arm/5.4.1/bin/../lib/gcc/arm-none-eabi/5.4.1/armv7-m/crtbegin.o
 .jcr           0x1fff80c8        0x4 c:/program files (x86)/cypress/psoc creator/4.3/psoc creator/import/gnu/arm/5.4.1/bin/../lib/gcc/arm-none-eabi/5.4.1/armv7-m/crtend.o
 *(.got.plt)
 *(.got)
 *(.shdata)
 *(.data .data.* .gnu.linkonce.d.*)
 .data          0x1fff80cc        0x4 .\CortexM3\ARM_GCC_541\Debug\Cm3Start.o
 .data          0x1fff80d0       0x10 .\CortexM3\ARM_GCC_541\Debug\AY1920_II_HW_FINAL_CARZANIGA_GUALNIERA.a(CyLib.o)
                0x1fff80d0                cydelay_32k_ms
                0x1fff80d4                cydelay_freq_khz
                0x1fff80d8                cydelay_freq_mhz
                0x1fff80dc                cydelay_freq_hz
 .data          0x1fff80e0        0x1 .\CortexM3\ARM_GCC_541\Debug\AY1920_II_HW_FINAL_CARZANIGA_GUALNIERA.a(ADC_DELSIG.o)
                0x1fff80e0                ADC_DELSIG_Config
 .data          0x1fff80e1        0x1 .\CortexM3\ARM_GCC_541\Debug\AY1920_II_HW_FINAL_CARZANIGA_GUALNIERA.a(ADC_DELSIG_AMux.o)
 *fill*         0x1fff80e2        0x2 
 .data.impure_data
                0x1fff80e4       0x60 c:/program files (x86)/cypress/psoc creator/4.3/psoc creator/import/gnu/arm/5.4.1/bin/../lib/gcc/arm-none-eabi/5.4.1/../../../../arm-none-eabi/lib/armv7-m\libg_nano.a(lib_a-impure.o)
 .data._impure_ptr
                0x1fff8144        0x4 c:/program files (x86)/cypress/psoc creator/4.3/psoc creator/import/gnu/arm/5.4.1/bin/../lib/gcc/arm-none-eabi/5.4.1/../../../../arm-none-eabi/lib/armv7-m\libg_nano.a(lib_a-impure.o)
                0x1fff8144                _impure_ptr
                0x1fff8148                . = ALIGN (0x8)
 *(.ram)
                0x1fff8148                _edata = .

.igot.plt       0x1fff8148        0x0 load address 0x00003a50
 .igot.plt      0x1fff8148        0x0 c:/program files (x86)/cypress/psoc creator/4.3/psoc creator/import/gnu/arm/5.4.1/bin/../lib/gcc/arm-none-eabi/5.4.1/armv7-m/crtbegin.o

.bss            0x1fff8148      0x2d0 load address 0x00003a50
                0x1fff8148                PROVIDE (__bss_start__, .)
 *(.shbss)
 *(.bss .bss.* .gnu.linkonce.b.*)
 .bss           0x1fff8148       0x1c c:/program files (x86)/cypress/psoc creator/4.3/psoc creator/import/gnu/arm/5.4.1/bin/../lib/gcc/arm-none-eabi/5.4.1/armv7-m/crtbegin.o
 .bss           0x1fff8164        0x1 .\CortexM3\ARM_GCC_541\Debug\AY1920_II_HW_FINAL_CARZANIGA_GUALNIERA.a(PWM_RG.o)
                0x1fff8164                PWM_RG_initVar
 .bss           0x1fff8165        0x1 .\CortexM3\ARM_GCC_541\Debug\AY1920_II_HW_FINAL_CARZANIGA_GUALNIERA.a(PWM_B.o)
                0x1fff8165                PWM_B_initVar
 .bss           0x1fff8166        0x2 .\CortexM3\ARM_GCC_541\Debug\AY1920_II_HW_FINAL_CARZANIGA_GUALNIERA.a(UART.o)
                0x1fff8166                UART_initVar
 .bss           0x1fff8168        0x1 .\CortexM3\ARM_GCC_541\Debug\AY1920_II_HW_FINAL_CARZANIGA_GUALNIERA.a(BUTTON_TIMER.o)
                0x1fff8168                BUTTON_TIMER_initVar
 .bss           0x1fff8169        0x1 .\CortexM3\ARM_GCC_541\Debug\AY1920_II_HW_FINAL_CARZANIGA_GUALNIERA.a(PWM_NOTIFY.o)
                0x1fff8169                PWM_NOTIFY_initVar
 .bss           0x1fff816a        0x1 .\CortexM3\ARM_GCC_541\Debug\AY1920_II_HW_FINAL_CARZANIGA_GUALNIERA.a(CLICK_TIMER.o)
                0x1fff816a                CLICK_TIMER_initVar
 .bss           0x1fff816b        0x1 .\CortexM3\ARM_GCC_541\Debug\AY1920_II_HW_FINAL_CARZANIGA_GUALNIERA.a(SPIM_IMU.o)
                0x1fff816b                SPIM_IMU_initVar
 .bss           0x1fff816c        0x1 .\CortexM3\ARM_GCC_541\Debug\AY1920_II_HW_FINAL_CARZANIGA_GUALNIERA.a(SPIM_EEPROM.o)
                0x1fff816c                SPIM_EEPROM_initVar
 .bss           0x1fff816d        0x1 .\CortexM3\ARM_GCC_541\Debug\AY1920_II_HW_FINAL_CARZANIGA_GUALNIERA.a(MAIN_TIMER.o)
                0x1fff816d                MAIN_TIMER_initVar
 *fill*         0x1fff816e        0x2 
 .bss           0x1fff8170        0xc .\CortexM3\ARM_GCC_541\Debug\AY1920_II_HW_FINAL_CARZANIGA_GUALNIERA.a(ADC_DELSIG.o)
                0x1fff8174                ADC_DELSIG_stopConversion
                0x1fff8175                ADC_DELSIG_convDone
                0x1fff8176                ADC_DELSIG_initVar
                0x1fff8177                ADC_DELSIG_started
                0x1fff8178                ADC_DELSIG_Offset
 .bss.__malloc_sbrk_start
                0x1fff817c        0x4 c:/program files (x86)/cypress/psoc creator/4.3/psoc creator/import/gnu/arm/5.4.1/bin/../lib/gcc/arm-none-eabi/5.4.1/../../../../arm-none-eabi/lib/armv7-m\libg_nano.a(lib_a-nano-mallocr.o)
                0x1fff817c                __malloc_sbrk_start
 .bss.__malloc_free_list
                0x1fff8180        0x4 c:/program files (x86)/cypress/psoc creator/4.3/psoc creator/import/gnu/arm/5.4.1/bin/../lib/gcc/arm-none-eabi/5.4.1/../../../../arm-none-eabi/lib/armv7-m\libg_nano.a(lib_a-nano-mallocr.o)
                0x1fff8180                __malloc_free_list
 *(COMMON)
 COMMON         0x1fff8184      0x24a .\CortexM3\ARM_GCC_541\Debug\main.o
                0x1fff8184                IMU_DataBuffer
                0x1fff8244                RGB_DataBuffer
                0x1fff8248                IMU_log_queue
                0x1fff8368                bufferUART
                0x1fff83cc                button_state
                0x1fff83cd                IMU_interrupt_flag
 *fill*         0x1fff83ce        0x2 
 COMMON         0x1fff83d0       0x1d .\CortexM3\ARM_GCC_541\Debug\AY1920_II_HW_FINAL_CARZANIGA_GUALNIERA.a(SPIM_IMU.o)
                0x1fff83d0                SPIM_IMU_txBufferWrite
                0x1fff83d1                SPIM_IMU_swStatusTx
                0x1fff83d2                SPIM_IMU_txBufferRead
                0x1fff83d3                SPIM_IMU_rxBufferFull
                0x1fff83d4                SPIM_IMU_txBufferFull
                0x1fff83d8                SPIM_IMU_txBuffer
                0x1fff83e0                SPIM_IMU_rxBufferWrite
                0x1fff83e1                SPIM_IMU_swStatusRx
                0x1fff83e4                SPIM_IMU_rxBuffer
                0x1fff83ec                SPIM_IMU_rxBufferRead
 *fill*         0x1fff83ed        0x3 
 COMMON         0x1fff83f0       0x1d .\CortexM3\ARM_GCC_541\Debug\AY1920_II_HW_FINAL_CARZANIGA_GUALNIERA.a(SPIM_EEPROM.o)
                0x1fff83f0                SPIM_EEPROM_swStatusTx
                0x1fff83f1                SPIM_EEPROM_rxBufferRead
                0x1fff83f4                SPIM_EEPROM_txBuffer
                0x1fff83fc                SPIM_EEPROM_txBufferFull
                0x1fff8400                SPIM_EEPROM_rxBuffer
                0x1fff8408                SPIM_EEPROM_rxBufferFull
                0x1fff8409                SPIM_EEPROM_txBufferRead
                0x1fff840a                SPIM_EEPROM_txBufferWrite
                0x1fff840b                SPIM_EEPROM_rxBufferWrite
                0x1fff840c                SPIM_EEPROM_swStatusRx
 *fill*         0x1fff840d        0x3 
 COMMON         0x1fff8410        0x4 .\CortexM3\ARM_GCC_541\Debug\AY1920_II_HW_FINAL_CARZANIGA_GUALNIERA.a(ADC_DELSIG.o)
                0x1fff8410                ADC_DELSIG_CountsPerVolt
 COMMON         0x1fff8414        0x4 c:/program files (x86)/cypress/psoc creator/4.3/psoc creator/import/gnu/arm/5.4.1/bin/../lib/gcc/arm-none-eabi/5.4.1/../../../../arm-none-eabi/lib/armv7-m\libg_nano.a(lib_a-reent.o)
                0x1fff8414                errno
                0x1fff8418                . = ALIGN (0x8)
 *(.ram.b)
                0x1fff8418                _end = .
                0x1fff8418                __end = .
                0x1fff8418                PROVIDE (end, .)
                0x1fff8418                PROVIDE (__bss_end__, .)
                0x000039d0                __cy_region_init_ram = LOADADDR (.data)
                0x00000080                __cy_region_init_size_ram = (_edata - ADDR (.data))
                0x000002d0                __cy_region_zero_size_ram = (_end - _edata)

.heap           0x1fff8418       0x80 load address 0x00003a50
                0x1fff8418                . = _end
                0x1fff8498                . = (. + 0x80)
 *fill*         0x1fff8418       0x80 
                0x1fff8498                __cy_heap_limit = .

.stack          0x20007800      0x800
                0x20007800                __cy_stack_limit = .
                0x20008000                . = (. + 0x800)
 *fill*         0x20007800      0x800 
                0x00000001                ASSERT ((__cy_stack_limit >= __cy_heap_limit), region RAM overflowed with stack)
                0x00000000                cy_checksum_exclude_size = (CY_APPL_LOADABLE == 0x1)?SIZEOF (.cy_checksum_exclude):0x0
                0x00000001                ASSERT ((cy_checksum_exclude_size <= CY_CHECKSUM_EXCLUDE_SIZE), CY_BOOT: Section .cy_checksum_exclude size exceedes specified limit.)

.cyloadermeta
 *(.cyloadermeta)

.cyloadablemeta
 *(.cyloadablemeta)

.cyconfigecc    0x80000000      0xaa4
 *(.cyconfigecc)
 .cyconfigecc   0x80000000      0xaa4 .\CortexM3\ARM_GCC_541\Debug\cymetadata.o
                0x80000000                cy_meta_configecc

.cycustnvl      0x90000000        0x4
 *(.cycustnvl)
 .cycustnvl     0x90000000        0x4 .\CortexM3\ARM_GCC_541\Debug\cymetadata.o
                0x90000000                cy_meta_custnvl

.cywolatch      0x90100000        0x4
 *(.cywolatch)
 .cywolatch     0x90100000        0x4 .\CortexM3\ARM_GCC_541\Debug\cymetadata.o
                0x90100000                cy_meta_wonvl

.cyeeprom       0x90200000        0x0
 *(.cyeeprom)
                0x00000001                ASSERT ((. <= ((0x90200000 + ee_offset) + ee_size)), .cyeeprom data will not fit in EEPROM)

.cyflashprotect
                0x90400000      0x100
 *(.cyflashprotect)
 .cyflashprotect
                0x90400000      0x100 .\CortexM3\ARM_GCC_541\Debug\cymetadata.o
                0x90400000                cy_meta_flashprotect

.cymeta         0x90500000        0xc
 *(.cymeta)
 .cymeta        0x90500000        0xc .\CortexM3\ARM_GCC_541\Debug\cymetadata.o
                0x90500000                cy_metadata

.rel.dyn        0x00003a50        0x0 load address 0x9050000c
 .rel.iplt      0x00003a50        0x0 c:/program files (x86)/cypress/psoc creator/4.3/psoc creator/import/gnu/arm/5.4.1/bin/../lib/gcc/arm-none-eabi/5.4.1/armv7-m/crtbegin.o

.stab
 *(.stab)

.stabstr
 *(.stabstr)

.debug
 *(.debug)

.line
 *(.line)

.debug_srcinfo
 *(.debug_srcinfo)

.debug_sfnames
 *(.debug_sfnames)

.debug_aranges  0x00000000     0x13c0
 *(.debug_aranges)
 .debug_aranges
                0x00000000       0x20 .\CortexM3\ARM_GCC_541\Debug\main.o
 .debug_aranges
                0x00000020       0x30 .\CortexM3\ARM_GCC_541\Debug\InterruptRoutines.o
 .debug_aranges
                0x00000050       0x48 .\CortexM3\ARM_GCC_541\Debug\SPI_Interface.o
 .debug_aranges
                0x00000098       0xd8 .\CortexM3\ARM_GCC_541\Debug\25LC256.o
 .debug_aranges
                0x00000170       0x58 .\CortexM3\ARM_GCC_541\Debug\LED_Driver.o
 .debug_aranges
                0x000001c8       0x68 .\CortexM3\ARM_GCC_541\Debug\LIS3DH.o
 .debug_aranges
                0x00000230       0x38 .\CortexM3\ARM_GCC_541\Debug\Notifications.o
 .debug_aranges
                0x00000268       0x48 .\CortexM3\ARM_GCC_541\Debug\LogUtils.o
 .debug_aranges
                0x000002b0       0x68 .\CortexM3\ARM_GCC_541\Debug\cyfitter_cfg.o
 .debug_aranges
                0x00000318       0x18 .\CortexM3\ARM_GCC_541\Debug\cymetadata.o
 .debug_aranges
                0x00000330       0x48 .\CortexM3\ARM_GCC_541\Debug\Cm3Start.o
 .debug_aranges
                0x00000378       0x80 .\CortexM3\ARM_GCC_541\Debug\AY1920_II_HW_FINAL_CARZANIGA_GUALNIERA.a(ISR_CONFIG.o)
 .debug_aranges
                0x000003f8       0xa8 .\CortexM3\ARM_GCC_541\Debug\AY1920_II_HW_FINAL_CARZANIGA_GUALNIERA.a(PWM_RG.o)
 .debug_aranges
                0x000004a0       0x98 .\CortexM3\ARM_GCC_541\Debug\AY1920_II_HW_FINAL_CARZANIGA_GUALNIERA.a(PWM_B.o)
 .debug_aranges
                0x00000538       0x80 .\CortexM3\ARM_GCC_541\Debug\AY1920_II_HW_FINAL_CARZANIGA_GUALNIERA.a(ISR_START.o)
 .debug_aranges
                0x000005b8       0xf0 .\CortexM3\ARM_GCC_541\Debug\AY1920_II_HW_FINAL_CARZANIGA_GUALNIERA.a(UART.o)
 .debug_aranges
                0x000006a8       0x70 .\CortexM3\ARM_GCC_541\Debug\AY1920_II_HW_FINAL_CARZANIGA_GUALNIERA.a(UART_IntClock.o)
 .debug_aranges
                0x00000718      0x2a0 .\CortexM3\ARM_GCC_541\Debug\AY1920_II_HW_FINAL_CARZANIGA_GUALNIERA.a(CyLib.o)
 .debug_aranges
                0x000009b8       0x98 .\CortexM3\ARM_GCC_541\Debug\AY1920_II_HW_FINAL_CARZANIGA_GUALNIERA.a(cyPm.o)
 .debug_aranges
                0x00000a50       0x88 .\CortexM3\ARM_GCC_541\Debug\AY1920_II_HW_FINAL_CARZANIGA_GUALNIERA.a(BUTTON_TIMER.o)
 .debug_aranges
                0x00000ad8       0x38 .\CortexM3\ARM_GCC_541\Debug\AY1920_II_HW_FINAL_CARZANIGA_GUALNIERA.a(CS_IMU.o)
 .debug_aranges
                0x00000b10       0x38 .\CortexM3\ARM_GCC_541\Debug\AY1920_II_HW_FINAL_CARZANIGA_GUALNIERA.a(CS_EEPROM.o)
 .debug_aranges
                0x00000b48       0x98 .\CortexM3\ARM_GCC_541\Debug\AY1920_II_HW_FINAL_CARZANIGA_GUALNIERA.a(PWM_NOTIFY.o)
 .debug_aranges
                0x00000be0       0x90 .\CortexM3\ARM_GCC_541\Debug\AY1920_II_HW_FINAL_CARZANIGA_GUALNIERA.a(CLICK_TIMER.o)
 .debug_aranges
                0x00000c70       0x80 .\CortexM3\ARM_GCC_541\Debug\AY1920_II_HW_FINAL_CARZANIGA_GUALNIERA.a(ISR_IMU.o)
 .debug_aranges
                0x00000cf0       0xd8 .\CortexM3\ARM_GCC_541\Debug\AY1920_II_HW_FINAL_CARZANIGA_GUALNIERA.a(SPIM_IMU.o)
 .debug_aranges
                0x00000dc8       0x28 .\CortexM3\ARM_GCC_541\Debug\AY1920_II_HW_FINAL_CARZANIGA_GUALNIERA.a(SPIM_IMU_INT.o)
 .debug_aranges
                0x00000df0       0xd8 .\CortexM3\ARM_GCC_541\Debug\AY1920_II_HW_FINAL_CARZANIGA_GUALNIERA.a(SPIM_EEPROM.o)
 .debug_aranges
                0x00000ec8       0x28 .\CortexM3\ARM_GCC_541\Debug\AY1920_II_HW_FINAL_CARZANIGA_GUALNIERA.a(SPIM_EEPROM_INT.o)
 .debug_aranges
                0x00000ef0       0x70 .\CortexM3\ARM_GCC_541\Debug\AY1920_II_HW_FINAL_CARZANIGA_GUALNIERA.a(SPIM_IMU_IntClock.o)
 .debug_aranges
                0x00000f60       0x70 .\CortexM3\ARM_GCC_541\Debug\AY1920_II_HW_FINAL_CARZANIGA_GUALNIERA.a(SPIM_EEPROM_IntClock.o)
 .debug_aranges
                0x00000fd0       0x88 .\CortexM3\ARM_GCC_541\Debug\AY1920_II_HW_FINAL_CARZANIGA_GUALNIERA.a(MAIN_TIMER.o)
 .debug_aranges
                0x00001058       0xe8 .\CortexM3\ARM_GCC_541\Debug\AY1920_II_HW_FINAL_CARZANIGA_GUALNIERA.a(ADC_DELSIG.o)
 .debug_aranges
                0x00001140       0x38 .\CortexM3\ARM_GCC_541\Debug\AY1920_II_HW_FINAL_CARZANIGA_GUALNIERA.a(ADC_DELSIG_INT.o)
 .debug_aranges
                0x00001178       0x30 .\CortexM3\ARM_GCC_541\Debug\AY1920_II_HW_FINAL_CARZANIGA_GUALNIERA.a(ADC_DELSIG_AMux.o)
 .debug_aranges
                0x000011a8       0x70 .\CortexM3\ARM_GCC_541\Debug\AY1920_II_HW_FINAL_CARZANIGA_GUALNIERA.a(ADC_DELSIG_Ext_CP_Clk.o)
 .debug_aranges
                0x00001218       0x80 .\CortexM3\ARM_GCC_541\Debug\AY1920_II_HW_FINAL_CARZANIGA_GUALNIERA.a(ADC_DELSIG_theACLK.o)
 .debug_aranges
                0x00001298       0x20 .\CortexM3\ARM_GCC_541\Debug\AY1920_II_HW_FINAL_CARZANIGA_GUALNIERA.a(CyBootAsmGnu.o)
 .debug_aranges
                0x000012b8       0x88 .\CortexM3\ARM_GCC_541\Debug\AY1920_II_HW_FINAL_CARZANIGA_GUALNIERA.a(CyFlash.o)
 .debug_aranges
                0x00001340       0x80 .\CortexM3\ARM_GCC_541\Debug\AY1920_II_HW_FINAL_CARZANIGA_GUALNIERA.a(CySpc.o)

.debug_pubnames
 *(.debug_pubnames)

.debug_info     0x00000000     0xb58a
 *(.debug_info .gnu.linkonce.wi.*)
 .debug_info    0x00000000      0x667 .\CortexM3\ARM_GCC_541\Debug\main.o
 .debug_info    0x00000667      0x2ab .\CortexM3\ARM_GCC_541\Debug\InterruptRoutines.o
 .debug_info    0x00000912      0x678 .\CortexM3\ARM_GCC_541\Debug\SPI_Interface.o
 .debug_info    0x00000f8a      0xac8 .\CortexM3\ARM_GCC_541\Debug\25LC256.o
 .debug_info    0x00001a52      0x3f6 .\CortexM3\ARM_GCC_541\Debug\LED_Driver.o
 .debug_info    0x00001e48      0xf66 .\CortexM3\ARM_GCC_541\Debug\LIS3DH.o
 .debug_info    0x00002dae      0x21a .\CortexM3\ARM_GCC_541\Debug\Notifications.o
 .debug_info    0x00002fc8      0x307 .\CortexM3\ARM_GCC_541\Debug\LogUtils.o
 .debug_info    0x000032cf      0x6c8 .\CortexM3\ARM_GCC_541\Debug\cyfitter_cfg.o
 .debug_info    0x00003997      0x139 .\CortexM3\ARM_GCC_541\Debug\cymetadata.o
 .debug_info    0x00003ad0      0x3bb .\CortexM3\ARM_GCC_541\Debug\Cm3Start.o
 .debug_info    0x00003e8b      0x2d2 .\CortexM3\ARM_GCC_541\Debug\AY1920_II_HW_FINAL_CARZANIGA_GUALNIERA.a(ISR_CONFIG.o)
 .debug_info    0x0000415d      0x383 .\CortexM3\ARM_GCC_541\Debug\AY1920_II_HW_FINAL_CARZANIGA_GUALNIERA.a(PWM_RG.o)
 .debug_info    0x000044e0      0x334 .\CortexM3\ARM_GCC_541\Debug\AY1920_II_HW_FINAL_CARZANIGA_GUALNIERA.a(PWM_B.o)
 .debug_info    0x00004814      0x2d2 .\CortexM3\ARM_GCC_541\Debug\AY1920_II_HW_FINAL_CARZANIGA_GUALNIERA.a(ISR_START.o)
 .debug_info    0x00004ae6      0x60c .\CortexM3\ARM_GCC_541\Debug\AY1920_II_HW_FINAL_CARZANIGA_GUALNIERA.a(UART.o)
 .debug_info    0x000050f2      0x283 .\CortexM3\ARM_GCC_541\Debug\AY1920_II_HW_FINAL_CARZANIGA_GUALNIERA.a(UART_IntClock.o)
 .debug_info    0x00005375     0x1374 .\CortexM3\ARM_GCC_541\Debug\AY1920_II_HW_FINAL_CARZANIGA_GUALNIERA.a(CyLib.o)
 .debug_info    0x000066e9      0xa2a .\CortexM3\ARM_GCC_541\Debug\AY1920_II_HW_FINAL_CARZANIGA_GUALNIERA.a(cyPm.o)
 .debug_info    0x00007113      0x293 .\CortexM3\ARM_GCC_541\Debug\AY1920_II_HW_FINAL_CARZANIGA_GUALNIERA.a(BUTTON_TIMER.o)
 .debug_info    0x000073a6      0x11f .\CortexM3\ARM_GCC_541\Debug\AY1920_II_HW_FINAL_CARZANIGA_GUALNIERA.a(CS_IMU.o)
 .debug_info    0x000074c5      0x11f .\CortexM3\ARM_GCC_541\Debug\AY1920_II_HW_FINAL_CARZANIGA_GUALNIERA.a(CS_EEPROM.o)
 .debug_info    0x000075e4      0x334 .\CortexM3\ARM_GCC_541\Debug\AY1920_II_HW_FINAL_CARZANIGA_GUALNIERA.a(PWM_NOTIFY.o)
 .debug_info    0x00007918      0x2d1 .\CortexM3\ARM_GCC_541\Debug\AY1920_II_HW_FINAL_CARZANIGA_GUALNIERA.a(CLICK_TIMER.o)
 .debug_info    0x00007be9      0x2d2 .\CortexM3\ARM_GCC_541\Debug\AY1920_II_HW_FINAL_CARZANIGA_GUALNIERA.a(ISR_IMU.o)
 .debug_info    0x00007ebb      0x709 .\CortexM3\ARM_GCC_541\Debug\AY1920_II_HW_FINAL_CARZANIGA_GUALNIERA.a(SPIM_IMU.o)
 .debug_info    0x000085c4      0x18d .\CortexM3\ARM_GCC_541\Debug\AY1920_II_HW_FINAL_CARZANIGA_GUALNIERA.a(SPIM_IMU_INT.o)
 .debug_info    0x00008751      0x709 .\CortexM3\ARM_GCC_541\Debug\AY1920_II_HW_FINAL_CARZANIGA_GUALNIERA.a(SPIM_EEPROM.o)
 .debug_info    0x00008e5a      0x18d .\CortexM3\ARM_GCC_541\Debug\AY1920_II_HW_FINAL_CARZANIGA_GUALNIERA.a(SPIM_EEPROM_INT.o)
 .debug_info    0x00008fe7      0x283 .\CortexM3\ARM_GCC_541\Debug\AY1920_II_HW_FINAL_CARZANIGA_GUALNIERA.a(SPIM_IMU_IntClock.o)
 .debug_info    0x0000926a      0x283 .\CortexM3\ARM_GCC_541\Debug\AY1920_II_HW_FINAL_CARZANIGA_GUALNIERA.a(SPIM_EEPROM_IntClock.o)
 .debug_info    0x000094ed      0x293 .\CortexM3\ARM_GCC_541\Debug\AY1920_II_HW_FINAL_CARZANIGA_GUALNIERA.a(MAIN_TIMER.o)
 .debug_info    0x00009780      0xa1c .\CortexM3\ARM_GCC_541\Debug\AY1920_II_HW_FINAL_CARZANIGA_GUALNIERA.a(ADC_DELSIG.o)
 .debug_info    0x0000a19c       0xd3 .\CortexM3\ARM_GCC_541\Debug\AY1920_II_HW_FINAL_CARZANIGA_GUALNIERA.a(ADC_DELSIG_INT.o)
 .debug_info    0x0000a26f      0x165 .\CortexM3\ARM_GCC_541\Debug\AY1920_II_HW_FINAL_CARZANIGA_GUALNIERA.a(ADC_DELSIG_AMux.o)
 .debug_info    0x0000a3d4      0x283 .\CortexM3\ARM_GCC_541\Debug\AY1920_II_HW_FINAL_CARZANIGA_GUALNIERA.a(ADC_DELSIG_Ext_CP_Clk.o)
 .debug_info    0x0000a657      0x2c4 .\CortexM3\ARM_GCC_541\Debug\AY1920_II_HW_FINAL_CARZANIGA_GUALNIERA.a(ADC_DELSIG_theACLK.o)
 .debug_info    0x0000a91b       0xd2 .\CortexM3\ARM_GCC_541\Debug\AY1920_II_HW_FINAL_CARZANIGA_GUALNIERA.a(CyBootAsmGnu.o)
 .debug_info    0x0000a9ed      0x64d .\CortexM3\ARM_GCC_541\Debug\AY1920_II_HW_FINAL_CARZANIGA_GUALNIERA.a(CyFlash.o)
 .debug_info    0x0000b03a      0x550 .\CortexM3\ARM_GCC_541\Debug\AY1920_II_HW_FINAL_CARZANIGA_GUALNIERA.a(CySpc.o)

.debug_abbrev   0x00000000     0x311b
 *(.debug_abbrev)
 .debug_abbrev  0x00000000      0x16f .\CortexM3\ARM_GCC_541\Debug\main.o
 .debug_abbrev  0x0000016f       0xfa .\CortexM3\ARM_GCC_541\Debug\InterruptRoutines.o
 .debug_abbrev  0x00000269      0x134 .\CortexM3\ARM_GCC_541\Debug\SPI_Interface.o
 .debug_abbrev  0x0000039d      0x1e5 .\CortexM3\ARM_GCC_541\Debug\25LC256.o
 .debug_abbrev  0x00000582      0x15c .\CortexM3\ARM_GCC_541\Debug\LED_Driver.o
 .debug_abbrev  0x000006de      0x1a7 .\CortexM3\ARM_GCC_541\Debug\LIS3DH.o
 .debug_abbrev  0x00000885      0x101 .\CortexM3\ARM_GCC_541\Debug\Notifications.o
 .debug_abbrev  0x00000986      0x138 .\CortexM3\ARM_GCC_541\Debug\LogUtils.o
 .debug_abbrev  0x00000abe      0x22d .\CortexM3\ARM_GCC_541\Debug\cyfitter_cfg.o
 .debug_abbrev  0x00000ceb       0x77 .\CortexM3\ARM_GCC_541\Debug\cymetadata.o
 .debug_abbrev  0x00000d62      0x1e8 .\CortexM3\ARM_GCC_541\Debug\Cm3Start.o
 .debug_abbrev  0x00000f4a      0x173 .\CortexM3\ARM_GCC_541\Debug\AY1920_II_HW_FINAL_CARZANIGA_GUALNIERA.a(ISR_CONFIG.o)
 .debug_abbrev  0x000010bd      0x133 .\CortexM3\ARM_GCC_541\Debug\AY1920_II_HW_FINAL_CARZANIGA_GUALNIERA.a(PWM_RG.o)
 .debug_abbrev  0x000011f0      0x133 .\CortexM3\ARM_GCC_541\Debug\AY1920_II_HW_FINAL_CARZANIGA_GUALNIERA.a(PWM_B.o)
 .debug_abbrev  0x00001323      0x173 .\CortexM3\ARM_GCC_541\Debug\AY1920_II_HW_FINAL_CARZANIGA_GUALNIERA.a(ISR_START.o)
 .debug_abbrev  0x00001496      0x175 .\CortexM3\ARM_GCC_541\Debug\AY1920_II_HW_FINAL_CARZANIGA_GUALNIERA.a(UART.o)
 .debug_abbrev  0x0000160b      0x139 .\CortexM3\ARM_GCC_541\Debug\AY1920_II_HW_FINAL_CARZANIGA_GUALNIERA.a(UART_IntClock.o)
 .debug_abbrev  0x00001744      0x254 .\CortexM3\ARM_GCC_541\Debug\AY1920_II_HW_FINAL_CARZANIGA_GUALNIERA.a(CyLib.o)
 .debug_abbrev  0x00001998      0x1ab .\CortexM3\ARM_GCC_541\Debug\AY1920_II_HW_FINAL_CARZANIGA_GUALNIERA.a(cyPm.o)
 .debug_abbrev  0x00001b43      0x11a .\CortexM3\ARM_GCC_541\Debug\AY1920_II_HW_FINAL_CARZANIGA_GUALNIERA.a(BUTTON_TIMER.o)
 .debug_abbrev  0x00001c5d       0x90 .\CortexM3\ARM_GCC_541\Debug\AY1920_II_HW_FINAL_CARZANIGA_GUALNIERA.a(CS_IMU.o)
 .debug_abbrev  0x00001ced       0x90 .\CortexM3\ARM_GCC_541\Debug\AY1920_II_HW_FINAL_CARZANIGA_GUALNIERA.a(CS_EEPROM.o)
 .debug_abbrev  0x00001d7d      0x133 .\CortexM3\ARM_GCC_541\Debug\AY1920_II_HW_FINAL_CARZANIGA_GUALNIERA.a(PWM_NOTIFY.o)
 .debug_abbrev  0x00001eb0      0x12b .\CortexM3\ARM_GCC_541\Debug\AY1920_II_HW_FINAL_CARZANIGA_GUALNIERA.a(CLICK_TIMER.o)
 .debug_abbrev  0x00001fdb      0x173 .\CortexM3\ARM_GCC_541\Debug\AY1920_II_HW_FINAL_CARZANIGA_GUALNIERA.a(ISR_IMU.o)
 .debug_abbrev  0x0000214e      0x162 .\CortexM3\ARM_GCC_541\Debug\AY1920_II_HW_FINAL_CARZANIGA_GUALNIERA.a(SPIM_IMU.o)
 .debug_abbrev  0x000022b0       0x8a .\CortexM3\ARM_GCC_541\Debug\AY1920_II_HW_FINAL_CARZANIGA_GUALNIERA.a(SPIM_IMU_INT.o)
 .debug_abbrev  0x0000233a      0x162 .\CortexM3\ARM_GCC_541\Debug\AY1920_II_HW_FINAL_CARZANIGA_GUALNIERA.a(SPIM_EEPROM.o)
 .debug_abbrev  0x0000249c       0x8a .\CortexM3\ARM_GCC_541\Debug\AY1920_II_HW_FINAL_CARZANIGA_GUALNIERA.a(SPIM_EEPROM_INT.o)
 .debug_abbrev  0x00002526      0x139 .\CortexM3\ARM_GCC_541\Debug\AY1920_II_HW_FINAL_CARZANIGA_GUALNIERA.a(SPIM_IMU_IntClock.o)
 .debug_abbrev  0x0000265f      0x139 .\CortexM3\ARM_GCC_541\Debug\AY1920_II_HW_FINAL_CARZANIGA_GUALNIERA.a(SPIM_EEPROM_IntClock.o)
 .debug_abbrev  0x00002798      0x11a .\CortexM3\ARM_GCC_541\Debug\AY1920_II_HW_FINAL_CARZANIGA_GUALNIERA.a(MAIN_TIMER.o)
 .debug_abbrev  0x000028b2      0x1cd .\CortexM3\ARM_GCC_541\Debug\AY1920_II_HW_FINAL_CARZANIGA_GUALNIERA.a(ADC_DELSIG.o)
 .debug_abbrev  0x00002a7f       0x42 .\CortexM3\ARM_GCC_541\Debug\AY1920_II_HW_FINAL_CARZANIGA_GUALNIERA.a(ADC_DELSIG_INT.o)
 .debug_abbrev  0x00002ac1       0xb1 .\CortexM3\ARM_GCC_541\Debug\AY1920_II_HW_FINAL_CARZANIGA_GUALNIERA.a(ADC_DELSIG_AMux.o)
 .debug_abbrev  0x00002b72      0x139 .\CortexM3\ARM_GCC_541\Debug\AY1920_II_HW_FINAL_CARZANIGA_GUALNIERA.a(ADC_DELSIG_Ext_CP_Clk.o)
 .debug_abbrev  0x00002cab      0x121 .\CortexM3\ARM_GCC_541\Debug\AY1920_II_HW_FINAL_CARZANIGA_GUALNIERA.a(ADC_DELSIG_theACLK.o)
 .debug_abbrev  0x00002dcc       0x14 .\CortexM3\ARM_GCC_541\Debug\AY1920_II_HW_FINAL_CARZANIGA_GUALNIERA.a(CyBootAsmGnu.o)
 .debug_abbrev  0x00002de0      0x1a7 .\CortexM3\ARM_GCC_541\Debug\AY1920_II_HW_FINAL_CARZANIGA_GUALNIERA.a(CyFlash.o)
 .debug_abbrev  0x00002f87      0x194 .\CortexM3\ARM_GCC_541\Debug\AY1920_II_HW_FINAL_CARZANIGA_GUALNIERA.a(CySpc.o)

.debug_line     0x00000000     0x4e07
 *(.debug_line)
 .debug_line    0x00000000      0x2b8 .\CortexM3\ARM_GCC_541\Debug\main.o
 .debug_line    0x000002b8      0x1ef .\CortexM3\ARM_GCC_541\Debug\InterruptRoutines.o
 .debug_line    0x000004a7      0x293 .\CortexM3\ARM_GCC_541\Debug\SPI_Interface.o
 .debug_line    0x0000073a      0x386 .\CortexM3\ARM_GCC_541\Debug\25LC256.o
 .debug_line    0x00000ac0      0x26b .\CortexM3\ARM_GCC_541\Debug\LED_Driver.o
 .debug_line    0x00000d2b      0x3a2 .\CortexM3\ARM_GCC_541\Debug\LIS3DH.o
 .debug_line    0x000010cd      0x1d1 .\CortexM3\ARM_GCC_541\Debug\Notifications.o
 .debug_line    0x0000129e      0x1ef .\CortexM3\ARM_GCC_541\Debug\LogUtils.o
 .debug_line    0x0000148d      0x22f .\CortexM3\ARM_GCC_541\Debug\cyfitter_cfg.o
 .debug_line    0x000016bc      0x141 .\CortexM3\ARM_GCC_541\Debug\cymetadata.o
 .debug_line    0x000017fd      0x234 .\CortexM3\ARM_GCC_541\Debug\Cm3Start.o
 .debug_line    0x00001a31      0x137 .\CortexM3\ARM_GCC_541\Debug\AY1920_II_HW_FINAL_CARZANIGA_GUALNIERA.a(ISR_CONFIG.o)
 .debug_line    0x00001b68      0x1aa .\CortexM3\ARM_GCC_541\Debug\AY1920_II_HW_FINAL_CARZANIGA_GUALNIERA.a(PWM_RG.o)
 .debug_line    0x00001d12      0x185 .\CortexM3\ARM_GCC_541\Debug\AY1920_II_HW_FINAL_CARZANIGA_GUALNIERA.a(PWM_B.o)
 .debug_line    0x00001e97      0x136 .\CortexM3\ARM_GCC_541\Debug\AY1920_II_HW_FINAL_CARZANIGA_GUALNIERA.a(ISR_START.o)
 .debug_line    0x00001fcd      0x2bc .\CortexM3\ARM_GCC_541\Debug\AY1920_II_HW_FINAL_CARZANIGA_GUALNIERA.a(UART.o)
 .debug_line    0x00002289      0x17c .\CortexM3\ARM_GCC_541\Debug\AY1920_II_HW_FINAL_CARZANIGA_GUALNIERA.a(UART_IntClock.o)
 .debug_line    0x00002405      0x816 .\CortexM3\ARM_GCC_541\Debug\AY1920_II_HW_FINAL_CARZANIGA_GUALNIERA.a(CyLib.o)
 .debug_line    0x00002c1b      0x367 .\CortexM3\ARM_GCC_541\Debug\AY1920_II_HW_FINAL_CARZANIGA_GUALNIERA.a(cyPm.o)
 .debug_line    0x00002f82      0x160 .\CortexM3\ARM_GCC_541\Debug\AY1920_II_HW_FINAL_CARZANIGA_GUALNIERA.a(BUTTON_TIMER.o)
 .debug_line    0x000030e2       0x93 .\CortexM3\ARM_GCC_541\Debug\AY1920_II_HW_FINAL_CARZANIGA_GUALNIERA.a(CS_IMU.o)
 .debug_line    0x00003175       0x96 .\CortexM3\ARM_GCC_541\Debug\AY1920_II_HW_FINAL_CARZANIGA_GUALNIERA.a(CS_EEPROM.o)
 .debug_line    0x0000320b      0x18a .\CortexM3\ARM_GCC_541\Debug\AY1920_II_HW_FINAL_CARZANIGA_GUALNIERA.a(PWM_NOTIFY.o)
 .debug_line    0x00003395      0x176 .\CortexM3\ARM_GCC_541\Debug\AY1920_II_HW_FINAL_CARZANIGA_GUALNIERA.a(CLICK_TIMER.o)
 .debug_line    0x0000350b      0x134 .\CortexM3\ARM_GCC_541\Debug\AY1920_II_HW_FINAL_CARZANIGA_GUALNIERA.a(ISR_IMU.o)
 .debug_line    0x0000363f      0x2a2 .\CortexM3\ARM_GCC_541\Debug\AY1920_II_HW_FINAL_CARZANIGA_GUALNIERA.a(SPIM_IMU.o)
 .debug_line    0x000038e1       0xae .\CortexM3\ARM_GCC_541\Debug\AY1920_II_HW_FINAL_CARZANIGA_GUALNIERA.a(SPIM_IMU_INT.o)
 .debug_line    0x0000398f      0x2a8 .\CortexM3\ARM_GCC_541\Debug\AY1920_II_HW_FINAL_CARZANIGA_GUALNIERA.a(SPIM_EEPROM.o)
 .debug_line    0x00003c37       0xb4 .\CortexM3\ARM_GCC_541\Debug\AY1920_II_HW_FINAL_CARZANIGA_GUALNIERA.a(SPIM_EEPROM_INT.o)
 .debug_line    0x00003ceb      0x180 .\CortexM3\ARM_GCC_541\Debug\AY1920_II_HW_FINAL_CARZANIGA_GUALNIERA.a(SPIM_IMU_IntClock.o)
 .debug_line    0x00003e6b      0x183 .\CortexM3\ARM_GCC_541\Debug\AY1920_II_HW_FINAL_CARZANIGA_GUALNIERA.a(SPIM_EEPROM_IntClock.o)
 .debug_line    0x00003fee      0x158 .\CortexM3\ARM_GCC_541\Debug\AY1920_II_HW_FINAL_CARZANIGA_GUALNIERA.a(MAIN_TIMER.o)
 .debug_line    0x00004146      0x37f .\CortexM3\ARM_GCC_541\Debug\AY1920_II_HW_FINAL_CARZANIGA_GUALNIERA.a(ADC_DELSIG.o)
 .debug_line    0x000044c5       0x87 .\CortexM3\ARM_GCC_541\Debug\AY1920_II_HW_FINAL_CARZANIGA_GUALNIERA.a(ADC_DELSIG_INT.o)
 .debug_line    0x0000454c       0xb3 .\CortexM3\ARM_GCC_541\Debug\AY1920_II_HW_FINAL_CARZANIGA_GUALNIERA.a(ADC_DELSIG_AMux.o)
 .debug_line    0x000045ff      0x184 .\CortexM3\ARM_GCC_541\Debug\AY1920_II_HW_FINAL_CARZANIGA_GUALNIERA.a(ADC_DELSIG_Ext_CP_Clk.o)
 .debug_line    0x00004783      0x1a4 .\CortexM3\ARM_GCC_541\Debug\AY1920_II_HW_FINAL_CARZANIGA_GUALNIERA.a(ADC_DELSIG_theACLK.o)
 .debug_line    0x00004927       0x66 .\CortexM3\ARM_GCC_541\Debug\AY1920_II_HW_FINAL_CARZANIGA_GUALNIERA.a(CyBootAsmGnu.o)
 .debug_line    0x0000498d      0x21a .\CortexM3\ARM_GCC_541\Debug\AY1920_II_HW_FINAL_CARZANIGA_GUALNIERA.a(CyFlash.o)
 .debug_line    0x00004ba7      0x260 .\CortexM3\ARM_GCC_541\Debug\AY1920_II_HW_FINAL_CARZANIGA_GUALNIERA.a(CySpc.o)

.debug_frame    0x00000000     0x33f4
 *(.debug_frame)
 .debug_frame   0x00000000       0x44 .\CortexM3\ARM_GCC_541\Debug\main.o
 .debug_frame   0x00000044       0x58 .\CortexM3\ARM_GCC_541\Debug\InterruptRoutines.o
 .debug_frame   0x0000009c       0xe0 .\CortexM3\ARM_GCC_541\Debug\SPI_Interface.o
 .debug_frame   0x0000017c      0x300 .\CortexM3\ARM_GCC_541\Debug\25LC256.o
 .debug_frame   0x0000047c       0xfc .\CortexM3\ARM_GCC_541\Debug\LED_Driver.o
 .debug_frame   0x00000578      0x168 .\CortexM3\ARM_GCC_541\Debug\LIS3DH.o
 .debug_frame   0x000006e0       0x80 .\CortexM3\ARM_GCC_541\Debug\Notifications.o
 .debug_frame   0x00000760       0xe8 .\CortexM3\ARM_GCC_541\Debug\LogUtils.o
 .debug_frame   0x00000848      0x104 .\CortexM3\ARM_GCC_541\Debug\cyfitter_cfg.o
 .debug_frame   0x0000094c       0xb8 .\CortexM3\ARM_GCC_541\Debug\Cm3Start.o
 .debug_frame   0x00000a04      0x104 .\CortexM3\ARM_GCC_541\Debug\AY1920_II_HW_FINAL_CARZANIGA_GUALNIERA.a(ISR_CONFIG.o)
 .debug_frame   0x00000b08      0x154 .\CortexM3\ARM_GCC_541\Debug\AY1920_II_HW_FINAL_CARZANIGA_GUALNIERA.a(PWM_RG.o)
 .debug_frame   0x00000c5c      0x134 .\CortexM3\ARM_GCC_541\Debug\AY1920_II_HW_FINAL_CARZANIGA_GUALNIERA.a(PWM_B.o)
 .debug_frame   0x00000d90      0x104 .\CortexM3\ARM_GCC_541\Debug\AY1920_II_HW_FINAL_CARZANIGA_GUALNIERA.a(ISR_START.o)
 .debug_frame   0x00000e94      0x250 .\CortexM3\ARM_GCC_541\Debug\AY1920_II_HW_FINAL_CARZANIGA_GUALNIERA.a(UART.o)
 .debug_frame   0x000010e4       0xe0 .\CortexM3\ARM_GCC_541\Debug\AY1920_II_HW_FINAL_CARZANIGA_GUALNIERA.a(UART_IntClock.o)
 .debug_frame   0x000011c4      0x738 .\CortexM3\ARM_GCC_541\Debug\AY1920_II_HW_FINAL_CARZANIGA_GUALNIERA.a(CyLib.o)
 .debug_frame   0x000018fc      0x1f8 .\CortexM3\ARM_GCC_541\Debug\AY1920_II_HW_FINAL_CARZANIGA_GUALNIERA.a(cyPm.o)
 .debug_frame   0x00001af4      0x108 .\CortexM3\ARM_GCC_541\Debug\AY1920_II_HW_FINAL_CARZANIGA_GUALNIERA.a(BUTTON_TIMER.o)
 .debug_frame   0x00001bfc       0x50 .\CortexM3\ARM_GCC_541\Debug\AY1920_II_HW_FINAL_CARZANIGA_GUALNIERA.a(CS_IMU.o)
 .debug_frame   0x00001c4c       0x50 .\CortexM3\ARM_GCC_541\Debug\AY1920_II_HW_FINAL_CARZANIGA_GUALNIERA.a(CS_EEPROM.o)
 .debug_frame   0x00001c9c      0x134 .\CortexM3\ARM_GCC_541\Debug\AY1920_II_HW_FINAL_CARZANIGA_GUALNIERA.a(PWM_NOTIFY.o)
 .debug_frame   0x00001dd0      0x124 .\CortexM3\ARM_GCC_541\Debug\AY1920_II_HW_FINAL_CARZANIGA_GUALNIERA.a(CLICK_TIMER.o)
 .debug_frame   0x00001ef4      0x104 .\CortexM3\ARM_GCC_541\Debug\AY1920_II_HW_FINAL_CARZANIGA_GUALNIERA.a(ISR_IMU.o)
 .debug_frame   0x00001ff8      0x264 .\CortexM3\ARM_GCC_541\Debug\AY1920_II_HW_FINAL_CARZANIGA_GUALNIERA.a(SPIM_IMU.o)
 .debug_frame   0x0000225c       0x30 .\CortexM3\ARM_GCC_541\Debug\AY1920_II_HW_FINAL_CARZANIGA_GUALNIERA.a(SPIM_IMU_INT.o)
 .debug_frame   0x0000228c      0x260 .\CortexM3\ARM_GCC_541\Debug\AY1920_II_HW_FINAL_CARZANIGA_GUALNIERA.a(SPIM_EEPROM.o)
 .debug_frame   0x000024ec       0x30 .\CortexM3\ARM_GCC_541\Debug\AY1920_II_HW_FINAL_CARZANIGA_GUALNIERA.a(SPIM_EEPROM_INT.o)
 .debug_frame   0x0000251c       0xe0 .\CortexM3\ARM_GCC_541\Debug\AY1920_II_HW_FINAL_CARZANIGA_GUALNIERA.a(SPIM_IMU_IntClock.o)
 .debug_frame   0x000025fc       0xe0 .\CortexM3\ARM_GCC_541\Debug\AY1920_II_HW_FINAL_CARZANIGA_GUALNIERA.a(SPIM_EEPROM_IntClock.o)
 .debug_frame   0x000026dc      0x108 .\CortexM3\ARM_GCC_541\Debug\AY1920_II_HW_FINAL_CARZANIGA_GUALNIERA.a(MAIN_TIMER.o)
 .debug_frame   0x000027e4      0x284 .\CortexM3\ARM_GCC_541\Debug\AY1920_II_HW_FINAL_CARZANIGA_GUALNIERA.a(ADC_DELSIG.o)
 .debug_frame   0x00002a68       0x50 .\CortexM3\ARM_GCC_541\Debug\AY1920_II_HW_FINAL_CARZANIGA_GUALNIERA.a(ADC_DELSIG_INT.o)
 .debug_frame   0x00002ab8       0x64 .\CortexM3\ARM_GCC_541\Debug\AY1920_II_HW_FINAL_CARZANIGA_GUALNIERA.a(ADC_DELSIG_AMux.o)
 .debug_frame   0x00002b1c       0xe0 .\CortexM3\ARM_GCC_541\Debug\AY1920_II_HW_FINAL_CARZANIGA_GUALNIERA.a(ADC_DELSIG_Ext_CP_Clk.o)
 .debug_frame   0x00002bfc      0x100 .\CortexM3\ARM_GCC_541\Debug\AY1920_II_HW_FINAL_CARZANIGA_GUALNIERA.a(ADC_DELSIG_theACLK.o)
 .debug_frame   0x00002cfc      0x194 .\CortexM3\ARM_GCC_541\Debug\AY1920_II_HW_FINAL_CARZANIGA_GUALNIERA.a(CyFlash.o)
 .debug_frame   0x00002e90      0x180 .\CortexM3\ARM_GCC_541\Debug\AY1920_II_HW_FINAL_CARZANIGA_GUALNIERA.a(CySpc.o)
 .debug_frame   0x00003010       0x20 c:/program files (x86)/cypress/psoc creator/4.3/psoc creator/import/gnu/arm/5.4.1/bin/../lib/gcc/arm-none-eabi/5.4.1/../../../../arm-none-eabi/lib/armv7-m\libg_nano.a(lib_a-errno.o)
 .debug_frame   0x00003030       0x28 c:/program files (x86)/cypress/psoc creator/4.3/psoc creator/import/gnu/arm/5.4.1/bin/../lib/gcc/arm-none-eabi/5.4.1/../../../../arm-none-eabi/lib/armv7-m\libg_nano.a(lib_a-exit.o)