Archive member included to satisfy reference by file (symbol)

.\CortexM3\ARM_GCC_541\Debug\AY1920_II_HW_FINAL_CARZANIGA_GUALNIERA.a(ISR_CONFIG.o)
                              .\CortexM3\ARM_GCC_541\Debug\main.o (ISR_CONFIG_StartEx)
.\CortexM3\ARM_GCC_541\Debug\AY1920_II_HW_FINAL_CARZANIGA_GUALNIERA.a(PWM_RG.o)
                              .\CortexM3\ARM_GCC_541\Debug\RGB_Driver.o (PWM_RG_WriteCompare1)
.\CortexM3\ARM_GCC_541\Debug\AY1920_II_HW_FINAL_CARZANIGA_GUALNIERA.a(PWM_B.o)
                              .\CortexM3\ARM_GCC_541\Debug\RGB_Driver.o (PWM_B_WriteCompare)
.\CortexM3\ARM_GCC_541\Debug\AY1920_II_HW_FINAL_CARZANIGA_GUALNIERA.a(ISR_START.o)
                              .\CortexM3\ARM_GCC_541\Debug\main.o (ISR_START_StartEx)
.\CortexM3\ARM_GCC_541\Debug\AY1920_II_HW_FINAL_CARZANIGA_GUALNIERA.a(UART.o)
                              .\CortexM3\ARM_GCC_541\Debug\main.o (UART_Start)
.\CortexM3\ARM_GCC_541\Debug\AY1920_II_HW_FINAL_CARZANIGA_GUALNIERA.a(UART_IntClock.o)
                              .\CortexM3\ARM_GCC_541\Debug\AY1920_II_HW_FINAL_CARZANIGA_GUALNIERA.a(UART.o) (UART_IntClock_Start)
.\CortexM3\ARM_GCC_541\Debug\AY1920_II_HW_FINAL_CARZANIGA_GUALNIERA.a(CyLib.o)
                              .\CortexM3\ARM_GCC_541\Debug\Cm3Start.o (CyHalt)
.\CortexM3\ARM_GCC_541\Debug\AY1920_II_HW_FINAL_CARZANIGA_GUALNIERA.a(cyPm.o)
                              .\CortexM3\ARM_GCC_541\Debug\AY1920_II_HW_FINAL_CARZANIGA_GUALNIERA.a(CyLib.o) (CyPmReadStatus)
.\CortexM3\ARM_GCC_541\Debug\AY1920_II_HW_FINAL_CARZANIGA_GUALNIERA.a(BUTTON_TIMER.o)
                              .\CortexM3\ARM_GCC_541\Debug\main.o (BUTTON_TIMER_Start)
.\CortexM3\ARM_GCC_541\Debug\AY1920_II_HW_FINAL_CARZANIGA_GUALNIERA.a(CS_IMU.o)
                              .\CortexM3\ARM_GCC_541\Debug\SPI_Interface.o (CS_IMU_Write)
.\CortexM3\ARM_GCC_541\Debug\AY1920_II_HW_FINAL_CARZANIGA_GUALNIERA.a(CS_EEPROM.o)
                              .\CortexM3\ARM_GCC_541\Debug\SPI_Interface.o (CS_EEPROM_Write)
.\CortexM3\ARM_GCC_541\Debug\AY1920_II_HW_FINAL_CARZANIGA_GUALNIERA.a(PWM_NOTIFY.o)
                              .\CortexM3\ARM_GCC_541\Debug\Notifications.o (PWM_NOTIFY_Stop)
.\CortexM3\ARM_GCC_541\Debug\AY1920_II_HW_FINAL_CARZANIGA_GUALNIERA.a(CLICK_TIMER.o)
                              .\CortexM3\ARM_GCC_541\Debug\main.o (CLICK_TIMER_Start)
.\CortexM3\ARM_GCC_541\Debug\AY1920_II_HW_FINAL_CARZANIGA_GUALNIERA.a(ISR_IMU.o)
                              .\CortexM3\ARM_GCC_541\Debug\main.o (ISR_IMU_StartEx)
.\CortexM3\ARM_GCC_541\Debug\AY1920_II_HW_FINAL_CARZANIGA_GUALNIERA.a(SPIM_IMU.o)
                              .\CortexM3\ARM_GCC_541\Debug\SPI_Interface.o (SPIM_IMU_ReadTxStatus)
.\CortexM3\ARM_GCC_541\Debug\AY1920_II_HW_FINAL_CARZANIGA_GUALNIERA.a(SPIM_IMU_INT.o)
                              .\CortexM3\ARM_GCC_541\Debug\AY1920_II_HW_FINAL_CARZANIGA_GUALNIERA.a(SPIM_IMU.o) (SPIM_IMU_TX_ISR)
.\CortexM3\ARM_GCC_541\Debug\AY1920_II_HW_FINAL_CARZANIGA_GUALNIERA.a(SPIM_EEPROM.o)
                              .\CortexM3\ARM_GCC_541\Debug\SPI_Interface.o (SPIM_EEPROM_ReadTxStatus)
.\CortexM3\ARM_GCC_541\Debug\AY1920_II_HW_FINAL_CARZANIGA_GUALNIERA.a(SPIM_EEPROM_INT.o)
                              .\CortexM3\ARM_GCC_541\Debug\AY1920_II_HW_FINAL_CARZANIGA_GUALNIERA.a(SPIM_EEPROM.o) (SPIM_EEPROM_TX_ISR)
.\CortexM3\ARM_GCC_541\Debug\AY1920_II_HW_FINAL_CARZANIGA_GUALNIERA.a(SPIM_IMU_IntClock.o)
                              .\CortexM3\ARM_GCC_541\Debug\AY1920_II_HW_FINAL_CARZANIGA_GUALNIERA.a(SPIM_IMU.o) (SPIM_IMU_IntClock_Start)
.\CortexM3\ARM_GCC_541\Debug\AY1920_II_HW_FINAL_CARZANIGA_GUALNIERA.a(SPIM_EEPROM_IntClock.o)
                              .\CortexM3\ARM_GCC_541\Debug\AY1920_II_HW_FINAL_CARZANIGA_GUALNIERA.a(SPIM_EEPROM.o) (SPIM_EEPROM_IntClock_Start)
.\CortexM3\ARM_GCC_541\Debug\AY1920_II_HW_FINAL_CARZANIGA_GUALNIERA.a(MAIN_TIMER.o)
                              .\CortexM3\ARM_GCC_541\Debug\LogUtils.o (MAIN_TIMER_ReadCounter)
.\CortexM3\ARM_GCC_541\Debug\AY1920_II_HW_FINAL_CARZANIGA_GUALNIERA.a(ADC_DELSIG.o)
                              .\CortexM3\ARM_GCC_541\Debug\main.o (ADC_DELSIG_Start)
.\CortexM3\ARM_GCC_541\Debug\AY1920_II_HW_FINAL_CARZANIGA_GUALNIERA.a(ADC_DELSIG_INT.o)
                              .\CortexM3\ARM_GCC_541\Debug\AY1920_II_HW_FINAL_CARZANIGA_GUALNIERA.a(ADC_DELSIG.o) (ADC_DELSIG_ISR1)
.\CortexM3\ARM_GCC_541\Debug\AY1920_II_HW_FINAL_CARZANIGA_GUALNIERA.a(ADC_DELSIG_AMux.o)
                              .\CortexM3\ARM_GCC_541\Debug\AY1920_II_HW_FINAL_CARZANIGA_GUALNIERA.a(ADC_DELSIG.o) (ADC_DELSIG_AMux_Select)
.\CortexM3\ARM_GCC_541\Debug\AY1920_II_HW_FINAL_CARZANIGA_GUALNIERA.a(ADC_DELSIG_Ext_CP_Clk.o)
                              .\CortexM3\ARM_GCC_541\Debug\AY1920_II_HW_FINAL_CARZANIGA_GUALNIERA.a(ADC_DELSIG.o) (ADC_DELSIG_Ext_CP_Clk_SetModeRegister)
.\CortexM3\ARM_GCC_541\Debug\AY1920_II_HW_FINAL_CARZANIGA_GUALNIERA.a(ADC_DELSIG_theACLK.o)
[...]
Memory Configuration

Name             Origin             Length             Attributes
rom              0x00000000         0x00040000         xr
ram              0x1fff8000         0x00010000         xrw
*default*        0x00000000         0xffffffff

Linker script and memory map

LOAD c:/program files (x86)/cypress/psoc creator/4.3/psoc creator/import/gnu/arm/5.4.1/bin/../lib/gcc/arm-none-eabi/5.4.1/armv7-m/crti.o
LOAD c:/program files (x86)/cypress/psoc creator/4.3/psoc creator/import/gnu/arm/5.4.1/bin/../lib/gcc/arm-none-eabi/5.4.1/armv7-m/crtbegin.o
LOAD c:/program files (x86)/cypress/psoc creator/4.3/psoc creator/import/gnu/arm/5.4.1/bin/../lib/gcc/arm-none-eabi/5.4.1/../../../../arm-none-eabi/lib/armv7-m/crt0.o
START GROUP
LOAD .\CortexM3\ARM_GCC_541\Debug\main.o
LOAD .\CortexM3\ARM_GCC_541\Debug\InterruptRoutines.o
LOAD .\CortexM3\ARM_GCC_541\Debug\SPI_Interface.o
LOAD .\CortexM3\ARM_GCC_541\Debug\25LC256.o
LOAD .\CortexM3\ARM_GCC_541\Debug\RGB_Driver.o
LOAD .\CortexM3\ARM_GCC_541\Debug\LIS3DH.o
LOAD .\CortexM3\ARM_GCC_541\Debug\Notifications.o
LOAD .\CortexM3\ARM_GCC_541\Debug\LogUtils.o
LOAD .\CortexM3\ARM_GCC_541\Debug\cyfitter_cfg.o
LOAD .\CortexM3\ARM_GCC_541\Debug\cymetadata.o
LOAD .\CortexM3\ARM_GCC_541\Debug\Cm3Start.o
LOAD .\CortexM3\ARM_GCC_541\Debug\AY1920_II_HW_FINAL_CARZANIGA_GUALNIERA.a
LOAD C:\Program Files (x86)\Cypress\PSoC Creator\4.3\PSoC Creator\psoc\content\cycomponentlibrary\CyComponentLibrary.cylib\CortexM3\ARM_GCC_541\Debug\CyComponentLibrary.a
END GROUP
START GROUP
LOAD c:/program files (x86)/cypress/psoc creator/4.3/psoc creator/import/gnu/arm/5.4.1/bin/../lib/gcc/arm-none-eabi/5.4.1/armv7-m\libgcc.a
LOAD c:/program files (x86)/cypress/psoc creator/4.3/psoc creator/import/gnu/arm/5.4.1/bin/../lib/gcc/arm-none-eabi/5.4.1/../../../../arm-none-eabi/lib/armv7-m\libg_nano.a
LOAD c:/program files (x86)/cypress/psoc creator/4.3/psoc creator/import/gnu/arm/5.4.1/bin/../lib/gcc/arm-none-eabi/5.4.1/../../../../arm-none-eabi/lib/armv7-m\libc_nano.a
END GROUP
START GROUP
LOAD c:/program files (x86)/cypress/psoc creator/4.3/psoc creator/import/gnu/arm/5.4.1/bin/../lib/gcc/arm-none-eabi/5.4.1/armv7-m\libgcc.a
LOAD c:/program files (x86)/cypress/psoc creator/4.3/psoc creator/import/gnu/arm/5.4.1/bin/../lib/gcc/arm-none-eabi/5.4.1/../../../../arm-none-eabi/lib/armv7-m\libc_nano.a
END GROUP
LOAD c:/program files (x86)/cypress/psoc creator/4.3/psoc creator/import/gnu/arm/5.4.1/bin/../lib/gcc/arm-none-eabi/5.4.1/armv7-m/crtend.o
LOAD c:/program files (x86)/cypress/psoc creator/4.3/psoc creator/import/gnu/arm/5.4.1/bin/../lib/gcc/arm-none-eabi/5.4.1/armv7-m/crtn.o
START GROUP
LOAD c:/program files (x86)/cypress/psoc creator/4.3/psoc creator/import/gnu/arm/5.4.1/bin/../lib/gcc/arm-none-eabi/5.4.1/armv7-m\libgcc.a
LOAD c:/program files (x86)/cypress/psoc creator/4.3/psoc creator/import/gnu/arm/5.4.1/bin/../lib/gcc/arm-none-eabi/5.4.1/../../../../arm-none-eabi/lib/armv7-m\libc.a
LOAD c:/program files (x86)/cypress/psoc creator/4.3/psoc creator/import/gnu/arm/5.4.1/bin/../lib/gcc/arm-none-eabi/5.4.1/../../../../arm-none-eabi/lib/armv7-m\libnosys.a
END GROUP
                0x00000000                CY_APPL_ORIGIN = 0x0
                0x00000100                CY_FLASH_ROW_SIZE = 0x100
                0x00000020                CY_ECC_ROW_SIZE = 0x20
                0x00000000                CY_EE_IN_BTLDR = 0x0
                0x00000000                CY_APPL_LOADABLE = 0x0
                0x00000800                CY_EE_SIZE = 0x800
                0x00000001                CY_APPL_NUM = 0x1
                0x00000001                CY_APPL_MAX = 0x1
                0x00000040                CY_METADATA_SIZE = 0x40
                0x00000000                CY_APPL_LOADABLE = 0x0
                0x00000000                CY_CHECKSUM_EXCLUDE_SIZE = ALIGN (0x0, CY_FLASH_ROW_SIZE)
                [!provide]                PROVIDE (__cy_heap_start, _end)
                0x00000001                PROVIDE (__cy_region_num, ((__cy_regions_end - __cy_regions) / 0x10))
                0x20008000                PROVIDE (__cy_stack, (ORIGIN (ram) + LENGTH (ram)))
                [!provide]                PROVIDE (__cy_heap_end, (__cy_stack - 0x800))

.cybootloader   0x00000000        0x0
 *(.cybootloader)
                0x00000000                appl1_start = CY_APPL_ORIGIN?CY_APPL_ORIGIN:ALIGN (CY_FLASH_ROW_SIZE)
                0x0001ff00                appl2_start = (appl1_start + ALIGN ((((LENGTH (rom) - appl1_start) - (0x2 * CY_FLASH_ROW_SIZE)) / 0x2), CY_FLASH_ROW_SIZE))
                0x00000000                appl_start = (CY_APPL_NUM == 0x1)?appl1_start:appl2_start
                0x00000000                ecc_offset = ((appl_start / CY_FLASH_ROW_SIZE) * CY_ECC_ROW_SIZE)
                0x00000000                ee_offset = (CY_APPL_LOADABLE && ! (CY_EE_IN_BTLDR))?((CY_EE_SIZE / CY_APPL_MAX) * (CY_APPL_NUM - 0x1)):0x0
                0x00000800                ee_size = (CY_APPL_LOADABLE && ! (CY_EE_IN_BTLDR))?(CY_EE_SIZE / CY_APPL_MAX):CY_EE_SIZE
                [!provide]                PROVIDE (CY_ECC_OFFSET, ecc_offset)

.text           0x00000000     0x2d5e
 CREATE_OBJECT_SYMBOLS
                0x00000000                PROVIDE (__cy_interrupt_vector, RomVectors)
 *(.romvectors)
 .romvectors    0x00000000       0x10 .\CortexM3\ARM_GCC_541\Debug\Cm3Start.o
                0x00000000                RomVectors
                0x00000001                ASSERT ((. != __cy_interrupt_vector), No interrupt vector)
                0x00000001                ASSERT (CY_APPL_ORIGIN?(SIZEOF (.cybootloader) <= CY_APPL_ORIGIN):0x1, Wrong image location)
                0x00000010                PROVIDE (__cy_reset, Reset)
 *(.text.Reset)
 .text.Reset    0x00000010       0x18 .\CortexM3\ARM_GCC_541\Debug\Cm3Start.o
                0x00000010                Reset
                0x00000001                ASSERT ((. != __cy_reset), No reset code)
 *(.dma_init)
                0x00000001                ASSERT ((((appl_start + .) <= 0x10000) || 0x1), DMA Init must be within the first 64k of flash)
 *(.text .text.* .gnu.linkonce.t.*)
 .text          0x00000028       0x5c c:/program files (x86)/cypress/psoc creator/4.3/psoc creator/import/gnu/arm/5.4.1/bin/../lib/gcc/arm-none-eabi/5.4.1/armv7-m/crtbegin.o
 .text.main     0x00000084      0x164 .\CortexM3\ARM_GCC_541\Debug\main.o
                0x00000084                main
 .text.CUSTOM_ISR_CONFIG
                0x000001e8       0x6c .\CortexM3\ARM_GCC_541\Debug\InterruptRoutines.o
                0x000001e8                CUSTOM_ISR_CONFIG
 .text.CUSTOM_ISR_START
                0x00000254       0x48 .\CortexM3\ARM_GCC_541\Debug\InterruptRoutines.o
                0x00000254                CUSTOM_ISR_START
 .text.CUSTOM_ISR_IMU
                0x0000029c       0x30 .\CortexM3\ARM_GCC_541\Debug\InterruptRoutines.o
                0x0000029c                CUSTOM_ISR_IMU
 .text.CUSTOM_ISR_RX
                0x000002cc       0x94 .\CortexM3\ARM_GCC_541\Debug\InterruptRoutines.o
                0x000002cc                CUSTOM_ISR_RX
 .text.SPI_IMU_Interface_ReadByte
                0x00000360       0x34 .\CortexM3\ARM_GCC_541\Debug\SPI_Interface.o
                0x00000360                SPI_IMU_Interface_ReadByte
 .text.SPI_IMU_Interface_Multi_RW
                0x00000394       0xb8 .\CortexM3\ARM_GCC_541\Debug\SPI_Interface.o
                0x00000394                SPI_IMU_Interface_Multi_RW
 .text.SPI_EEPROM_Interface_tradeByte
                0x0000044c       0x2c .\CortexM3\ARM_GCC_541\Debug\SPI_Interface.o
                0x0000044c                SPI_EEPROM_Interface_tradeByte
 .text.SPI_EEPROM_Interface_ReadByte
                0x00000478       0x34 .\CortexM3\ARM_GCC_541\Debug\SPI_Interface.o
                0x00000478                SPI_EEPROM_Interface_ReadByte
 .text.SPI_EEPROM_Interface_Multi_RW
                0x000004ac       0xb8 .\CortexM3\ARM_GCC_541\Debug\SPI_Interface.o
                0x000004ac                SPI_EEPROM_Interface_Multi_RW
 .text.EEPROM_readStatus
                0x00000564        0xc .\CortexM3\ARM_GCC_541\Debug\25LC256.o
                0x00000564                EEPROM_readStatus
 .text.EEPROM_writeEnable
                0x00000570        0xc .\CortexM3\ARM_GCC_541\Debug\25LC256.o
                0x00000570                EEPROM_writeEnable
 .text.EEPROM_readByte
                0x0000057c       0x30 .\CortexM3\ARM_GCC_541\Debug\25LC256.o
                0x0000057c                EEPROM_readByte
 .text.EEPROM_writeByte
                0x000005ac       0x38 .\CortexM3\ARM_GCC_541\Debug\25LC256.o
                0x000005ac                EEPROM_writeByte
 .text.EEPROM_readPage
                0x000005e4       0x24 .\CortexM3\ARM_GCC_541\Debug\25LC256.o
                0x000005e4                EEPROM_readPage
 .text.EEPROM_writePage
                0x00000608       0x5c .\CortexM3\ARM_GCC_541\Debug\25LC256.o
                0x00000608                EEPROM_writePage
 .text.EEPROM_waitForWriteComplete
                0x00000664       0x10 .\CortexM3\ARM_GCC_541\Debug\25LC256.o
                0x00000664                EEPROM_waitForWriteComplete
 .text.EEPROM_retrieveStartStopState
                0x00000674       0x10 .\CortexM3\ARM_GCC_541\Debug\25LC256.o
                0x00000674                EEPROM_retrieveStartStopState
 .text.EEPROM_retrieveSendFlag
                0x00000684       0x10 .\CortexM3\ARM_GCC_541\Debug\25LC256.o
                0x00000684                EEPROM_retrieveSendFlag
 .text.EEPROM_saveResetFlag
                0x00000694       0x28 .\CortexM3\ARM_GCC_541\Debug\25LC256.o
                0x00000694                EEPROM_saveResetFlag
 .text.EEPROM_saveStartStopState
                0x000006bc       0x34 .\CortexM3\ARM_GCC_541\Debug\25LC256.o
                0x000006bc                EEPROM_saveStartStopState
 .text.EEPROM_saveConfigFlag
                0x000006f0       0x34 .\CortexM3\ARM_GCC_541\Debug\25LC256.o
                0x000006f0                EEPROM_saveConfigFlag
 .text.EEPROM_saveSendFlag
                0x00000724       0x34 .\CortexM3\ARM_GCC_541\Debug\25LC256.o
                0x00000724                EEPROM_saveSendFlag
 .text.EEPROM_retrieveLogPages
                0x00000758       0x18 .\CortexM3\ARM_GCC_541\Debug\25LC256.o
                0x00000758                EEPROM_retrieveLogPages
 .text.EEPROM_retrieveLogCount
                0x00000770       0x18 .\CortexM3\ARM_GCC_541\Debug\25LC256.o
                0x00000770                EEPROM_retrieveLogCount
 .text.EEPROM_incrementLogCounter
                0x00000788       0x30 .\CortexM3\ARM_GCC_541\Debug\25LC256.o
                0x00000788                EEPROM_incrementLogCounter
 .text.EEPROM_storeLogData
                0x000007b8       0x24 .\CortexM3\ARM_GCC_541\Debug\25LC256.o
                0x000007b8                EEPROM_storeLogData
 .text.EEPROM_storeLogMessage
                0x000007dc       0x2c .\CortexM3\ARM_GCC_541\Debug\25LC256.o
                0x000007dc                EEPROM_storeLogMessage
 .text.EEPROM_findLogID
                0x00000808       0x28 .\CortexM3\ARM_GCC_541\Debug\25LC256.o
                0x00000808                EEPROM_findLogID
 .text.EEPROM_retrieveLogData
                0x00000830       0x1c .\CortexM3\ARM_GCC_541\Debug\25LC256.o
                0x00000830                EEPROM_retrieveLogData
 .text.EEPROM_retrieveLogMessage
                0x0000084c       0x38 .\CortexM3\ARM_GCC_541\Debug\25LC256.o
                0x0000084c                EEPROM_retrieveLogMessage
 .text.EEPROM_resetMemory
                0x00000884       0x3c .\CortexM3\ARM_GCC_541\Debug\25LC256.o
                0x00000884                EEPROM_resetMemory
 .text.RGB_Stop
                0x000008c0       0x28 .\CortexM3\ARM_GCC_541\Debug\RGB_Driver.o
                0x000008c0                RGB_Stop
 .text.RGB_Init
                0x000008e8       0x24 .\CortexM3\ARM_GCC_541\Debug\RGB_Driver.o
                0x000008e8                RGB_Init
 .text.PWM_Driver
                0x0000090c       0x18 .\CortexM3\ARM_GCC_541\Debug\RGB_Driver.o
                0x0000090c                PWM_Driver
 .text.RGB_sendFlagNotify
                0x00000924       0x20 .\CortexM3\ARM_GCC_541\Debug\RGB_Driver.o
                0x00000924                RGB_sendFlagNotify
 .text.Moving_Average
                0x00000944       0x68 .\CortexM3\ARM_GCC_541\Debug\RGB_Driver.o
                0x00000944                Moving_Average
 .text.Absolute_Value
                0x000009ac        0xc .\CortexM3\ARM_GCC_541\Debug\RGB_Driver.o
                0x000009ac                Absolute_Value
 .text.RGB_dataProcess
                0x000009b8       0x2c .\CortexM3\ARM_GCC_541\Debug\RGB_Driver.o
                0x000009b8                RGB_dataProcess
 .text.RGB_Driver
                0x000009e4       0x20 .\CortexM3\ARM_GCC_541\Debug\RGB_Driver.o
                0x000009e4                RGB_Driver
 .text.IMU_ReadByte
                0x00000a04        0xc .\CortexM3\ARM_GCC_541\Debug\LIS3DH.o
                0x00000a04                IMU_ReadByte
 .text.IMU_Setup
                0x00000a10       0xd8 .\CortexM3\ARM_GCC_541\Debug\LIS3DH.o
                0x00000a10                IMU_Setup
 .text.IMU_Stop
                0x00000ae8       0x88 .\CortexM3\ARM_GCC_541\Debug\LIS3DH.o
                0x00000ae8                IMU_Stop
 .text.IMU_Init
                0x00000b70        0xc .\CortexM3\ARM_GCC_541\Debug\LIS3DH.o
                0x00000b70                IMU_Init
 .text.IMU_Start
                0x00000b7c       0x90 .\CortexM3\ARM_GCC_541\Debug\LIS3DH.o
                0x00000b7c                IMU_Start
 .text.IMU_ReadFIFO
                0x00000c0c       0x30 .\CortexM3\ARM_GCC_541\Debug\LIS3DH.o
                0x00000c0c                IMU_ReadFIFO
 .text.IMU_StoreFIFO
                0x00000c3c       0x90 .\CortexM3\ARM_GCC_541\Debug\LIS3DH.o
                0x00000c3c                IMU_StoreFIFO
 .text.IMU_getPayload
                0x00000ccc       0x74 .\CortexM3\ARM_GCC_541\Debug\LIS3DH.o
                0x00000ccc                IMU_getPayload
 .text.IMU_DataSend
                0x00000d40       0x64 .\CortexM3\ARM_GCC_541\Debug\LIS3DH.o
                0x00000d40                IMU_DataSend
 .text.IMU_ResetFIFO
                0x00000da4       0x48 .\CortexM3\ARM_GCC_541\Debug\LIS3DH.o
                0x00000da4                IMU_ResetFIFO
 .text.LED_Notify_Stop
                0x00000dec       0x14 .\CortexM3\ARM_GCC_541\Debug\Notifications.o
                0x00000dec                LED_Notify_Stop
 .text.LED_Notify_Start
                0x00000e00       0x18 .\CortexM3\ARM_GCC_541\Debug\Notifications.o
                0x00000e00                LED_Notify_Start
 .text.LED_Notify_Config
                0x00000e18       0x18 .\CortexM3\ARM_GCC_541\Debug\Notifications.o
                0x00000e18                LED_Notify_Config
 .text.POT_Read_Value
                0x00000e30       0x3c .\CortexM3\ARM_GCC_541\Debug\Notifications.o
                0x00000e30                POT_Read_Value
 .text.LOG_insertPayload
                0x00000e6c       0x30 .\CortexM3\ARM_GCC_541\Debug\LogUtils.o
                0x00000e6c                LOG_insertPayload
 .text.LOG_createMessage
                0x00000e9c       0x3c .\CortexM3\ARM_GCC_541\Debug\LogUtils.o
                0x00000e9c                LOG_createMessage
 .text.LOG_getTimestamp
                0x00000ed8       0x18 .\CortexM3\ARM_GCC_541\Debug\LogUtils.o
                0x00000ed8                LOG_getTimestamp
 .text.LOG_unpackMessage
                0x00000ef0       0x44 .\CortexM3\ARM_GCC_541\Debug\LogUtils.o
                0x00000ef0                LOG_unpackMessage
 .text.LOG_packMessage
                0x00000f34       0x44 .\CortexM3\ARM_GCC_541\Debug\LogUtils.o
                0x00000f34                LOG_packMessage
 .text.LOG_sendData
                0x00000f78       0x1c .\CortexM3\ARM_GCC_541\Debug\LogUtils.o
                0x00000f78                LOG_sendData
 .text.CyClockStartupError
                0x00000f94        0x4 .\CortexM3\ARM_GCC_541\Debug\cyfitter_cfg.o
 .text.cfg_write_bytes32
                0x00000f98       0x34 .\CortexM3\ARM_GCC_541\Debug\cyfitter_cfg.o
 .text.AnalogSetDefault
                0x00000fcc       0x40 .\CortexM3\ARM_GCC_541\Debug\cyfitter_cfg.o
 .text.CYMEMZERO
                0x0000100c        0xc .\CortexM3\ARM_GCC_541\Debug\cyfitter_cfg.o
 .text.CYCONFIGCPY
                0x00001018        0x8 .\CortexM3\ARM_GCC_541\Debug\cyfitter_cfg.o
 .text.ClockSetup
                0x00001020      0x130 .\CortexM3\ARM_GCC_541\Debug\cyfitter_cfg.o
 .text.ADC_DELSIG_AMux_Set
                0x00001150       0x1c .\CortexM3\ARM_GCC_541\Debug\cyfitter_cfg.o
                0x00001150                ADC_DELSIG_AMux_Set
 .text.ADC_DELSIG_AMux_Unset
                0x0000116c       0x1c .\CortexM3\ARM_GCC_541\Debug\cyfitter_cfg.o
                0x0000116c                ADC_DELSIG_AMux_Unset
 .text.cyfitter_cfg
                0x00001188      0x14c .\CortexM3\ARM_GCC_541\Debug\cyfitter_cfg.o
                0x00001188                cyfitter_cfg
 .text.IntDefaultHandler
                0x000012d4       0x10 .\CortexM3\ARM_GCC_541\Debug\Cm3Start.o
                0x000012d4                IntDefaultHandler
 .text.Start_c  0x000012e4       0x4c .\CortexM3\ARM_GCC_541\Debug\Cm3Start.o
                0x000012e4                Start_c
 .text.initialize_psoc
                0x00001330       0x68 .\CortexM3\ARM_GCC_541\Debug\Cm3Start.o
                0x00001330                initialize_psoc
 .text.ISR_CONFIG_SetVector
                0x00001398        0xc .\CortexM3\ARM_GCC_541\Debug\AY1920_II_HW_FINAL_CARZANIGA_GUALNIERA.a(ISR_CONFIG.o)
                0x00001398                ISR_CONFIG_SetVector
 .text.ISR_CONFIG_SetPriority
                0x000013a4       0x10 .\CortexM3\ARM_GCC_541\Debug\AY1920_II_HW_FINAL_CARZANIGA_GUALNIERA.a(ISR_CONFIG.o)
                0x000013a4                ISR_CONFIG_SetPriority
 .text.ISR_CONFIG_Enable
                0x000013b4        0xc .\CortexM3\ARM_GCC_541\Debug\AY1920_II_HW_FINAL_CARZANIGA_GUALNIERA.a(ISR_CONFIG.o)
                0x000013b4                ISR_CONFIG_Enable
 .text.ISR_CONFIG_Disable
                0x000013c0        0xc .\CortexM3\ARM_GCC_541\Debug\AY1920_II_HW_FINAL_CARZANIGA_GUALNIERA.a(ISR_CONFIG.o)
                0x000013c0                ISR_CONFIG_Disable
 .text.ISR_CONFIG_StartEx
                0x000013cc       0x1c .\CortexM3\ARM_GCC_541\Debug\AY1920_II_HW_FINAL_CARZANIGA_GUALNIERA.a(ISR_CONFIG.o)
                0x000013cc                ISR_CONFIG_StartEx
 .text.PWM_RG_Enable
                0x000013e8       0x10 .\CortexM3\ARM_GCC_541\Debug\AY1920_II_HW_FINAL_CARZANIGA_GUALNIERA.a(PWM_RG.o)
                0x000013e8                PWM_RG_Enable
 .text.PWM_RG_WriteCounter
                0x000013f8        0xc .\CortexM3\ARM_GCC_541\Debug\AY1920_II_HW_FINAL_CARZANIGA_GUALNIERA.a(PWM_RG.o)
                0x000013f8                PWM_RG_WriteCounter
 .text.PWM_RG_WritePeriod
                0x00001404        0xc .\CortexM3\ARM_GCC_541\Debug\AY1920_II_HW_FINAL_CARZANIGA_GUALNIERA.a(PWM_RG.o)
                0x00001404                PWM_RG_WritePeriod
 .text.PWM_RG_WriteCompare1
                0x00001410        0xc .\CortexM3\ARM_GCC_541\Debug\AY1920_II_HW_FINAL_CARZANIGA_GUALNIERA.a(PWM_RG.o)
                0x00001410                PWM_RG_WriteCompare1
 .text.PWM_RG_WriteCompare2
                0x0000141c        0xc .\CortexM3\ARM_GCC_541\Debug\AY1920_II_HW_FINAL_CARZANIGA_GUALNIERA.a(PWM_RG.o)
                0x0000141c                PWM_RG_WriteCompare2
 .text.PWM_RG_SetInterruptMode
                0x00001428        0xc .\CortexM3\ARM_GCC_541\Debug\AY1920_II_HW_FINAL_CARZANIGA_GUALNIERA.a(PWM_RG.o)
                0x00001428                PWM_RG_SetInterruptMode
 .text.PWM_RG_ReadStatusRegister
                0x00001434        0xc .\CortexM3\ARM_GCC_541\Debug\AY1920_II_HW_FINAL_CARZANIGA_GUALNIERA.a(PWM_RG.o)
                0x00001434                PWM_RG_ReadStatusRegister
 .text.PWM_RG_ReadControlRegister
                0x00001440        0xc .\CortexM3\ARM_GCC_541\Debug\AY1920_II_HW_FINAL_CARZANIGA_GUALNIERA.a(PWM_RG.o)
                0x00001440                PWM_RG_ReadControlRegister
 .text.PWM_RG_ReadCapture
                0x0000144c        0xc .\CortexM3\ARM_GCC_541\Debug\AY1920_II_HW_FINAL_CARZANIGA_GUALNIERA.a(PWM_RG.o)
                0x0000144c                PWM_RG_ReadCapture
 .text.PWM_RG_ClearFIFO
                0x00001458       0x14 .\CortexM3\ARM_GCC_541\Debug\AY1920_II_HW_FINAL_CARZANIGA_GUALNIERA.a(PWM_RG.o)
                0x00001458                PWM_RG_ClearFIFO
 .text.PWM_RG_Init
                0x0000146c       0x58 .\CortexM3\ARM_GCC_541\Debug\AY1920_II_HW_FINAL_CARZANIGA_GUALNIERA.a(PWM_RG.o)
                0x0000146c                PWM_RG_Init
 .text.PWM_RG_Start
                0x000014c4       0x1c .\CortexM3\ARM_GCC_541\Debug\AY1920_II_HW_FINAL_CARZANIGA_GUALNIERA.a(PWM_RG.o)
                0x000014c4                PWM_RG_Start
 .text.PWM_RG_ReadCompare1
                0x000014e0        0xc .\CortexM3\ARM_GCC_541\Debug\AY1920_II_HW_FINAL_CARZANIGA_GUALNIERA.a(PWM_RG.o)
                0x000014e0                PWM_RG_ReadCompare1
 .text.PWM_RG_ReadCompare2
                0x000014ec        0xc .\CortexM3\ARM_GCC_541\Debug\AY1920_II_HW_FINAL_CARZANIGA_GUALNIERA.a(PWM_RG.o)
                0x000014ec                PWM_RG_ReadCompare2
 .text.PWM_B_Enable
                0x000014f8       0x10 .\CortexM3\ARM_GCC_541\Debug\AY1920_II_HW_FINAL_CARZANIGA_GUALNIERA.a(PWM_B.o)
                0x000014f8                PWM_B_Enable
 .text.PWM_B_WriteCounter
                0x00001508        0xc .\CortexM3\ARM_GCC_541\Debug\AY1920_II_HW_FINAL_CARZANIGA_GUALNIERA.a(PWM_B.o)
                0x00001508                PWM_B_WriteCounter
 .text.PWM_B_WritePeriod
                0x00001514        0xc .\CortexM3\ARM_GCC_541\Debug\AY1920_II_HW_FINAL_CARZANIGA_GUALNIERA.a(PWM_B.o)
                0x00001514                PWM_B_WritePeriod
 .text.PWM_B_WriteCompare
                0x00001520        0xc .\CortexM3\ARM_GCC_541\Debug\AY1920_II_HW_FINAL_CARZANIGA_GUALNIERA.a(PWM_B.o)
                0x00001520                PWM_B_WriteCompare
 .text.PWM_B_SetInterruptMode
                0x0000152c        0xc .\CortexM3\ARM_GCC_541\Debug\AY1920_II_HW_FINAL_CARZANIGA_GUALNIERA.a(PWM_B.o)
                0x0000152c                PWM_B_SetInterruptMode
 .text.PWM_B_ReadStatusRegister
                0x00001538        0xc .\CortexM3\ARM_GCC_541\Debug\AY1920_II_HW_FINAL_CARZANIGA_GUALNIERA.a(PWM_B.o)
                0x00001538                PWM_B_ReadStatusRegister
 .text.PWM_B_ReadControlRegister
                0x00001544        0xc .\CortexM3\ARM_GCC_541\Debug\AY1920_II_HW_FINAL_CARZANIGA_GUALNIERA.a(PWM_B.o)
                0x00001544                PWM_B_ReadControlRegister
 .text.PWM_B_ReadCapture
                0x00001550        0xc .\CortexM3\ARM_GCC_541\Debug\AY1920_II_HW_FINAL_CARZANIGA_GUALNIERA.a(PWM_B.o)
                0x00001550                PWM_B_ReadCapture
 .text.PWM_B_ClearFIFO
                0x0000155c       0x14 .\CortexM3\ARM_GCC_541\Debug\AY1920_II_HW_FINAL_CARZANIGA_GUALNIERA.a(PWM_B.o)
                0x0000155c                PWM_B_ClearFIFO
 .text.PWM_B_Init
                0x00001570       0x54 .\CortexM3\ARM_GCC_541\Debug\AY1920_II_HW_FINAL_CARZANIGA_GUALNIERA.a(PWM_B.o)
                0x00001570                PWM_B_Init
 .text.PWM_B_Start
                0x000015c4       0x1c .\CortexM3\ARM_GCC_541\Debug\AY1920_II_HW_FINAL_CARZANIGA_GUALNIERA.a(PWM_B.o)
                0x000015c4                PWM_B_Start
 .text.PWM_B_ReadCompare
                0x000015e0        0xc .\CortexM3\ARM_GCC_541\Debug\AY1920_II_HW_FINAL_CARZANIGA_GUALNIERA.a(PWM_B.o)
                0x000015e0                PWM_B_ReadCompare
 .text.ISR_START_SetVector
                0x000015ec        0xc .\CortexM3\ARM_GCC_541\Debug\AY1920_II_HW_FINAL_CARZANIGA_GUALNIERA.a(ISR_START.o)
                0x000015ec                ISR_START_SetVector
 .text.ISR_START_SetPriority
                0x000015f8       0x10 .\CortexM3\ARM_GCC_541\Debug\AY1920_II_HW_FINAL_CARZANIGA_GUALNIERA.a(ISR_START.o)
                0x000015f8                ISR_START_SetPriority
 .text.ISR_START_Enable
                0x00001608        0xc .\CortexM3\ARM_GCC_541\Debug\AY1920_II_HW_FINAL_CARZANIGA_GUALNIERA.a(ISR_START.o)
                0x00001608                ISR_START_Enable
 .text.ISR_START_Disable
                0x00001614        0xc .\CortexM3\ARM_GCC_541\Debug\AY1920_II_HW_FINAL_CARZANIGA_GUALNIERA.a(ISR_START.o)
                0x00001614                ISR_START_Disable
 .text.ISR_START_StartEx
                0x00001620       0x1c .\CortexM3\ARM_GCC_541\Debug\AY1920_II_HW_FINAL_CARZANIGA_GUALNIERA.a(ISR_START.o)
                0x00001620                ISR_START_StartEx
 .text.UART_Init
                0x0000163c       0x28 .\CortexM3\ARM_GCC_541\Debug\AY1920_II_HW_FINAL_CARZANIGA_GUALNIERA.a(UART.o)
                0x0000163c                UART_Init
 .text.UART_Enable
                0x00001664       0x38 .\CortexM3\ARM_GCC_541\Debug\AY1920_II_HW_FINAL_CARZANIGA_GUALNIERA.a(UART.o)
                0x00001664                UART_Enable
 .text.UART_Start
                0x0000169c       0x1c .\CortexM3\ARM_GCC_541\Debug\AY1920_II_HW_FINAL_CARZANIGA_GUALNIERA.a(UART.o)
                0x0000169c                UART_Start
 .text.UART_GetChar
                0x000016b8       0x2c .\CortexM3\ARM_GCC_541\Debug\AY1920_II_HW_FINAL_CARZANIGA_GUALNIERA.a(UART.o)
                0x000016b8                UART_GetChar
 .text.UART_PutChar
                0x000016e4       0x18 .\CortexM3\ARM_GCC_541\Debug\AY1920_II_HW_FINAL_CARZANIGA_GUALNIERA.a(UART.o)
                0x000016e4                UART_PutChar
 .text.UART_PutArray
                0x000016fc       0x28 .\CortexM3\ARM_GCC_541\Debug\AY1920_II_HW_FINAL_CARZANIGA_GUALNIERA.a(UART.o)
                0x000016fc                UART_PutArray
 .text.UART_IntClock_Start
                0x00001724       0x1c .\CortexM3\ARM_GCC_541\Debug\AY1920_II_HW_FINAL_CARZANIGA_GUALNIERA.a(UART_IntClock.o)
                0x00001724                UART_IntClock_Start
 .text.CyHalt   0x00001740        0x4 .\CortexM3\ARM_GCC_541\Debug\AY1920_II_HW_FINAL_CARZANIGA_GUALNIERA.a(CyLib.o)
                0x00001740                CyHalt
 .text.CyDelay  0x00001744       0x2c .\CortexM3\ARM_GCC_541\Debug\AY1920_II_HW_FINAL_CARZANIGA_GUALNIERA.a(CyLib.o)
                0x00001744                CyDelay
 .text.CyDelayUs
                0x00001770       0x14 .\CortexM3\ARM_GCC_541\Debug\AY1920_II_HW_FINAL_CARZANIGA_GUALNIERA.a(CyLib.o)
                0x00001770                CyDelayUs
 .text.CyIntSetVector
                0x00001784       0x28 .\CortexM3\ARM_GCC_541\Debug\AY1920_II_HW_FINAL_CARZANIGA_GUALNIERA.a(CyLib.o)
                0x00001784                CyIntSetVector
 .text.CyIntSetPriority
                0x000017ac       0x30 .\CortexM3\ARM_GCC_541\Debug\AY1920_II_HW_FINAL_CARZANIGA_GUALNIERA.a(CyLib.o)
                0x000017ac                CyIntSetPriority
 .text.BUTTON_TIMER_Enable
                0x000017dc       0x28 .\CortexM3\ARM_GCC_541\Debug\AY1920_II_HW_FINAL_CARZANIGA_GUALNIERA.a(BUTTON_TIMER.o)
                0x000017dc                BUTTON_TIMER_Enable
 .text.BUTTON_TIMER_SetInterruptMode
                0x00001804        0xc .\CortexM3\ARM_GCC_541\Debug\AY1920_II_HW_FINAL_CARZANIGA_GUALNIERA.a(BUTTON_TIMER.o)
                0x00001804                BUTTON_TIMER_SetInterruptMode
 .text.BUTTON_TIMER_WritePeriod
                0x00001810        0xc .\CortexM3\ARM_GCC_541\Debug\AY1920_II_HW_FINAL_CARZANIGA_GUALNIERA.a(BUTTON_TIMER.o)
                0x00001810                BUTTON_TIMER_WritePeriod
 .text.BUTTON_TIMER_WriteCounter
                0x0000181c        0xc .\CortexM3\ARM_GCC_541\Debug\AY1920_II_HW_FINAL_CARZANIGA_GUALNIERA.a(BUTTON_TIMER.o)
                0x0000181c                BUTTON_TIMER_WriteCounter
 .text.BUTTON_TIMER_Init
                0x00001828       0x90 .\CortexM3\ARM_GCC_541\Debug\AY1920_II_HW_FINAL_CARZANIGA_GUALNIERA.a(BUTTON_TIMER.o)
                0x00001828                BUTTON_TIMER_Init
 .text.BUTTON_TIMER_Start
                0x000018b8       0x1c .\CortexM3\ARM_GCC_541\Debug\AY1920_II_HW_FINAL_CARZANIGA_GUALNIERA.a(BUTTON_TIMER.o)
                0x000018b8                BUTTON_TIMER_Start
 .text.CS_IMU_Write
                0x000018d4       0x18 .\CortexM3\ARM_GCC_541\Debug\AY1920_II_HW_FINAL_CARZANIGA_GUALNIERA.a(CS_IMU.o)
                0x000018d4                CS_IMU_Write
 .text.CS_EEPROM_Write
                0x000018ec       0x18 .\CortexM3\ARM_GCC_541\Debug\AY1920_II_HW_FINAL_CARZANIGA_GUALNIERA.a(CS_EEPROM.o)
                0x000018ec                CS_EEPROM_Write
 .text.PWM_NOTIFY_Enable
                0x00001904       0x10 .\CortexM3\ARM_GCC_541\Debug\AY1920_II_HW_FINAL_CARZANIGA_GUALNIERA.a(PWM_NOTIFY.o)
                0x00001904                PWM_NOTIFY_Enable
 .text.PWM_NOTIFY_Stop
                0x00001914       0x10 .\CortexM3\ARM_GCC_541\Debug\AY1920_II_HW_FINAL_CARZANIGA_GUALNIERA.a(PWM_NOTIFY.o)
                0x00001914                PWM_NOTIFY_Stop
 .text.PWM_NOTIFY_WriteCounter
                0x00001924        0xc .\CortexM3\ARM_GCC_541\Debug\AY1920_II_HW_FINAL_CARZANIGA_GUALNIERA.a(PWM_NOTIFY.o)
                0x00001924                PWM_NOTIFY_WriteCounter
 .text.PWM_NOTIFY_WritePeriod
                0x00001930        0xc .\CortexM3\ARM_GCC_541\Debug\AY1920_II_HW_FINAL_CARZANIGA_GUALNIERA.a(PWM_NOTIFY.o)
                0x00001930                PWM_NOTIFY_WritePeriod
 .text.PWM_NOTIFY_WriteCompare
                0x0000193c        0xc .\CortexM3\ARM_GCC_541\Debug\AY1920_II_HW_FINAL_CARZANIGA_GUALNIERA.a(PWM_NOTIFY.o)
                0x0000193c                PWM_NOTIFY_WriteCompare
 .text.PWM_NOTIFY_SetInterruptMode
                0x00001948        0xc .\CortexM3\ARM_GCC_541\Debug\AY1920_II_HW_FINAL_CARZANIGA_GUALNIERA.a(PWM_NOTIFY.o)
                0x00001948                PWM_NOTIFY_SetInterruptMode
 .text.PWM_NOTIFY_ReadStatusRegister
                0x00001954        0xc .\CortexM3\ARM_GCC_541\Debug\AY1920_II_HW_FINAL_CARZANIGA_GUALNIERA.a(PWM_NOTIFY.o)
                0x00001954                PWM_NOTIFY_ReadStatusRegister
 .text.PWM_NOTIFY_ReadControlRegister
                0x00001960        0xc .\CortexM3\ARM_GCC_541\Debug\AY1920_II_HW_FINAL_CARZANIGA_GUALNIERA.a(PWM_NOTIFY.o)
                0x00001960                PWM_NOTIFY_ReadControlRegister
 .text.PWM_NOTIFY_ReadCapture
                0x0000196c        0xc .\CortexM3\ARM_GCC_541\Debug\AY1920_II_HW_FINAL_CARZANIGA_GUALNIERA.a(PWM_NOTIFY.o)
                0x0000196c                PWM_NOTIFY_ReadCapture
 .text.PWM_NOTIFY_ClearFIFO
                0x00001978       0x14 .\CortexM3\ARM_GCC_541\Debug\AY1920_II_HW_FINAL_CARZANIGA_GUALNIERA.a(PWM_NOTIFY.o)
                0x00001978                PWM_NOTIFY_ClearFIFO
 .text.PWM_NOTIFY_Init
                0x0000198c       0x50 .\CortexM3\ARM_GCC_541\Debug\AY1920_II_HW_FINAL_CARZANIGA_GUALNIERA.a(PWM_NOTIFY.o)
                0x0000198c                PWM_NOTIFY_Init
 .text.PWM_NOTIFY_Start
                0x000019dc       0x1c .\CortexM3\ARM_GCC_541\Debug\AY1920_II_HW_FINAL_CARZANIGA_GUALNIERA.a(PWM_NOTIFY.o)
                0x000019dc                PWM_NOTIFY_Start
 .text.CLICK_TIMER_Enable
                0x000019f8       0x10 .\CortexM3\ARM_GCC_541\Debug\AY1920_II_HW_FINAL_CARZANIGA_GUALNIERA.a(CLICK_TIMER.o)
                0x000019f8                CLICK_TIMER_Enable
 .text.CLICK_TIMER_SetInterruptMode
                0x00001a08        0xc .\CortexM3\ARM_GCC_541\Debug\AY1920_II_HW_FINAL_CARZANIGA_GUALNIERA.a(CLICK_TIMER.o)
                0x00001a08                CLICK_TIMER_SetInterruptMode
 .text.CLICK_TIMER_ReadStatusRegister
                0x00001a14        0xc .\CortexM3\ARM_GCC_541\Debug\AY1920_II_HW_FINAL_CARZANIGA_GUALNIERA.a(CLICK_TIMER.o)
                0x00001a14                CLICK_TIMER_ReadStatusRegister
 .text.CLICK_TIMER_WritePeriod
                0x00001a20        0xc .\CortexM3\ARM_GCC_541\Debug\AY1920_II_HW_FINAL_CARZANIGA_GUALNIERA.a(CLICK_TIMER.o)
                0x00001a20                CLICK_TIMER_WritePeriod
 .text.CLICK_TIMER_ReadCapture
                0x00001a2c        0xc .\CortexM3\ARM_GCC_541\Debug\AY1920_II_HW_FINAL_CARZANIGA_GUALNIERA.a(CLICK_TIMER.o)
                0x00001a2c                CLICK_TIMER_ReadCapture
 .text.CLICK_TIMER_WriteCounter
                0x00001a38        0xc .\CortexM3\ARM_GCC_541\Debug\AY1920_II_HW_FINAL_CARZANIGA_GUALNIERA.a(CLICK_TIMER.o)
                0x00001a38                CLICK_TIMER_WriteCounter
 .text.CLICK_TIMER_ClearFIFO
                0x00001a44       0x14 .\CortexM3\ARM_GCC_541\Debug\AY1920_II_HW_FINAL_CARZANIGA_GUALNIERA.a(CLICK_TIMER.o)
                0x00001a44                CLICK_TIMER_ClearFIFO
 .text.CLICK_TIMER_Init
                0x00001a58       0x30 .\CortexM3\ARM_GCC_541\Debug\AY1920_II_HW_FINAL_CARZANIGA_GUALNIERA.a(CLICK_TIMER.o)
                0x00001a58                CLICK_TIMER_Init
 .text.CLICK_TIMER_Start
                0x00001a88       0x1c .\CortexM3\ARM_GCC_541\Debug\AY1920_II_HW_FINAL_CARZANIGA_GUALNIERA.a(CLICK_TIMER.o)
                0x00001a88                CLICK_TIMER_Start
 .text.ISR_IMU_SetVector
                0x00001aa4        0xc .\CortexM3\ARM_GCC_541\Debug\AY1920_II_HW_FINAL_CARZANIGA_GUALNIERA.a(ISR_IMU.o)
                0x00001aa4                ISR_IMU_SetVector
 .text.ISR_IMU_SetPriority
                0x00001ab0       0x10 .\CortexM3\ARM_GCC_541\Debug\AY1920_II_HW_FINAL_CARZANIGA_GUALNIERA.a(ISR_IMU.o)
                0x00001ab0                ISR_IMU_SetPriority
 .text.ISR_IMU_Enable
                0x00001ac0        0xc .\CortexM3\ARM_GCC_541\Debug\AY1920_II_HW_FINAL_CARZANIGA_GUALNIERA.a(ISR_IMU.o)
                0x00001ac0                ISR_IMU_Enable
 .text.ISR_IMU_Disable
                0x00001acc        0xc .\CortexM3\ARM_GCC_541\Debug\AY1920_II_HW_FINAL_CARZANIGA_GUALNIERA.a(ISR_IMU.o)
                0x00001acc                ISR_IMU_Disable
 .text.ISR_IMU_StartEx
                0x00001ad8       0x1c .\CortexM3\ARM_GCC_541\Debug\AY1920_II_HW_FINAL_CARZANIGA_GUALNIERA.a(ISR_IMU.o)
                0x00001ad8                ISR_IMU_StartEx
 .text.SPIM_IMU_EnableTxInt
                0x00001af4        0xc .\CortexM3\ARM_GCC_541\Debug\AY1920_II_HW_FINAL_CARZANIGA_GUALNIERA.a(SPIM_IMU.o)
                0x00001af4                SPIM_IMU_EnableTxInt
 .text.SPIM_IMU_EnableRxInt
                0x00001b00        0xc .\CortexM3\ARM_GCC_541\Debug\AY1920_II_HW_FINAL_CARZANIGA_GUALNIERA.a(SPIM_IMU.o)
                0x00001b00                SPIM_IMU_EnableRxInt
 .text.SPIM_IMU_Enable
                0x00001b0c       0x3c .\CortexM3\ARM_GCC_541\Debug\AY1920_II_HW_FINAL_CARZANIGA_GUALNIERA.a(SPIM_IMU.o)
                0x00001b0c                SPIM_IMU_Enable
 .text.SPIM_IMU_DisableTxInt
                0x00001b48        0xc .\CortexM3\ARM_GCC_541\Debug\AY1920_II_HW_FINAL_CARZANIGA_GUALNIERA.a(SPIM_IMU.o)
                0x00001b48                SPIM_IMU_DisableTxInt
 .text.SPIM_IMU_DisableRxInt
                0x00001b54        0xc .\CortexM3\ARM_GCC_541\Debug\AY1920_II_HW_FINAL_CARZANIGA_GUALNIERA.a(SPIM_IMU.o)
                0x00001b54                SPIM_IMU_DisableRxInt
 .text.SPIM_IMU_ReadTxStatus
                0x00001b60       0x28 .\CortexM3\ARM_GCC_541\Debug\AY1920_II_HW_FINAL_CARZANIGA_GUALNIERA.a(SPIM_IMU.o)
                0x00001b60                SPIM_IMU_ReadTxStatus
 .text.SPIM_IMU_ReadRxStatus
                0x00001b88       0x28 .\CortexM3\ARM_GCC_541\Debug\AY1920_II_HW_FINAL_CARZANIGA_GUALNIERA.a(SPIM_IMU.o)
                0x00001b88                SPIM_IMU_ReadRxStatus
 .text.SPIM_IMU_WriteTxData
                0x00001bb0       0xd4 .\CortexM3\ARM_GCC_541\Debug\AY1920_II_HW_FINAL_CARZANIGA_GUALNIERA.a(SPIM_IMU.o)
                0x00001bb0                SPIM_IMU_WriteTxData
 .text.SPIM_IMU_ReadRxData
                0x00001c84       0x64 .\CortexM3\ARM_GCC_541\Debug\AY1920_II_HW_FINAL_CARZANIGA_GUALNIERA.a(SPIM_IMU.o)
                0x00001c84                SPIM_IMU_ReadRxData
 .text.SPIM_IMU_ClearRxBuffer
                0x00001ce8       0x40 .\CortexM3\ARM_GCC_541\Debug\AY1920_II_HW_FINAL_CARZANIGA_GUALNIERA.a(SPIM_IMU.o)
                0x00001ce8                SPIM_IMU_ClearRxBuffer
 .text.SPIM_IMU_ClearTxBuffer
                0x00001d28       0x54 .\CortexM3\ARM_GCC_541\Debug\AY1920_II_HW_FINAL_CARZANIGA_GUALNIERA.a(SPIM_IMU.o)
                0x00001d28                SPIM_IMU_ClearTxBuffer
 .text.SPIM_IMU_PutArray
                0x00001d7c       0x20 .\CortexM3\ARM_GCC_541\Debug\AY1920_II_HW_FINAL_CARZANIGA_GUALNIERA.a(SPIM_IMU.o)
                0x00001d7c                SPIM_IMU_PutArray
 .text.SPIM_IMU_ClearFIFO
                0x00001d9c       0x3c .\CortexM3\ARM_GCC_541\Debug\AY1920_II_HW_FINAL_CARZANIGA_GUALNIERA.a(SPIM_IMU.o)
                0x00001d9c                SPIM_IMU_ClearFIFO
 .text.SPIM_IMU_Init
                0x00001dd8       0x90 .\CortexM3\ARM_GCC_541\Debug\AY1920_II_HW_FINAL_CARZANIGA_GUALNIERA.a(SPIM_IMU.o)
                0x00001dd8                SPIM_IMU_Init
 .text.SPIM_IMU_Start
                0x00001e68       0x1c .\CortexM3\ARM_GCC_541\Debug\AY1920_II_HW_FINAL_CARZANIGA_GUALNIERA.a(SPIM_IMU.o)
                0x00001e68                SPIM_IMU_Start
 .text.SPIM_IMU_TX_ISR
                0x00001e84       0xa0 .\CortexM3\ARM_GCC_541\Debug\AY1920_II_HW_FINAL_CARZANIGA_GUALNIERA.a(SPIM_IMU_INT.o)
                0x00001e84                SPIM_IMU_TX_ISR
 .text.SPIM_IMU_RX_ISR
                0x00001f24       0xa0 .\CortexM3\ARM_GCC_541\Debug\AY1920_II_HW_FINAL_CARZANIGA_GUALNIERA.a(SPIM_IMU_INT.o)
                0x00001f24                SPIM_IMU_RX_ISR
 .text.SPIM_EEPROM_EnableTxInt
                0x00001fc4        0xc .\CortexM3\ARM_GCC_541\Debug\AY1920_II_HW_FINAL_CARZANIGA_GUALNIERA.a(SPIM_EEPROM.o)
                0x00001fc4                SPIM_EEPROM_EnableTxInt
 .text.SPIM_EEPROM_EnableRxInt
                0x00001fd0        0xc .\CortexM3\ARM_GCC_541\Debug\AY1920_II_HW_FINAL_CARZANIGA_GUALNIERA.a(SPIM_EEPROM.o)
                0x00001fd0                SPIM_EEPROM_EnableRxInt
 .text.SPIM_EEPROM_Enable
                0x00001fdc       0x3c .\CortexM3\ARM_GCC_541\Debug\AY1920_II_HW_FINAL_CARZANIGA_GUALNIERA.a(SPIM_EEPROM.o)
                0x00001fdc                SPIM_EEPROM_Enable
 .text.SPIM_EEPROM_DisableTxInt
                0x00002018        0xc .\CortexM3\ARM_GCC_541\Debug\AY1920_II_HW_FINAL_CARZANIGA_GUALNIERA.a(SPIM_EEPROM.o)
                0x00002018                SPIM_EEPROM_DisableTxInt
 .text.SPIM_EEPROM_DisableRxInt
                0x00002024        0xc .\CortexM3\ARM_GCC_541\Debug\AY1920_II_HW_FINAL_CARZANIGA_GUALNIERA.a(SPIM_EEPROM.o)
                0x00002024                SPIM_EEPROM_DisableRxInt
 .text.SPIM_EEPROM_ReadTxStatus
                0x00002030       0x28 .\CortexM3\ARM_GCC_541\Debug\AY1920_II_HW_FINAL_CARZANIGA_GUALNIERA.a(SPIM_EEPROM.o)
                0x00002030                SPIM_EEPROM_ReadTxStatus
 .text.SPIM_EEPROM_ReadRxStatus
                0x00002058       0x28 .\CortexM3\ARM_GCC_541\Debug\AY1920_II_HW_FINAL_CARZANIGA_GUALNIERA.a(SPIM_EEPROM.o)
                0x00002058                SPIM_EEPROM_ReadRxStatus
 .text.SPIM_EEPROM_WriteTxData
                0x00002080       0xd4 .\CortexM3\ARM_GCC_541\Debug\AY1920_II_HW_FINAL_CARZANIGA_GUALNIERA.a(SPIM_EEPROM.o)
                0x00002080                SPIM_EEPROM_WriteTxData
 .text.SPIM_EEPROM_ReadRxData
                0x00002154       0x64 .\CortexM3\ARM_GCC_541\Debug\AY1920_II_HW_FINAL_CARZANIGA_GUALNIERA.a(SPIM_EEPROM.o)
                0x00002154                SPIM_EEPROM_ReadRxData
 .text.SPIM_EEPROM_ClearRxBuffer
                0x000021b8       0x40 .\CortexM3\ARM_GCC_541\Debug\AY1920_II_HW_FINAL_CARZANIGA_GUALNIERA.a(SPIM_EEPROM.o)
                0x000021b8                SPIM_EEPROM_ClearRxBuffer
 .text.SPIM_EEPROM_ClearTxBuffer
                0x000021f8       0x54 .\CortexM3\ARM_GCC_541\Debug\AY1920_II_HW_FINAL_CARZANIGA_GUALNIERA.a(SPIM_EEPROM.o)
                0x000021f8                SPIM_EEPROM_ClearTxBuffer
 .text.SPIM_EEPROM_PutArray
                0x0000224c       0x20 .\CortexM3\ARM_GCC_541\Debug\AY1920_II_HW_FINAL_CARZANIGA_GUALNIERA.a(SPIM_EEPROM.o)
                0x0000224c                SPIM_EEPROM_PutArray
 .text.SPIM_EEPROM_ClearFIFO
                0x0000226c       0x3c .\CortexM3\ARM_GCC_541\Debug\AY1920_II_HW_FINAL_CARZANIGA_GUALNIERA.a(SPIM_EEPROM.o)
                0x0000226c                SPIM_EEPROM_ClearFIFO
 .text.SPIM_EEPROM_Init
                0x000022a8       0x90 .\CortexM3\ARM_GCC_541\Debug\AY1920_II_HW_FINAL_CARZANIGA_GUALNIERA.a(SPIM_EEPROM.o)
                0x000022a8                SPIM_EEPROM_Init
 .text.SPIM_EEPROM_Start
                0x00002338       0x1c .\CortexM3\ARM_GCC_541\Debug\AY1920_II_HW_FINAL_CARZANIGA_GUALNIERA.a(SPIM_EEPROM.o)
                0x00002338                SPIM_EEPROM_Start
 .text.SPIM_EEPROM_TX_ISR
                0x00002354       0xa0 .\CortexM3\ARM_GCC_541\Debug\AY1920_II_HW_FINAL_CARZANIGA_GUALNIERA.a(SPIM_EEPROM_INT.o)
                0x00002354                SPIM_EEPROM_TX_ISR
 .text.SPIM_EEPROM_RX_ISR
                0x000023f4       0xa0 .\CortexM3\ARM_GCC_541\Debug\AY1920_II_HW_FINAL_CARZANIGA_GUALNIERA.a(SPIM_EEPROM_INT.o)
                0x000023f4                SPIM_EEPROM_RX_ISR
 .text.SPIM_IMU_IntClock_Start
                0x00002494       0x1c .\CortexM3\ARM_GCC_541\Debug\AY1920_II_HW_FINAL_CARZANIGA_GUALNIERA.a(SPIM_IMU_IntClock.o)
                0x00002494                SPIM_IMU_IntClock_Start
 .text.SPIM_EEPROM_IntClock_Start
                0x000024b0       0x1c .\CortexM3\ARM_GCC_541\Debug\AY1920_II_HW_FINAL_CARZANIGA_GUALNIERA.a(SPIM_EEPROM_IntClock.o)
                0x000024b0                SPIM_EEPROM_IntClock_Start
 .text.MAIN_TIMER_Enable
                0x000024cc       0x10 .\CortexM3\ARM_GCC_541\Debug\AY1920_II_HW_FINAL_CARZANIGA_GUALNIERA.a(MAIN_TIMER.o)
                0x000024cc                MAIN_TIMER_Enable
 .text.MAIN_TIMER_SetInterruptMode
                0x000024dc        0xc .\CortexM3\ARM_GCC_541\Debug\AY1920_II_HW_FINAL_CARZANIGA_GUALNIERA.a(MAIN_TIMER.o)
                0x000024dc                MAIN_TIMER_SetInterruptMode
 .text.MAIN_TIMER_ReadStatusRegister
                0x000024e8        0xc .\CortexM3\ARM_GCC_541\Debug\AY1920_II_HW_FINAL_CARZANIGA_GUALNIERA.a(MAIN_TIMER.o)
                0x000024e8                MAIN_TIMER_ReadStatusRegister
 .text.MAIN_TIMER_WritePeriod
                0x000024f4        0xc .\CortexM3\ARM_GCC_541\Debug\AY1920_II_HW_FINAL_CARZANIGA_GUALNIERA.a(MAIN_TIMER.o)
                0x000024f4                MAIN_TIMER_WritePeriod
 .text.MAIN_TIMER_ReadCapture
                0x00002500        0xc .\CortexM3\ARM_GCC_541\Debug\AY1920_II_HW_FINAL_CARZANIGA_GUALNIERA.a(MAIN_TIMER.o)
                0x00002500                MAIN_TIMER_ReadCapture
 .text.MAIN_TIMER_WriteCounter
                0x0000250c        0xc .\CortexM3\ARM_GCC_541\Debug\AY1920_II_HW_FINAL_CARZANIGA_GUALNIERA.a(MAIN_TIMER.o)
                0x0000250c                MAIN_TIMER_WriteCounter
 .text.MAIN_TIMER_ReadCounter
                0x00002518       0x14 .\CortexM3\ARM_GCC_541\Debug\AY1920_II_HW_FINAL_CARZANIGA_GUALNIERA.a(MAIN_TIMER.o)
                0x00002518                MAIN_TIMER_ReadCounter
 .text.MAIN_TIMER_ClearFIFO
                0x0000252c       0x14 .\CortexM3\ARM_GCC_541\Debug\AY1920_II_HW_FINAL_CARZANIGA_GUALNIERA.a(MAIN_TIMER.o)
                0x0000252c                MAIN_TIMER_ClearFIFO
 .text.MAIN_TIMER_Init
                0x00002540       0x34 .\CortexM3\ARM_GCC_541\Debug\AY1920_II_HW_FINAL_CARZANIGA_GUALNIERA.a(MAIN_TIMER.o)
                0x00002540                MAIN_TIMER_Init
 .text.MAIN_TIMER_Start
                0x00002574       0x1c .\CortexM3\ARM_GCC_541\Debug\AY1920_II_HW_FINAL_CARZANIGA_GUALNIERA.a(MAIN_TIMER.o)
                0x00002574                MAIN_TIMER_Start
 .text.ADC_DELSIG_GainCompensation
                0x00002590       0xdc .\CortexM3\ARM_GCC_541\Debug\AY1920_II_HW_FINAL_CARZANIGA_GUALNIERA.a(ADC_DELSIG.o)
 .text.ADC_DELSIG_SetDSMRef0Reg
                0x0000266c       0x4c .\CortexM3\ARM_GCC_541\Debug\AY1920_II_HW_FINAL_CARZANIGA_GUALNIERA.a(ADC_DELSIG.o)
 .text.ADC_DELSIG_InitConfig
                0x000026b8       0xdc .\CortexM3\ARM_GCC_541\Debug\AY1920_II_HW_FINAL_CARZANIGA_GUALNIERA.a(ADC_DELSIG.o)
 .text.ADC_DELSIG_Init
                0x00002794       0xc4 .\CortexM3\ARM_GCC_541\Debug\AY1920_II_HW_FINAL_CARZANIGA_GUALNIERA.a(ADC_DELSIG.o)
                0x00002794                ADC_DELSIG_Init
 .text.ADC_DELSIG_Enable
                0x00002858       0xd8 .\CortexM3\ARM_GCC_541\Debug\AY1920_II_HW_FINAL_CARZANIGA_GUALNIERA.a(ADC_DELSIG.o)
                0x00002858                ADC_DELSIG_Enable
 .text.ADC_DELSIG_Start
                0x00002930       0x28 .\CortexM3\ARM_GCC_541\Debug\AY1920_II_HW_FINAL_CARZANIGA_GUALNIERA.a(ADC_DELSIG.o)
                0x00002930                ADC_DELSIG_Start
 .text.ADC_DELSIG_StartConvert
                0x00002958       0x10 .\CortexM3\ARM_GCC_541\Debug\AY1920_II_HW_FINAL_CARZANIGA_GUALNIERA.a(ADC_DELSIG.o)
                0x00002958                ADC_DELSIG_StartConvert
 .text.ADC_DELSIG_StopConvert
                0x00002968       0x10 .\CortexM3\ARM_GCC_541\Debug\AY1920_II_HW_FINAL_CARZANIGA_GUALNIERA.a(ADC_DELSIG.o)
                0x00002968                ADC_DELSIG_StopConvert
 .text.ADC_DELSIG_IsEndConversion
                0x00002978       0x30 .\CortexM3\ARM_GCC_541\Debug\AY1920_II_HW_FINAL_CARZANIGA_GUALNIERA.a(ADC_DELSIG.o)
                0x00002978                ADC_DELSIG_IsEndConversion
 .text.ADC_DELSIG_GetResult16
                0x000029a8       0x50 .\CortexM3\ARM_GCC_541\Debug\AY1920_II_HW_FINAL_CARZANIGA_GUALNIERA.a(ADC_DELSIG.o)
                0x000029a8                ADC_DELSIG_GetResult16
 .text.ADC_DELSIG_Read16
                0x000029f8       0x28 .\CortexM3\ARM_GCC_541\Debug\AY1920_II_HW_FINAL_CARZANIGA_GUALNIERA.a(ADC_DELSIG.o)
                0x000029f8                ADC_DELSIG_Read16
 .text.ADC_DELSIG_ISR1
                0x00002a20        0x4 .\CortexM3\ARM_GCC_541\Debug\AY1920_II_HW_FINAL_CARZANIGA_GUALNIERA.a(ADC_DELSIG_INT.o)
                0x00002a20                ADC_DELSIG_ISR1
 .text.ADC_DELSIG_AMux_Start
                0x00002a24       0x20 .\CortexM3\ARM_GCC_541\Debug\AY1920_II_HW_FINAL_CARZANIGA_GUALNIERA.a(ADC_DELSIG_AMux.o)
                0x00002a24                ADC_DELSIG_AMux_Start
 .text.ADC_DELSIG_AMux_Select
                0x00002a44       0x18 .\CortexM3\ARM_GCC_541\Debug\AY1920_II_HW_FINAL_CARZANIGA_GUALNIERA.a(ADC_DELSIG_AMux.o)
                0x00002a44                ADC_DELSIG_AMux_Select
 .text.ADC_DELSIG_Ext_CP_Clk_GetDividerRegister
                0x00002a5c        0xc .\CortexM3\ARM_GCC_541\Debug\AY1920_II_HW_FINAL_CARZANIGA_GUALNIERA.a(ADC_DELSIG_Ext_CP_Clk.o)
                0x00002a5c                ADC_DELSIG_Ext_CP_Clk_GetDividerRegister
 .text.ADC_DELSIG_Ext_CP_Clk_SetModeRegister
                0x00002a68       0x14 .\CortexM3\ARM_GCC_541\Debug\AY1920_II_HW_FINAL_CARZANIGA_GUALNIERA.a(ADC_DELSIG_Ext_CP_Clk.o)
                0x00002a68                ADC_DELSIG_Ext_CP_Clk_SetModeRegister
 .text.ADC_DELSIG_Ext_CP_Clk_GetSourceRegister
                0x00002a7c       0x10 .\CortexM3\ARM_GCC_541\Debug\AY1920_II_HW_FINAL_CARZANIGA_GUALNIERA.a(ADC_DELSIG_Ext_CP_Clk.o)
                0x00002a7c                ADC_DELSIG_Ext_CP_Clk_GetSourceRegister
 .text.ADC_DELSIG_Ext_CP_Clk_SetDividerRegister
                0x00002a8c       0xd8 .\CortexM3\ARM_GCC_541\Debug\AY1920_II_HW_FINAL_CARZANIGA_GUALNIERA.a(ADC_DELSIG_Ext_CP_Clk.o)
                0x00002a8c                ADC_DELSIG_Ext_CP_Clk_SetDividerRegister
 .text.ADC_DELSIG_theACLK_GetDividerRegister
                0x00002b64        0xc .\CortexM3\ARM_GCC_541\Debug\AY1920_II_HW_FINAL_CARZANIGA_GUALNIERA.a(ADC_DELSIG_theACLK.o)
                0x00002b64                ADC_DELSIG_theACLK_GetDividerRegister
 .text.ADC_DELSIG_theACLK_SetModeRegister
                0x00002b70       0x14 .\CortexM3\ARM_GCC_541\Debug\AY1920_II_HW_FINAL_CARZANIGA_GUALNIERA.a(ADC_DELSIG_theACLK.o)
                0x00002b70                ADC_DELSIG_theACLK_SetModeRegister
 .text.ADC_DELSIG_theACLK_GetSourceRegister
                0x00002b84       0x10 .\CortexM3\ARM_GCC_541\Debug\AY1920_II_HW_FINAL_CARZANIGA_GUALNIERA.a(ADC_DELSIG_theACLK.o)
                0x00002b84                ADC_DELSIG_theACLK_GetSourceRegister
 .text.ADC_DELSIG_theACLK_SetDividerRegister
                0x00002b94       0xd8 .\CortexM3\ARM_GCC_541\Debug\AY1920_II_HW_FINAL_CARZANIGA_GUALNIERA.a(ADC_DELSIG_theACLK.o)
                0x00002b94                ADC_DELSIG_theACLK_SetDividerRegister
 .text.ISR_RX_SetVector
                0x00002c6c        0xc .\CortexM3\ARM_GCC_541\Debug\AY1920_II_HW_FINAL_CARZANIGA_GUALNIERA.a(ISR_RX.o)
                0x00002c6c                ISR_RX_SetVector
 .text.ISR_RX_SetPriority
                0x00002c78       0x10 .\CortexM3\ARM_GCC_541\Debug\AY1920_II_HW_FINAL_CARZANIGA_GUALNIERA.a(ISR_RX.o)
                0x00002c78                ISR_RX_SetPriority
 .text.ISR_RX_Enable
                0x00002c88        0xc .\CortexM3\ARM_GCC_541\Debug\AY1920_II_HW_FINAL_CARZANIGA_GUALNIERA.a(ISR_RX.o)
                0x00002c88                ISR_RX_Enable
 .text.ISR_RX_Disable
                0x00002c94        0xc .\CortexM3\ARM_GCC_541\Debug\AY1920_II_HW_FINAL_CARZANIGA_GUALNIERA.a(ISR_RX.o)
                0x00002c94                ISR_RX_Disable
 .text.ISR_RX_StartEx
                0x00002ca0       0x1c .\CortexM3\ARM_GCC_541\Debug\AY1920_II_HW_FINAL_CARZANIGA_GUALNIERA.a(ISR_RX.o)
                0x00002ca0                ISR_RX_StartEx
 *fill*         0x00002cbc        0x4 
 .text          0x00002cc0       0x20 .\CortexM3\ARM_GCC_541\Debug\AY1920_II_HW_FINAL_CARZANIGA_GUALNIERA.a(CyBootAsmGnu.o)
                0x00002cc0                CyDelayCycles
                0x00002cd0                CyEnterCriticalSection
                0x00002cd8                CyExitCriticalSection
 .text.__errno  0x00002ce0        0xc c:/program files (x86)/cypress/psoc creator/4.3/psoc creator/import/gnu/arm/5.4.1/bin/../lib/gcc/arm-none-eabi/5.4.1/../../../../arm-none-eabi/lib/armv7-m\libg_nano.a(lib_a-errno.o)
                0x00002ce0                __errno
 .text.__libc_init_array
                0x00002cec       0x4c c:/program files (x86)/cypress/psoc creator/4.3/psoc creator/import/gnu/arm/5.4.1/bin/../lib/gcc/arm-none-eabi/5.4.1/../../../../arm-none-eabi/lib/armv7-m\libg_nano.a(lib_a-init.o)
                0x00002cec                __libc_init_array
 .text.memcpy   0x00002d38       0x16 c:/program files (x86)/cypress/psoc creator/4.3/psoc creator/import/gnu/arm/5.4.1/bin/../lib/gcc/arm-none-eabi/5.4.1/../../../../arm-none-eabi/lib/armv7-m\libg_nano.a(lib_a-memcpy-stub.o)
                0x00002d38                memcpy
 .text.memset   0x00002d4e       0x10 c:/program files (x86)/cypress/psoc creator/4.3/psoc creator/import/gnu/arm/5.4.1/bin/../lib/gcc/arm-none-eabi/5.4.1/../../../../arm-none-eabi/lib/armv7-m\libg_nano.a(lib_a-memset.o)
                0x00002d4e                memset
 *(.plt)
 *(.gnu.warning)
 *(.glue_7t)
 .glue_7t       0x00002d5e        0x0 linker stubs
 *(.glue_7)
 .glue_7        0x00002d5e        0x0 linker stubs
 *(.vfp11_veneer)
 .vfp11_veneer  0x00002d5e        0x0 linker stubs
 *(.bootloader)
 *(.ARM.extab* .gnu.linkonce.armextab.*)
 *(.gcc_except_table)

.v4_bx          0x00002d60        0x0
 .v4_bx         0x00002d60        0x0 linker stubs

.iplt           0x00002d60        0x0
 .iplt          0x00002d60        0x0 c:/program files (x86)/cypress/psoc creator/4.3/psoc creator/import/gnu/arm/5.4.1/bin/../lib/gcc/arm-none-eabi/5.4.1/armv7-m/crtbegin.o

.eh_frame_hdr
 *(.eh_frame_hdr)

.eh_frame       0x00002d60        0x4
 *(.eh_frame)
 .eh_frame      0x00002d60        0x0 c:/program files (x86)/cypress/psoc creator/4.3/psoc creator/import/gnu/arm/5.4.1/bin/../lib/gcc/arm-none-eabi/5.4.1/armv7-m/crtbegin.o
 .eh_frame      0x00002d60        0x4 c:/program files (x86)/cypress/psoc creator/4.3/psoc creator/import/gnu/arm/5.4.1/bin/../lib/gcc/arm-none-eabi/5.4.1/armv7-m/crtend.o
                [!provide]                PROVIDE (__exidx_start, .)

.ARM.exidx
 *(.ARM.exidx* .gnu.linkonce.armexidx.*)
                0x00002d64                __exidx_end = .

.rodata         0x00002d64       0xac
 *(.rodata .rodata.* .gnu.linkonce.r.*)
 .rodata        0x00002d64        0x2 .\CortexM3\ARM_GCC_541\Debug\LIS3DH.o
 *fill*         0x00002d66        0x2 
 .rodata        0x00002d68       0x6e .\CortexM3\ARM_GCC_541\Debug\cyfitter_cfg.o
                0x00002d68                ADC_DELSIG_AMux__addrTable
                0x00002d70                ADC_DELSIG_AMux__maskTable
 .rodata.str1.1
                0x00002dd6        0x2 c:/program files (x86)/cypress/psoc creator/4.3/psoc creator/import/gnu/arm/5.4.1/bin/../lib/gcc/arm-none-eabi/5.4.1/../../../../arm-none-eabi/lib/armv7-m\libg_nano.a(lib_a-impure.o)
                0x00002dd8                . = ALIGN (0x4)
 *(.init)
 .init          0x00002dd8        0x4 c:/program files (x86)/cypress/psoc creator/4.3/psoc creator/import/gnu/arm/5.4.1/bin/../lib/gcc/arm-none-eabi/5.4.1/armv7-m/crti.o
                0x00002dd8                _init
 .init          0x00002ddc        0x8 c:/program files (x86)/cypress/psoc creator/4.3/psoc creator/import/gnu/arm/5.4.1/bin/../lib/gcc/arm-none-eabi/5.4.1/armv7-m/crtn.o
                0x00002de4                . = ALIGN (0x4)
                0x00002de4                __preinit_array_start = .
 *(.preinit_array)
                0x00002de4                __preinit_array_end = .
                0x00002de4                . = ALIGN (0x4)
                0x00002de4                __init_array_start = .
 *(SORT(.init_array.*))
 *(.init_array)
 .init_array    0x00002de4        0x4 c:/program files (x86)/cypress/psoc creator/4.3/psoc creator/import/gnu/arm/5.4.1/bin/../lib/gcc/arm-none-eabi/5.4.1/armv7-m/crtbegin.o
 .init_array    0x00002de8        0x4 .\CortexM3\ARM_GCC_541\Debug\Cm3Start.o
                0x00002dec                __init_array_end = .
                0x00002dec                . = ALIGN (0x4)
 *(.fini)
 .fini          0x00002dec        0x4 c:/program files (x86)/cypress/psoc creator/4.3/psoc creator/import/gnu/arm/5.4.1/bin/../lib/gcc/arm-none-eabi/5.4.1/armv7-m/crti.o
                0x00002dec                _fini
 .fini          0x00002df0        0x8 c:/program files (x86)/cypress/psoc creator/4.3/psoc creator/import/gnu/arm/5.4.1/bin/../lib/gcc/arm-none-eabi/5.4.1/armv7-m/crtn.o
                0x00002df8                . = ALIGN (0x4)
                0x00002df8                __fini_array_start = .
 *(.fini_array)
 .fini_array    0x00002df8        0x4 c:/program files (x86)/cypress/psoc creator/4.3/psoc creator/import/gnu/arm/5.4.1/bin/../lib/gcc/arm-none-eabi/5.4.1/armv7-m/crtbegin.o
 *(SORT(.fini_array.*))
                0x00002dfc                __fini_array_end = .
                0x00002dfc                . = ALIGN (0x4)
 *crtbegin.o(.ctors)
 *(EXCLUDE_FILE(*crtend.o) .ctors)
 *(SORT(.ctors.*))
 *crtend.o(.ctors)
                0x00002dfc                . = ALIGN (0x4)
 *crtbegin.o(.dtors)
 *(EXCLUDE_FILE(*crtend.o) .dtors)
 *(SORT(.dtors.*))
 *crtend.o(.dtors)
                0x00002dfc                . = ALIGN (0x4)
                0x00002dfc                __cy_regions = .
                0x00002dfc        0x4 LONG 0x2e10 __cy_region_init_ram
                0x00002e00        0x4 LONG 0x1fff80c8 __cy_region_start_data
                0x00002e04        0x4 LONG 0x80 __cy_region_init_size_ram
                0x00002e08        0x4 LONG 0x260 __cy_region_zero_size_ram
                0x00002e0c                __cy_regions_end = .
                0x00002e10                . = ALIGN (0x8)
 *fill*         0x00002e0c        0x4 
                0x00002e10                _etext = .

.cy_checksum_exclude
                0x00002e10        0x0
 *(.cy_checksum_exclude)

.ramvectors     0x1fff8000       0xc0
                0x1fff8000                __cy_region_start_ram = .
 *(.ramvectors)
 .ramvectors    0x1fff8000       0xc0 .\CortexM3\ARM_GCC_541\Debug\Cm3Start.o
                0x1fff8000                CyRamVectors

.noinit         0x1fff80c0        0x1
 *(.noinit)
 .noinit        0x1fff80c0        0x1 .\CortexM3\ARM_GCC_541\Debug\AY1920_II_HW_FINAL_CARZANIGA_GUALNIERA.a(CyLib.o)
                0x1fff80c0                CyResetStatus

.data           0x1fff80c8       0x80 load address 0x00002e10
                0x1fff80c8                __cy_region_start_data = .
 *(.jcr)
 .jcr           0x1fff80c8        0x0 c:/program files (x86)/cypress/psoc creator/4.3/psoc creator/import/gnu/arm/5.4.1/bin/../lib/gcc/arm-none-eabi/5.4.1/armv7-m/crtbegin.o
 .jcr           0x1fff80c8        0x4 c:/program files (x86)/cypress/psoc creator/4.3/psoc creator/import/gnu/arm/5.4.1/bin/../lib/gcc/arm-none-eabi/5.4.1/armv7-m/crtend.o
 *(.got.plt)
 *(.got)
 *(.shdata)
 *(.data .data.* .gnu.linkonce.d.*)
 .data          0x1fff80cc       0x10 .\CortexM3\ARM_GCC_541\Debug\AY1920_II_HW_FINAL_CARZANIGA_GUALNIERA.a(CyLib.o)
                0x1fff80cc                cydelay_32k_ms
                0x1fff80d0                cydelay_freq_khz
                0x1fff80d4                cydelay_freq_mhz
                0x1fff80d8                cydelay_freq_hz
 .data          0x1fff80dc        0x1 .\CortexM3\ARM_GCC_541\Debug\AY1920_II_HW_FINAL_CARZANIGA_GUALNIERA.a(ADC_DELSIG.o)
                0x1fff80dc                ADC_DELSIG_Config
 .data          0x1fff80dd        0x1 .\CortexM3\ARM_GCC_541\Debug\AY1920_II_HW_FINAL_CARZANIGA_GUALNIERA.a(ADC_DELSIG_AMux.o)
 *fill*         0x1fff80de        0x2 
 .data.impure_data
                0x1fff80e0       0x60 c:/program files (x86)/cypress/psoc creator/4.3/psoc creator/import/gnu/arm/5.4.1/bin/../lib/gcc/arm-none-eabi/5.4.1/../../../../arm-none-eabi/lib/armv7-m\libg_nano.a(lib_a-impure.o)
 .data._impure_ptr
                0x1fff8140        0x4 c:/program files (x86)/cypress/psoc creator/4.3/psoc creator/import/gnu/arm/5.4.1/bin/../lib/gcc/arm-none-eabi/5.4.1/../../../../arm-none-eabi/lib/armv7-m\libg_nano.a(lib_a-impure.o)
                0x1fff8140                _impure_ptr
                0x1fff8148                . = ALIGN (0x8)
 *fill*         0x1fff8144        0x4 
 *(.ram)
                0x1fff8148                _edata = .

.igot.plt       0x1fff8148        0x0 load address 0x00002e90
 .igot.plt      0x1fff8148        0x0 c:/program files (x86)/cypress/psoc creator/4.3/psoc creator/import/gnu/arm/5.4.1/bin/../lib/gcc/arm-none-eabi/5.4.1/armv7-m/crtbegin.o

.bss            0x1fff8148      0x260 load address 0x00002e90
                0x1fff8148                PROVIDE (__bss_start__, .)
 *(.shbss)
 *(.bss .bss.* .gnu.linkonce.b.*)
 .bss           0x1fff8148       0x1c c:/program files (x86)/cypress/psoc creator/4.3/psoc creator/import/gnu/arm/5.4.1/bin/../lib/gcc/arm-none-eabi/5.4.1/armv7-m/crtbegin.o
 .bss           0x1fff8164        0x1 .\CortexM3\ARM_GCC_541\Debug\AY1920_II_HW_FINAL_CARZANIGA_GUALNIERA.a(PWM_RG.o)
                0x1fff8164                PWM_RG_initVar
 .bss           0x1fff8165        0x1 .\CortexM3\ARM_GCC_541\Debug\AY1920_II_HW_FINAL_CARZANIGA_GUALNIERA.a(PWM_B.o)
                0x1fff8165                PWM_B_initVar
 .bss           0x1fff8166        0x2 .\CortexM3\ARM_GCC_541\Debug\AY1920_II_HW_FINAL_CARZANIGA_GUALNIERA.a(UART.o)
                0x1fff8166                UART_initVar
 .bss           0x1fff8168        0x1 .\CortexM3\ARM_GCC_541\Debug\AY1920_II_HW_FINAL_CARZANIGA_GUALNIERA.a(BUTTON_TIMER.o)
                0x1fff8168                BUTTON_TIMER_initVar
 .bss           0x1fff8169        0x1 .\CortexM3\ARM_GCC_541\Debug\AY1920_II_HW_FINAL_CARZANIGA_GUALNIERA.a(PWM_NOTIFY.o)
                0x1fff8169                PWM_NOTIFY_initVar
 .bss           0x1fff816a        0x1 .\CortexM3\ARM_GCC_541\Debug\AY1920_II_HW_FINAL_CARZANIGA_GUALNIERA.a(CLICK_TIMER.o)
                0x1fff816a                CLICK_TIMER_initVar
 .bss           0x1fff816b        0x1 .\CortexM3\ARM_GCC_541\Debug\AY1920_II_HW_FINAL_CARZANIGA_GUALNIERA.a(SPIM_IMU.o)
                0x1fff816b                SPIM_IMU_initVar
 .bss           0x1fff816c        0x1 .\CortexM3\ARM_GCC_541\Debug\AY1920_II_HW_FINAL_CARZANIGA_GUALNIERA.a(SPIM_EEPROM.o)
                0x1fff816c                SPIM_EEPROM_initVar
 .bss           0x1fff816d        0x1 .\CortexM3\ARM_GCC_541\Debug\AY1920_II_HW_FINAL_CARZANIGA_GUALNIERA.a(MAIN_TIMER.o)
                0x1fff816d                MAIN_TIMER_initVar
 *fill*         0x1fff816e        0x2 
 .bss           0x1fff8170        0xc .\CortexM3\ARM_GCC_541\Debug\AY1920_II_HW_FINAL_CARZANIGA_GUALNIERA.a(ADC_DELSIG.o)
                0x1fff8174                ADC_DELSIG_stopConversion
                0x1fff8175                ADC_DELSIG_convDone
                0x1fff8176                ADC_DELSIG_initVar
                0x1fff8177                ADC_DELSIG_started
                0x1fff8178                ADC_DELSIG_Offset
 *(COMMON)
 COMMON         0x1fff817c      0x1e8 .\CortexM3\ARM_GCC_541\Debug\main.o
                0x1fff817c                IMU_DataBuffer
                0x1fff823c                RGB_DataBuffer
                0x1fff8240                IMU_log_queue
                0x1fff8360                IMU_over_threshold_flag
                0x1fff8361                send_flag
                0x1fff8362                button_state
                0x1fff8363                IMU_data_ready_flag
 COMMON         0x1fff8364       0x1d .\CortexM3\ARM_GCC_541\Debug\AY1920_II_HW_FINAL_CARZANIGA_GUALNIERA.a(SPIM_IMU.o)
                0x1fff8364                SPIM_IMU_txBufferWrite
                0x1fff8365                SPIM_IMU_swStatusTx
                0x1fff8366                SPIM_IMU_txBufferRead
                0x1fff8367                SPIM_IMU_rxBufferFull
                0x1fff8368                SPIM_IMU_txBufferFull
                0x1fff836c                SPIM_IMU_txBuffer
                0x1fff8374                SPIM_IMU_rxBufferWrite
                0x1fff8375                SPIM_IMU_swStatusRx
                0x1fff8378                SPIM_IMU_rxBuffer
                0x1fff8380                SPIM_IMU_rxBufferRead
 *fill*         0x1fff8381        0x3 
 COMMON         0x1fff8384       0x1d .\CortexM3\ARM_GCC_541\Debug\AY1920_II_HW_FINAL_CARZANIGA_GUALNIERA.a(SPIM_EEPROM.o)
                0x1fff8384                SPIM_EEPROM_swStatusTx
                0x1fff8385                SPIM_EEPROM_rxBufferRead
                0x1fff8388                SPIM_EEPROM_txBuffer
                0x1fff8390                SPIM_EEPROM_txBufferFull
                0x1fff8394                SPIM_EEPROM_rxBuffer
                0x1fff839c                SPIM_EEPROM_rxBufferFull
                0x1fff839d                SPIM_EEPROM_txBufferRead
                0x1fff839e                SPIM_EEPROM_txBufferWrite
                0x1fff839f                SPIM_EEPROM_rxBufferWrite
                0x1fff83a0                SPIM_EEPROM_swStatusRx
 *fill*         0x1fff83a1        0x3 
 COMMON         0x1fff83a4        0x4 .\CortexM3\ARM_GCC_541\Debug\AY1920_II_HW_FINAL_CARZANIGA_GUALNIERA.a(ADC_DELSIG.o)
                0x1fff83a4                ADC_DELSIG_CountsPerVolt
                0x1fff83a8                . = ALIGN (0x8)
 *(.ram.b)
                0x1fff83a8                _end = .
                0x1fff83a8                __end = .
                0x1fff83a8                PROVIDE (end, .)
                0x1fff83a8                PROVIDE (__bss_end__, .)
                0x00002e10                __cy_region_init_ram = LOADADDR (.data)
                0x00000080                __cy_region_init_size_ram = (_edata - ADDR (.data))
                0x00000260                __cy_region_zero_size_ram = (_end - _edata)

.heap           0x1fff83a8       0x80 load address 0x00002e90
                0x1fff83a8                . = _end
                0x1fff8428                . = (. + 0x80)
 *fill*         0x1fff83a8       0x80 
                0x1fff8428                __cy_heap_limit = .

.stack          0x20007800      0x800
                0x20007800                __cy_stack_limit = .
                0x20008000                . = (. + 0x800)
 *fill*         0x20007800      0x800 
                0x00000001                ASSERT ((__cy_stack_limit >= __cy_heap_limit), region RAM overflowed with stack)
                0x00000000                cy_checksum_exclude_size = (CY_APPL_LOADABLE == 0x1)?SIZEOF (.cy_checksum_exclude):0x0
                0x00000001                ASSERT ((cy_checksum_exclude_size <= CY_CHECKSUM_EXCLUDE_SIZE), CY_BOOT: Section .cy_checksum_exclude size exceedes specified limit.)

.cyloadermeta
 *(.cyloadermeta)

.cyloadablemeta
 *(.cyloadablemeta)

.cyconfigecc    0x80000000      0xd7c
 *(.cyconfigecc)
 .cyconfigecc   0x80000000      0xd7c .\CortexM3\ARM_GCC_541\Debug\cymetadata.o
                0x80000000                cy_meta_configecc

.cycustnvl      0x90000000        0x4
 *(.cycustnvl)
 .cycustnvl     0x90000000        0x4 .\CortexM3\ARM_GCC_541\Debug\cymetadata.o
                0x90000000                cy_meta_custnvl

.cywolatch      0x90100000        0x4
 *(.cywolatch)
 .cywolatch     0x90100000        0x4 .\CortexM3\ARM_GCC_541\Debug\cymetadata.o
                0x90100000                cy_meta_wonvl

.cyeeprom       0x90200000        0x0
 *(.cyeeprom)
                0x00000001                ASSERT ((. <= ((0x90200000 + ee_offset) + ee_size)), .cyeeprom data will not fit in EEPROM)

.cyflashprotect
                0x90400000      0x100
 *(.cyflashprotect)
 .cyflashprotect
                0x90400000      0x100 .\CortexM3\ARM_GCC_541\Debug\cymetadata.o
                0x90400000                cy_meta_flashprotect

.cymeta         0x90500000        0xc
 *(.cymeta)
 .cymeta        0x90500000        0xc .\CortexM3\ARM_GCC_541\Debug\cymetadata.o
                0x90500000                cy_metadata

.rel.dyn        0x00002e90        0x0 load address 0x9050000c
 .rel.iplt      0x00002e90        0x0 c:/program files (x86)/cypress/psoc creator/4.3/psoc creator/import/gnu/arm/5.4.1/bin/../lib/gcc/arm-none-eabi/5.4.1/armv7-m/crtbegin.o

.stab
 *(.stab)

.stabstr
 *(.stabstr)

.debug
 *(.debug)

.line
 *(.line)

.debug_srcinfo
 *(.debug_srcinfo)

.debug_sfnames
 *(.debug_sfnames)

.debug_aranges  0x00000000     0x1450
 *(.debug_aranges)
 .debug_aranges
                0x00000000       0x20 .\CortexM3\ARM_GCC_541\Debug\main.o
 .debug_aranges
                0x00000020       0x38 .\CortexM3\ARM_GCC_541\Debug\InterruptRoutines.o
 .debug_aranges
                0x00000058       0x48 .\CortexM3\ARM_GCC_541\Debug\SPI_Interface.o
 .debug_aranges
                0x000000a0       0xd8 .\CortexM3\ARM_GCC_541\Debug\25LC256.o
 .debug_aranges
                0x00000178       0x58 .\CortexM3\ARM_GCC_541\Debug\RGB_Driver.o
 .debug_aranges
                0x000001d0       0x68 .\CortexM3\ARM_GCC_541\Debug\LIS3DH.o
 .debug_aranges
                0x00000238       0x38 .\CortexM3\ARM_GCC_541\Debug\Notifications.o
 .debug_aranges
                0x00000270       0x48 .\CortexM3\ARM_GCC_541\Debug\LogUtils.o
 .debug_aranges
                0x000002b8       0x68 .\CortexM3\ARM_GCC_541\Debug\cyfitter_cfg.o
 .debug_aranges
                0x00000320       0x18 .\CortexM3\ARM_GCC_541\Debug\cymetadata.o
 .debug_aranges
                0x00000338       0x48 .\CortexM3\ARM_GCC_541\Debug\Cm3Start.o
 .debug_aranges
                0x00000380       0x80 .\CortexM3\ARM_GCC_541\Debug\AY1920_II_HW_FINAL_CARZANIGA_GUALNIERA.a(ISR_CONFIG.o)
 .debug_aranges
                0x00000400       0xa8 .\CortexM3\ARM_GCC_541\Debug\AY1920_II_HW_FINAL_CARZANIGA_GUALNIERA.a(PWM_RG.o)
 .debug_aranges
                0x000004a8       0x98 .\CortexM3\ARM_GCC_541\Debug\AY1920_II_HW_FINAL_CARZANIGA_GUALNIERA.a(PWM_B.o)
 .debug_aranges
                0x00000540       0x80 .\CortexM3\ARM_GCC_541\Debug\AY1920_II_HW_FINAL_CARZANIGA_GUALNIERA.a(ISR_START.o)
 .debug_aranges
                0x000005c0       0xf0 .\CortexM3\ARM_GCC_541\Debug\AY1920_II_HW_FINAL_CARZANIGA_GUALNIERA.a(UART.o)
 .debug_aranges
                0x000006b0       0x70 .\CortexM3\ARM_GCC_541\Debug\AY1920_II_HW_FINAL_CARZANIGA_GUALNIERA.a(UART_IntClock.o)
 .debug_aranges
                0x00000720      0x2a0 .\CortexM3\ARM_GCC_541\Debug\AY1920_II_HW_FINAL_CARZANIGA_GUALNIERA.a(CyLib.o)
 .debug_aranges
                0x000009c0       0x98 .\CortexM3\ARM_GCC_541\Debug\AY1920_II_HW_FINAL_CARZANIGA_GUALNIERA.a(cyPm.o)
 .debug_aranges
                0x00000a58       0x88 .\CortexM3\ARM_GCC_541\Debug\AY1920_II_HW_FINAL_CARZANIGA_GUALNIERA.a(BUTTON_TIMER.o)
 .debug_aranges
                0x00000ae0       0x38 .\CortexM3\ARM_GCC_541\Debug\AY1920_II_HW_FINAL_CARZANIGA_GUALNIERA.a(CS_IMU.o)
 .debug_aranges
                0x00000b18       0x38 .\CortexM3\ARM_GCC_541\Debug\AY1920_II_HW_FINAL_CARZANIGA_GUALNIERA.a(CS_EEPROM.o)
 .debug_aranges
                0x00000b50       0x98 .\CortexM3\ARM_GCC_541\Debug\AY1920_II_HW_FINAL_CARZANIGA_GUALNIERA.a(PWM_NOTIFY.o)
 .debug_aranges
                0x00000be8       0x90 .\CortexM3\ARM_GCC_541\Debug\AY1920_II_HW_FINAL_CARZANIGA_GUALNIERA.a(CLICK_TIMER.o)
 .debug_aranges
                0x00000c78       0x80 .\CortexM3\ARM_GCC_541\Debug\AY1920_II_HW_FINAL_CARZANIGA_GUALNIERA.a(ISR_IMU.o)
 .debug_aranges
                0x00000cf8       0xd8 .\CortexM3\ARM_GCC_541\Debug\AY1920_II_HW_FINAL_CARZANIGA_GUALNIERA.a(SPIM_IMU.o)
 .debug_aranges
                0x00000dd0       0x28 .\CortexM3\ARM_GCC_541\Debug\AY1920_II_HW_FINAL_CARZANIGA_GUALNIERA.a(SPIM_IMU_INT.o)
 .debug_aranges
                0x00000df8       0xd8 .\CortexM3\ARM_GCC_541\Debug\AY1920_II_HW_FINAL_CARZANIGA_GUALNIERA.a(SPIM_EEPROM.o)
 .debug_aranges
                0x00000ed0       0x28 .\CortexM3\ARM_GCC_541\Debug\AY1920_II_HW_FINAL_CARZANIGA_GUALNIERA.a(SPIM_EEPROM_INT.o)
 .debug_aranges
                0x00000ef8       0x70 .\CortexM3\ARM_GCC_541\Debug\AY1920_II_HW_FINAL_CARZANIGA_GUALNIERA.a(SPIM_IMU_IntClock.o)
 .debug_aranges
                0x00000f68       0x70 .\CortexM3\ARM_GCC_541\Debug\AY1920_II_HW_FINAL_CARZANIGA_GUALNIERA.a(SPIM_EEPROM_IntClock.o)
 .debug_aranges
                0x00000fd8       0x90 .\CortexM3\ARM_GCC_541\Debug\AY1920_II_HW_FINAL_CARZANIGA_GUALNIERA.a(MAIN_TIMER.o)
 .debug_aranges
                0x00001068       0xe8 .\CortexM3\ARM_GCC_541\Debug\AY1920_II_HW_FINAL_CARZANIGA_GUALNIERA.a(ADC_DELSIG.o)
 .debug_aranges
                0x00001150       0x38 .\CortexM3\ARM_GCC_541\Debug\AY1920_II_HW_FINAL_CARZANIGA_GUALNIERA.a(ADC_DELSIG_INT.o)
 .debug_aranges
                0x00001188       0x30 .\CortexM3\ARM_GCC_541\Debug\AY1920_II_HW_FINAL_CARZANIGA_GUALNIERA.a(ADC_DELSIG_AMux.o)
 .debug_aranges
                0x000011b8       0x70 .\CortexM3\ARM_GCC_541\Debug\AY1920_II_HW_FINAL_CARZANIGA_GUALNIERA.a(ADC_DELSIG_Ext_CP_Clk.o)
 .debug_aranges
                0x00001228       0x80 .\CortexM3\ARM_GCC_541\Debug\AY1920_II_HW_FINAL_CARZANIGA_GUALNIERA.a(ADC_DELSIG_theACLK.o)
 .debug_aranges
                0x000012a8       0x80 .\CortexM3\ARM_GCC_541\Debug\AY1920_II_HW_FINAL_CARZANIGA_GUALNIERA.a(ISR_RX.o)
 .debug_aranges
                0x00001328       0x20 .\CortexM3\ARM_GCC_541\Debug\AY1920_II_HW_FINAL_CARZANIGA_GUALNIERA.a(CyBootAsmGnu.o)
 .debug_aranges
                0x00001348       0x88 .\CortexM3\ARM_GCC_541\Debug\AY1920_II_HW_FINAL_CARZANIGA_GUALNIERA.a(CyFlash.o)
 .debug_aranges
                0x000013d0       0x80 .\CortexM3\ARM_GCC_541\Debug\AY1920_II_HW_FINAL_CARZANIGA_GUALNIERA.a(CySpc.o)

.debug_pubnames
 *(.debug_pubnames)

.debug_info     0x00000000     0xb3f7
 *(.debug_info .gnu.linkonce.wi.*)
 .debug_info    0x00000000      0x5b0 .\CortexM3\ARM_GCC_541\Debug\main.o
 .debug_info    0x000005b0      0x50f .\CortexM3\ARM_GCC_541\Debug\InterruptRoutines.o
 .debug_info    0x00000abf      0x681 .\CortexM3\ARM_GCC_541\Debug\SPI_Interface.o
 .debug_info    0x00001140      0xadc .\CortexM3\ARM_GCC_541\Debug\25LC256.o
 .debug_info    0x00001c1c      0x47c .\CortexM3\ARM_GCC_541\Debug\RGB_Driver.o
 .debug_info    0x00002098      0x7c4 .\CortexM3\ARM_GCC_541\Debug\LIS3DH.o
 .debug_info    0x0000285c      0x25e .\CortexM3\ARM_GCC_541\Debug\Notifications.o
 .debug_info    0x00002aba      0x32c .\CortexM3\ARM_GCC_541\Debug\LogUtils.o
 .debug_info    0x00002de6      0x6da .\CortexM3\ARM_GCC_541\Debug\cyfitter_cfg.o
 .debug_info    0x000034c0      0x139 .\CortexM3\ARM_GCC_541\Debug\cymetadata.o
 .debug_info    0x000035f9      0x3bb .\CortexM3\ARM_GCC_541\Debug\Cm3Start.o
 .debug_info    0x000039b4      0x2d2 .\CortexM3\ARM_GCC_541\Debug\AY1920_II_HW_FINAL_CARZANIGA_GUALNIERA.a(ISR_CONFIG.o)
 .debug_info    0x00003c86      0x383 .\CortexM3\ARM_GCC_541\Debug\AY1920_II_HW_FINAL_CARZANIGA_GUALNIERA.a(PWM_RG.o)
 .debug_info    0x00004009      0x334 .\CortexM3\ARM_GCC_541\Debug\AY1920_II_HW_FINAL_CARZANIGA_GUALNIERA.a(PWM_B.o)
 .debug_info    0x0000433d      0x2d2 .\CortexM3\ARM_GCC_541\Debug\AY1920_II_HW_FINAL_CARZANIGA_GUALNIERA.a(ISR_START.o)
 .debug_info    0x0000460f      0x60c .\CortexM3\ARM_GCC_541\Debug\AY1920_II_HW_FINAL_CARZANIGA_GUALNIERA.a(UART.o)
 .debug_info    0x00004c1b      0x283 .\CortexM3\ARM_GCC_541\Debug\AY1920_II_HW_FINAL_CARZANIGA_GUALNIERA.a(UART_IntClock.o)
 .debug_info    0x00004e9e     0x1374 .\CortexM3\ARM_GCC_541\Debug\AY1920_II_HW_FINAL_CARZANIGA_GUALNIERA.a(CyLib.o)
 .debug_info    0x00006212      0xa2a .\CortexM3\ARM_GCC_541\Debug\AY1920_II_HW_FINAL_CARZANIGA_GUALNIERA.a(cyPm.o)
 .debug_info    0x00006c3c      0x293 .\CortexM3\ARM_GCC_541\Debug\AY1920_II_HW_FINAL_CARZANIGA_GUALNIERA.a(BUTTON_TIMER.o)
 .debug_info    0x00006ecf      0x11f .\CortexM3\ARM_GCC_541\Debug\AY1920_II_HW_FINAL_CARZANIGA_GUALNIERA.a(CS_IMU.o)
 .debug_info    0x00006fee      0x11f .\CortexM3\ARM_GCC_541\Debug\AY1920_II_HW_FINAL_CARZANIGA_GUALNIERA.a(CS_EEPROM.o)
 .debug_info    0x0000710d      0x333 .\CortexM3\ARM_GCC_541\Debug\AY1920_II_HW_FINAL_CARZANIGA_GUALNIERA.a(PWM_NOTIFY.o)
 .debug_info    0x00007440      0x2d1 .\CortexM3\ARM_GCC_541\Debug\AY1920_II_HW_FINAL_CARZANIGA_GUALNIERA.a(CLICK_TIMER.o)
 .debug_info    0x00007711      0x2d2 .\CortexM3\ARM_GCC_541\Debug\AY1920_II_HW_FINAL_CARZANIGA_GUALNIERA.a(ISR_IMU.o)
 .debug_info    0x000079e3      0x709 .\CortexM3\ARM_GCC_541\Debug\AY1920_II_HW_FINAL_CARZANIGA_GUALNIERA.a(SPIM_IMU.o)
 .debug_info    0x000080ec      0x18d .\CortexM3\ARM_GCC_541\Debug\AY1920_II_HW_FINAL_CARZANIGA_GUALNIERA.a(SPIM_IMU_INT.o)
 .debug_info    0x00008279      0x709 .\CortexM3\ARM_GCC_541\Debug\AY1920_II_HW_FINAL_CARZANIGA_GUALNIERA.a(SPIM_EEPROM.o)
 .debug_info    0x00008982      0x18d .\CortexM3\ARM_GCC_541\Debug\AY1920_II_HW_FINAL_CARZANIGA_GUALNIERA.a(SPIM_EEPROM_INT.o)
 .debug_info    0x00008b0f      0x283 .\CortexM3\ARM_GCC_541\Debug\AY1920_II_HW_FINAL_CARZANIGA_GUALNIERA.a(SPIM_IMU_IntClock.o)
 .debug_info    0x00008d92      0x283 .\CortexM3\ARM_GCC_541\Debug\AY1920_II_HW_FINAL_CARZANIGA_GUALNIERA.a(SPIM_EEPROM_IntClock.o)
 .debug_info    0x00009015      0x2ee .\CortexM3\ARM_GCC_541\Debug\AY1920_II_HW_FINAL_CARZANIGA_GUALNIERA.a(MAIN_TIMER.o)
 .debug_info    0x00009303      0xa1c .\CortexM3\ARM_GCC_541\Debug\AY1920_II_HW_FINAL_CARZANIGA_GUALNIERA.a(ADC_DELSIG.o)
 .debug_info    0x00009d1f       0xd3 .\CortexM3\ARM_GCC_541\Debug\AY1920_II_HW_FINAL_CARZANIGA_GUALNIERA.a(ADC_DELSIG_INT.o)
 .debug_info    0x00009df2      0x165 .\CortexM3\ARM_GCC_541\Debug\AY1920_II_HW_FINAL_CARZANIGA_GUALNIERA.a(ADC_DELSIG_AMux.o)
 .debug_info    0x00009f57      0x283 .\CortexM3\ARM_GCC_541\Debug\AY1920_II_HW_FINAL_CARZANIGA_GUALNIERA.a(ADC_DELSIG_Ext_CP_Clk.o)
 .debug_info    0x0000a1da      0x2c4 .\CortexM3\ARM_GCC_541\Debug\AY1920_II_HW_FINAL_CARZANIGA_GUALNIERA.a(ADC_DELSIG_theACLK.o)
 .debug_info    0x0000a49e      0x2d2 .\CortexM3\ARM_GCC_541\Debug\AY1920_II_HW_FINAL_CARZANIGA_GUALNIERA.a(ISR_RX.o)
 .debug_info    0x0000a770       0xea .\CortexM3\ARM_GCC_541\Debug\AY1920_II_HW_FINAL_CARZANIGA_GUALNIERA.a(CyBootAsmGnu.o)
 .debug_info    0x0000a85a      0x64d .\CortexM3\ARM_GCC_541\Debug\AY1920_II_HW_FINAL_CARZANIGA_GUALNIERA.a(CyFlash.o)
 .debug_info    0x0000aea7      0x550 .\CortexM3\ARM_GCC_541\Debug\AY1920_II_HW_FINAL_CARZANIGA_GUALNIERA.a(CySpc.o)

.debug_abbrev   0x00000000     0x3345
 *(.debug_abbrev)
 .debug_abbrev  0x00000000      0x135 .\CortexM3\ARM_GCC_541\Debug\main.o
 .debug_abbrev  0x00000135      0x141 .\CortexM3\ARM_GCC_541\Debug\InterruptRoutines.o
 .debug_abbrev  0x00000276      0x18a .\CortexM3\ARM_GCC_541\Debug\SPI_Interface.o
 .debug_abbrev  0x00000400      0x1d4 .\CortexM3\ARM_GCC_541\Debug\25LC256.o
 .debug_abbrev  0x000005d4      0x1a3 .\CortexM3\ARM_GCC_541\Debug\RGB_Driver.o
 .debug_abbrev  0x00000777      0x1a7 .\CortexM3\ARM_GCC_541\Debug\LIS3DH.o
 .debug_abbrev  0x0000091e       0xff .\CortexM3\ARM_GCC_541\Debug\Notifications.o
 .debug_abbrev  0x00000a1d      0x147 .\CortexM3\ARM_GCC_541\Debug\LogUtils.o
 .debug_abbrev  0x00000b64      0x22d .\CortexM3\ARM_GCC_541\Debug\cyfitter_cfg.o
 .debug_abbrev  0x00000d91       0x77 .\CortexM3\ARM_GCC_541\Debug\cymetadata.o
 .debug_abbrev  0x00000e08      0x1e8 .\CortexM3\ARM_GCC_541\Debug\Cm3Start.o
 .debug_abbrev  0x00000ff0      0x173 .\CortexM3\ARM_GCC_541\Debug\AY1920_II_HW_FINAL_CARZANIGA_GUALNIERA.a(ISR_CONFIG.o)
 .debug_abbrev  0x00001163      0x133 .\CortexM3\ARM_GCC_541\Debug\AY1920_II_HW_FINAL_CARZANIGA_GUALNIERA.a(PWM_RG.o)
 .debug_abbrev  0x00001296      0x133 .\CortexM3\ARM_GCC_541\Debug\AY1920_II_HW_FINAL_CARZANIGA_GUALNIERA.a(PWM_B.o)
 .debug_abbrev  0x000013c9      0x173 .\CortexM3\ARM_GCC_541\Debug\AY1920_II_HW_FINAL_CARZANIGA_GUALNIERA.a(ISR_START.o)
 .debug_abbrev  0x0000153c      0x175 .\CortexM3\ARM_GCC_541\Debug\AY1920_II_HW_FINAL_CARZANIGA_GUALNIERA.a(UART.o)
 .debug_abbrev  0x000016b1      0x139 .\CortexM3\ARM_GCC_541\Debug\AY1920_II_HW_FINAL_CARZANIGA_GUALNIERA.a(UART_IntClock.o)
 .debug_abbrev  0x000017ea      0x254 .\CortexM3\ARM_GCC_541\Debug\AY1920_II_HW_FINAL_CARZANIGA_GUALNIERA.a(CyLib.o)
 .debug_abbrev  0x00001a3e      0x1ab .\CortexM3\ARM_GCC_541\Debug\AY1920_II_HW_FINAL_CARZANIGA_GUALNIERA.a(cyPm.o)
 .debug_abbrev  0x00001be9      0x11a .\CortexM3\ARM_GCC_541\Debug\AY1920_II_HW_FINAL_CARZANIGA_GUALNIERA.a(BUTTON_TIMER.o)
 .debug_abbrev  0x00001d03       0x90 .\CortexM3\ARM_GCC_541\Debug\AY1920_II_HW_FINAL_CARZANIGA_GUALNIERA.a(CS_IMU.o)
 .debug_abbrev  0x00001d93       0x90 .\CortexM3\ARM_GCC_541\Debug\AY1920_II_HW_FINAL_CARZANIGA_GUALNIERA.a(CS_EEPROM.o)
 .debug_abbrev  0x00001e23      0x133 .\CortexM3\ARM_GCC_541\Debug\AY1920_II_HW_FINAL_CARZANIGA_GUALNIERA.a(PWM_NOTIFY.o)
 .debug_abbrev  0x00001f56      0x12b .\CortexM3\ARM_GCC_541\Debug\AY1920_II_HW_FINAL_CARZANIGA_GUALNIERA.a(CLICK_TIMER.o)
 .debug_abbrev  0x00002081      0x173 .\CortexM3\ARM_GCC_541\Debug\AY1920_II_HW_FINAL_CARZANIGA_GUALNIERA.a(ISR_IMU.o)
 .debug_abbrev  0x000021f4      0x162 .\CortexM3\ARM_GCC_541\Debug\AY1920_II_HW_FINAL_CARZANIGA_GUALNIERA.a(SPIM_IMU.o)
 .debug_abbrev  0x00002356       0x8a .\CortexM3\ARM_GCC_541\Debug\AY1920_II_HW_FINAL_CARZANIGA_GUALNIERA.a(SPIM_IMU_INT.o)
 .debug_abbrev  0x000023e0      0x162 .\CortexM3\ARM_GCC_541\Debug\AY1920_II_HW_FINAL_CARZANIGA_GUALNIERA.a(SPIM_EEPROM.o)
 .debug_abbrev  0x00002542       0x8a .\CortexM3\ARM_GCC_541\Debug\AY1920_II_HW_FINAL_CARZANIGA_GUALNIERA.a(SPIM_EEPROM_INT.o)
 .debug_abbrev  0x000025cc      0x139 .\CortexM3\ARM_GCC_541\Debug\AY1920_II_HW_FINAL_CARZANIGA_GUALNIERA.a(SPIM_IMU_IntClock.o)
 .debug_abbrev  0x00002705      0x139 .\CortexM3\ARM_GCC_541\Debug\AY1920_II_HW_FINAL_CARZANIGA_GUALNIERA.a(SPIM_EEPROM_IntClock.o)
 .debug_abbrev  0x0000283e      0x12b .\CortexM3\ARM_GCC_541\Debug\AY1920_II_HW_FINAL_CARZANIGA_GUALNIERA.a(MAIN_TIMER.o)
 .debug_abbrev  0x00002969      0x1cd .\CortexM3\ARM_GCC_541\Debug\AY1920_II_HW_FINAL_CARZANIGA_GUALNIERA.a(ADC_DELSIG.o)
 .debug_abbrev  0x00002b36       0x42 .\CortexM3\ARM_GCC_541\Debug\AY1920_II_HW_FINAL_CARZANIGA_GUALNIERA.a(ADC_DELSIG_INT.o)
 .debug_abbrev  0x00002b78       0xb1 .\CortexM3\ARM_GCC_541\Debug\AY1920_II_HW_FINAL_CARZANIGA_GUALNIERA.a(ADC_DELSIG_AMux.o)
 .debug_abbrev  0x00002c29      0x139 .\CortexM3\ARM_GCC_541\Debug\AY1920_II_HW_FINAL_CARZANIGA_GUALNIERA.a(ADC_DELSIG_Ext_CP_Clk.o)
 .debug_abbrev  0x00002d62      0x121 .\CortexM3\ARM_GCC_541\Debug\AY1920_II_HW_FINAL_CARZANIGA_GUALNIERA.a(ADC_DELSIG_theACLK.o)
 .debug_abbrev  0x00002e83      0x173 .\CortexM3\ARM_GCC_541\Debug\AY1920_II_HW_FINAL_CARZANIGA_GUALNIERA.a(ISR_RX.o)
 .debug_abbrev  0x00002ff6       0x14 .\CortexM3\ARM_GCC_541\Debug\AY1920_II_HW_FINAL_CARZANIGA_GUALNIERA.a(CyBootAsmGnu.o)
 .debug_abbrev  0x0000300a      0x1a7 .\CortexM3\ARM_GCC_541\Debug\AY1920_II_HW_FINAL_CARZANIGA_GUALNIERA.a(CyFlash.o)
 .debug_abbrev  0x000031b1      0x194 .\CortexM3\ARM_GCC_541\Debug\AY1920_II_HW_FINAL_CARZANIGA_GUALNIERA.a(CySpc.o)

.debug_line     0x00000000     0x4efd
 *(.debug_line)
 .debug_line    0x00000000      0x2b8 .\CortexM3\ARM_GCC_541\Debug\main.o
 .debug_line    0x000002b8      0x241 .\CortexM3\ARM_GCC_541\Debug\InterruptRoutines.o
 .debug_line    0x000004f9      0x294 .\CortexM3\ARM_GCC_541\Debug\SPI_Interface.o
 .debug_line    0x0000078d      0x389 .\CortexM3\ARM_GCC_541\Debug\25LC256.o
 .debug_line    0x00000b16      0x26b .\CortexM3\ARM_GCC_541\Debug\RGB_Driver.o
 .debug_line    0x00000d81      0x2ec .\CortexM3\ARM_GCC_541\Debug\LIS3DH.o
 .debug_line    0x0000106d      0x1d5 .\CortexM3\ARM_GCC_541\Debug\Notifications.o
 .debug_line    0x00001242      0x1f0 .\CortexM3\ARM_GCC_541\Debug\LogUtils.o
 .debug_line    0x00001432      0x230 .\CortexM3\ARM_GCC_541\Debug\cyfitter_cfg.o
 .debug_line    0x00001662      0x141 .\CortexM3\ARM_GCC_541\Debug\cymetadata.o
 .debug_line    0x000017a3      0x234 .\CortexM3\ARM_GCC_541\Debug\Cm3Start.o
 .debug_line    0x000019d7      0x137 .\CortexM3\ARM_GCC_541\Debug\AY1920_II_HW_FINAL_CARZANIGA_GUALNIERA.a(ISR_CONFIG.o)
 .debug_line    0x00001b0e      0x1aa .\CortexM3\ARM_GCC_541\Debug\AY1920_II_HW_FINAL_CARZANIGA_GUALNIERA.a(PWM_RG.o)
 .debug_line    0x00001cb8      0x185 .\CortexM3\ARM_GCC_541\Debug\AY1920_II_HW_FINAL_CARZANIGA_GUALNIERA.a(PWM_B.o)
 .debug_line    0x00001e3d      0x136 .\CortexM3\ARM_GCC_541\Debug\AY1920_II_HW_FINAL_CARZANIGA_GUALNIERA.a(ISR_START.o)
 .debug_line    0x00001f73      0x2bc .\CortexM3\ARM_GCC_541\Debug\AY1920_II_HW_FINAL_CARZANIGA_GUALNIERA.a(UART.o)
 .debug_line    0x0000222f      0x17c .\CortexM3\ARM_GCC_541\Debug\AY1920_II_HW_FINAL_CARZANIGA_GUALNIERA.a(UART_IntClock.o)
 .debug_line    0x000023ab      0x816 .\CortexM3\ARM_GCC_541\Debug\AY1920_II_HW_FINAL_CARZANIGA_GUALNIERA.a(CyLib.o)
 .debug_line    0x00002bc1      0x367 .\CortexM3\ARM_GCC_541\Debug\AY1920_II_HW_FINAL_CARZANIGA_GUALNIERA.a(cyPm.o)
 .debug_line    0x00002f28      0x160 .\CortexM3\ARM_GCC_541\Debug\AY1920_II_HW_FINAL_CARZANIGA_GUALNIERA.a(BUTTON_TIMER.o)
 .debug_line    0x00003088       0x93 .\CortexM3\ARM_GCC_541\Debug\AY1920_II_HW_FINAL_CARZANIGA_GUALNIERA.a(CS_IMU.o)
 .debug_line    0x0000311b       0x96 .\CortexM3\ARM_GCC_541\Debug\AY1920_II_HW_FINAL_CARZANIGA_GUALNIERA.a(CS_EEPROM.o)
 .debug_line    0x000031b1      0x18a .\CortexM3\ARM_GCC_541\Debug\AY1920_II_HW_FINAL_CARZANIGA_GUALNIERA.a(PWM_NOTIFY.o)
 .debug_line    0x0000333b      0x176 .\CortexM3\ARM_GCC_541\Debug\AY1920_II_HW_FINAL_CARZANIGA_GUALNIERA.a(CLICK_TIMER.o)
 .debug_line    0x000034b1      0x134 .\CortexM3\ARM_GCC_541\Debug\AY1920_II_HW_FINAL_CARZANIGA_GUALNIERA.a(ISR_IMU.o)
 .debug_line    0x000035e5      0x2a2 .\CortexM3\ARM_GCC_541\Debug\AY1920_II_HW_FINAL_CARZANIGA_GUALNIERA.a(SPIM_IMU.o)
 .debug_line    0x00003887       0xae .\CortexM3\ARM_GCC_541\Debug\AY1920_II_HW_FINAL_CARZANIGA_GUALNIERA.a(SPIM_IMU_INT.o)
 .debug_line    0x00003935      0x2a8 .\CortexM3\ARM_GCC_541\Debug\AY1920_II_HW_FINAL_CARZANIGA_GUALNIERA.a(SPIM_EEPROM.o)
 .debug_line    0x00003bdd       0xb4 .\CortexM3\ARM_GCC_541\Debug\AY1920_II_HW_FINAL_CARZANIGA_GUALNIERA.a(SPIM_EEPROM_INT.o)
 .debug_line    0x00003c91      0x180 .\CortexM3\ARM_GCC_541\Debug\AY1920_II_HW_FINAL_CARZANIGA_GUALNIERA.a(SPIM_IMU_IntClock.o)
 .debug_line    0x00003e11      0x183 .\CortexM3\ARM_GCC_541\Debug\AY1920_II_HW_FINAL_CARZANIGA_GUALNIERA.a(SPIM_EEPROM_IntClock.o)
 .debug_line    0x00003f94      0x175 .\CortexM3\ARM_GCC_541\Debug\AY1920_II_HW_FINAL_CARZANIGA_GUALNIERA.a(MAIN_TIMER.o)
 .debug_line    0x00004109      0x37f .\CortexM3\ARM_GCC_541\Debug\AY1920_II_HW_FINAL_CARZANIGA_GUALNIERA.a(ADC_DELSIG.o)
 .debug_line    0x00004488       0x87 .\CortexM3\ARM_GCC_541\Debug\AY1920_II_HW_FINAL_CARZANIGA_GUALNIERA.a(ADC_DELSIG_INT.o)
 .debug_line    0x0000450f       0xb3 .\CortexM3\ARM_GCC_541\Debug\AY1920_II_HW_FINAL_CARZANIGA_GUALNIERA.a(ADC_DELSIG_AMux.o)
 .debug_line    0x000045c2      0x184 .\CortexM3\ARM_GCC_541\Debug\AY1920_II_HW_FINAL_CARZANIGA_GUALNIERA.a(ADC_DELSIG_Ext_CP_Clk.o)
 .debug_line    0x00004746      0x1a4 .\CortexM3\ARM_GCC_541\Debug\AY1920_II_HW_FINAL_CARZANIGA_GUALNIERA.a(ADC_DELSIG_theACLK.o)
 .debug_line    0x000048ea      0x133 .\CortexM3\ARM_GCC_541\Debug\AY1920_II_HW_FINAL_CARZANIGA_GUALNIERA.a(ISR_RX.o)
 .debug_line    0x00004a1d       0x66 .\CortexM3\ARM_GCC_541\Debug\AY1920_II_HW_FINAL_CARZANIGA_GUALNIERA.a(CyBootAsmGnu.o)
 .debug_line    0x00004a83      0x21a .\CortexM3\ARM_GCC_541\Debug\AY1920_II_HW_FINAL_CARZANIGA_GUALNIERA.a(CyFlash.o)
 .debug_line    0x00004c9d      0x260 .\CortexM3\ARM_GCC_541\Debug\AY1920_II_HW_FINAL_CARZANIGA_GUALNIERA.a(CySpc.o)

.debug_frame    0x00000000     0x3220
 *(.debug_frame)
 .debug_frame   0x00000000       0x40 .\CortexM3\ARM_GCC_541\Debug\main.o
 .debug_frame   0x00000040       0x94 .\CortexM3\ARM_GCC_541\Debug\InterruptRoutines.o
 .debug_frame   0x000000d4       0xe0 .\CortexM3\ARM_GCC_541\Debug\SPI_Interface.o
 .debug_frame   0x000001b4      0x300 .\CortexM3\ARM_GCC_541\Debug\25LC256.o
 .debug_frame   0x000004b4       0xfc .\CortexM3\ARM_GCC_541\Debug\RGB_Driver.o
 .debug_frame   0x000005b0      0x160 .\CortexM3\ARM_GCC_541\Debug\LIS3DH.o
 .debug_frame   0x00000710       0x84 .\CortexM3\ARM_GCC_541\Debug\Notifications.o
 .debug_frame   0x00000794       0xe8 .\CortexM3\ARM_GCC_541\Debug\LogUtils.o
 .debug_frame   0x0000087c      0x104 .\CortexM3\ARM_GCC_541\Debug\cyfitter_cfg.o
 .debug_frame   0x00000980       0xb8 .\CortexM3\ARM_GCC_541\Debug\Cm3Start.o
 .debug_frame   0x00000a38      0x104 .\CortexM3\ARM_GCC_541\Debug\AY1920_II_HW_FINAL_CARZANIGA_GUALNIERA.a(ISR_CONFIG.o)
 .debug_frame   0x00000b3c      0x154 .\CortexM3\ARM_GCC_541\Debug\AY1920_II_HW_FINAL_CARZANIGA_GUALNIERA.a(PWM_RG.o)
 .debug_frame   0x00000c90      0x134 .\CortexM3\ARM_GCC_541\Debug\AY1920_II_HW_FINAL_CARZANIGA_GUALNIERA.a(PWM_B.o)
 .debug_frame   0x00000dc4      0x104 .\CortexM3\ARM_GCC_541\Debug\AY1920_II_HW_FINAL_CARZANIGA_GUALNIERA.a(ISR_START.o)
 .debug_frame   0x00000ec8      0x250 .\CortexM3\ARM_GCC_541\Debug\AY1920_II_HW_FINAL_CARZANIGA_GUALNIERA.a(UART.o)
 .debug_frame   0x00001118       0xe0 .\CortexM3\ARM_GCC_541\Debug\AY1920_II_HW_FINAL_CARZANIGA_GUALNIERA.a(UART_IntClock.o)
 .debug_frame   0x000011f8      0x738 .\CortexM3\ARM_GCC_541\Debug\AY1920_II_HW_FINAL_CARZANIGA_GUALNIERA.a(CyLib.o)
 .debug_frame   0x00001930      0x1f8 .\CortexM3\ARM_GCC_541\Debug\AY1920_II_HW_FINAL_CARZANIGA_GUALNIERA.a(cyPm.o)
 .debug_frame   0x00001b28      0x108 .\CortexM3\ARM_GCC_541\Debug\AY1920_II_HW_FINAL_CARZANIGA_GUALNIERA.a(BUTTON_TIMER.o)
 .debug_frame   0x00001c30       0x50 .\CortexM3\ARM_GCC_541\Debug\AY1920_II_HW_FINAL_CARZANIGA_GUALNIERA.a(CS_IMU.o)
 .debug_frame   0x00001c80       0x50 .\CortexM3\ARM_GCC_541\Debug\AY1920_II_HW_FINAL_CARZANIGA_GUALNIERA.a(CS_EEPROM.o)
 .debug_frame   0x00001cd0      0x134 .\CortexM3\ARM_GCC_541\Debug\AY1920_II_HW_FINAL_CARZANIGA_GUALNIERA.a(PWM_NOTIFY.o)
 .debug_frame   0x00001e04      0x124 .\CortexM3\ARM_GCC_541\Debug\AY1920_II_HW_FINAL_CARZANIGA_GUALNIERA.a(CLICK_TIMER.o)
 .debug_frame   0x00001f28      0x104 .\CortexM3\ARM_GCC_541\Debug\AY1920_II_HW_FINAL_CARZANIGA_GUALNIERA.a(ISR_IMU.o)
 .debug_frame   0x0000202c      0x260 .\CortexM3\ARM_GCC_541\Debug\AY1920_II_HW_FINAL_CARZANIGA_GUALNIERA.a(SPIM_IMU.o)
 .debug_frame   0x0000228c       0x30 .\CortexM3\ARM_GCC_541\Debug\AY1920_II_HW_FINAL_CARZANIGA_GUALNIERA.a(SPIM_IMU_INT.o)
 .debug_frame   0x000022bc      0x264 .\CortexM3\ARM_GCC_541\Debug\AY1920_II_HW_FINAL_CARZANIGA_GUALNIERA.a(SPIM_EEPROM.o)
 .debug_frame   0x00002520       0x30 .\CortexM3\ARM_GCC_541\Debug\AY1920_II_HW_FINAL_CARZANIGA_GUALNIERA.a(SPIM_EEPROM_INT.o)
 .debug_frame   0x00002550       0xe0 .\CortexM3\ARM_GCC_541\Debug\AY1920_II_HW_FINAL_CARZANIGA_GUALNIERA.a(SPIM_IMU_IntClock.o)
 .debug_frame   0x00002630       0xe0 .\CortexM3\ARM_GCC_541\Debug\AY1920_II_HW_FINAL_CARZANIGA_GUALNIERA.a(SPIM_EEPROM_IntClock.o)
 .debug_frame   0x00002710      0x124 .\CortexM3\ARM_GCC_541\Debug\AY1920_II_HW_FINAL_CARZANIGA_GUALNIERA.a(MAIN_TIMER.o)
 .debug_frame   0x00002834      0x284 .\CortexM3\ARM_GCC_541\Debug\AY1920_II_HW_FINAL_CARZANIGA_GUALNIERA.a(ADC_DELSIG.o)
 .debug_frame   0x00002ab8       0x50 .\CortexM3\ARM_GCC_541\Debug\AY1920_II_HW_FINAL_CARZANIGA_GUALNIERA.a(ADC_DELSIG_INT.o)
 .debug_frame   0x00002b08       0x64 .\CortexM3\ARM_GCC_541\Debug\AY1920_II_HW_FINAL_CARZANIGA_GUALNIERA.a(ADC_DELSIG_AMux.o)
 .debug_frame   0x00002b6c       0xe0 .\CortexM3\ARM_GCC_541\Debug\AY1920_II_HW_FINAL_CARZANIGA_GUALNIERA.a(ADC_DELSIG_Ext_CP_Clk.o)
 .debug_frame   0x00002c4c      0x100 .\CortexM3\ARM_GCC_541\Debug\AY1920_II_HW_FINAL_CARZANIGA_GUALNIERA.a(ADC_DELSIG_theACLK.o)
 .debug_frame   0x00002d4c      0x104 .\CortexM3\ARM_GCC_541\Debug\AY1920_II_HW_FINAL_CARZANIGA_GUALNIERA.a(ISR_RX.o)
 .debug_frame   0x00002e50      0x194 .\CortexM3\ARM_GCC_541\Debug\AY1920_II_HW_FINAL_CARZANIGA_GUALNIERA.a(CyFlash.o)
 .debug_frame   0x00002fe4      0x180 .\CortexM3\ARM_GCC_541\Debug\AY1920_II_HW_FINAL_CARZANIGA_GUALNIERA.a(CySpc.o)
 .debug_frame   0x00003164       0x20 c:/program files (x86)/cypress/psoc creator/4.3/psoc creator/import/gnu/arm/5.4.1/bin/../lib/gcc/arm-none-eabi/5.4.1/../../../../arm-none-eabi/lib/armv7-m\libg_nano.a(lib_a-errno.o)
 .debug_frame   0x00003184       0x28 c:/program files (x86)/cypress/psoc creator/4.3/psoc creator/import/gnu/arm/5.4.1/bin/../lib/gcc/arm-none-eabi/5.4.1/../../../../arm-none-eabi/lib/armv7-m\libg_nano.a(lib_a-exit.o)
 .debug_frame   0x000031ac       0x2c c:/program files (x86)/cypress/psoc creator/4.3/psoc creator/import/gnu/arm/5.4.1/bin/../lib/gcc/arm-none-eabi/5.4.1/../../../../arm-none-eabi/lib/armv7-m\libg_nano.a(lib_a-init.o)
 .debug_frame   0x000031d8       0x28 c:/program files (x86)/cypress/psoc creator/4.3/psoc creator/import/gnu/arm/5.4.1/bin/../lib/gcc/arm-none-eabi/5.4.1/../../../../arm-none-eabi/lib/armv7-m\libg_nano.a(lib_a-memcpy-stub.o)
 .debug_frame   0x00003200       0x20 c:/program files (x86)/cypress/psoc creator/4.3/psoc creator/import/gnu/arm/5.4.1/bin/../lib/gcc/arm-none-eabi/5.4.1/../../../../arm-none-eabi/lib/armv7-m\libg_nano.a(lib_a-memset.o)

.debug_str      0x00000000     0x40d5
 *(.debug_str)
 .debug_str     0x00000000      0x47a .\CortexM3\ARM_GCC_541\Debug\main.o
                                0x4e1 (size before relaxing)
 .debug_str     0x0000047a      0x157 .\CortexM3\ARM_GCC_541\Debug\InterruptRoutines.o
                                0x47e (size before relaxing)
 .debug_str     0x000005d1      0x261 .\CortexM3\ARM_GCC_541\Debug\SPI_Interface.o
                                0x479 (size before relaxing)
 .debug_str     0x00000832      0x1d0 .\CortexM3\ARM_GCC_541\Debug\25LC256.o
                                0x581 (size before relaxing)
 .debug_str     0x00000a02      0x13b .\CortexM3\ARM_GCC_541\Debug\RGB_Driver.o
                                0x3b2 (size before relaxing)
 .debug_str     0x00000b3d       0x61 .\CortexM3\ARM_GCC_541\Debug\LIS3DH.o
                                0x371 (size before relaxing)
 .debug_str     0x00000b9e       0xd4 .\CortexM3\ARM_GCC_541\Debug\Notifications.o
                                0x339 (size before relaxing)
 .debug_str     0x00000c72       0x4c .\CortexM3\ARM_GCC_541\Debug\LogUtils.o
                                0x30d (size before relaxing)
 .debug_str     0x00000cbe      0x20a .\CortexM3\ARM_GCC_541\Debug\cyfitter_cfg.o
                                0x40c (size before relaxing)
 .debug_str     0x00000ec8       0x75 .\CortexM3\ARM_GCC_541\Debug\cymetadata.o
                                0x23e (size before relaxing)
 .debug_str     0x00000f3d      0x13e .\CortexM3\ARM_GCC_541\Debug\Cm3Start.o
                                0x364 (size before relaxing)
 .debug_str     0x0000107b      0x131 .\CortexM3\ARM_GCC_541\Debug\AY1920_II_HW_FINAL_CARZANIGA_GUALNIERA.a(ISR_CONFIG.o)