Archive member included to satisfy reference by file (symbol)

.\CortexM3\ARM_GCC_541\Debug\AY1920_II_HW_FINAL_CARZANIGA_GUALNIERA.a(ISR_CONFIG.o)
                              .\CortexM3\ARM_GCC_541\Debug\main.o (ISR_CONFIG_StartEx)
.\CortexM3\ARM_GCC_541\Debug\AY1920_II_HW_FINAL_CARZANIGA_GUALNIERA.a(PWM_RG.o)
                              .\CortexM3\ARM_GCC_541\Debug\LED_Driver.o (PWM_RG_Stop)
.\CortexM3\ARM_GCC_541\Debug\AY1920_II_HW_FINAL_CARZANIGA_GUALNIERA.a(PWM_B.o)
                              .\CortexM3\ARM_GCC_541\Debug\LED_Driver.o (PWM_B_Stop)
.\CortexM3\ARM_GCC_541\Debug\AY1920_II_HW_FINAL_CARZANIGA_GUALNIERA.a(ISR_START.o)
                              .\CortexM3\ARM_GCC_541\Debug\main.o (ISR_START_StartEx)
.\CortexM3\ARM_GCC_541\Debug\AY1920_II_HW_FINAL_CARZANIGA_GUALNIERA.a(UART.o)
                              .\CortexM3\ARM_GCC_541\Debug\main.o (UART_Start)
.\CortexM3\ARM_GCC_541\Debug\AY1920_II_HW_FINAL_CARZANIGA_GUALNIERA.a(UART_IntClock.o)
                              .\CortexM3\ARM_GCC_541\Debug\AY1920_II_HW_FINAL_CARZANIGA_GUALNIERA.a(UART.o) (UART_IntClock_Start)
.\CortexM3\ARM_GCC_541\Debug\AY1920_II_HW_FINAL_CARZANIGA_GUALNIERA.a(CyLib.o)
                              .\CortexM3\ARM_GCC_541\Debug\Cm3Start.o (CyHalt)
.\CortexM3\ARM_GCC_541\Debug\AY1920_II_HW_FINAL_CARZANIGA_GUALNIERA.a(cyPm.o)
                              .\CortexM3\ARM_GCC_541\Debug\AY1920_II_HW_FINAL_CARZANIGA_GUALNIERA.a(CyLib.o) (CyPmReadStatus)
.\CortexM3\ARM_GCC_541\Debug\AY1920_II_HW_FINAL_CARZANIGA_GUALNIERA.a(BUTTON_TIMER.o)
                              .\CortexM3\ARM_GCC_541\Debug\main.o (BUTTON_TIMER_Start)
.\CortexM3\ARM_GCC_541\Debug\AY1920_II_HW_FINAL_CARZANIGA_GUALNIERA.a(CS_IMU.o)
                              .\CortexM3\ARM_GCC_541\Debug\SPI_Interface.o (CS_IMU_Write)
.\CortexM3\ARM_GCC_541\Debug\AY1920_II_HW_FINAL_CARZANIGA_GUALNIERA.a(CS_EEPROM.o)
                              .\CortexM3\ARM_GCC_541\Debug\SPI_Interface.o (CS_EEPROM_Write)
.\CortexM3\ARM_GCC_541\Debug\AY1920_II_HW_FINAL_CARZANIGA_GUALNIERA.a(PWM_NOTIFY.o)
                              .\CortexM3\ARM_GCC_541\Debug\Notifications.o (PWM_NOTIFY_Stop)
.\CortexM3\ARM_GCC_541\Debug\AY1920_II_HW_FINAL_CARZANIGA_GUALNIERA.a(CLICK_TIMER.o)
                              .\CortexM3\ARM_GCC_541\Debug\main.o (CLICK_TIMER_Start)
.\CortexM3\ARM_GCC_541\Debug\AY1920_II_HW_FINAL_CARZANIGA_GUALNIERA.a(SPIM_IMU.o)
                              .\CortexM3\ARM_GCC_541\Debug\SPI_Interface.o (SPIM_IMU_ReadTxStatus)
.\CortexM3\ARM_GCC_541\Debug\AY1920_II_HW_FINAL_CARZANIGA_GUALNIERA.a(SPIM_IMU_INT.o)
                              .\CortexM3\ARM_GCC_541\Debug\AY1920_II_HW_FINAL_CARZANIGA_GUALNIERA.a(SPIM_IMU.o) (SPIM_IMU_TX_ISR)
.\CortexM3\ARM_GCC_541\Debug\AY1920_II_HW_FINAL_CARZANIGA_GUALNIERA.a(SPIM_EEPROM.o)
                              .\CortexM3\ARM_GCC_541\Debug\SPI_Interface.o (SPIM_EEPROM_ReadTxStatus)
.\CortexM3\ARM_GCC_541\Debug\AY1920_II_HW_FINAL_CARZANIGA_GUALNIERA.a(SPIM_EEPROM_INT.o)
                              .\CortexM3\ARM_GCC_541\Debug\AY1920_II_HW_FINAL_CARZANIGA_GUALNIERA.a(SPIM_EEPROM.o) (SPIM_EEPROM_TX_ISR)
.\CortexM3\ARM_GCC_541\Debug\AY1920_II_HW_FINAL_CARZANIGA_GUALNIERA.a(SPIM_IMU_IntClock.o)
                              .\CortexM3\ARM_GCC_541\Debug\AY1920_II_HW_FINAL_CARZANIGA_GUALNIERA.a(SPIM_IMU.o) (SPIM_IMU_IntClock_Start)
.\CortexM3\ARM_GCC_541\Debug\AY1920_II_HW_FINAL_CARZANIGA_GUALNIERA.a(SPIM_EEPROM_IntClock.o)
                              .\CortexM3\ARM_GCC_541\Debug\AY1920_II_HW_FINAL_CARZANIGA_GUALNIERA.a(SPIM_EEPROM.o) (SPIM_EEPROM_IntClock_Start)
.\CortexM3\ARM_GCC_541\Debug\AY1920_II_HW_FINAL_CARZANIGA_GUALNIERA.a(MAIN_TIMER.o)
                              .\CortexM3\ARM_GCC_541\Debug\LogUtils.o (MAIN_TIMER_ReadCounter)
.\CortexM3\ARM_GCC_541\Debug\AY1920_II_HW_FINAL_CARZANIGA_GUALNIERA.a(ADC_DELSIG.o)
                              .\CortexM3\ARM_GCC_541\Debug\main.o (ADC_DELSIG_Start)
.\CortexM3\ARM_GCC_541\Debug\AY1920_II_HW_FINAL_CARZANIGA_GUALNIERA.a(ADC_DELSIG_INT.o)
                              .\CortexM3\ARM_GCC_541\Debug\AY1920_II_HW_FINAL_CARZANIGA_GUALNIERA.a(ADC_DELSIG.o) (ADC_DELSIG_ISR1)
.\CortexM3\ARM_GCC_541\Debug\AY1920_II_HW_FINAL_CARZANIGA_GUALNIERA.a(ADC_DELSIG_AMux.o)
                              .\CortexM3\ARM_GCC_541\Debug\AY1920_II_HW_FINAL_CARZANIGA_GUALNIERA.a(ADC_DELSIG.o) (ADC_DELSIG_AMux_Select)
.\CortexM3\ARM_GCC_541\Debug\AY1920_II_HW_FINAL_CARZANIGA_GUALNIERA.a(ADC_DELSIG_Ext_CP_Clk.o)
                              .\CortexM3\ARM_GCC_541\Debug\AY1920_II_HW_FINAL_CARZANIGA_GUALNIERA.a(ADC_DELSIG.o) (ADC_DELSIG_Ext_CP_Clk_SetModeRegister)
.\CortexM3\ARM_GCC_541\Debug\AY1920_II_HW_FINAL_CARZANIGA_GUALNIERA.a(ADC_DELSIG_theACLK.o)
                              .\CortexM3\ARM_GCC_541\Debug\AY1920_II_HW_FINAL_CARZANIGA_GUALNIERA.a(ADC_DELSIG.o) (ADC_DELSIG_theACLK_SetModeRegister)
[...]
Memory Configuration

Name             Origin             Length             Attributes
rom              0x00000000         0x00040000         xr
ram              0x1fff8000         0x00010000         xrw
*default*        0x00000000         0xffffffff

Linker script and memory map

LOAD c:/program files (x86)/cypress/psoc creator/4.3/psoc creator/import/gnu/arm/5.4.1/bin/../lib/gcc/arm-none-eabi/5.4.1/armv7-m/crti.o
LOAD c:/program files (x86)/cypress/psoc creator/4.3/psoc creator/import/gnu/arm/5.4.1/bin/../lib/gcc/arm-none-eabi/5.4.1/armv7-m/crtbegin.o
LOAD c:/program files (x86)/cypress/psoc creator/4.3/psoc creator/import/gnu/arm/5.4.1/bin/../lib/gcc/arm-none-eabi/5.4.1/../../../../arm-none-eabi/lib/armv7-m/crt0.o
START GROUP
LOAD .\CortexM3\ARM_GCC_541\Debug\main.o
LOAD .\CortexM3\ARM_GCC_541\Debug\InterruptRoutines.o
LOAD .\CortexM3\ARM_GCC_541\Debug\SPI_Interface.o
LOAD .\CortexM3\ARM_GCC_541\Debug\25LC256.o
LOAD .\CortexM3\ARM_GCC_541\Debug\LED_Driver.o
LOAD .\CortexM3\ARM_GCC_541\Debug\LIS3DH.o
LOAD .\CortexM3\ARM_GCC_541\Debug\Notifications.o
LOAD .\CortexM3\ARM_GCC_541\Debug\LogUtils.o
LOAD .\CortexM3\ARM_GCC_541\Debug\cyfitter_cfg.o
LOAD .\CortexM3\ARM_GCC_541\Debug\cymetadata.o
LOAD .\CortexM3\ARM_GCC_541\Debug\Cm3Start.o
LOAD .\CortexM3\ARM_GCC_541\Debug\AY1920_II_HW_FINAL_CARZANIGA_GUALNIERA.a
LOAD C:\Program Files (x86)\Cypress\PSoC Creator\4.3\PSoC Creator\psoc\content\cycomponentlibrary\CyComponentLibrary.cylib\CortexM3\ARM_GCC_541\Debug\CyComponentLibrary.a
END GROUP
START GROUP
LOAD c:/program files (x86)/cypress/psoc creator/4.3/psoc creator/import/gnu/arm/5.4.1/bin/../lib/gcc/arm-none-eabi/5.4.1/armv7-m\libgcc.a
LOAD c:/program files (x86)/cypress/psoc creator/4.3/psoc creator/import/gnu/arm/5.4.1/bin/../lib/gcc/arm-none-eabi/5.4.1/../../../../arm-none-eabi/lib/armv7-m\libg_nano.a
LOAD c:/program files (x86)/cypress/psoc creator/4.3/psoc creator/import/gnu/arm/5.4.1/bin/../lib/gcc/arm-none-eabi/5.4.1/../../../../arm-none-eabi/lib/armv7-m\libc_nano.a
END GROUP
START GROUP
LOAD c:/program files (x86)/cypress/psoc creator/4.3/psoc creator/import/gnu/arm/5.4.1/bin/../lib/gcc/arm-none-eabi/5.4.1/armv7-m\libgcc.a
LOAD c:/program files (x86)/cypress/psoc creator/4.3/psoc creator/import/gnu/arm/5.4.1/bin/../lib/gcc/arm-none-eabi/5.4.1/../../../../arm-none-eabi/lib/armv7-m\libc_nano.a
END GROUP
LOAD c:/program files (x86)/cypress/psoc creator/4.3/psoc creator/import/gnu/arm/5.4.1/bin/../lib/gcc/arm-none-eabi/5.4.1/armv7-m/crtend.o
LOAD c:/program files (x86)/cypress/psoc creator/4.3/psoc creator/import/gnu/arm/5.4.1/bin/../lib/gcc/arm-none-eabi/5.4.1/armv7-m/crtn.o
START GROUP
LOAD c:/program files (x86)/cypress/psoc creator/4.3/psoc creator/import/gnu/arm/5.4.1/bin/../lib/gcc/arm-none-eabi/5.4.1/armv7-m\libgcc.a
LOAD c:/program files (x86)/cypress/psoc creator/4.3/psoc creator/import/gnu/arm/5.4.1/bin/../lib/gcc/arm-none-eabi/5.4.1/../../../../arm-none-eabi/lib/armv7-m\libc.a
LOAD c:/program files (x86)/cypress/psoc creator/4.3/psoc creator/import/gnu/arm/5.4.1/bin/../lib/gcc/arm-none-eabi/5.4.1/../../../../arm-none-eabi/lib/armv7-m\libnosys.a
END GROUP
                0x00000000                CY_APPL_ORIGIN = 0x0
                0x00000100                CY_FLASH_ROW_SIZE = 0x100
                0x00000020                CY_ECC_ROW_SIZE = 0x20
                0x00000000                CY_EE_IN_BTLDR = 0x0
                0x00000000                CY_APPL_LOADABLE = 0x0
                0x00000800                CY_EE_SIZE = 0x800
                0x00000001                CY_APPL_NUM = 0x1
                0x00000001                CY_APPL_MAX = 0x1
                0x00000040                CY_METADATA_SIZE = 0x40
                0x00000000                CY_APPL_LOADABLE = 0x0
                0x00000000                CY_CHECKSUM_EXCLUDE_SIZE = ALIGN (0x0, CY_FLASH_ROW_SIZE)
                [!provide]                PROVIDE (__cy_heap_start, _end)
                0x00000001                PROVIDE (__cy_region_num, ((__cy_regions_end - __cy_regions) / 0x10))
                0x20008000                PROVIDE (__cy_stack, (ORIGIN (ram) + LENGTH (ram)))
                [!provide]                PROVIDE (__cy_heap_end, (__cy_stack - 0x800))

.cybootloader   0x00000000        0x0
 *(.cybootloader)
                0x00000000                appl1_start = CY_APPL_ORIGIN?CY_APPL_ORIGIN:ALIGN (CY_FLASH_ROW_SIZE)
                0x0001ff00                appl2_start = (appl1_start + ALIGN ((((LENGTH (rom) - appl1_start) - (0x2 * CY_FLASH_ROW_SIZE)) / 0x2), CY_FLASH_ROW_SIZE))
                0x00000000                appl_start = (CY_APPL_NUM == 0x1)?appl1_start:appl2_start
                0x00000000                ecc_offset = ((appl_start / CY_FLASH_ROW_SIZE) * CY_ECC_ROW_SIZE)
                0x00000000                ee_offset = (CY_APPL_LOADABLE && ! (CY_EE_IN_BTLDR))?((CY_EE_SIZE / CY_APPL_MAX) * (CY_APPL_NUM - 0x1)):0x0
                0x00000800                ee_size = (CY_APPL_LOADABLE && ! (CY_EE_IN_BTLDR))?(CY_EE_SIZE / CY_APPL_MAX):CY_EE_SIZE
                [!provide]                PROVIDE (CY_ECC_OFFSET, ecc_offset)

.text           0x00000000     0x2fa0
 CREATE_OBJECT_SYMBOLS
                0x00000000                PROVIDE (__cy_interrupt_vector, RomVectors)
 *(.romvectors)
 .romvectors    0x00000000       0x10 .\CortexM3\ARM_GCC_541\Debug\Cm3Start.o
                0x00000000                RomVectors
                0x00000001                ASSERT ((. != __cy_interrupt_vector), No interrupt vector)
                0x00000001                ASSERT (CY_APPL_ORIGIN?(SIZEOF (.cybootloader) <= CY_APPL_ORIGIN):0x1, Wrong image location)
                0x00000010                PROVIDE (__cy_reset, Reset)
 *(.text.Reset)
 .text.Reset    0x00000010       0x18 .\CortexM3\ARM_GCC_541\Debug\Cm3Start.o
                0x00000010                Reset
                0x00000001                ASSERT ((. != __cy_reset), No reset code)
 *(.dma_init)
                0x00000001                ASSERT ((((appl_start + .) <= 0x10000) || 0x1), DMA Init must be within the first 64k of flash)
 *(.text .text.* .gnu.linkonce.t.*)
 .text          0x00000028       0x5c c:/program files (x86)/cypress/psoc creator/4.3/psoc creator/import/gnu/arm/5.4.1/bin/../lib/gcc/arm-none-eabi/5.4.1/armv7-m/crtbegin.o
 .text.main     0x00000084       0xf0 .\CortexM3\ARM_GCC_541\Debug\main.o
                0x00000084                main
 .text.CUSTOM_ISR_CONFIG
                0x00000174       0x58 .\CortexM3\ARM_GCC_541\Debug\InterruptRoutines.o
                0x00000174                CUSTOM_ISR_CONFIG
 .text.CUSTOM_ISR_START
                0x000001cc       0x3c .\CortexM3\ARM_GCC_541\Debug\InterruptRoutines.o
                0x000001cc                CUSTOM_ISR_START
 .text.SPI_IMU_Interface_ReadByte
                0x00000208       0x34 .\CortexM3\ARM_GCC_541\Debug\SPI_Interface.o
                0x00000208                SPI_IMU_Interface_ReadByte
 .text.SPI_IMU_Interface_Multi_RW
                0x0000023c       0xb8 .\CortexM3\ARM_GCC_541\Debug\SPI_Interface.o
                0x0000023c                SPI_IMU_Interface_Multi_RW
 .text.SPI_EEPROM_Interface_tradeByte
                0x000002f4       0x2c .\CortexM3\ARM_GCC_541\Debug\SPI_Interface.o
                0x000002f4                SPI_EEPROM_Interface_tradeByte
 .text.SPI_EEPROM_Interface_ReadByte
                0x00000320       0x34 .\CortexM3\ARM_GCC_541\Debug\SPI_Interface.o
                0x00000320                SPI_EEPROM_Interface_ReadByte
 .text.SPI_EEPROM_Interface_Multi_RW
                0x00000354       0xb8 .\CortexM3\ARM_GCC_541\Debug\SPI_Interface.o
                0x00000354                SPI_EEPROM_Interface_Multi_RW
 .text.EEPROM_readStatus
                0x0000040c        0xc .\CortexM3\ARM_GCC_541\Debug\25LC256.o
                0x0000040c                EEPROM_readStatus
 .text.EEPROM_writeEnable
                0x00000418        0xc .\CortexM3\ARM_GCC_541\Debug\25LC256.o
                0x00000418                EEPROM_writeEnable
 .text.EEPROM_readByte
                0x00000424       0x30 .\CortexM3\ARM_GCC_541\Debug\25LC256.o
                0x00000424                EEPROM_readByte
 .text.EEPROM_writeByte
                0x00000454       0x38 .\CortexM3\ARM_GCC_541\Debug\25LC256.o
                0x00000454                EEPROM_writeByte
 .text.EEPROM_waitForWriteComplete
                0x0000048c       0x10 .\CortexM3\ARM_GCC_541\Debug\25LC256.o
                0x0000048c                EEPROM_waitForWriteComplete
 .text.EEPROM_saveStartStopState
                0x0000049c       0x28 .\CortexM3\ARM_GCC_541\Debug\25LC256.o
                0x0000049c                EEPROM_saveStartStopState
 .text.EEPROM_retrieveStartStopState
                0x000004c4       0x10 .\CortexM3\ARM_GCC_541\Debug\25LC256.o
                0x000004c4                EEPROM_retrieveStartStopState
 .text.EEPROM_saveConfigFlag
                0x000004d4       0x28 .\CortexM3\ARM_GCC_541\Debug\25LC256.o
                0x000004d4                EEPROM_saveConfigFlag
 .text.EEPROM_retrieveConfigFlag
                0x000004fc       0x10 .\CortexM3\ARM_GCC_541\Debug\25LC256.o
                0x000004fc                EEPROM_retrieveConfigFlag
 .text.EEPROM_saveSendFlag
                0x0000050c       0x28 .\CortexM3\ARM_GCC_541\Debug\25LC256.o
                0x0000050c                EEPROM_saveSendFlag
 .text.EEPROM_retrieveSendFlag
                0x00000534       0x10 .\CortexM3\ARM_GCC_541\Debug\25LC256.o
                0x00000534                EEPROM_retrieveSendFlag
 .text.EEPROM_retrieveLogPages
                0x00000544       0x18 .\CortexM3\ARM_GCC_541\Debug\25LC256.o
                0x00000544                EEPROM_retrieveLogPages
 .text.RGB_Start
                0x0000055c        0xc .\CortexM3\ARM_GCC_541\Debug\LED_Driver.o
                0x0000055c                RGB_Start
 .text.PWM_Driver
                0x00000568       0x18 .\CortexM3\ARM_GCC_541\Debug\LED_Driver.o
                0x00000568                PWM_Driver
 .text.Moving_Average
                0x00000580       0x68 .\CortexM3\ARM_GCC_541\Debug\LED_Driver.o
                0x00000580                Moving_Average
 .text.Absolute_Value
                0x000005e8        0xc .\CortexM3\ARM_GCC_541\Debug\LED_Driver.o
                0x000005e8                Absolute_Value
 .text.RGB_dataProcess
                0x000005f4       0x30 .\CortexM3\ARM_GCC_541\Debug\LED_Driver.o
                0x000005f4                RGB_dataProcess
 .text.RGB_Driver
                0x00000624       0x20 .\CortexM3\ARM_GCC_541\Debug\LED_Driver.o
                0x00000624                RGB_Driver
 .text.IMU_ReadByte
                0x00000644        0xc .\CortexM3\ARM_GCC_541\Debug\LIS3DH.o
                0x00000644                IMU_ReadByte
 .text.IMU_RegistersSetup
                0x00000650      0x394 .\CortexM3\ARM_GCC_541\Debug\LIS3DH.o
                0x00000650                IMU_RegistersSetup
 .text.IMU_ReadFIFO
                0x000009e4       0x30 .\CortexM3\ARM_GCC_541\Debug\LIS3DH.o
                0x000009e4                IMU_ReadFIFO
 .text.IMU_DataSend
                0x00000a14       0x48 .\CortexM3\ARM_GCC_541\Debug\LIS3DH.o
                0x00000a14                IMU_DataSend
 .text.IMU_ResetFIFO
                0x00000a5c       0x48 .\CortexM3\ARM_GCC_541\Debug\LIS3DH.o
                0x00000a5c                IMU_ResetFIFO
 .text.LED_Notify_Stop
                0x00000aa4       0x14 .\CortexM3\ARM_GCC_541\Debug\Notifications.o
                0x00000aa4                LED_Notify_Stop
 .text.LED_Notify_Start
                0x00000ab8       0x18 .\CortexM3\ARM_GCC_541\Debug\Notifications.o
                0x00000ab8                LED_Notify_Start
 .text.LED_Notify_Config
                0x00000ad0       0x18 .\CortexM3\ARM_GCC_541\Debug\Notifications.o
                0x00000ad0                LED_Notify_Config
 .text.POT_Read_Value
                0x00000ae8       0x2c .\CortexM3\ARM_GCC_541\Debug\Notifications.o
                0x00000ae8                POT_Read_Value
 .text.CyClockStartupError
                0x00000b14        0x4 .\CortexM3\ARM_GCC_541\Debug\cyfitter_cfg.o
 .text.cfg_write_bytes32
                0x00000b18       0x34 .\CortexM3\ARM_GCC_541\Debug\cyfitter_cfg.o
 .text.AnalogSetDefault
                0x00000b4c       0x40 .\CortexM3\ARM_GCC_541\Debug\cyfitter_cfg.o
 .text.CYMEMZERO
                0x00000b8c        0xc .\CortexM3\ARM_GCC_541\Debug\cyfitter_cfg.o
 .text.CYCONFIGCPY
                0x00000b98        0x8 .\CortexM3\ARM_GCC_541\Debug\cyfitter_cfg.o
 .text.ClockSetup
                0x00000ba0      0x138 .\CortexM3\ARM_GCC_541\Debug\cyfitter_cfg.o
 .text.ADC_DELSIG_AMux_Set
                0x00000cd8       0x1c .\CortexM3\ARM_GCC_541\Debug\cyfitter_cfg.o
                0x00000cd8                ADC_DELSIG_AMux_Set
 .text.ADC_DELSIG_AMux_Unset
                0x00000cf4       0x1c .\CortexM3\ARM_GCC_541\Debug\cyfitter_cfg.o
                0x00000cf4                ADC_DELSIG_AMux_Unset
 .text.cyfitter_cfg
                0x00000d10      0x13c .\CortexM3\ARM_GCC_541\Debug\cyfitter_cfg.o
                0x00000d10                cyfitter_cfg
 .text.IntDefaultHandler
                0x00000e4c       0x10 .\CortexM3\ARM_GCC_541\Debug\Cm3Start.o
                0x00000e4c                IntDefaultHandler
 .text._sbrk    0x00000e5c       0x30 .\CortexM3\ARM_GCC_541\Debug\Cm3Start.o
                0x00000e5c                _sbrk
 .text.Start_c  0x00000e8c       0x4c .\CortexM3\ARM_GCC_541\Debug\Cm3Start.o
                0x00000e8c                Start_c
 .text.initialize_psoc
                0x00000ed8       0x68 .\CortexM3\ARM_GCC_541\Debug\Cm3Start.o
                0x00000ed8                initialize_psoc
 .text.ISR_CONFIG_SetVector
                0x00000f40        0xc .\CortexM3\ARM_GCC_541\Debug\AY1920_II_HW_FINAL_CARZANIGA_GUALNIERA.a(ISR_CONFIG.o)
                0x00000f40                ISR_CONFIG_SetVector
 .text.ISR_CONFIG_SetPriority
                0x00000f4c       0x10 .\CortexM3\ARM_GCC_541\Debug\AY1920_II_HW_FINAL_CARZANIGA_GUALNIERA.a(ISR_CONFIG.o)
                0x00000f4c                ISR_CONFIG_SetPriority
 .text.ISR_CONFIG_Enable
                0x00000f5c        0xc .\CortexM3\ARM_GCC_541\Debug\AY1920_II_HW_FINAL_CARZANIGA_GUALNIERA.a(ISR_CONFIG.o)
                0x00000f5c                ISR_CONFIG_Enable
 .text.ISR_CONFIG_Disable
                0x00000f68        0xc .\CortexM3\ARM_GCC_541\Debug\AY1920_II_HW_FINAL_CARZANIGA_GUALNIERA.a(ISR_CONFIG.o)
                0x00000f68                ISR_CONFIG_Disable
 .text.ISR_CONFIG_StartEx
                0x00000f74       0x1c .\CortexM3\ARM_GCC_541\Debug\AY1920_II_HW_FINAL_CARZANIGA_GUALNIERA.a(ISR_CONFIG.o)
                0x00000f74                ISR_CONFIG_StartEx
 .text.PWM_RG_Enable
                0x00000f90       0x10 .\CortexM3\ARM_GCC_541\Debug\AY1920_II_HW_FINAL_CARZANIGA_GUALNIERA.a(PWM_RG.o)
                0x00000f90                PWM_RG_Enable
 .text.PWM_RG_WriteCounter
                0x00000fa0        0xc .\CortexM3\ARM_GCC_541\Debug\AY1920_II_HW_FINAL_CARZANIGA_GUALNIERA.a(PWM_RG.o)
                0x00000fa0                PWM_RG_WriteCounter
 .text.PWM_RG_WritePeriod
                0x00000fac        0xc .\CortexM3\ARM_GCC_541\Debug\AY1920_II_HW_FINAL_CARZANIGA_GUALNIERA.a(PWM_RG.o)
                0x00000fac                PWM_RG_WritePeriod
 .text.PWM_RG_WriteCompare1
                0x00000fb8        0xc .\CortexM3\ARM_GCC_541\Debug\AY1920_II_HW_FINAL_CARZANIGA_GUALNIERA.a(PWM_RG.o)
                0x00000fb8                PWM_RG_WriteCompare1
 .text.PWM_RG_WriteCompare2
                0x00000fc4        0xc .\CortexM3\ARM_GCC_541\Debug\AY1920_II_HW_FINAL_CARZANIGA_GUALNIERA.a(PWM_RG.o)
                0x00000fc4                PWM_RG_WriteCompare2
 .text.PWM_RG_SetInterruptMode
                0x00000fd0        0xc .\CortexM3\ARM_GCC_541\Debug\AY1920_II_HW_FINAL_CARZANIGA_GUALNIERA.a(PWM_RG.o)
                0x00000fd0                PWM_RG_SetInterruptMode
 .text.PWM_RG_ReadStatusRegister
                0x00000fdc        0xc .\CortexM3\ARM_GCC_541\Debug\AY1920_II_HW_FINAL_CARZANIGA_GUALNIERA.a(PWM_RG.o)
                0x00000fdc                PWM_RG_ReadStatusRegister
 .text.PWM_RG_ReadCapture
                0x00000fe8        0xc .\CortexM3\ARM_GCC_541\Debug\AY1920_II_HW_FINAL_CARZANIGA_GUALNIERA.a(PWM_RG.o)
                0x00000fe8                PWM_RG_ReadCapture
 .text.PWM_RG_ClearFIFO
                0x00000ff4       0x14 .\CortexM3\ARM_GCC_541\Debug\AY1920_II_HW_FINAL_CARZANIGA_GUALNIERA.a(PWM_RG.o)
                0x00000ff4                PWM_RG_ClearFIFO
 .text.PWM_RG_Init
                0x00001008       0x58 .\CortexM3\ARM_GCC_541\Debug\AY1920_II_HW_FINAL_CARZANIGA_GUALNIERA.a(PWM_RG.o)
                0x00001008                PWM_RG_Init
 .text.PWM_RG_Start
                0x00001060       0x1c .\CortexM3\ARM_GCC_541\Debug\AY1920_II_HW_FINAL_CARZANIGA_GUALNIERA.a(PWM_RG.o)
                0x00001060                PWM_RG_Start
 .text.PWM_B_Enable
                0x0000107c       0x10 .\CortexM3\ARM_GCC_541\Debug\AY1920_II_HW_FINAL_CARZANIGA_GUALNIERA.a(PWM_B.o)
                0x0000107c                PWM_B_Enable
 .text.PWM_B_WriteCounter
                0x0000108c        0xc .\CortexM3\ARM_GCC_541\Debug\AY1920_II_HW_FINAL_CARZANIGA_GUALNIERA.a(PWM_B.o)
                0x0000108c                PWM_B_WriteCounter
 .text.PWM_B_WritePeriod
                0x00001098        0xc .\CortexM3\ARM_GCC_541\Debug\AY1920_II_HW_FINAL_CARZANIGA_GUALNIERA.a(PWM_B.o)
                0x00001098                PWM_B_WritePeriod
 .text.PWM_B_WriteCompare
                0x000010a4        0xc .\CortexM3\ARM_GCC_541\Debug\AY1920_II_HW_FINAL_CARZANIGA_GUALNIERA.a(PWM_B.o)
                0x000010a4                PWM_B_WriteCompare
 .text.PWM_B_SetInterruptMode
                0x000010b0        0xc .\CortexM3\ARM_GCC_541\Debug\AY1920_II_HW_FINAL_CARZANIGA_GUALNIERA.a(PWM_B.o)
                0x000010b0                PWM_B_SetInterruptMode
 .text.PWM_B_ReadStatusRegister
                0x000010bc        0xc .\CortexM3\ARM_GCC_541\Debug\AY1920_II_HW_FINAL_CARZANIGA_GUALNIERA.a(PWM_B.o)
                0x000010bc                PWM_B_ReadStatusRegister
 .text.PWM_B_ReadCapture
                0x000010c8        0xc .\CortexM3\ARM_GCC_541\Debug\AY1920_II_HW_FINAL_CARZANIGA_GUALNIERA.a(PWM_B.o)
                0x000010c8                PWM_B_ReadCapture
 .text.PWM_B_ClearFIFO
                0x000010d4       0x14 .\CortexM3\ARM_GCC_541\Debug\AY1920_II_HW_FINAL_CARZANIGA_GUALNIERA.a(PWM_B.o)
                0x000010d4                PWM_B_ClearFIFO
 .text.PWM_B_Init
                0x000010e8       0x50 .\CortexM3\ARM_GCC_541\Debug\AY1920_II_HW_FINAL_CARZANIGA_GUALNIERA.a(PWM_B.o)
                0x000010e8                PWM_B_Init
 .text.PWM_B_Start
                0x00001138       0x1c .\CortexM3\ARM_GCC_541\Debug\AY1920_II_HW_FINAL_CARZANIGA_GUALNIERA.a(PWM_B.o)
                0x00001138                PWM_B_Start
 .text.ISR_START_SetVector
                0x00001154        0xc .\CortexM3\ARM_GCC_541\Debug\AY1920_II_HW_FINAL_CARZANIGA_GUALNIERA.a(ISR_START.o)
                0x00001154                ISR_START_SetVector
 .text.ISR_START_SetPriority
                0x00001160       0x10 .\CortexM3\ARM_GCC_541\Debug\AY1920_II_HW_FINAL_CARZANIGA_GUALNIERA.a(ISR_START.o)
                0x00001160                ISR_START_SetPriority
 .text.ISR_START_Enable
                0x00001170        0xc .\CortexM3\ARM_GCC_541\Debug\AY1920_II_HW_FINAL_CARZANIGA_GUALNIERA.a(ISR_START.o)
                0x00001170                ISR_START_Enable
 .text.ISR_START_Disable
                0x0000117c        0xc .\CortexM3\ARM_GCC_541\Debug\AY1920_II_HW_FINAL_CARZANIGA_GUALNIERA.a(ISR_START.o)
                0x0000117c                ISR_START_Disable
 .text.ISR_START_StartEx
                0x00001188       0x1c .\CortexM3\ARM_GCC_541\Debug\AY1920_II_HW_FINAL_CARZANIGA_GUALNIERA.a(ISR_START.o)
                0x00001188                ISR_START_StartEx
 .text.UART_Init
                0x000011a4       0x28 .\CortexM3\ARM_GCC_541\Debug\AY1920_II_HW_FINAL_CARZANIGA_GUALNIERA.a(UART.o)
                0x000011a4                UART_Init
 .text.UART_Enable
                0x000011cc       0x38 .\CortexM3\ARM_GCC_541\Debug\AY1920_II_HW_FINAL_CARZANIGA_GUALNIERA.a(UART.o)
                0x000011cc                UART_Enable
 .text.UART_Start
                0x00001204       0x1c .\CortexM3\ARM_GCC_541\Debug\AY1920_II_HW_FINAL_CARZANIGA_GUALNIERA.a(UART.o)
                0x00001204                UART_Start
 .text.UART_PutChar
                0x00001220       0x18 .\CortexM3\ARM_GCC_541\Debug\AY1920_II_HW_FINAL_CARZANIGA_GUALNIERA.a(UART.o)
                0x00001220                UART_PutChar
 .text.UART_PutString
                0x00001238       0x24 .\CortexM3\ARM_GCC_541\Debug\AY1920_II_HW_FINAL_CARZANIGA_GUALNIERA.a(UART.o)
                0x00001238                UART_PutString
 .text.UART_PutArray
                0x0000125c       0x28 .\CortexM3\ARM_GCC_541\Debug\AY1920_II_HW_FINAL_CARZANIGA_GUALNIERA.a(UART.o)
                0x0000125c                UART_PutArray
 .text.UART_IntClock_Start
                0x00001284       0x1c .\CortexM3\ARM_GCC_541\Debug\AY1920_II_HW_FINAL_CARZANIGA_GUALNIERA.a(UART_IntClock.o)
                0x00001284                UART_IntClock_Start
 .text.CyHalt   0x000012a0        0x4 .\CortexM3\ARM_GCC_541\Debug\AY1920_II_HW_FINAL_CARZANIGA_GUALNIERA.a(CyLib.o)
                0x000012a0                CyHalt
 .text.CyDelay  0x000012a4       0x2c .\CortexM3\ARM_GCC_541\Debug\AY1920_II_HW_FINAL_CARZANIGA_GUALNIERA.a(CyLib.o)
                0x000012a4                CyDelay
 .text.CyDelayUs
                0x000012d0       0x14 .\CortexM3\ARM_GCC_541\Debug\AY1920_II_HW_FINAL_CARZANIGA_GUALNIERA.a(CyLib.o)
                0x000012d0                CyDelayUs
 .text.CyIntSetVector
                0x000012e4       0x28 .\CortexM3\ARM_GCC_541\Debug\AY1920_II_HW_FINAL_CARZANIGA_GUALNIERA.a(CyLib.o)
                0x000012e4                CyIntSetVector
 .text.CyIntSetPriority
                0x0000130c       0x30 .\CortexM3\ARM_GCC_541\Debug\AY1920_II_HW_FINAL_CARZANIGA_GUALNIERA.a(CyLib.o)
                0x0000130c                CyIntSetPriority
 .text.BUTTON_TIMER_Enable
                0x0000133c       0x28 .\CortexM3\ARM_GCC_541\Debug\AY1920_II_HW_FINAL_CARZANIGA_GUALNIERA.a(BUTTON_TIMER.o)
                0x0000133c                BUTTON_TIMER_Enable
 .text.BUTTON_TIMER_SetInterruptMode
                0x00001364        0xc .\CortexM3\ARM_GCC_541\Debug\AY1920_II_HW_FINAL_CARZANIGA_GUALNIERA.a(BUTTON_TIMER.o)
                0x00001364                BUTTON_TIMER_SetInterruptMode
 .text.BUTTON_TIMER_WritePeriod
                0x00001370        0xc .\CortexM3\ARM_GCC_541\Debug\AY1920_II_HW_FINAL_CARZANIGA_GUALNIERA.a(BUTTON_TIMER.o)
                0x00001370                BUTTON_TIMER_WritePeriod
 .text.BUTTON_TIMER_WriteCounter
                0x0000137c        0xc .\CortexM3\ARM_GCC_541\Debug\AY1920_II_HW_FINAL_CARZANIGA_GUALNIERA.a(BUTTON_TIMER.o)
                0x0000137c                BUTTON_TIMER_WriteCounter
 .text.BUTTON_TIMER_Init
                0x00001388       0x90 .\CortexM3\ARM_GCC_541\Debug\AY1920_II_HW_FINAL_CARZANIGA_GUALNIERA.a(BUTTON_TIMER.o)
                0x00001388                BUTTON_TIMER_Init
 .text.BUTTON_TIMER_Start
                0x00001418       0x1c .\CortexM3\ARM_GCC_541\Debug\AY1920_II_HW_FINAL_CARZANIGA_GUALNIERA.a(BUTTON_TIMER.o)
                0x00001418                BUTTON_TIMER_Start
 .text.CS_IMU_Write
                0x00001434       0x18 .\CortexM3\ARM_GCC_541\Debug\AY1920_II_HW_FINAL_CARZANIGA_GUALNIERA.a(CS_IMU.o)
                0x00001434                CS_IMU_Write
 .text.CS_EEPROM_Write
                0x0000144c       0x18 .\CortexM3\ARM_GCC_541\Debug\AY1920_II_HW_FINAL_CARZANIGA_GUALNIERA.a(CS_EEPROM.o)
                0x0000144c                CS_EEPROM_Write
 .text.PWM_NOTIFY_Enable
                0x00001464       0x10 .\CortexM3\ARM_GCC_541\Debug\AY1920_II_HW_FINAL_CARZANIGA_GUALNIERA.a(PWM_NOTIFY.o)
                0x00001464                PWM_NOTIFY_Enable
 .text.PWM_NOTIFY_Stop
                0x00001474       0x10 .\CortexM3\ARM_GCC_541\Debug\AY1920_II_HW_FINAL_CARZANIGA_GUALNIERA.a(PWM_NOTIFY.o)
                0x00001474                PWM_NOTIFY_Stop
 .text.PWM_NOTIFY_WriteCounter
                0x00001484        0xc .\CortexM3\ARM_GCC_541\Debug\AY1920_II_HW_FINAL_CARZANIGA_GUALNIERA.a(PWM_NOTIFY.o)
                0x00001484                PWM_NOTIFY_WriteCounter
 .text.PWM_NOTIFY_WritePeriod
                0x00001490        0xc .\CortexM3\ARM_GCC_541\Debug\AY1920_II_HW_FINAL_CARZANIGA_GUALNIERA.a(PWM_NOTIFY.o)
                0x00001490                PWM_NOTIFY_WritePeriod
 .text.PWM_NOTIFY_WriteCompare
                0x0000149c        0xc .\CortexM3\ARM_GCC_541\Debug\AY1920_II_HW_FINAL_CARZANIGA_GUALNIERA.a(PWM_NOTIFY.o)
                0x0000149c                PWM_NOTIFY_WriteCompare
 .text.PWM_NOTIFY_SetInterruptMode
                0x000014a8        0xc .\CortexM3\ARM_GCC_541\Debug\AY1920_II_HW_FINAL_CARZANIGA_GUALNIERA.a(PWM_NOTIFY.o)
                0x000014a8                PWM_NOTIFY_SetInterruptMode
 .text.PWM_NOTIFY_ReadStatusRegister
                0x000014b4        0xc .\CortexM3\ARM_GCC_541\Debug\AY1920_II_HW_FINAL_CARZANIGA_GUALNIERA.a(PWM_NOTIFY.o)
                0x000014b4                PWM_NOTIFY_ReadStatusRegister
 .text.PWM_NOTIFY_ReadControlRegister
                0x000014c0        0xc .\CortexM3\ARM_GCC_541\Debug\AY1920_II_HW_FINAL_CARZANIGA_GUALNIERA.a(PWM_NOTIFY.o)
                0x000014c0                PWM_NOTIFY_ReadControlRegister
 .text.PWM_NOTIFY_ReadCapture
                0x000014cc        0xc .\CortexM3\ARM_GCC_541\Debug\AY1920_II_HW_FINAL_CARZANIGA_GUALNIERA.a(PWM_NOTIFY.o)
                0x000014cc                PWM_NOTIFY_ReadCapture
 .text.PWM_NOTIFY_ClearFIFO
                0x000014d8       0x14 .\CortexM3\ARM_GCC_541\Debug\AY1920_II_HW_FINAL_CARZANIGA_GUALNIERA.a(PWM_NOTIFY.o)
                0x000014d8                PWM_NOTIFY_ClearFIFO
 .text.PWM_NOTIFY_Init
                0x000014ec       0x50 .\CortexM3\ARM_GCC_541\Debug\AY1920_II_HW_FINAL_CARZANIGA_GUALNIERA.a(PWM_NOTIFY.o)
                0x000014ec                PWM_NOTIFY_Init
 .text.PWM_NOTIFY_Start
                0x0000153c       0x1c .\CortexM3\ARM_GCC_541\Debug\AY1920_II_HW_FINAL_CARZANIGA_GUALNIERA.a(PWM_NOTIFY.o)
                0x0000153c                PWM_NOTIFY_Start
 .text.CLICK_TIMER_Enable
                0x00001558       0x10 .\CortexM3\ARM_GCC_541\Debug\AY1920_II_HW_FINAL_CARZANIGA_GUALNIERA.a(CLICK_TIMER.o)
                0x00001558                CLICK_TIMER_Enable
 .text.CLICK_TIMER_SetInterruptMode
                0x00001568        0xc .\CortexM3\ARM_GCC_541\Debug\AY1920_II_HW_FINAL_CARZANIGA_GUALNIERA.a(CLICK_TIMER.o)
                0x00001568                CLICK_TIMER_SetInterruptMode
 .text.CLICK_TIMER_ReadStatusRegister
                0x00001574        0xc .\CortexM3\ARM_GCC_541\Debug\AY1920_II_HW_FINAL_CARZANIGA_GUALNIERA.a(CLICK_TIMER.o)
                0x00001574                CLICK_TIMER_ReadStatusRegister
 .text.CLICK_TIMER_WritePeriod
                0x00001580        0xc .\CortexM3\ARM_GCC_541\Debug\AY1920_II_HW_FINAL_CARZANIGA_GUALNIERA.a(CLICK_TIMER.o)
                0x00001580                CLICK_TIMER_WritePeriod
 .text.CLICK_TIMER_ReadCapture
                0x0000158c        0xc .\CortexM3\ARM_GCC_541\Debug\AY1920_II_HW_FINAL_CARZANIGA_GUALNIERA.a(CLICK_TIMER.o)
                0x0000158c                CLICK_TIMER_ReadCapture
 .text.CLICK_TIMER_WriteCounter
                0x00001598        0xc .\CortexM3\ARM_GCC_541\Debug\AY1920_II_HW_FINAL_CARZANIGA_GUALNIERA.a(CLICK_TIMER.o)
                0x00001598                CLICK_TIMER_WriteCounter
 .text.CLICK_TIMER_ClearFIFO
                0x000015a4       0x14 .\CortexM3\ARM_GCC_541\Debug\AY1920_II_HW_FINAL_CARZANIGA_GUALNIERA.a(CLICK_TIMER.o)
                0x000015a4                CLICK_TIMER_ClearFIFO
 .text.CLICK_TIMER_Init
                0x000015b8       0x30 .\CortexM3\ARM_GCC_541\Debug\AY1920_II_HW_FINAL_CARZANIGA_GUALNIERA.a(CLICK_TIMER.o)
                0x000015b8                CLICK_TIMER_Init
 .text.CLICK_TIMER_Start
                0x000015e8       0x1c .\CortexM3\ARM_GCC_541\Debug\AY1920_II_HW_FINAL_CARZANIGA_GUALNIERA.a(CLICK_TIMER.o)
                0x000015e8                CLICK_TIMER_Start
 .text.SPIM_IMU_EnableTxInt
                0x00001604        0xc .\CortexM3\ARM_GCC_541\Debug\AY1920_II_HW_FINAL_CARZANIGA_GUALNIERA.a(SPIM_IMU.o)
                0x00001604                SPIM_IMU_EnableTxInt
 .text.SPIM_IMU_EnableRxInt
                0x00001610        0xc .\CortexM3\ARM_GCC_541\Debug\AY1920_II_HW_FINAL_CARZANIGA_GUALNIERA.a(SPIM_IMU.o)
                0x00001610                SPIM_IMU_EnableRxInt
 .text.SPIM_IMU_Enable
                0x0000161c       0x3c .\CortexM3\ARM_GCC_541\Debug\AY1920_II_HW_FINAL_CARZANIGA_GUALNIERA.a(SPIM_IMU.o)
                0x0000161c                SPIM_IMU_Enable
 .text.SPIM_IMU_DisableTxInt
                0x00001658        0xc .\CortexM3\ARM_GCC_541\Debug\AY1920_II_HW_FINAL_CARZANIGA_GUALNIERA.a(SPIM_IMU.o)
                0x00001658                SPIM_IMU_DisableTxInt
 .text.SPIM_IMU_DisableRxInt
                0x00001664        0xc .\CortexM3\ARM_GCC_541\Debug\AY1920_II_HW_FINAL_CARZANIGA_GUALNIERA.a(SPIM_IMU.o)
                0x00001664                SPIM_IMU_DisableRxInt
 .text.SPIM_IMU_ReadTxStatus
                0x00001670       0x28 .\CortexM3\ARM_GCC_541\Debug\AY1920_II_HW_FINAL_CARZANIGA_GUALNIERA.a(SPIM_IMU.o)
                0x00001670                SPIM_IMU_ReadTxStatus
 .text.SPIM_IMU_ReadRxStatus
                0x00001698       0x28 .\CortexM3\ARM_GCC_541\Debug\AY1920_II_HW_FINAL_CARZANIGA_GUALNIERA.a(SPIM_IMU.o)
                0x00001698                SPIM_IMU_ReadRxStatus
 .text.SPIM_IMU_WriteTxData
                0x000016c0       0xd4 .\CortexM3\ARM_GCC_541\Debug\AY1920_II_HW_FINAL_CARZANIGA_GUALNIERA.a(SPIM_IMU.o)
                0x000016c0                SPIM_IMU_WriteTxData
 .text.SPIM_IMU_ReadRxData
                0x00001794       0x64 .\CortexM3\ARM_GCC_541\Debug\AY1920_II_HW_FINAL_CARZANIGA_GUALNIERA.a(SPIM_IMU.o)
                0x00001794                SPIM_IMU_ReadRxData
 .text.SPIM_IMU_ClearRxBuffer
                0x000017f8       0x40 .\CortexM3\ARM_GCC_541\Debug\AY1920_II_HW_FINAL_CARZANIGA_GUALNIERA.a(SPIM_IMU.o)
                0x000017f8                SPIM_IMU_ClearRxBuffer
 .text.SPIM_IMU_ClearTxBuffer
                0x00001838       0x54 .\CortexM3\ARM_GCC_541\Debug\AY1920_II_HW_FINAL_CARZANIGA_GUALNIERA.a(SPIM_IMU.o)
                0x00001838                SPIM_IMU_ClearTxBuffer
 .text.SPIM_IMU_PutArray
                0x0000188c       0x20 .\CortexM3\ARM_GCC_541\Debug\AY1920_II_HW_FINAL_CARZANIGA_GUALNIERA.a(SPIM_IMU.o)
                0x0000188c                SPIM_IMU_PutArray
 .text.SPIM_IMU_ClearFIFO
                0x000018ac       0x3c .\CortexM3\ARM_GCC_541\Debug\AY1920_II_HW_FINAL_CARZANIGA_GUALNIERA.a(SPIM_IMU.o)
                0x000018ac                SPIM_IMU_ClearFIFO
 .text.SPIM_IMU_Init
                0x000018e8       0x90 .\CortexM3\ARM_GCC_541\Debug\AY1920_II_HW_FINAL_CARZANIGA_GUALNIERA.a(SPIM_IMU.o)
                0x000018e8                SPIM_IMU_Init
 .text.SPIM_IMU_Start
                0x00001978       0x1c .\CortexM3\ARM_GCC_541\Debug\AY1920_II_HW_FINAL_CARZANIGA_GUALNIERA.a(SPIM_IMU.o)
                0x00001978                SPIM_IMU_Start
 .text.SPIM_IMU_TX_ISR
                0x00001994       0xa0 .\CortexM3\ARM_GCC_541\Debug\AY1920_II_HW_FINAL_CARZANIGA_GUALNIERA.a(SPIM_IMU_INT.o)
                0x00001994                SPIM_IMU_TX_ISR
 .text.SPIM_IMU_RX_ISR
                0x00001a34       0xa0 .\CortexM3\ARM_GCC_541\Debug\AY1920_II_HW_FINAL_CARZANIGA_GUALNIERA.a(SPIM_IMU_INT.o)
                0x00001a34                SPIM_IMU_RX_ISR
 .text.SPIM_EEPROM_EnableTxInt
                0x00001ad4        0xc .\CortexM3\ARM_GCC_541\Debug\AY1920_II_HW_FINAL_CARZANIGA_GUALNIERA.a(SPIM_EEPROM.o)
                0x00001ad4                SPIM_EEPROM_EnableTxInt
 .text.SPIM_EEPROM_EnableRxInt
                0x00001ae0        0xc .\CortexM3\ARM_GCC_541\Debug\AY1920_II_HW_FINAL_CARZANIGA_GUALNIERA.a(SPIM_EEPROM.o)
                0x00001ae0                SPIM_EEPROM_EnableRxInt
 .text.SPIM_EEPROM_Enable
                0x00001aec       0x3c .\CortexM3\ARM_GCC_541\Debug\AY1920_II_HW_FINAL_CARZANIGA_GUALNIERA.a(SPIM_EEPROM.o)
                0x00001aec                SPIM_EEPROM_Enable
 .text.SPIM_EEPROM_DisableTxInt
                0x00001b28        0xc .\CortexM3\ARM_GCC_541\Debug\AY1920_II_HW_FINAL_CARZANIGA_GUALNIERA.a(SPIM_EEPROM.o)
                0x00001b28                SPIM_EEPROM_DisableTxInt
 .text.SPIM_EEPROM_DisableRxInt
                0x00001b34        0xc .\CortexM3\ARM_GCC_541\Debug\AY1920_II_HW_FINAL_CARZANIGA_GUALNIERA.a(SPIM_EEPROM.o)
                0x00001b34                SPIM_EEPROM_DisableRxInt
 .text.SPIM_EEPROM_ReadTxStatus
                0x00001b40       0x28 .\CortexM3\ARM_GCC_541\Debug\AY1920_II_HW_FINAL_CARZANIGA_GUALNIERA.a(SPIM_EEPROM.o)
                0x00001b40                SPIM_EEPROM_ReadTxStatus
 .text.SPIM_EEPROM_ReadRxStatus
                0x00001b68       0x28 .\CortexM3\ARM_GCC_541\Debug\AY1920_II_HW_FINAL_CARZANIGA_GUALNIERA.a(SPIM_EEPROM.o)
                0x00001b68                SPIM_EEPROM_ReadRxStatus
 .text.SPIM_EEPROM_WriteTxData
                0x00001b90       0xd4 .\CortexM3\ARM_GCC_541\Debug\AY1920_II_HW_FINAL_CARZANIGA_GUALNIERA.a(SPIM_EEPROM.o)
                0x00001b90                SPIM_EEPROM_WriteTxData
 .text.SPIM_EEPROM_ReadRxData
                0x00001c64       0x64 .\CortexM3\ARM_GCC_541\Debug\AY1920_II_HW_FINAL_CARZANIGA_GUALNIERA.a(SPIM_EEPROM.o)
                0x00001c64                SPIM_EEPROM_ReadRxData
 .text.SPIM_EEPROM_ClearRxBuffer
                0x00001cc8       0x40 .\CortexM3\ARM_GCC_541\Debug\AY1920_II_HW_FINAL_CARZANIGA_GUALNIERA.a(SPIM_EEPROM.o)
                0x00001cc8                SPIM_EEPROM_ClearRxBuffer
 .text.SPIM_EEPROM_ClearTxBuffer
                0x00001d08       0x54 .\CortexM3\ARM_GCC_541\Debug\AY1920_II_HW_FINAL_CARZANIGA_GUALNIERA.a(SPIM_EEPROM.o)
                0x00001d08                SPIM_EEPROM_ClearTxBuffer
 .text.SPIM_EEPROM_PutArray
                0x00001d5c       0x20 .\CortexM3\ARM_GCC_541\Debug\AY1920_II_HW_FINAL_CARZANIGA_GUALNIERA.a(SPIM_EEPROM.o)
                0x00001d5c                SPIM_EEPROM_PutArray
 .text.SPIM_EEPROM_ClearFIFO
                0x00001d7c       0x3c .\CortexM3\ARM_GCC_541\Debug\AY1920_II_HW_FINAL_CARZANIGA_GUALNIERA.a(SPIM_EEPROM.o)
                0x00001d7c                SPIM_EEPROM_ClearFIFO
 .text.SPIM_EEPROM_Init
                0x00001db8       0x90 .\CortexM3\ARM_GCC_541\Debug\AY1920_II_HW_FINAL_CARZANIGA_GUALNIERA.a(SPIM_EEPROM.o)
                0x00001db8                SPIM_EEPROM_Init
 .text.SPIM_EEPROM_Start
                0x00001e48       0x1c .\CortexM3\ARM_GCC_541\Debug\AY1920_II_HW_FINAL_CARZANIGA_GUALNIERA.a(SPIM_EEPROM.o)
                0x00001e48                SPIM_EEPROM_Start
 .text.SPIM_EEPROM_TX_ISR
                0x00001e64       0xa0 .\CortexM3\ARM_GCC_541\Debug\AY1920_II_HW_FINAL_CARZANIGA_GUALNIERA.a(SPIM_EEPROM_INT.o)
                0x00001e64                SPIM_EEPROM_TX_ISR
 .text.SPIM_EEPROM_RX_ISR
                0x00001f04       0xa0 .\CortexM3\ARM_GCC_541\Debug\AY1920_II_HW_FINAL_CARZANIGA_GUALNIERA.a(SPIM_EEPROM_INT.o)
                0x00001f04                SPIM_EEPROM_RX_ISR
 .text.SPIM_IMU_IntClock_Start
                0x00001fa4       0x1c .\CortexM3\ARM_GCC_541\Debug\AY1920_II_HW_FINAL_CARZANIGA_GUALNIERA.a(SPIM_IMU_IntClock.o)
                0x00001fa4                SPIM_IMU_IntClock_Start
 .text.SPIM_EEPROM_IntClock_Start
                0x00001fc0       0x1c .\CortexM3\ARM_GCC_541\Debug\AY1920_II_HW_FINAL_CARZANIGA_GUALNIERA.a(SPIM_EEPROM_IntClock.o)
                0x00001fc0                SPIM_EEPROM_IntClock_Start
 .text.ADC_DELSIG_GainCompensation
                0x00001fdc       0xdc .\CortexM3\ARM_GCC_541\Debug\AY1920_II_HW_FINAL_CARZANIGA_GUALNIERA.a(ADC_DELSIG.o)
 .text.ADC_DELSIG_SetDSMRef0Reg
                0x000020b8       0x4c .\CortexM3\ARM_GCC_541\Debug\AY1920_II_HW_FINAL_CARZANIGA_GUALNIERA.a(ADC_DELSIG.o)
 .text.ADC_DELSIG_InitConfig
                0x00002104       0xdc .\CortexM3\ARM_GCC_541\Debug\AY1920_II_HW_FINAL_CARZANIGA_GUALNIERA.a(ADC_DELSIG.o)
 .text.ADC_DELSIG_Init
                0x000021e0       0xc4 .\CortexM3\ARM_GCC_541\Debug\AY1920_II_HW_FINAL_CARZANIGA_GUALNIERA.a(ADC_DELSIG.o)
                0x000021e0                ADC_DELSIG_Init
 .text.ADC_DELSIG_Enable
                0x000022a4       0xd8 .\CortexM3\ARM_GCC_541\Debug\AY1920_II_HW_FINAL_CARZANIGA_GUALNIERA.a(ADC_DELSIG.o)
                0x000022a4                ADC_DELSIG_Enable
 .text.ADC_DELSIG_Start
                0x0000237c       0x28 .\CortexM3\ARM_GCC_541\Debug\AY1920_II_HW_FINAL_CARZANIGA_GUALNIERA.a(ADC_DELSIG.o)
                0x0000237c                ADC_DELSIG_Start
 .text.ADC_DELSIG_StartConvert
                0x000023a4       0x10 .\CortexM3\ARM_GCC_541\Debug\AY1920_II_HW_FINAL_CARZANIGA_GUALNIERA.a(ADC_DELSIG.o)
                0x000023a4                ADC_DELSIG_StartConvert
 .text.ADC_DELSIG_StopConvert
                0x000023b4       0x10 .\CortexM3\ARM_GCC_541\Debug\AY1920_II_HW_FINAL_CARZANIGA_GUALNIERA.a(ADC_DELSIG.o)
                0x000023b4                ADC_DELSIG_StopConvert
 .text.ADC_DELSIG_IsEndConversion
                0x000023c4       0x30 .\CortexM3\ARM_GCC_541\Debug\AY1920_II_HW_FINAL_CARZANIGA_GUALNIERA.a(ADC_DELSIG.o)
                0x000023c4                ADC_DELSIG_IsEndConversion
 .text.ADC_DELSIG_GetResult16
                0x000023f4       0x50 .\CortexM3\ARM_GCC_541\Debug\AY1920_II_HW_FINAL_CARZANIGA_GUALNIERA.a(ADC_DELSIG.o)
                0x000023f4                ADC_DELSIG_GetResult16
 .text.ADC_DELSIG_Read16
                0x00002444       0x28 .\CortexM3\ARM_GCC_541\Debug\AY1920_II_HW_FINAL_CARZANIGA_GUALNIERA.a(ADC_DELSIG.o)
                0x00002444                ADC_DELSIG_Read16
 .text.ADC_DELSIG_ISR1
                0x0000246c        0x4 .\CortexM3\ARM_GCC_541\Debug\AY1920_II_HW_FINAL_CARZANIGA_GUALNIERA.a(ADC_DELSIG_INT.o)
                0x0000246c                ADC_DELSIG_ISR1
 .text.ADC_DELSIG_AMux_Start
                0x00002470       0x20 .\CortexM3\ARM_GCC_541\Debug\AY1920_II_HW_FINAL_CARZANIGA_GUALNIERA.a(ADC_DELSIG_AMux.o)
                0x00002470                ADC_DELSIG_AMux_Start
 .text.ADC_DELSIG_AMux_Select
                0x00002490       0x18 .\CortexM3\ARM_GCC_541\Debug\AY1920_II_HW_FINAL_CARZANIGA_GUALNIERA.a(ADC_DELSIG_AMux.o)
                0x00002490                ADC_DELSIG_AMux_Select
 .text.ADC_DELSIG_Ext_CP_Clk_GetDividerRegister
                0x000024a8        0xc .\CortexM3\ARM_GCC_541\Debug\AY1920_II_HW_FINAL_CARZANIGA_GUALNIERA.a(ADC_DELSIG_Ext_CP_Clk.o)
                0x000024a8                ADC_DELSIG_Ext_CP_Clk_GetDividerRegister
 .text.ADC_DELSIG_Ext_CP_Clk_SetModeRegister
                0x000024b4       0x14 .\CortexM3\ARM_GCC_541\Debug\AY1920_II_HW_FINAL_CARZANIGA_GUALNIERA.a(ADC_DELSIG_Ext_CP_Clk.o)
                0x000024b4                ADC_DELSIG_Ext_CP_Clk_SetModeRegister
 .text.ADC_DELSIG_Ext_CP_Clk_GetSourceRegister
                0x000024c8       0x10 .\CortexM3\ARM_GCC_541\Debug\AY1920_II_HW_FINAL_CARZANIGA_GUALNIERA.a(ADC_DELSIG_Ext_CP_Clk.o)
                0x000024c8                ADC_DELSIG_Ext_CP_Clk_GetSourceRegister
 .text.ADC_DELSIG_Ext_CP_Clk_SetDividerRegister
                0x000024d8       0xd8 .\CortexM3\ARM_GCC_541\Debug\AY1920_II_HW_FINAL_CARZANIGA_GUALNIERA.a(ADC_DELSIG_Ext_CP_Clk.o)
                0x000024d8                ADC_DELSIG_Ext_CP_Clk_SetDividerRegister
 .text.ADC_DELSIG_theACLK_GetDividerRegister
                0x000025b0        0xc .\CortexM3\ARM_GCC_541\Debug\AY1920_II_HW_FINAL_CARZANIGA_GUALNIERA.a(ADC_DELSIG_theACLK.o)
                0x000025b0                ADC_DELSIG_theACLK_GetDividerRegister
 .text.ADC_DELSIG_theACLK_SetModeRegister
                0x000025bc       0x14 .\CortexM3\ARM_GCC_541\Debug\AY1920_II_HW_FINAL_CARZANIGA_GUALNIERA.a(ADC_DELSIG_theACLK.o)
                0x000025bc                ADC_DELSIG_theACLK_SetModeRegister
 .text.ADC_DELSIG_theACLK_GetSourceRegister
                0x000025d0       0x10 .\CortexM3\ARM_GCC_541\Debug\AY1920_II_HW_FINAL_CARZANIGA_GUALNIERA.a(ADC_DELSIG_theACLK.o)
                0x000025d0                ADC_DELSIG_theACLK_GetSourceRegister
 .text.ADC_DELSIG_theACLK_SetDividerRegister
                0x000025e0       0xd8 .\CortexM3\ARM_GCC_541\Debug\AY1920_II_HW_FINAL_CARZANIGA_GUALNIERA.a(ADC_DELSIG_theACLK.o)
                0x000025e0                ADC_DELSIG_theACLK_SetDividerRegister
 .text          0x000026b8       0x20 .\CortexM3\ARM_GCC_541\Debug\AY1920_II_HW_FINAL_CARZANIGA_GUALNIERA.a(CyBootAsmGnu.o)
                0x000026b8                CyDelayCycles
                0x000026c8                CyEnterCriticalSection
                0x000026d0                CyExitCriticalSection
 .text.__errno  0x000026d8        0xc c:/program files (x86)/cypress/psoc creator/4.3/psoc creator/import/gnu/arm/5.4.1/bin/../lib/gcc/arm-none-eabi/5.4.1/../../../../arm-none-eabi/lib/armv7-m\libg_nano.a(lib_a-errno.o)
                0x000026d8                __errno
 .text.__libc_init_array
                0x000026e4       0x4c c:/program files (x86)/cypress/psoc creator/4.3/psoc creator/import/gnu/arm/5.4.1/bin/../lib/gcc/arm-none-eabi/5.4.1/../../../../arm-none-eabi/lib/armv7-m\libg_nano.a(lib_a-init.o)
                0x000026e4                __libc_init_array
 .text.memcpy   0x00002730       0x16 c:/program files (x86)/cypress/psoc creator/4.3/psoc creator/import/gnu/arm/5.4.1/bin/../lib/gcc/arm-none-eabi/5.4.1/../../../../arm-none-eabi/lib/armv7-m\libg_nano.a(lib_a-memcpy-stub.o)
                0x00002730                memcpy
 .text.memset   0x00002746       0x10 c:/program files (x86)/cypress/psoc creator/4.3/psoc creator/import/gnu/arm/5.4.1/bin/../lib/gcc/arm-none-eabi/5.4.1/../../../../arm-none-eabi/lib/armv7-m\libg_nano.a(lib_a-memset.o)
                0x00002746                memset
 *fill*         0x00002756        0x2 
 .text.sprintf  0x00002758       0x48 c:/program files (x86)/cypress/psoc creator/4.3/psoc creator/import/gnu/arm/5.4.1/bin/../lib/gcc/arm-none-eabi/5.4.1/../../../../arm-none-eabi/lib/armv7-m\libg_nano.a(lib_a-sprintf.o)
                0x00002758                siprintf
                0x00002758                sprintf
 .text.__ssputs_r
                0x000027a0       0xb2 c:/program files (x86)/cypress/psoc creator/4.3/psoc creator/import/gnu/arm/5.4.1/bin/../lib/gcc/arm-none-eabi/5.4.1/../../../../arm-none-eabi/lib/armv7-m\libg_nano.a(lib_a-nano-svfprintf.o)
                0x000027a0                __ssputs_r
 *fill*         0x00002852        0x2 
 .text._svfprintf_r
                0x00002854      0x1e8 c:/program files (x86)/cypress/psoc creator/4.3/psoc creator/import/gnu/arm/5.4.1/bin/../lib/gcc/arm-none-eabi/5.4.1/../../../../arm-none-eabi/lib/armv7-m\libg_nano.a(lib_a-nano-svfprintf.o)
                0x00002854                _svfiprintf_r
                0x00002854                _svfprintf_r
 .text._printf_common
                0x00002a3c       0xec c:/program files (x86)/cypress/psoc creator/4.3/psoc creator/import/gnu/arm/5.4.1/bin/../lib/gcc/arm-none-eabi/5.4.1/../../../../arm-none-eabi/lib/armv7-m\libg_nano.a(lib_a-nano-vfprintf_i.o)
                0x00002a3c                _printf_common
 .text._printf_i
                0x00002b28      0x24c c:/program files (x86)/cypress/psoc creator/4.3/psoc creator/import/gnu/arm/5.4.1/bin/../lib/gcc/arm-none-eabi/5.4.1/../../../../arm-none-eabi/lib/armv7-m\libg_nano.a(lib_a-nano-vfprintf_i.o)
                0x00002b28                _printf_i
 .text.memchr   0x00002d74       0x1c c:/program files (x86)/cypress/psoc creator/4.3/psoc creator/import/gnu/arm/5.4.1/bin/../lib/gcc/arm-none-eabi/5.4.1/../../../../arm-none-eabi/lib/armv7-m\libg_nano.a(lib_a-memchr-stub.o)
                0x00002d74                memchr
 .text.memmove  0x00002d90       0x36 c:/program files (x86)/cypress/psoc creator/4.3/psoc creator/import/gnu/arm/5.4.1/bin/../lib/gcc/arm-none-eabi/5.4.1/../../../../arm-none-eabi/lib/armv7-m\libg_nano.a(lib_a-memmove.o)
                0x00002d90                memmove
 *fill*         0x00002dc6        0x2 
 .text._free_r  0x00002dc8       0x98 c:/program files (x86)/cypress/psoc creator/4.3/psoc creator/import/gnu/arm/5.4.1/bin/../lib/gcc/arm-none-eabi/5.4.1/../../../../arm-none-eabi/lib/armv7-m\libg_nano.a(lib_a-nano-freer.o)
                0x00002dc8                _free_r
 .text._malloc_r
                0x00002e60       0xbc c:/program files (x86)/cypress/psoc creator/4.3/psoc creator/import/gnu/arm/5.4.1/bin/../lib/gcc/arm-none-eabi/5.4.1/../../../../arm-none-eabi/lib/armv7-m\libg_nano.a(lib_a-nano-mallocr.o)
                0x00002e60                _malloc_r
 .text._realloc_r
                0x00002f1c       0x4c c:/program files (x86)/cypress/psoc creator/4.3/psoc creator/import/gnu/arm/5.4.1/bin/../lib/gcc/arm-none-eabi/5.4.1/../../../../arm-none-eabi/lib/armv7-m\libg_nano.a(lib_a-nano-reallocr.o)
                0x00002f1c                _realloc_r
 .text._sbrk_r  0x00002f68       0x20 c:/program files (x86)/cypress/psoc creator/4.3/psoc creator/import/gnu/arm/5.4.1/bin/../lib/gcc/arm-none-eabi/5.4.1/../../../../arm-none-eabi/lib/armv7-m\libg_nano.a(lib_a-sbrkr.o)
                0x00002f68                _sbrk_r
 .text.__malloc_lock
                0x00002f88        0x2 c:/program files (x86)/cypress/psoc creator/4.3/psoc creator/import/gnu/arm/5.4.1/bin/../lib/gcc/arm-none-eabi/5.4.1/../../../../arm-none-eabi/lib/armv7-m\libg_nano.a(lib_a-mlock.o)
                0x00002f88                __malloc_lock
 .text.__malloc_unlock
                0x00002f8a        0x2 c:/program files (x86)/cypress/psoc creator/4.3/psoc creator/import/gnu/arm/5.4.1/bin/../lib/gcc/arm-none-eabi/5.4.1/../../../../arm-none-eabi/lib/armv7-m\libg_nano.a(lib_a-mlock.o)
                0x00002f8a                __malloc_unlock
 .text._malloc_usable_size_r
                0x00002f8c       0x14 c:/program files (x86)/cypress/psoc creator/4.3/psoc creator/import/gnu/arm/5.4.1/bin/../lib/gcc/arm-none-eabi/5.4.1/../../../../arm-none-eabi/lib/armv7-m\libg_nano.a(lib_a-nano-msizer.o)
                0x00002f8c                _malloc_usable_size_r
 *(.plt)
 *(.gnu.warning)
 *(.glue_7t)
 .glue_7t       0x00002fa0        0x0 linker stubs
 *(.glue_7)
 .glue_7        0x00002fa0        0x0 linker stubs
 *(.vfp11_veneer)
 .vfp11_veneer  0x00002fa0        0x0 linker stubs
 *(.bootloader)
 *(.ARM.extab* .gnu.linkonce.armextab.*)
 *(.gcc_except_table)

.v4_bx          0x00002fa0        0x0
 .v4_bx         0x00002fa0        0x0 linker stubs

.iplt           0x00002fa0        0x0
 .iplt          0x00002fa0        0x0 c:/program files (x86)/cypress/psoc creator/4.3/psoc creator/import/gnu/arm/5.4.1/bin/../lib/gcc/arm-none-eabi/5.4.1/armv7-m/crtbegin.o

.eh_frame_hdr
 *(.eh_frame_hdr)

.eh_frame       0x00002fa0        0x4
 *(.eh_frame)
 .eh_frame      0x00002fa0        0x0 c:/program files (x86)/cypress/psoc creator/4.3/psoc creator/import/gnu/arm/5.4.1/bin/../lib/gcc/arm-none-eabi/5.4.1/armv7-m/crtbegin.o
 .eh_frame      0x00002fa0        0x4 c:/program files (x86)/cypress/psoc creator/4.3/psoc creator/import/gnu/arm/5.4.1/bin/../lib/gcc/arm-none-eabi/5.4.1/armv7-m/crtend.o
                [!provide]                PROVIDE (__exidx_start, .)

.ARM.exidx
 *(.ARM.exidx* .gnu.linkonce.armexidx.*)
                0x00002fa4                __exidx_end = .

.rodata         0x00002fa4      0x3a4
 *(.rodata .rodata.* .gnu.linkonce.r.*)
 .rodata.str1.4
                0x00002fa4        0xc .\CortexM3\ARM_GCC_541\Debug\main.o
 .rodata        0x00002fb0       0x1e .\CortexM3\ARM_GCC_541\Debug\LIS3DH.o
 *fill*         0x00002fce        0x2 
 .rodata.str1.4
                0x00002fd0      0x2bc .\CortexM3\ARM_GCC_541\Debug\LIS3DH.o
                                0x2b9 (size before relaxing)
 .rodata        0x0000328c       0x4e .\CortexM3\ARM_GCC_541\Debug\cyfitter_cfg.o
                0x0000328c                ADC_DELSIG_AMux__addrTable
                0x00003294                ADC_DELSIG_AMux__maskTable
 .rodata.str1.1
                0x000032da        0x2 c:/program files (x86)/cypress/psoc creator/4.3/psoc creator/import/gnu/arm/5.4.1/bin/../lib/gcc/arm-none-eabi/5.4.1/../../../../arm-none-eabi/lib/armv7-m\libg_nano.a(lib_a-impure.o)
 .rodata.str1.1
                0x000032dc       0x11 c:/program files (x86)/cypress/psoc creator/4.3/psoc creator/import/gnu/arm/5.4.1/bin/../lib/gcc/arm-none-eabi/5.4.1/../../../../arm-none-eabi/lib/armv7-m\libg_nano.a(lib_a-nano-svfprintf.o)
 .rodata.str1.1
                0x000032ed       0x22 c:/program files (x86)/cypress/psoc creator/4.3/psoc creator/import/gnu/arm/5.4.1/bin/../lib/gcc/arm-none-eabi/5.4.1/../../../../arm-none-eabi/lib/armv7-m\libg_nano.a(lib_a-nano-vfprintf_i.o)
                0x00003310                . = ALIGN (0x4)
 *fill*         0x0000330f        0x1 
 *(.init)
 .init          0x00003310        0x4 c:/program files (x86)/cypress/psoc creator/4.3/psoc creator/import/gnu/arm/5.4.1/bin/../lib/gcc/arm-none-eabi/5.4.1/armv7-m/crti.o
                0x00003310                _init
 .init          0x00003314        0x8 c:/program files (x86)/cypress/psoc creator/4.3/psoc creator/import/gnu/arm/5.4.1/bin/../lib/gcc/arm-none-eabi/5.4.1/armv7-m/crtn.o
                0x0000331c                . = ALIGN (0x4)
                0x0000331c                __preinit_array_start = .
 *(.preinit_array)
                0x0000331c                __preinit_array_end = .
                0x0000331c                . = ALIGN (0x4)
                0x0000331c                __init_array_start = .
 *(SORT(.init_array.*))
 *(.init_array)
 .init_array    0x0000331c        0x4 c:/program files (x86)/cypress/psoc creator/4.3/psoc creator/import/gnu/arm/5.4.1/bin/../lib/gcc/arm-none-eabi/5.4.1/armv7-m/crtbegin.o
 .init_array    0x00003320        0x4 .\CortexM3\ARM_GCC_541\Debug\Cm3Start.o
                0x00003324                __init_array_end = .
                0x00003324                . = ALIGN (0x4)
 *(.fini)
 .fini          0x00003324        0x4 c:/program files (x86)/cypress/psoc creator/4.3/psoc creator/import/gnu/arm/5.4.1/bin/../lib/gcc/arm-none-eabi/5.4.1/armv7-m/crti.o
                0x00003324                _fini
 .fini          0x00003328        0x8 c:/program files (x86)/cypress/psoc creator/4.3/psoc creator/import/gnu/arm/5.4.1/bin/../lib/gcc/arm-none-eabi/5.4.1/armv7-m/crtn.o
                0x00003330                . = ALIGN (0x4)
                0x00003330                __fini_array_start = .
 *(.fini_array)
 .fini_array    0x00003330        0x4 c:/program files (x86)/cypress/psoc creator/4.3/psoc creator/import/gnu/arm/5.4.1/bin/../lib/gcc/arm-none-eabi/5.4.1/armv7-m/crtbegin.o
 *(SORT(.fini_array.*))
                0x00003334                __fini_array_end = .
                0x00003334                . = ALIGN (0x4)
 *crtbegin.o(.ctors)
 *(EXCLUDE_FILE(*crtend.o) .ctors)
 *(SORT(.ctors.*))
 *crtend.o(.ctors)
                0x00003334                . = ALIGN (0x4)
 *crtbegin.o(.dtors)
 *(EXCLUDE_FILE(*crtend.o) .dtors)
 *(SORT(.dtors.*))
 *crtend.o(.dtors)
                0x00003334                . = ALIGN (0x4)
                0x00003334                __cy_regions = .
                0x00003334        0x4 LONG 0x3348 __cy_region_init_ram
                0x00003338        0x4 LONG 0x1fff80c8 __cy_region_start_data
                0x0000333c        0x4 LONG 0x80 __cy_region_init_size_ram
                0x00003340        0x4 LONG 0x1b0 __cy_region_zero_size_ram
                0x00003344                __cy_regions_end = .
                0x00003348                . = ALIGN (0x8)
 *fill*         0x00003344        0x4 
                0x00003348                _etext = .

.cy_checksum_exclude
                0x00003348        0x0
 *(.cy_checksum_exclude)

.ramvectors     0x1fff8000       0xc0
                0x1fff8000                __cy_region_start_ram = .
 *(.ramvectors)
 .ramvectors    0x1fff8000       0xc0 .\CortexM3\ARM_GCC_541\Debug\Cm3Start.o
                0x1fff8000                CyRamVectors

.noinit         0x1fff80c0        0x1
 *(.noinit)
 .noinit        0x1fff80c0        0x1 .\CortexM3\ARM_GCC_541\Debug\AY1920_II_HW_FINAL_CARZANIGA_GUALNIERA.a(CyLib.o)
                0x1fff80c0                CyResetStatus

.data           0x1fff80c8       0x80 load address 0x00003348
                0x1fff80c8                __cy_region_start_data = .
 *(.jcr)
 .jcr           0x1fff80c8        0x0 c:/program files (x86)/cypress/psoc creator/4.3/psoc creator/import/gnu/arm/5.4.1/bin/../lib/gcc/arm-none-eabi/5.4.1/armv7-m/crtbegin.o
 .jcr           0x1fff80c8        0x4 c:/program files (x86)/cypress/psoc creator/4.3/psoc creator/import/gnu/arm/5.4.1/bin/../lib/gcc/arm-none-eabi/5.4.1/armv7-m/crtend.o
 *(.got.plt)
 *(.got)
 *(.shdata)
 *(.data .data.* .gnu.linkonce.d.*)
 .data          0x1fff80cc        0x4 .\CortexM3\ARM_GCC_541\Debug\Cm3Start.o
 .data          0x1fff80d0       0x10 .\CortexM3\ARM_GCC_541\Debug\AY1920_II_HW_FINAL_CARZANIGA_GUALNIERA.a(CyLib.o)
                0x1fff80d0                cydelay_32k_ms
                0x1fff80d4                cydelay_freq_khz
                0x1fff80d8                cydelay_freq_mhz
                0x1fff80dc                cydelay_freq_hz
 .data          0x1fff80e0        0x1 .\CortexM3\ARM_GCC_541\Debug\AY1920_II_HW_FINAL_CARZANIGA_GUALNIERA.a(ADC_DELSIG.o)
                0x1fff80e0                ADC_DELSIG_Config
 .data          0x1fff80e1        0x1 .\CortexM3\ARM_GCC_541\Debug\AY1920_II_HW_FINAL_CARZANIGA_GUALNIERA.a(ADC_DELSIG_AMux.o)
 *fill*         0x1fff80e2        0x2 
 .data.impure_data
                0x1fff80e4       0x60 c:/program files (x86)/cypress/psoc creator/4.3/psoc creator/import/gnu/arm/5.4.1/bin/../lib/gcc/arm-none-eabi/5.4.1/../../../../arm-none-eabi/lib/armv7-m\libg_nano.a(lib_a-impure.o)
 .data._impure_ptr
                0x1fff8144        0x4 c:/program files (x86)/cypress/psoc creator/4.3/psoc creator/import/gnu/arm/5.4.1/bin/../lib/gcc/arm-none-eabi/5.4.1/../../../../arm-none-eabi/lib/armv7-m\libg_nano.a(lib_a-impure.o)
                0x1fff8144                _impure_ptr
                0x1fff8148                . = ALIGN (0x8)
 *(.ram)
                0x1fff8148                _edata = .

.igot.plt       0x1fff8148        0x0 load address 0x000033c8
 .igot.plt      0x1fff8148        0x0 c:/program files (x86)/cypress/psoc creator/4.3/psoc creator/import/gnu/arm/5.4.1/bin/../lib/gcc/arm-none-eabi/5.4.1/armv7-m/crtbegin.o

.bss            0x1fff8148      0x1b0 load address 0x000033c8
                0x1fff8148                PROVIDE (__bss_start__, .)
 *(.shbss)
 *(.bss .bss.* .gnu.linkonce.b.*)
 .bss           0x1fff8148       0x1c c:/program files (x86)/cypress/psoc creator/4.3/psoc creator/import/gnu/arm/5.4.1/bin/../lib/gcc/arm-none-eabi/5.4.1/armv7-m/crtbegin.o
 .bss           0x1fff8164        0x1 .\CortexM3\ARM_GCC_541\Debug\AY1920_II_HW_FINAL_CARZANIGA_GUALNIERA.a(PWM_RG.o)
                0x1fff8164                PWM_RG_initVar
 .bss           0x1fff8165        0x1 .\CortexM3\ARM_GCC_541\Debug\AY1920_II_HW_FINAL_CARZANIGA_GUALNIERA.a(PWM_B.o)
                0x1fff8165                PWM_B_initVar
 .bss           0x1fff8166        0x2 .\CortexM3\ARM_GCC_541\Debug\AY1920_II_HW_FINAL_CARZANIGA_GUALNIERA.a(UART.o)
                0x1fff8166                UART_initVar
 .bss           0x1fff8168        0x1 .\CortexM3\ARM_GCC_541\Debug\AY1920_II_HW_FINAL_CARZANIGA_GUALNIERA.a(BUTTON_TIMER.o)
                0x1fff8168                BUTTON_TIMER_initVar
 .bss           0x1fff8169        0x1 .\CortexM3\ARM_GCC_541\Debug\AY1920_II_HW_FINAL_CARZANIGA_GUALNIERA.a(PWM_NOTIFY.o)
                0x1fff8169                PWM_NOTIFY_initVar
 .bss           0x1fff816a        0x1 .\CortexM3\ARM_GCC_541\Debug\AY1920_II_HW_FINAL_CARZANIGA_GUALNIERA.a(CLICK_TIMER.o)
                0x1fff816a                CLICK_TIMER_initVar
 .bss           0x1fff816b        0x1 .\CortexM3\ARM_GCC_541\Debug\AY1920_II_HW_FINAL_CARZANIGA_GUALNIERA.a(SPIM_IMU.o)
                0x1fff816b                SPIM_IMU_initVar
 .bss           0x1fff816c        0x1 .\CortexM3\ARM_GCC_541\Debug\AY1920_II_HW_FINAL_CARZANIGA_GUALNIERA.a(SPIM_EEPROM.o)
                0x1fff816c                SPIM_EEPROM_initVar
 *fill*         0x1fff816d        0x3 
 .bss           0x1fff8170        0xc .\CortexM3\ARM_GCC_541\Debug\AY1920_II_HW_FINAL_CARZANIGA_GUALNIERA.a(ADC_DELSIG.o)
                0x1fff8174                ADC_DELSIG_stopConversion
                0x1fff8175                ADC_DELSIG_convDone
                0x1fff8176                ADC_DELSIG_initVar
                0x1fff8177                ADC_DELSIG_started
                0x1fff8178                ADC_DELSIG_Offset
 .bss.__malloc_sbrk_start
                0x1fff817c        0x4 c:/program files (x86)/cypress/psoc creator/4.3/psoc creator/import/gnu/arm/5.4.1/bin/../lib/gcc/arm-none-eabi/5.4.1/../../../../arm-none-eabi/lib/armv7-m\libg_nano.a(lib_a-nano-mallocr.o)
                0x1fff817c                __malloc_sbrk_start
 .bss.__malloc_free_list
                0x1fff8180        0x4 c:/program files (x86)/cypress/psoc creator/4.3/psoc creator/import/gnu/arm/5.4.1/bin/../lib/gcc/arm-none-eabi/5.4.1/../../../../arm-none-eabi/lib/armv7-m\libg_nano.a(lib_a-nano-mallocr.o)
                0x1fff8180                __malloc_free_list
 *(COMMON)
 COMMON         0x1fff8184      0x12b .\CortexM3\ARM_GCC_541\Debug\main.o
                0x1fff8184                IMU_DataBuffer
                0x1fff8244                RGB_DataBuffer
                0x1fff8247                IMU_over_threshold_flag
                0x1fff8248                bufferUART
                0x1fff82ac                button_state
                0x1fff82ad                IMU_interrupt_flag
                0x1fff82ae                IMU_data_ready_flag
 *fill*         0x1fff82af        0x1 
 COMMON         0x1fff82b0       0x1d .\CortexM3\ARM_GCC_541\Debug\AY1920_II_HW_FINAL_CARZANIGA_GUALNIERA.a(SPIM_IMU.o)
                0x1fff82b0                SPIM_IMU_txBufferWrite
                0x1fff82b1                SPIM_IMU_swStatusTx
                0x1fff82b2                SPIM_IMU_txBufferRead
                0x1fff82b3                SPIM_IMU_rxBufferFull
                0x1fff82b4                SPIM_IMU_txBufferFull
                0x1fff82b8                SPIM_IMU_txBuffer
                0x1fff82c0                SPIM_IMU_rxBufferWrite
                0x1fff82c1                SPIM_IMU_swStatusRx
                0x1fff82c4                SPIM_IMU_rxBuffer
                0x1fff82cc                SPIM_IMU_rxBufferRead
 *fill*         0x1fff82cd        0x3 
 COMMON         0x1fff82d0       0x1d .\CortexM3\ARM_GCC_541\Debug\AY1920_II_HW_FINAL_CARZANIGA_GUALNIERA.a(SPIM_EEPROM.o)
                0x1fff82d0                SPIM_EEPROM_swStatusTx
                0x1fff82d1                SPIM_EEPROM_rxBufferRead
                0x1fff82d4                SPIM_EEPROM_txBuffer
                0x1fff82dc                SPIM_EEPROM_txBufferFull
                0x1fff82e0                SPIM_EEPROM_rxBuffer
                0x1fff82e8                SPIM_EEPROM_rxBufferFull
                0x1fff82e9                SPIM_EEPROM_txBufferRead
                0x1fff82ea                SPIM_EEPROM_txBufferWrite
                0x1fff82eb                SPIM_EEPROM_rxBufferWrite
                0x1fff82ec                SPIM_EEPROM_swStatusRx
 *fill*         0x1fff82ed        0x3 
 COMMON         0x1fff82f0        0x4 .\CortexM3\ARM_GCC_541\Debug\AY1920_II_HW_FINAL_CARZANIGA_GUALNIERA.a(ADC_DELSIG.o)
                0x1fff82f0                ADC_DELSIG_CountsPerVolt
 COMMON         0x1fff82f4        0x4 c:/program files (x86)/cypress/psoc creator/4.3/psoc creator/import/gnu/arm/5.4.1/bin/../lib/gcc/arm-none-eabi/5.4.1/../../../../arm-none-eabi/lib/armv7-m\libg_nano.a(lib_a-reent.o)
                0x1fff82f4                errno
                0x1fff82f8                . = ALIGN (0x8)
 *(.ram.b)
                0x1fff82f8                _end = .
                0x1fff82f8                __end = .
                0x1fff82f8                PROVIDE (end, .)
                0x1fff82f8                PROVIDE (__bss_end__, .)
                0x00003348                __cy_region_init_ram = LOADADDR (.data)
                0x00000080                __cy_region_init_size_ram = (_edata - ADDR (.data))
                0x000001b0                __cy_region_zero_size_ram = (_end - _edata)

.heap           0x1fff82f8       0x80 load address 0x000033c8
                0x1fff82f8                . = _end
                0x1fff8378                . = (. + 0x80)
 *fill*         0x1fff82f8       0x80 
                0x1fff8378                __cy_heap_limit = .

.stack          0x20007800      0x800
                0x20007800                __cy_stack_limit = .
                0x20008000                . = (. + 0x800)
 *fill*         0x20007800      0x800 
                0x00000001                ASSERT ((__cy_stack_limit >= __cy_heap_limit), region RAM overflowed with stack)
                0x00000000                cy_checksum_exclude_size = (CY_APPL_LOADABLE == 0x1)?SIZEOF (.cy_checksum_exclude):0x0
                0x00000001                ASSERT ((cy_checksum_exclude_size <= CY_CHECKSUM_EXCLUDE_SIZE), CY_BOOT: Section .cy_checksum_exclude size exceedes specified limit.)

.cyloadermeta
 *(.cyloadermeta)

.cyloadablemeta
 *(.cyloadablemeta)

.cyconfigecc    0x80000000      0xb58
 *(.cyconfigecc)
 .cyconfigecc   0x80000000      0xb58 .\CortexM3\ARM_GCC_541\Debug\cymetadata.o
                0x80000000                cy_meta_configecc

.cycustnvl      0x90000000        0x4
 *(.cycustnvl)
 .cycustnvl     0x90000000        0x4 .\CortexM3\ARM_GCC_541\Debug\cymetadata.o
                0x90000000                cy_meta_custnvl

.cywolatch      0x90100000        0x4
 *(.cywolatch)
 .cywolatch     0x90100000        0x4 .\CortexM3\ARM_GCC_541\Debug\cymetadata.o
                0x90100000                cy_meta_wonvl

.cyeeprom       0x90200000        0x0
 *(.cyeeprom)
                0x00000001                ASSERT ((. <= ((0x90200000 + ee_offset) + ee_size)), .cyeeprom data will not fit in EEPROM)

.cyflashprotect
                0x90400000      0x100
 *(.cyflashprotect)
 .cyflashprotect
                0x90400000      0x100 .\CortexM3\ARM_GCC_541\Debug\cymetadata.o
                0x90400000                cy_meta_flashprotect

.cymeta         0x90500000        0xc
 *(.cymeta)
 .cymeta        0x90500000        0xc .\CortexM3\ARM_GCC_541\Debug\cymetadata.o
                0x90500000                cy_metadata

.rel.dyn        0x000033c8        0x0 load address 0x9050000c
 .rel.iplt      0x000033c8        0x0 c:/program files (x86)/cypress/psoc creator/4.3/psoc creator/import/gnu/arm/5.4.1/bin/../lib/gcc/arm-none-eabi/5.4.1/armv7-m/crtbegin.o

.stab
 *(.stab)

.stabstr
 *(.stabstr)

.debug
 *(.debug)

.line
 *(.line)

.debug_srcinfo
 *(.debug_srcinfo)

.debug_sfnames
 *(.debug_sfnames)

.debug_aranges  0x00000000     0x12d8
 *(.debug_aranges)
 .debug_aranges
                0x00000000       0x20 .\CortexM3\ARM_GCC_541\Debug\main.o
 .debug_aranges
                0x00000020       0x30 .\CortexM3\ARM_GCC_541\Debug\InterruptRoutines.o
 .debug_aranges
                0x00000050       0x48 .\CortexM3\ARM_GCC_541\Debug\SPI_Interface.o
 .debug_aranges
                0x00000098       0xa0 .\CortexM3\ARM_GCC_541\Debug\25LC256.o
 .debug_aranges
                0x00000138       0x50 .\CortexM3\ARM_GCC_541\Debug\LED_Driver.o
 .debug_aranges
                0x00000188       0x58 .\CortexM3\ARM_GCC_541\Debug\LIS3DH.o
 .debug_aranges
                0x000001e0       0x38 .\CortexM3\ARM_GCC_541\Debug\Notifications.o
 .debug_aranges
                0x00000218       0x30 .\CortexM3\ARM_GCC_541\Debug\LogUtils.o
 .debug_aranges
                0x00000248       0x68 .\CortexM3\ARM_GCC_541\Debug\cyfitter_cfg.o
 .debug_aranges
                0x000002b0       0x18 .\CortexM3\ARM_GCC_541\Debug\cymetadata.o
 .debug_aranges
                0x000002c8       0x48 .\CortexM3\ARM_GCC_541\Debug\Cm3Start.o
 .debug_aranges
                0x00000310       0x80 .\CortexM3\ARM_GCC_541\Debug\AY1920_II_HW_FINAL_CARZANIGA_GUALNIERA.a(ISR_CONFIG.o)
 .debug_aranges
                0x00000390       0xa8 .\CortexM3\ARM_GCC_541\Debug\AY1920_II_HW_FINAL_CARZANIGA_GUALNIERA.a(PWM_RG.o)
 .debug_aranges
                0x00000438       0x98 .\CortexM3\ARM_GCC_541\Debug\AY1920_II_HW_FINAL_CARZANIGA_GUALNIERA.a(PWM_B.o)
 .debug_aranges
                0x000004d0       0x80 .\CortexM3\ARM_GCC_541\Debug\AY1920_II_HW_FINAL_CARZANIGA_GUALNIERA.a(ISR_START.o)
 .debug_aranges
                0x00000550       0xf0 .\CortexM3\ARM_GCC_541\Debug\AY1920_II_HW_FINAL_CARZANIGA_GUALNIERA.a(UART.o)
 .debug_aranges
                0x00000640       0x70 .\CortexM3\ARM_GCC_541\Debug\AY1920_II_HW_FINAL_CARZANIGA_GUALNIERA.a(UART_IntClock.o)
 .debug_aranges
                0x000006b0      0x2a0 .\CortexM3\ARM_GCC_541\Debug\AY1920_II_HW_FINAL_CARZANIGA_GUALNIERA.a(CyLib.o)
 .debug_aranges
                0x00000950       0x98 .\CortexM3\ARM_GCC_541\Debug\AY1920_II_HW_FINAL_CARZANIGA_GUALNIERA.a(cyPm.o)
 .debug_aranges
                0x000009e8       0x88 .\CortexM3\ARM_GCC_541\Debug\AY1920_II_HW_FINAL_CARZANIGA_GUALNIERA.a(BUTTON_TIMER.o)
 .debug_aranges
                0x00000a70       0x38 .\CortexM3\ARM_GCC_541\Debug\AY1920_II_HW_FINAL_CARZANIGA_GUALNIERA.a(CS_IMU.o)
 .debug_aranges
                0x00000aa8       0x38 .\CortexM3\ARM_GCC_541\Debug\AY1920_II_HW_FINAL_CARZANIGA_GUALNIERA.a(CS_EEPROM.o)
 .debug_aranges
                0x00000ae0       0x98 .\CortexM3\ARM_GCC_541\Debug\AY1920_II_HW_FINAL_CARZANIGA_GUALNIERA.a(PWM_NOTIFY.o)
 .debug_aranges
                0x00000b78       0x90 .\CortexM3\ARM_GCC_541\Debug\AY1920_II_HW_FINAL_CARZANIGA_GUALNIERA.a(CLICK_TIMER.o)
 .debug_aranges
                0x00000c08       0xd8 .\CortexM3\ARM_GCC_541\Debug\AY1920_II_HW_FINAL_CARZANIGA_GUALNIERA.a(SPIM_IMU.o)
 .debug_aranges
                0x00000ce0       0x28 .\CortexM3\ARM_GCC_541\Debug\AY1920_II_HW_FINAL_CARZANIGA_GUALNIERA.a(SPIM_IMU_INT.o)
 .debug_aranges
                0x00000d08       0xd8 .\CortexM3\ARM_GCC_541\Debug\AY1920_II_HW_FINAL_CARZANIGA_GUALNIERA.a(SPIM_EEPROM.o)
 .debug_aranges
                0x00000de0       0x28 .\CortexM3\ARM_GCC_541\Debug\AY1920_II_HW_FINAL_CARZANIGA_GUALNIERA.a(SPIM_EEPROM_INT.o)
 .debug_aranges
                0x00000e08       0x70 .\CortexM3\ARM_GCC_541\Debug\AY1920_II_HW_FINAL_CARZANIGA_GUALNIERA.a(SPIM_IMU_IntClock.o)
 .debug_aranges
                0x00000e78       0x70 .\CortexM3\ARM_GCC_541\Debug\AY1920_II_HW_FINAL_CARZANIGA_GUALNIERA.a(SPIM_EEPROM_IntClock.o)
 .debug_aranges
                0x00000ee8       0x88 .\CortexM3\ARM_GCC_541\Debug\AY1920_II_HW_FINAL_CARZANIGA_GUALNIERA.a(MAIN_TIMER.o)
 .debug_aranges
                0x00000f70       0xe8 .\CortexM3\ARM_GCC_541\Debug\AY1920_II_HW_FINAL_CARZANIGA_GUALNIERA.a(ADC_DELSIG.o)
 .debug_aranges
                0x00001058       0x38 .\CortexM3\ARM_GCC_541\Debug\AY1920_II_HW_FINAL_CARZANIGA_GUALNIERA.a(ADC_DELSIG_INT.o)
 .debug_aranges
                0x00001090       0x30 .\CortexM3\ARM_GCC_541\Debug\AY1920_II_HW_FINAL_CARZANIGA_GUALNIERA.a(ADC_DELSIG_AMux.o)
 .debug_aranges
                0x000010c0       0x70 .\CortexM3\ARM_GCC_541\Debug\AY1920_II_HW_FINAL_CARZANIGA_GUALNIERA.a(ADC_DELSIG_Ext_CP_Clk.o)
 .debug_aranges
                0x00001130       0x80 .\CortexM3\ARM_GCC_541\Debug\AY1920_II_HW_FINAL_CARZANIGA_GUALNIERA.a(ADC_DELSIG_theACLK.o)
 .debug_aranges
                0x000011b0       0x20 .\CortexM3\ARM_GCC_541\Debug\AY1920_II_HW_FINAL_CARZANIGA_GUALNIERA.a(CyBootAsmGnu.o)
 .debug_aranges
                0x000011d0       0x88 .\CortexM3\ARM_GCC_541\Debug\AY1920_II_HW_FINAL_CARZANIGA_GUALNIERA.a(CyFlash.o)
 .debug_aranges
                0x00001258       0x80 .\CortexM3\ARM_GCC_541\Debug\AY1920_II_HW_FINAL_CARZANIGA_GUALNIERA.a(CySpc.o)

.debug_pubnames
 *(.debug_pubnames)

.debug_info     0x00000000     0xac2f
 *(.debug_info .gnu.linkonce.wi.*)
 .debug_info    0x00000000      0x490 .\CortexM3\ARM_GCC_541\Debug\main.o
 .debug_info    0x00000490      0x262 .\CortexM3\ARM_GCC_541\Debug\InterruptRoutines.o
 .debug_info    0x000006f2      0x678 .\CortexM3\ARM_GCC_541\Debug\SPI_Interface.o
 .debug_info    0x00000d6a      0x7ee .\CortexM3\ARM_GCC_541\Debug\25LC256.o
 .debug_info    0x00001558      0x3b3 .\CortexM3\ARM_GCC_541\Debug\LED_Driver.o
 .debug_info    0x0000190b      0xe82 .\CortexM3\ARM_GCC_541\Debug\LIS3DH.o
 .debug_info    0x0000278d      0x21a .\CortexM3\ARM_GCC_541\Debug\Notifications.o
 .debug_info    0x000029a7      0x29b .\CortexM3\ARM_GCC_541\Debug\LogUtils.o
 .debug_info    0x00002c42      0x6b4 .\CortexM3\ARM_GCC_541\Debug\cyfitter_cfg.o
 .debug_info    0x000032f6      0x139 .\CortexM3\ARM_GCC_541\Debug\cymetadata.o
 .debug_info    0x0000342f      0x3bb .\CortexM3\ARM_GCC_541\Debug\Cm3Start.o
 .debug_info    0x000037ea      0x2d2 .\CortexM3\ARM_GCC_541\Debug\AY1920_II_HW_FINAL_CARZANIGA_GUALNIERA.a(ISR_CONFIG.o)
 .debug_info    0x00003abc      0x383 .\CortexM3\ARM_GCC_541\Debug\AY1920_II_HW_FINAL_CARZANIGA_GUALNIERA.a(PWM_RG.o)
 .debug_info    0x00003e3f      0x334 .\CortexM3\ARM_GCC_541\Debug\AY1920_II_HW_FINAL_CARZANIGA_GUALNIERA.a(PWM_B.o)
 .debug_info    0x00004173      0x2d2 .\CortexM3\ARM_GCC_541\Debug\AY1920_II_HW_FINAL_CARZANIGA_GUALNIERA.a(ISR_START.o)
 .debug_info    0x00004445      0x60c .\CortexM3\ARM_GCC_541\Debug\AY1920_II_HW_FINAL_CARZANIGA_GUALNIERA.a(UART.o)
 .debug_info    0x00004a51      0x283 .\CortexM3\ARM_GCC_541\Debug\AY1920_II_HW_FINAL_CARZANIGA_GUALNIERA.a(UART_IntClock.o)
 .debug_info    0x00004cd4     0x1374 .\CortexM3\ARM_GCC_541\Debug\AY1920_II_HW_FINAL_CARZANIGA_GUALNIERA.a(CyLib.o)
 .debug_info    0x00006048      0xa2a .\CortexM3\ARM_GCC_541\Debug\AY1920_II_HW_FINAL_CARZANIGA_GUALNIERA.a(cyPm.o)
 .debug_info    0x00006a72      0x293 .\CortexM3\ARM_GCC_541\Debug\AY1920_II_HW_FINAL_CARZANIGA_GUALNIERA.a(BUTTON_TIMER.o)
 .debug_info    0x00006d05      0x11f .\CortexM3\ARM_GCC_541\Debug\AY1920_II_HW_FINAL_CARZANIGA_GUALNIERA.a(CS_IMU.o)
 .debug_info    0x00006e24      0x11f .\CortexM3\ARM_GCC_541\Debug\AY1920_II_HW_FINAL_CARZANIGA_GUALNIERA.a(CS_EEPROM.o)
 .debug_info    0x00006f43      0x334 .\CortexM3\ARM_GCC_541\Debug\AY1920_II_HW_FINAL_CARZANIGA_GUALNIERA.a(PWM_NOTIFY.o)
 .debug_info    0x00007277      0x2d1 .\CortexM3\ARM_GCC_541\Debug\AY1920_II_HW_FINAL_CARZANIGA_GUALNIERA.a(CLICK_TIMER.o)
 .debug_info    0x00007548      0x709 .\CortexM3\ARM_GCC_541\Debug\AY1920_II_HW_FINAL_CARZANIGA_GUALNIERA.a(SPIM_IMU.o)
 .debug_info    0x00007c51      0x18d .\CortexM3\ARM_GCC_541\Debug\AY1920_II_HW_FINAL_CARZANIGA_GUALNIERA.a(SPIM_IMU_INT.o)
 .debug_info    0x00007dde      0x709 .\CortexM3\ARM_GCC_541\Debug\AY1920_II_HW_FINAL_CARZANIGA_GUALNIERA.a(SPIM_EEPROM.o)
 .debug_info    0x000084e7      0x18d .\CortexM3\ARM_GCC_541\Debug\AY1920_II_HW_FINAL_CARZANIGA_GUALNIERA.a(SPIM_EEPROM_INT.o)
 .debug_info    0x00008674      0x283 .\CortexM3\ARM_GCC_541\Debug\AY1920_II_HW_FINAL_CARZANIGA_GUALNIERA.a(SPIM_IMU_IntClock.o)
 .debug_info    0x000088f7      0x283 .\CortexM3\ARM_GCC_541\Debug\AY1920_II_HW_FINAL_CARZANIGA_GUALNIERA.a(SPIM_EEPROM_IntClock.o)
 .debug_info    0x00008b7a      0x293 .\CortexM3\ARM_GCC_541\Debug\AY1920_II_HW_FINAL_CARZANIGA_GUALNIERA.a(MAIN_TIMER.o)
 .debug_info    0x00008e0d      0xa1c .\CortexM3\ARM_GCC_541\Debug\AY1920_II_HW_FINAL_CARZANIGA_GUALNIERA.a(ADC_DELSIG.o)
 .debug_info    0x00009829       0xd3 .\CortexM3\ARM_GCC_541\Debug\AY1920_II_HW_FINAL_CARZANIGA_GUALNIERA.a(ADC_DELSIG_INT.o)
 .debug_info    0x000098fc      0x165 .\CortexM3\ARM_GCC_541\Debug\AY1920_II_HW_FINAL_CARZANIGA_GUALNIERA.a(ADC_DELSIG_AMux.o)
 .debug_info    0x00009a61      0x283 .\CortexM3\ARM_GCC_541\Debug\AY1920_II_HW_FINAL_CARZANIGA_GUALNIERA.a(ADC_DELSIG_Ext_CP_Clk.o)
 .debug_info    0x00009ce4      0x2c4 .\CortexM3\ARM_GCC_541\Debug\AY1920_II_HW_FINAL_CARZANIGA_GUALNIERA.a(ADC_DELSIG_theACLK.o)
 .debug_info    0x00009fa8       0xea .\CortexM3\ARM_GCC_541\Debug\AY1920_II_HW_FINAL_CARZANIGA_GUALNIERA.a(CyBootAsmGnu.o)
 .debug_info    0x0000a092      0x64d .\CortexM3\ARM_GCC_541\Debug\AY1920_II_HW_FINAL_CARZANIGA_GUALNIERA.a(CyFlash.o)
 .debug_info    0x0000a6df      0x550 .\CortexM3\ARM_GCC_541\Debug\AY1920_II_HW_FINAL_CARZANIGA_GUALNIERA.a(CySpc.o)

.debug_abbrev   0x00000000     0x2f5f
 *(.debug_abbrev)
 .debug_abbrev  0x00000000      0x11f .\CortexM3\ARM_GCC_541\Debug\main.o
 .debug_abbrev  0x0000011f       0xdf .\CortexM3\ARM_GCC_541\Debug\InterruptRoutines.o
 .debug_abbrev  0x000001fe      0x134 .\CortexM3\ARM_GCC_541\Debug\SPI_Interface.o
 .debug_abbrev  0x00000332      0x1ba .\CortexM3\ARM_GCC_541\Debug\25LC256.o
 .debug_abbrev  0x000004ec      0x15c .\CortexM3\ARM_GCC_541\Debug\LED_Driver.o
 .debug_abbrev  0x00000648      0x1c0 .\CortexM3\ARM_GCC_541\Debug\LIS3DH.o
 .debug_abbrev  0x00000808      0x101 .\CortexM3\ARM_GCC_541\Debug\Notifications.o
 .debug_abbrev  0x00000909      0x16c .\CortexM3\ARM_GCC_541\Debug\LogUtils.o
 .debug_abbrev  0x00000a75      0x22d .\CortexM3\ARM_GCC_541\Debug\cyfitter_cfg.o
 .debug_abbrev  0x00000ca2       0x77 .\CortexM3\ARM_GCC_541\Debug\cymetadata.o
 .debug_abbrev  0x00000d19      0x1e8 .\CortexM3\ARM_GCC_541\Debug\Cm3Start.o
 .debug_abbrev  0x00000f01      0x173 .\CortexM3\ARM_GCC_541\Debug\AY1920_II_HW_FINAL_CARZANIGA_GUALNIERA.a(ISR_CONFIG.o)
 .debug_abbrev  0x00001074      0x133 .\CortexM3\ARM_GCC_541\Debug\AY1920_II_HW_FINAL_CARZANIGA_GUALNIERA.a(PWM_RG.o)
 .debug_abbrev  0x000011a7      0x133 .\CortexM3\ARM_GCC_541\Debug\AY1920_II_HW_FINAL_CARZANIGA_GUALNIERA.a(PWM_B.o)
 .debug_abbrev  0x000012da      0x173 .\CortexM3\ARM_GCC_541\Debug\AY1920_II_HW_FINAL_CARZANIGA_GUALNIERA.a(ISR_START.o)
 .debug_abbrev  0x0000144d      0x175 .\CortexM3\ARM_GCC_541\Debug\AY1920_II_HW_FINAL_CARZANIGA_GUALNIERA.a(UART.o)
 .debug_abbrev  0x000015c2      0x139 .\CortexM3\ARM_GCC_541\Debug\AY1920_II_HW_FINAL_CARZANIGA_GUALNIERA.a(UART_IntClock.o)
 .debug_abbrev  0x000016fb      0x254 .\CortexM3\ARM_GCC_541\Debug\AY1920_II_HW_FINAL_CARZANIGA_GUALNIERA.a(CyLib.o)
 .debug_abbrev  0x0000194f      0x1ab .\CortexM3\ARM_GCC_541\Debug\AY1920_II_HW_FINAL_CARZANIGA_GUALNIERA.a(cyPm.o)
 .debug_abbrev  0x00001afa      0x11a .\CortexM3\ARM_GCC_541\Debug\AY1920_II_HW_FINAL_CARZANIGA_GUALNIERA.a(BUTTON_TIMER.o)
 .debug_abbrev  0x00001c14       0x90 .\CortexM3\ARM_GCC_541\Debug\AY1920_II_HW_FINAL_CARZANIGA_GUALNIERA.a(CS_IMU.o)
 .debug_abbrev  0x00001ca4       0x90 .\CortexM3\ARM_GCC_541\Debug\AY1920_II_HW_FINAL_CARZANIGA_GUALNIERA.a(CS_EEPROM.o)
 .debug_abbrev  0x00001d34      0x133 .\CortexM3\ARM_GCC_541\Debug\AY1920_II_HW_FINAL_CARZANIGA_GUALNIERA.a(PWM_NOTIFY.o)
 .debug_abbrev  0x00001e67      0x12b .\CortexM3\ARM_GCC_541\Debug\AY1920_II_HW_FINAL_CARZANIGA_GUALNIERA.a(CLICK_TIMER.o)
 .debug_abbrev  0x00001f92      0x162 .\CortexM3\ARM_GCC_541\Debug\AY1920_II_HW_FINAL_CARZANIGA_GUALNIERA.a(SPIM_IMU.o)
 .debug_abbrev  0x000020f4       0x8a .\CortexM3\ARM_GCC_541\Debug\AY1920_II_HW_FINAL_CARZANIGA_GUALNIERA.a(SPIM_IMU_INT.o)
 .debug_abbrev  0x0000217e      0x162 .\CortexM3\ARM_GCC_541\Debug\AY1920_II_HW_FINAL_CARZANIGA_GUALNIERA.a(SPIM_EEPROM.o)
 .debug_abbrev  0x000022e0       0x8a .\CortexM3\ARM_GCC_541\Debug\AY1920_II_HW_FINAL_CARZANIGA_GUALNIERA.a(SPIM_EEPROM_INT.o)
 .debug_abbrev  0x0000236a      0x139 .\CortexM3\ARM_GCC_541\Debug\AY1920_II_HW_FINAL_CARZANIGA_GUALNIERA.a(SPIM_IMU_IntClock.o)
 .debug_abbrev  0x000024a3      0x139 .\CortexM3\ARM_GCC_541\Debug\AY1920_II_HW_FINAL_CARZANIGA_GUALNIERA.a(SPIM_EEPROM_IntClock.o)
 .debug_abbrev  0x000025dc      0x11a .\CortexM3\ARM_GCC_541\Debug\AY1920_II_HW_FINAL_CARZANIGA_GUALNIERA.a(MAIN_TIMER.o)
 .debug_abbrev  0x000026f6      0x1cd .\CortexM3\ARM_GCC_541\Debug\AY1920_II_HW_FINAL_CARZANIGA_GUALNIERA.a(ADC_DELSIG.o)
 .debug_abbrev  0x000028c3       0x42 .\CortexM3\ARM_GCC_541\Debug\AY1920_II_HW_FINAL_CARZANIGA_GUALNIERA.a(ADC_DELSIG_INT.o)
 .debug_abbrev  0x00002905       0xb1 .\CortexM3\ARM_GCC_541\Debug\AY1920_II_HW_FINAL_CARZANIGA_GUALNIERA.a(ADC_DELSIG_AMux.o)
 .debug_abbrev  0x000029b6      0x139 .\CortexM3\ARM_GCC_541\Debug\AY1920_II_HW_FINAL_CARZANIGA_GUALNIERA.a(ADC_DELSIG_Ext_CP_Clk.o)
 .debug_abbrev  0x00002aef      0x121 .\CortexM3\ARM_GCC_541\Debug\AY1920_II_HW_FINAL_CARZANIGA_GUALNIERA.a(ADC_DELSIG_theACLK.o)
 .debug_abbrev  0x00002c10       0x14 .\CortexM3\ARM_GCC_541\Debug\AY1920_II_HW_FINAL_CARZANIGA_GUALNIERA.a(CyBootAsmGnu.o)
 .debug_abbrev  0x00002c24      0x1a7 .\CortexM3\ARM_GCC_541\Debug\AY1920_II_HW_FINAL_CARZANIGA_GUALNIERA.a(CyFlash.o)
 .debug_abbrev  0x00002dcb      0x194 .\CortexM3\ARM_GCC_541\Debug\AY1920_II_HW_FINAL_CARZANIGA_GUALNIERA.a(CySpc.o)

.debug_line     0x00000000     0x4b79
 *(.debug_line)
 .debug_line    0x00000000      0x2c9 .\CortexM3\ARM_GCC_541\Debug\main.o
 .debug_line    0x000002c9      0x1e1 .\CortexM3\ARM_GCC_541\Debug\InterruptRoutines.o
 .debug_line    0x000004aa      0x293 .\CortexM3\ARM_GCC_541\Debug\SPI_Interface.o
 .debug_line    0x0000073d      0x2e5 .\CortexM3\ARM_GCC_541\Debug\25LC256.o
 .debug_line    0x00000a22      0x256 .\CortexM3\ARM_GCC_541\Debug\LED_Driver.o
 .debug_line    0x00000c78      0x335 .\CortexM3\ARM_GCC_541\Debug\LIS3DH.o
 .debug_line    0x00000fad      0x1d1 .\CortexM3\ARM_GCC_541\Debug\Notifications.o
 .debug_line    0x0000117e      0x1b5 .\CortexM3\ARM_GCC_541\Debug\LogUtils.o
 .debug_line    0x00001333      0x22f .\CortexM3\ARM_GCC_541\Debug\cyfitter_cfg.o
 .debug_line    0x00001562      0x141 .\CortexM3\ARM_GCC_541\Debug\cymetadata.o
 .debug_line    0x000016a3      0x234 .\CortexM3\ARM_GCC_541\Debug\Cm3Start.o
 .debug_line    0x000018d7      0x137 .\CortexM3\ARM_GCC_541\Debug\AY1920_II_HW_FINAL_CARZANIGA_GUALNIERA.a(ISR_CONFIG.o)
 .debug_line    0x00001a0e      0x1aa .\CortexM3\ARM_GCC_541\Debug\AY1920_II_HW_FINAL_CARZANIGA_GUALNIERA.a(PWM_RG.o)
 .debug_line    0x00001bb8      0x185 .\CortexM3\ARM_GCC_541\Debug\AY1920_II_HW_FINAL_CARZANIGA_GUALNIERA.a(PWM_B.o)
 .debug_line    0x00001d3d      0x136 .\CortexM3\ARM_GCC_541\Debug\AY1920_II_HW_FINAL_CARZANIGA_GUALNIERA.a(ISR_START.o)
 .debug_line    0x00001e73      0x2bc .\CortexM3\ARM_GCC_541\Debug\AY1920_II_HW_FINAL_CARZANIGA_GUALNIERA.a(UART.o)
 .debug_line    0x0000212f      0x17c .\CortexM3\ARM_GCC_541\Debug\AY1920_II_HW_FINAL_CARZANIGA_GUALNIERA.a(UART_IntClock.o)
 .debug_line    0x000022ab      0x816 .\CortexM3\ARM_GCC_541\Debug\AY1920_II_HW_FINAL_CARZANIGA_GUALNIERA.a(CyLib.o)
 .debug_line    0x00002ac1      0x367 .\CortexM3\ARM_GCC_541\Debug\AY1920_II_HW_FINAL_CARZANIGA_GUALNIERA.a(cyPm.o)
 .debug_line    0x00002e28      0x160 .\CortexM3\ARM_GCC_541\Debug\AY1920_II_HW_FINAL_CARZANIGA_GUALNIERA.a(BUTTON_TIMER.o)
 .debug_line    0x00002f88       0x93 .\CortexM3\ARM_GCC_541\Debug\AY1920_II_HW_FINAL_CARZANIGA_GUALNIERA.a(CS_IMU.o)
 .debug_line    0x0000301b       0x96 .\CortexM3\ARM_GCC_541\Debug\AY1920_II_HW_FINAL_CARZANIGA_GUALNIERA.a(CS_EEPROM.o)
 .debug_line    0x000030b1      0x18a .\CortexM3\ARM_GCC_541\Debug\AY1920_II_HW_FINAL_CARZANIGA_GUALNIERA.a(PWM_NOTIFY.o)
 .debug_line    0x0000323b      0x176 .\CortexM3\ARM_GCC_541\Debug\AY1920_II_HW_FINAL_CARZANIGA_GUALNIERA.a(CLICK_TIMER.o)
 .debug_line    0x000033b1      0x2a2 .\CortexM3\ARM_GCC_541\Debug\AY1920_II_HW_FINAL_CARZANIGA_GUALNIERA.a(SPIM_IMU.o)
 .debug_line    0x00003653       0xae .\CortexM3\ARM_GCC_541\Debug\AY1920_II_HW_FINAL_CARZANIGA_GUALNIERA.a(SPIM_IMU_INT.o)
 .debug_line    0x00003701      0x2a8 .\CortexM3\ARM_GCC_541\Debug\AY1920_II_HW_FINAL_CARZANIGA_GUALNIERA.a(SPIM_EEPROM.o)
 .debug_line    0x000039a9       0xb4 .\CortexM3\ARM_GCC_541\Debug\AY1920_II_HW_FINAL_CARZANIGA_GUALNIERA.a(SPIM_EEPROM_INT.o)
 .debug_line    0x00003a5d      0x180 .\CortexM3\ARM_GCC_541\Debug\AY1920_II_HW_FINAL_CARZANIGA_GUALNIERA.a(SPIM_IMU_IntClock.o)
 .debug_line    0x00003bdd      0x183 .\CortexM3\ARM_GCC_541\Debug\AY1920_II_HW_FINAL_CARZANIGA_GUALNIERA.a(SPIM_EEPROM_IntClock.o)
 .debug_line    0x00003d60      0x158 .\CortexM3\ARM_GCC_541\Debug\AY1920_II_HW_FINAL_CARZANIGA_GUALNIERA.a(MAIN_TIMER.o)
 .debug_line    0x00003eb8      0x37f .\CortexM3\ARM_GCC_541\Debug\AY1920_II_HW_FINAL_CARZANIGA_GUALNIERA.a(ADC_DELSIG.o)
 .debug_line    0x00004237       0x87 .\CortexM3\ARM_GCC_541\Debug\AY1920_II_HW_FINAL_CARZANIGA_GUALNIERA.a(ADC_DELSIG_INT.o)
 .debug_line    0x000042be       0xb3 .\CortexM3\ARM_GCC_541\Debug\AY1920_II_HW_FINAL_CARZANIGA_GUALNIERA.a(ADC_DELSIG_AMux.o)
 .debug_line    0x00004371      0x184 .\CortexM3\ARM_GCC_541\Debug\AY1920_II_HW_FINAL_CARZANIGA_GUALNIERA.a(ADC_DELSIG_Ext_CP_Clk.o)
 .debug_line    0x000044f5      0x1a4 .\CortexM3\ARM_GCC_541\Debug\AY1920_II_HW_FINAL_CARZANIGA_GUALNIERA.a(ADC_DELSIG_theACLK.o)
 .debug_line    0x00004699       0x66 .\CortexM3\ARM_GCC_541\Debug\AY1920_II_HW_FINAL_CARZANIGA_GUALNIERA.a(CyBootAsmGnu.o)
 .debug_line    0x000046ff      0x21a .\CortexM3\ARM_GCC_541\Debug\AY1920_II_HW_FINAL_CARZANIGA_GUALNIERA.a(CyFlash.o)
 .debug_line    0x00004919      0x260 .\CortexM3\ARM_GCC_541\Debug\AY1920_II_HW_FINAL_CARZANIGA_GUALNIERA.a(CySpc.o)

.debug_frame    0x00000000     0x313c
 *(.debug_frame)
 .debug_frame   0x00000000       0x30 .\CortexM3\ARM_GCC_541\Debug\main.o
 .debug_frame   0x00000030       0x58 .\CortexM3\ARM_GCC_541\Debug\InterruptRoutines.o
 .debug_frame   0x00000088       0xe0 .\CortexM3\ARM_GCC_541\Debug\SPI_Interface.o
 .debug_frame   0x00000168      0x22c .\CortexM3\ARM_GCC_541\Debug\25LC256.o
 .debug_frame   0x00000394       0xe0 .\CortexM3\ARM_GCC_541\Debug\LED_Driver.o
 .debug_frame   0x00000474      0x12c .\CortexM3\ARM_GCC_541\Debug\LIS3DH.o
 .debug_frame   0x000005a0       0x80 .\CortexM3\ARM_GCC_541\Debug\Notifications.o
 .debug_frame   0x00000620       0x74 .\CortexM3\ARM_GCC_541\Debug\LogUtils.o
 .debug_frame   0x00000694      0x104 .\CortexM3\ARM_GCC_541\Debug\cyfitter_cfg.o
 .debug_frame   0x00000798       0xb8 .\CortexM3\ARM_GCC_541\Debug\Cm3Start.o
 .debug_frame   0x00000850      0x104 .\CortexM3\ARM_GCC_541\Debug\AY1920_II_HW_FINAL_CARZANIGA_GUALNIERA.a(ISR_CONFIG.o)
 .debug_frame   0x00000954      0x154 .\CortexM3\ARM_GCC_541\Debug\AY1920_II_HW_FINAL_CARZANIGA_GUALNIERA.a(PWM_RG.o)
 .debug_frame   0x00000aa8      0x134 .\CortexM3\ARM_GCC_541\Debug\AY1920_II_HW_FINAL_CARZANIGA_GUALNIERA.a(PWM_B.o)
 .debug_frame   0x00000bdc      0x104 .\CortexM3\ARM_GCC_541\Debug\AY1920_II_HW_FINAL_CARZANIGA_GUALNIERA.a(ISR_START.o)
 .debug_frame   0x00000ce0      0x250 .\CortexM3\ARM_GCC_541\Debug\AY1920_II_HW_FINAL_CARZANIGA_GUALNIERA.a(UART.o)
 .debug_frame   0x00000f30       0xe0 .\CortexM3\ARM_GCC_541\Debug\AY1920_II_HW_FINAL_CARZANIGA_GUALNIERA.a(UART_IntClock.o)
 .debug_frame   0x00001010      0x738 .\CortexM3\ARM_GCC_541\Debug\AY1920_II_HW_FINAL_CARZANIGA_GUALNIERA.a(CyLib.o)
 .debug_frame   0x00001748      0x1f8 .\CortexM3\ARM_GCC_541\Debug\AY1920_II_HW_FINAL_CARZANIGA_GUALNIERA.a(cyPm.o)
 .debug_frame   0x00001940      0x108 .\CortexM3\ARM_GCC_541\Debug\AY1920_II_HW_FINAL_CARZANIGA_GUALNIERA.a(BUTTON_TIMER.o)
 .debug_frame   0x00001a48       0x50 .\CortexM3\ARM_GCC_541\Debug\AY1920_II_HW_FINAL_CARZANIGA_GUALNIERA.a(CS_IMU.o)
 .debug_frame   0x00001a98       0x50 .\CortexM3\ARM_GCC_541\Debug\AY1920_II_HW_FINAL_CARZANIGA_GUALNIERA.a(CS_EEPROM.o)
 .debug_frame   0x00001ae8      0x134 .\CortexM3\ARM_GCC_541\Debug\AY1920_II_HW_FINAL_CARZANIGA_GUALNIERA.a(PWM_NOTIFY.o)
 .debug_frame   0x00001c1c      0x124 .\CortexM3\ARM_GCC_541\Debug\AY1920_II_HW_FINAL_CARZANIGA_GUALNIERA.a(CLICK_TIMER.o)
 .debug_frame   0x00001d40      0x264 .\CortexM3\ARM_GCC_541\Debug\AY1920_II_HW_FINAL_CARZANIGA_GUALNIERA.a(SPIM_IMU.o)
 .debug_frame   0x00001fa4       0x30 .\CortexM3\ARM_GCC_541\Debug\AY1920_II_HW_FINAL_CARZANIGA_GUALNIERA.a(SPIM_IMU_INT.o)
 .debug_frame   0x00001fd4      0x260 .\CortexM3\ARM_GCC_541\Debug\AY1920_II_HW_FINAL_CARZANIGA_GUALNIERA.a(SPIM_EEPROM.o)
 .debug_frame   0x00002234       0x30 .\CortexM3\ARM_GCC_541\Debug\AY1920_II_HW_FINAL_CARZANIGA_GUALNIERA.a(SPIM_EEPROM_INT.o)
 .debug_frame   0x00002264       0xe0 .\CortexM3\ARM_GCC_541\Debug\AY1920_II_HW_FINAL_CARZANIGA_GUALNIERA.a(SPIM_IMU_IntClock.o)
 .debug_frame   0x00002344       0xe0 .\CortexM3\ARM_GCC_541\Debug\AY1920_II_HW_FINAL_CARZANIGA_GUALNIERA.a(SPIM_EEPROM_IntClock.o)
 .debug_frame   0x00002424      0x108 .\CortexM3\ARM_GCC_541\Debug\AY1920_II_HW_FINAL_CARZANIGA_GUALNIERA.a(MAIN_TIMER.o)
 .debug_frame   0x0000252c      0x284 .\CortexM3\ARM_GCC_541\Debug\AY1920_II_HW_FINAL_CARZANIGA_GUALNIERA.a(ADC_DELSIG.o)
 .debug_frame   0x000027b0       0x50 .\CortexM3\ARM_GCC_541\Debug\AY1920_II_HW_FINAL_CARZANIGA_GUALNIERA.a(ADC_DELSIG_INT.o)
 .debug_frame   0x00002800       0x64 .\CortexM3\ARM_GCC_541\Debug\AY1920_II_HW_FINAL_CARZANIGA_GUALNIERA.a(ADC_DELSIG_AMux.o)
 .debug_frame   0x00002864       0xe0 .\CortexM3\ARM_GCC_541\Debug\AY1920_II_HW_FINAL_CARZANIGA_GUALNIERA.a(ADC_DELSIG_Ext_CP_Clk.o)
 .debug_frame   0x00002944      0x100 .\CortexM3\ARM_GCC_541\Debug\AY1920_II_HW_FINAL_CARZANIGA_GUALNIERA.a(ADC_DELSIG_theACLK.o)
 .debug_frame   0x00002a44      0x194 .\CortexM3\ARM_GCC_541\Debug\AY1920_II_HW_FINAL_CARZANIGA_GUALNIERA.a(CyFlash.o)
 .debug_frame   0x00002bd8      0x180 .\CortexM3\ARM_GCC_541\Debug\AY1920_II_HW_FINAL_CARZANIGA_GUALNIERA.a(CySpc.o)
 .debug_frame   0x00002d58       0x20 c:/program files (x86)/cypress/psoc creator/4.3/psoc creator/import/gnu/arm/5.4.1/bin/../lib/gcc/arm-none-eabi/5.4.1/../../../../arm-none-eabi/lib/armv7-m\libg_nano.a(lib_a-errno.o)
 .debug_frame   0x00002d78       0x28 c:/program files (x86)/cypress/psoc creator/4.3/psoc creator/import/gnu/arm/5.4.1/bin/../lib/gcc/arm-none-eabi/5.4.1/../../../../arm-none-eabi/lib/armv7-m\libg_nano.a(lib_a-exit.o)
 .debug_frame   0x00002da0       0x2c c:/program files (x86)/cypress/psoc creator/4.3/psoc creator/import/gnu/arm/5.4.1/bin/../lib/gcc/arm-none-eabi/5.4.1/../../../../arm-none-eabi/lib/armv7-m\libg_nano.a(lib_a-init.o)
 .debug_frame   0x00002dcc       0x28 c:/program files (x86)/cypress/psoc creator/4.3/psoc creator/import/gnu/arm/5.4.1/bin/../lib/gcc/arm-none-eabi/5.4.1/../../../../arm-none-eabi/lib/armv7-m\libg_nano.a(lib_a-memcpy-stub.o)
 .debug_frame   0x00002df4       0x20 c:/program files (x86)/cypress/psoc creator/4.3/psoc creator/import/gnu/arm/5.4.1/bin/../lib/gcc/arm-none-eabi/5.4.1/../../../../arm-none-eabi/lib/armv7-m\libg_nano.a(lib_a-memset.o)
 .debug_frame   0x00002e14       0x70 c:/program files (x86)/cypress/psoc creator/4.3/psoc creator/import/gnu/arm/5.4.1/bin/../lib/gcc/arm-none-eabi/5.4.1/../../../../arm-none-eabi/lib/armv7-m\libg_nano.a(lib_a-sprintf.o)
 .debug_frame   0x00002e84       0x90 c:/program files (x86)/cypress/psoc creator/4.3/psoc creator/import/gnu/arm/5.4.1/bin/../lib/gcc/arm-none-eabi/5.4.1/../../../../arm-none-eabi/lib/armv7-m\libg_nano.a(lib_a-nano-svfprintf.o)
 .debug_frame   0x00002f14       0x60 c:/program files (x86)/cypress/psoc creator/4.3/psoc creator/import/gnu/arm/5.4.1/bin/../lib/gcc/arm-none-eabi/5.4.1/../../../../arm-none-eabi/lib/armv7-m\libg_nano.a(lib_a-nano-vfprintf_i.o)
 .debug_frame   0x00002f74       0x28 c:/program files (x86)/cypress/psoc creator/4.3/psoc creator/import/gnu/arm/5.4.1/bin/../lib/gcc/arm-none-eabi/5.4.1/../../../../arm-none-eabi/lib/armv7-m\libg_nano.a(lib_a-memchr-stub.o)
 .debug_frame   0x00002f9c       0x28 c:/program files (x86)/cypress/psoc creator/4.3/psoc creator/import/gnu/arm/5.4.1/bin/../lib/gcc/arm-none-eabi/5.4.1/../../../../arm-none-eabi/lib/armv7-m\libg_nano.a(lib_a-memmove.o)
 .debug_frame   0x00002fc4       0x38 c:/program files (x86)/cypress/psoc creator/4.3/psoc creator/import/gnu/arm/5.4.1/bin/../lib/gcc/arm-none-eabi/5.4.1/../../../../arm-none-eabi/lib/armv7-m\libg_nano.a(lib_a-nano-freer.o)
 .debug_frame   0x00002ffc       0x2c c:/program files (x86)/cypress/psoc creator/4.3/psoc creator/import/gnu/arm/5.4.1/bin/../lib/gcc/arm-none-eabi/5.4.1/../../../../arm-none-eabi/lib/armv7-m\libg_nano.a(lib_a-nano-mallocr.o)
 .debug_frame   0x00003028       0x3c c:/program files (x86)/cypress/psoc creator/4.3/psoc creator/import/gnu/arm/5.4.1/bin/../lib/gcc/arm-none-eabi/5.4.1/../../../../arm-none-eabi/lib/armv7-m\libg_nano.a(lib_a-nano-reallocr.o)
 .debug_frame   0x00003064       0x2c c:/program files (x86)/cypress/psoc creator/4.3/psoc creator/import/gnu/arm/5.4.1/bin/../lib/gcc/arm-none-eabi/5.4.1/../../../../arm-none-eabi/lib/armv7-m\libg_nano.a(lib_a-sbrkr.o)
 .debug_frame   0x00003090       0x30 c:/program files (x86)/cypress/psoc creator/4.3/psoc creator/import/gnu/arm/5.4.1/bin/../lib/gcc/arm-none-eabi/5.4.1/../../../../arm-none-eabi/lib/armv7-m\libg_nano.a(lib_a-mlock.o)
 .debug_frame   0x000030c0       0x20 c:/program files (x86)/cypress/psoc creator/4.3/psoc creator/import/gnu/arm/5.4.1/bin/../lib/gcc/arm-none-eabi/5.4.1/../../../../arm-none-eabi/lib/armv7-m\libg_nano.a(lib_a-nano-msizer.o)
 .debug_frame   0x000030e0       0x5c c:/program files (x86)/cypress/psoc creator/4.3/psoc creator/import/gnu/arm/5.4.1/bin/../lib/gcc/arm-none-eabi/5.4.1/../../../../arm-none-eabi/lib/armv7-m\libg_nano.a(lib_a-reent.o)

.debug_str      0x00000000     0x3e1e
 *(.debug_str)
 .debug_str     0x00000000      0x400 .\CortexM3\ARM_GCC_541\Debug\main.o
                                0x459 (size before relaxing)
 .debug_str     0x00000400       0xdf .\CortexM3\ARM_GCC_541\Debug\InterruptRoutines.o
                                0x35b (size before relaxing)
 .debug_str     0x000004df      0x261 .\CortexM3\ARM_GCC_541\Debug\SPI_Interface.o
                                0x479 (size before relaxing)
 .debug_str     0x00000740      0x167 .\CortexM3\ARM_GCC_541\Debug\25LC256.o
                                0x4b0 (size before relaxing)
 .debug_str     0x000008a7       0xec .\CortexM3\ARM_GCC_541\Debug\LED_Driver.o
                                0x33c (size before relaxing)
 .debug_str     0x00000993       0xee .\CortexM3\ARM_GCC_541\Debug\LIS3DH.o
                                0x3f6 (size before relaxing)
 .debug_str     0x00000a81       0x8a .\CortexM3\ARM_GCC_541\Debug\Notifications.o
                                0x2ef (size before relaxing)
 .debug_str     0x00000b0b       0x5a .\CortexM3\ARM_GCC_541\Debug\LogUtils.o
                                0x2c2 (size before relaxing)
 .debug_str     0x00000b65      0x20b .\CortexM3\ARM_GCC_541\Debug\cyfitter_cfg.o
                                0x406 (size before relaxing)
 .debug_str     0x00000d70       0x75 .\CortexM3\ARM_GCC_541\Debug\cymetadata.o
                                0x23e (size before relaxing)
 .debug_str     0x00000de5      0x144 .\CortexM3\ARM_GCC_541\Debug\Cm3Start.o
                                0x364 (size before relaxing)
 .debug_str     0x00000f29      0x131 .\CortexM3\ARM_GCC_541\Debug\AY1920_II_HW_FINAL_CARZANIGA_GUALNIERA.a(ISR_CONFIG.o)
                                0x346 (size before relaxing)
 .debug_str     0x0000105a      0x1c1 .\CortexM3\ARM_GCC_541\Debug\AY1920_II_HW_FINAL_CARZANIGA_GUALNIERA.a(PWM_RG.o)
                                0x3e9 (size before relaxing)
 .debug_str     0x0000121b      0x13b .\CortexM3\ARM_GCC_541\Debug\AY1920_II_HW_FINAL_CARZANIGA_GUALNIERA.a(PWM_B.o)
                                0x3ab (size before relaxing)
 .debug_str     0x00001356      0x10c .\CortexM3\ARM_GCC_541\Debug\AY1920_II_HW_FINAL_CARZANIGA_GUALNIERA.a(ISR_START.o)
                                0x338 (size before relaxing)
 .debug_str     0x00001462      0x277 .\CortexM3\ARM_GCC_541\Debug\AY1920_II_HW_FINAL_CARZANIGA_GUALNIERA.a(UART.o)
                                0x4cf (size before relaxing)
 .debug_str     0x000016d9      0x183 .\CortexM3\ARM_GCC_541\Debug\AY1920_II_HW_FINAL_CARZANIGA_GUALNIERA.a(UART_IntClock.o)
                                0x390 (size before relaxing)
 .debug_str     0x0000185c      0x7e3 .\CortexM3\ARM_GCC_541\Debug\AY1920_II_HW_FINAL_CARZANIGA_GUALNIERA.a(CyLib.o)
                                0xaa1 (size before relaxing)
 .debug_str     0x0000203f      0x365 .\CortexM3\ARM_GCC_541\Debug\AY1920_II_HW_FINAL_CARZANIGA_GUALNIERA.a(cyPm.o)
                                0x78d (size before relaxing)
 .debug_str     0x000023a4      0x19a .\CortexM3\ARM_GCC_541\Debug\AY1920_II_HW_FINAL_CARZANIGA_GUALNIERA.a(BUTTON_TIMER.o)
                                0x3bf (size before relaxing)
 .debug_str     0x0000253e       0x5e .\CortexM3\ARM_GCC_541\Debug\AY1920_II_HW_FINAL_CARZANIGA_GUALNIERA.a(CS_IMU.o)
                                0x241 (size before relaxing)
 .debug_str     0x0000259c       0x5f .\CortexM3\ARM_GCC_541\Debug\AY1920_II_HW_FINAL_CARZANIGA_GUALNIERA.a(CS_EEPROM.o)
                                0x250 (size before relaxing)