Archive member included to satisfy reference by file (symbol)

.\CortexM3\ARM_GCC_541\Debug\AY1920_II_HW_FINAL_CARZANIGA_GUALNIERA.a(ISR_CONFIG.o)
                              .\CortexM3\ARM_GCC_541\Debug\main.o (ISR_CONFIG_StartEx)
.\CortexM3\ARM_GCC_541\Debug\AY1920_II_HW_FINAL_CARZANIGA_GUALNIERA.a(PWM_RG.o)
                              .\CortexM3\ARM_GCC_541\Debug\RGB_Driver.o (PWM_RG_WriteCompare1)
.\CortexM3\ARM_GCC_541\Debug\AY1920_II_HW_FINAL_CARZANIGA_GUALNIERA.a(PWM_B.o)
                              .\CortexM3\ARM_GCC_541\Debug\RGB_Driver.o (PWM_B_WriteCompare)
.\CortexM3\ARM_GCC_541\Debug\AY1920_II_HW_FINAL_CARZANIGA_GUALNIERA.a(ISR_START.o)
                              .\CortexM3\ARM_GCC_541\Debug\main.o (ISR_START_StartEx)
.\CortexM3\ARM_GCC_541\Debug\AY1920_II_HW_FINAL_CARZANIGA_GUALNIERA.a(UART.o)
                              .\CortexM3\ARM_GCC_541\Debug\main.o (UART_Start)
.\CortexM3\ARM_GCC_541\Debug\AY1920_II_HW_FINAL_CARZANIGA_GUALNIERA.a(UART_IntClock.o)
                              .\CortexM3\ARM_GCC_541\Debug\AY1920_II_HW_FINAL_CARZANIGA_GUALNIERA.a(UART.o) (UART_IntClock_Start)
.\CortexM3\ARM_GCC_541\Debug\AY1920_II_HW_FINAL_CARZANIGA_GUALNIERA.a(CyLib.o)
                              .\CortexM3\ARM_GCC_541\Debug\Cm3Start.o (CyHalt)
.\CortexM3\ARM_GCC_541\Debug\AY1920_II_HW_FINAL_CARZANIGA_GUALNIERA.a(cyPm.o)
                              .\CortexM3\ARM_GCC_541\Debug\AY1920_II_HW_FINAL_CARZANIGA_GUALNIERA.a(CyLib.o) (CyPmReadStatus)
.\CortexM3\ARM_GCC_541\Debug\AY1920_II_HW_FINAL_CARZANIGA_GUALNIERA.a(BUTTON_TIMER.o)
                              .\CortexM3\ARM_GCC_541\Debug\main.o (BUTTON_TIMER_Start)
.\CortexM3\ARM_GCC_541\Debug\AY1920_II_HW_FINAL_CARZANIGA_GUALNIERA.a(CS_IMU.o)
                              .\CortexM3\ARM_GCC_541\Debug\SPI_Interface.o (CS_IMU_Write)
.\CortexM3\ARM_GCC_541\Debug\AY1920_II_HW_FINAL_CARZANIGA_GUALNIERA.a(CS_EEPROM.o)
                              .\CortexM3\ARM_GCC_541\Debug\SPI_Interface.o (CS_EEPROM_Write)
.\CortexM3\ARM_GCC_541\Debug\AY1920_II_HW_FINAL_CARZANIGA_GUALNIERA.a(PWM_NOTIFY.o)
                              .\CortexM3\ARM_GCC_541\Debug\Notifications.o (PWM_NOTIFY_Stop)
.\CortexM3\ARM_GCC_541\Debug\AY1920_II_HW_FINAL_CARZANIGA_GUALNIERA.a(CLICK_TIMER.o)
                              .\CortexM3\ARM_GCC_541\Debug\main.o (CLICK_TIMER_Start)
.\CortexM3\ARM_GCC_541\Debug\AY1920_II_HW_FINAL_CARZANIGA_GUALNIERA.a(ISR_IMU.o)
                              .\CortexM3\ARM_GCC_541\Debug\main.o (ISR_IMU_StartEx)
.\CortexM3\ARM_GCC_541\Debug\AY1920_II_HW_FINAL_CARZANIGA_GUALNIERA.a(SPIM_IMU.o)
                              .\CortexM3\ARM_GCC_541\Debug\SPI_Interface.o (SPIM_IMU_ReadTxStatus)
.\CortexM3\ARM_GCC_541\Debug\AY1920_II_HW_FINAL_CARZANIGA_GUALNIERA.a(SPIM_IMU_INT.o)
                              .\CortexM3\ARM_GCC_541\Debug\AY1920_II_HW_FINAL_CARZANIGA_GUALNIERA.a(SPIM_IMU.o) (SPIM_IMU_TX_ISR)
.\CortexM3\ARM_GCC_541\Debug\AY1920_II_HW_FINAL_CARZANIGA_GUALNIERA.a(SPIM_EEPROM.o)
                              .\CortexM3\ARM_GCC_541\Debug\SPI_Interface.o (SPIM_EEPROM_ReadTxStatus)
.\CortexM3\ARM_GCC_541\Debug\AY1920_II_HW_FINAL_CARZANIGA_GUALNIERA.a(SPIM_EEPROM_INT.o)
                              .\CortexM3\ARM_GCC_541\Debug\AY1920_II_HW_FINAL_CARZANIGA_GUALNIERA.a(SPIM_EEPROM.o) (SPIM_EEPROM_TX_ISR)
.\CortexM3\ARM_GCC_541\Debug\AY1920_II_HW_FINAL_CARZANIGA_GUALNIERA.a(SPIM_IMU_IntClock.o)
                              .\CortexM3\ARM_GCC_541\Debug\AY1920_II_HW_FINAL_CARZANIGA_GUALNIERA.a(SPIM_IMU.o) (SPIM_IMU_IntClock_Start)
.\CortexM3\ARM_GCC_541\Debug\AY1920_II_HW_FINAL_CARZANIGA_GUALNIERA.a(SPIM_EEPROM_IntClock.o)
                              .\CortexM3\ARM_GCC_541\Debug\AY1920_II_HW_FINAL_CARZANIGA_GUALNIERA.a(SPIM_EEPROM.o) (SPIM_EEPROM_IntClock_Start)
.\CortexM3\ARM_GCC_541\Debug\AY1920_II_HW_FINAL_CARZANIGA_GUALNIERA.a(MAIN_TIMER.o)
                              .\CortexM3\ARM_GCC_541\Debug\LogUtils.o (MAIN_TIMER_ReadCounter)
.\CortexM3\ARM_GCC_541\Debug\AY1920_II_HW_FINAL_CARZANIGA_GUALNIERA.a(ADC_DELSIG.o)
                              .\CortexM3\ARM_GCC_541\Debug\main.o (ADC_DELSIG_Start)
.\CortexM3\ARM_GCC_541\Debug\AY1920_II_HW_FINAL_CARZANIGA_GUALNIERA.a(ADC_DELSIG_INT.o)
                              .\CortexM3\ARM_GCC_541\Debug\AY1920_II_HW_FINAL_CARZANIGA_GUALNIERA.a(ADC_DELSIG.o) (ADC_DELSIG_ISR1)
.\CortexM3\ARM_GCC_541\Debug\AY1920_II_HW_FINAL_CARZANIGA_GUALNIERA.a(ADC_DELSIG_AMux.o)
                              .\CortexM3\ARM_GCC_541\Debug\AY1920_II_HW_FINAL_CARZANIGA_GUALNIERA.a(ADC_DELSIG.o) (ADC_DELSIG_AMux_Select)
.\CortexM3\ARM_GCC_541\Debug\AY1920_II_HW_FINAL_CARZANIGA_GUALNIERA.a(ADC_DELSIG_Ext_CP_Clk.o)
                              .\CortexM3\ARM_GCC_541\Debug\AY1920_II_HW_FINAL_CARZANIGA_GUALNIERA.a(ADC_DELSIG.o) (ADC_DELSIG_Ext_CP_Clk_SetModeRegister)
.\CortexM3\ARM_GCC_541\Debug\AY1920_II_HW_FINAL_CARZANIGA_GUALNIERA.a(ADC_DELSIG_theACLK.o)
[...]
Memory Configuration

Name             Origin             Length             Attributes
rom              0x00000000         0x00040000         xr
ram              0x1fff8000         0x00010000         xrw
*default*        0x00000000         0xffffffff

Linker script and memory map

LOAD c:/program files (x86)/cypress/psoc creator/4.3/psoc creator/import/gnu/arm/5.4.1/bin/../lib/gcc/arm-none-eabi/5.4.1/armv7-m/crti.o
LOAD c:/program files (x86)/cypress/psoc creator/4.3/psoc creator/import/gnu/arm/5.4.1/bin/../lib/gcc/arm-none-eabi/5.4.1/armv7-m/crtbegin.o
LOAD c:/program files (x86)/cypress/psoc creator/4.3/psoc creator/import/gnu/arm/5.4.1/bin/../lib/gcc/arm-none-eabi/5.4.1/../../../../arm-none-eabi/lib/armv7-m/crt0.o
START GROUP
LOAD .\CortexM3\ARM_GCC_541\Debug\main.o
LOAD .\CortexM3\ARM_GCC_541\Debug\InterruptRoutines.o
LOAD .\CortexM3\ARM_GCC_541\Debug\SPI_Interface.o
LOAD .\CortexM3\ARM_GCC_541\Debug\25LC256.o
LOAD .\CortexM3\ARM_GCC_541\Debug\RGB_Driver.o
LOAD .\CortexM3\ARM_GCC_541\Debug\LIS3DH.o
LOAD .\CortexM3\ARM_GCC_541\Debug\Notifications.o
LOAD .\CortexM3\ARM_GCC_541\Debug\LogUtils.o
LOAD .\CortexM3\ARM_GCC_541\Debug\cyfitter_cfg.o
LOAD .\CortexM3\ARM_GCC_541\Debug\cymetadata.o
LOAD .\CortexM3\ARM_GCC_541\Debug\Cm3Start.o
LOAD .\CortexM3\ARM_GCC_541\Debug\AY1920_II_HW_FINAL_CARZANIGA_GUALNIERA.a
LOAD C:\Program Files (x86)\Cypress\PSoC Creator\4.3\PSoC Creator\psoc\content\cycomponentlibrary\CyComponentLibrary.cylib\CortexM3\ARM_GCC_541\Debug\CyComponentLibrary.a
END GROUP
START GROUP
LOAD c:/program files (x86)/cypress/psoc creator/4.3/psoc creator/import/gnu/arm/5.4.1/bin/../lib/gcc/arm-none-eabi/5.4.1/armv7-m\libgcc.a
LOAD c:/program files (x86)/cypress/psoc creator/4.3/psoc creator/import/gnu/arm/5.4.1/bin/../lib/gcc/arm-none-eabi/5.4.1/../../../../arm-none-eabi/lib/armv7-m\libg_nano.a
LOAD c:/program files (x86)/cypress/psoc creator/4.3/psoc creator/import/gnu/arm/5.4.1/bin/../lib/gcc/arm-none-eabi/5.4.1/../../../../arm-none-eabi/lib/armv7-m\libc_nano.a
END GROUP
START GROUP
LOAD c:/program files (x86)/cypress/psoc creator/4.3/psoc creator/import/gnu/arm/5.4.1/bin/../lib/gcc/arm-none-eabi/5.4.1/armv7-m\libgcc.a
LOAD c:/program files (x86)/cypress/psoc creator/4.3/psoc creator/import/gnu/arm/5.4.1/bin/../lib/gcc/arm-none-eabi/5.4.1/../../../../arm-none-eabi/lib/armv7-m\libc_nano.a
END GROUP
LOAD c:/program files (x86)/cypress/psoc creator/4.3/psoc creator/import/gnu/arm/5.4.1/bin/../lib/gcc/arm-none-eabi/5.4.1/armv7-m/crtend.o
LOAD c:/program files (x86)/cypress/psoc creator/4.3/psoc creator/import/gnu/arm/5.4.1/bin/../lib/gcc/arm-none-eabi/5.4.1/armv7-m/crtn.o
START GROUP
LOAD c:/program files (x86)/cypress/psoc creator/4.3/psoc creator/import/gnu/arm/5.4.1/bin/../lib/gcc/arm-none-eabi/5.4.1/armv7-m\libgcc.a
LOAD c:/program files (x86)/cypress/psoc creator/4.3/psoc creator/import/gnu/arm/5.4.1/bin/../lib/gcc/arm-none-eabi/5.4.1/../../../../arm-none-eabi/lib/armv7-m\libc.a
LOAD c:/program files (x86)/cypress/psoc creator/4.3/psoc creator/import/gnu/arm/5.4.1/bin/../lib/gcc/arm-none-eabi/5.4.1/../../../../arm-none-eabi/lib/armv7-m\libnosys.a
END GROUP
                0x00000000                CY_APPL_ORIGIN = 0x0
                0x00000100                CY_FLASH_ROW_SIZE = 0x100
                0x00000020                CY_ECC_ROW_SIZE = 0x20
                0x00000000                CY_EE_IN_BTLDR = 0x0
                0x00000000                CY_APPL_LOADABLE = 0x0
                0x00000800                CY_EE_SIZE = 0x800
                0x00000001                CY_APPL_NUM = 0x1
                0x00000001                CY_APPL_MAX = 0x1
                0x00000040                CY_METADATA_SIZE = 0x40
                0x00000000                CY_APPL_LOADABLE = 0x0
                0x00000000                CY_CHECKSUM_EXCLUDE_SIZE = ALIGN (0x0, CY_FLASH_ROW_SIZE)
                [!provide]                PROVIDE (__cy_heap_start, _end)
                0x00000001                PROVIDE (__cy_region_num, ((__cy_regions_end - __cy_regions) / 0x10))
                0x20008000                PROVIDE (__cy_stack, (ORIGIN (ram) + LENGTH (ram)))
                [!provide]                PROVIDE (__cy_heap_end, (__cy_stack - 0x800))

.cybootloader   0x00000000        0x0
 *(.cybootloader)
                0x00000000                appl1_start = CY_APPL_ORIGIN?CY_APPL_ORIGIN:ALIGN (CY_FLASH_ROW_SIZE)
                0x0001ff00                appl2_start = (appl1_start + ALIGN ((((LENGTH (rom) - appl1_start) - (0x2 * CY_FLASH_ROW_SIZE)) / 0x2), CY_FLASH_ROW_SIZE))
                0x00000000                appl_start = (CY_APPL_NUM == 0x1)?appl1_start:appl2_start
                0x00000000                ecc_offset = ((appl_start / CY_FLASH_ROW_SIZE) * CY_ECC_ROW_SIZE)
                0x00000000                ee_offset = (CY_APPL_LOADABLE && ! (CY_EE_IN_BTLDR))?((CY_EE_SIZE / CY_APPL_MAX) * (CY_APPL_NUM - 0x1)):0x0
                0x00000800                ee_size = (CY_APPL_LOADABLE && ! (CY_EE_IN_BTLDR))?(CY_EE_SIZE / CY_APPL_MAX):CY_EE_SIZE
                [!provide]                PROVIDE (CY_ECC_OFFSET, ecc_offset)

.text           0x00000000     0x2b8e
 CREATE_OBJECT_SYMBOLS
                0x00000000                PROVIDE (__cy_interrupt_vector, RomVectors)
 *(.romvectors)
 .romvectors    0x00000000       0x10 .\CortexM3\ARM_GCC_541\Debug\Cm3Start.o
                0x00000000                RomVectors
                0x00000001                ASSERT ((. != __cy_interrupt_vector), No interrupt vector)
                0x00000001                ASSERT (CY_APPL_ORIGIN?(SIZEOF (.cybootloader) <= CY_APPL_ORIGIN):0x1, Wrong image location)
                0x00000010                PROVIDE (__cy_reset, Reset)
 *(.text.Reset)
 .text.Reset    0x00000010       0x18 .\CortexM3\ARM_GCC_541\Debug\Cm3Start.o
                0x00000010                Reset
                0x00000001                ASSERT ((. != __cy_reset), No reset code)
 *(.dma_init)
                0x00000001                ASSERT ((((appl_start + .) <= 0x10000) || 0x1), DMA Init must be within the first 64k of flash)
 *(.text .text.* .gnu.linkonce.t.*)
 .text          0x00000028       0x5c c:/program files (x86)/cypress/psoc creator/4.3/psoc creator/import/gnu/arm/5.4.1/bin/../lib/gcc/arm-none-eabi/5.4.1/armv7-m/crtbegin.o
 .text.main     0x00000084      0x15c .\CortexM3\ARM_GCC_541\Debug\main.o
                0x00000084                main
 .text.CUSTOM_ISR_CONFIG
                0x000001e0       0x6c .\CortexM3\ARM_GCC_541\Debug\InterruptRoutines.o
                0x000001e0                CUSTOM_ISR_CONFIG
 .text.CUSTOM_ISR_START
                0x0000024c       0x48 .\CortexM3\ARM_GCC_541\Debug\InterruptRoutines.o
                0x0000024c                CUSTOM_ISR_START
 .text.CUSTOM_ISR_IMU
                0x00000294       0x30 .\CortexM3\ARM_GCC_541\Debug\InterruptRoutines.o
                0x00000294                CUSTOM_ISR_IMU
 .text.SPI_IMU_Interface_ReadByte
                0x000002c4       0x34 .\CortexM3\ARM_GCC_541\Debug\SPI_Interface.o
                0x000002c4                SPI_IMU_Interface_ReadByte
 .text.SPI_IMU_Interface_Multi_RW
                0x000002f8       0xb8 .\CortexM3\ARM_GCC_541\Debug\SPI_Interface.o
                0x000002f8                SPI_IMU_Interface_Multi_RW
 .text.SPI_EEPROM_Interface_tradeByte
                0x000003b0       0x2c .\CortexM3\ARM_GCC_541\Debug\SPI_Interface.o
                0x000003b0                SPI_EEPROM_Interface_tradeByte
 .text.SPI_EEPROM_Interface_ReadByte
                0x000003dc       0x34 .\CortexM3\ARM_GCC_541\Debug\SPI_Interface.o
                0x000003dc                SPI_EEPROM_Interface_ReadByte
 .text.SPI_EEPROM_Interface_Multi_RW
                0x00000410       0xb8 .\CortexM3\ARM_GCC_541\Debug\SPI_Interface.o
                0x00000410                SPI_EEPROM_Interface_Multi_RW
 .text.EEPROM_readStatus
                0x000004c8        0xc .\CortexM3\ARM_GCC_541\Debug\25LC256.o
                0x000004c8                EEPROM_readStatus
 .text.EEPROM_writeEnable
                0x000004d4        0xc .\CortexM3\ARM_GCC_541\Debug\25LC256.o
                0x000004d4                EEPROM_writeEnable
 .text.EEPROM_readByte
                0x000004e0       0x30 .\CortexM3\ARM_GCC_541\Debug\25LC256.o
                0x000004e0                EEPROM_readByte
 .text.EEPROM_writeByte
                0x00000510       0x38 .\CortexM3\ARM_GCC_541\Debug\25LC256.o
                0x00000510                EEPROM_writeByte
 .text.EEPROM_readPage
                0x00000548       0x24 .\CortexM3\ARM_GCC_541\Debug\25LC256.o
                0x00000548                EEPROM_readPage
 .text.EEPROM_writePage
                0x0000056c       0x5c .\CortexM3\ARM_GCC_541\Debug\25LC256.o
                0x0000056c                EEPROM_writePage
 .text.EEPROM_waitForWriteComplete
                0x000005c8       0x10 .\CortexM3\ARM_GCC_541\Debug\25LC256.o
                0x000005c8                EEPROM_waitForWriteComplete
 .text.EEPROM_saveStartStopState
                0x000005d8       0x28 .\CortexM3\ARM_GCC_541\Debug\25LC256.o
                0x000005d8                EEPROM_saveStartStopState
 .text.EEPROM_retrieveStartStopState
                0x00000600       0x10 .\CortexM3\ARM_GCC_541\Debug\25LC256.o
                0x00000600                EEPROM_retrieveStartStopState
 .text.EEPROM_saveConfigFlag
                0x00000610       0x28 .\CortexM3\ARM_GCC_541\Debug\25LC256.o
                0x00000610                EEPROM_saveConfigFlag
 .text.EEPROM_saveSendFlag
                0x00000638       0x28 .\CortexM3\ARM_GCC_541\Debug\25LC256.o
                0x00000638                EEPROM_saveSendFlag
 .text.EEPROM_retrieveSendFlag
                0x00000660       0x10 .\CortexM3\ARM_GCC_541\Debug\25LC256.o
                0x00000660                EEPROM_retrieveSendFlag
 .text.EEPROM_saveResetFlag
                0x00000670       0x28 .\CortexM3\ARM_GCC_541\Debug\25LC256.o
                0x00000670                EEPROM_saveResetFlag
 .text.EEPROM_retrieveLogPages
                0x00000698       0x18 .\CortexM3\ARM_GCC_541\Debug\25LC256.o
                0x00000698                EEPROM_retrieveLogPages
 .text.EEPROM_retrieveLogCount
                0x000006b0       0x18 .\CortexM3\ARM_GCC_541\Debug\25LC256.o
                0x000006b0                EEPROM_retrieveLogCount
 .text.EEPROM_incrementLogCounter
                0x000006c8       0x30 .\CortexM3\ARM_GCC_541\Debug\25LC256.o
                0x000006c8                EEPROM_incrementLogCounter
 .text.EEPROM_storeLogData
                0x000006f8       0x24 .\CortexM3\ARM_GCC_541\Debug\25LC256.o
                0x000006f8                EEPROM_storeLogData
 .text.EEPROM_storeLogMessage
                0x0000071c       0x2c .\CortexM3\ARM_GCC_541\Debug\25LC256.o
                0x0000071c                EEPROM_storeLogMessage
 .text.EEPROM_findLogID
                0x00000748       0x28 .\CortexM3\ARM_GCC_541\Debug\25LC256.o
                0x00000748                EEPROM_findLogID
 .text.EEPROM_retrieveLogData
                0x00000770       0x1c .\CortexM3\ARM_GCC_541\Debug\25LC256.o
                0x00000770                EEPROM_retrieveLogData
 .text.EEPROM_retrieveLogMessage
                0x0000078c       0x38 .\CortexM3\ARM_GCC_541\Debug\25LC256.o
                0x0000078c                EEPROM_retrieveLogMessage
 .text.EEPROM_resetMemory
                0x000007c4       0x48 .\CortexM3\ARM_GCC_541\Debug\25LC256.o
                0x000007c4                EEPROM_resetMemory
 .text.RGB_Stop
                0x0000080c       0x28 .\CortexM3\ARM_GCC_541\Debug\RGB_Driver.o
                0x0000080c                RGB_Stop
 .text.RGB_Init
                0x00000834       0x24 .\CortexM3\ARM_GCC_541\Debug\RGB_Driver.o
                0x00000834                RGB_Init
 .text.PWM_Driver
                0x00000858       0x18 .\CortexM3\ARM_GCC_541\Debug\RGB_Driver.o
                0x00000858                PWM_Driver
 .text.RGB_sendFlagNotify
                0x00000870       0x20 .\CortexM3\ARM_GCC_541\Debug\RGB_Driver.o
                0x00000870                RGB_sendFlagNotify
 .text.Moving_Average
                0x00000890       0x68 .\CortexM3\ARM_GCC_541\Debug\RGB_Driver.o
                0x00000890                Moving_Average
 .text.Absolute_Value
                0x000008f8        0xc .\CortexM3\ARM_GCC_541\Debug\RGB_Driver.o
                0x000008f8                Absolute_Value
 .text.RGB_dataProcess
                0x00000904       0x2c .\CortexM3\ARM_GCC_541\Debug\RGB_Driver.o
                0x00000904                RGB_dataProcess
 .text.RGB_Driver
                0x00000930       0x20 .\CortexM3\ARM_GCC_541\Debug\RGB_Driver.o
                0x00000930                RGB_Driver
 .text.IMU_ReadByte
                0x00000950        0xc .\CortexM3\ARM_GCC_541\Debug\LIS3DH.o
                0x00000950                IMU_ReadByte
 .text.IMU_Setup
                0x0000095c       0xa4 .\CortexM3\ARM_GCC_541\Debug\LIS3DH.o
                0x0000095c                IMU_Setup
 .text.IMU_Stop
                0x00000a00       0x88 .\CortexM3\ARM_GCC_541\Debug\LIS3DH.o
                0x00000a00                IMU_Stop
 .text.IMU_Init
                0x00000a88        0xc .\CortexM3\ARM_GCC_541\Debug\LIS3DH.o
                0x00000a88                IMU_Init
 .text.IMU_Start
                0x00000a94       0x90 .\CortexM3\ARM_GCC_541\Debug\LIS3DH.o
                0x00000a94                IMU_Start
 .text.IMU_ReadFIFO
                0x00000b24       0x30 .\CortexM3\ARM_GCC_541\Debug\LIS3DH.o
                0x00000b24                IMU_ReadFIFO
 .text.IMU_StoreFIFO
                0x00000b54       0x90 .\CortexM3\ARM_GCC_541\Debug\LIS3DH.o
                0x00000b54                IMU_StoreFIFO
 .text.IMU_getPayload
                0x00000be4       0x74 .\CortexM3\ARM_GCC_541\Debug\LIS3DH.o
                0x00000be4                IMU_getPayload
 .text.IMU_ResetFIFO
                0x00000c58       0x48 .\CortexM3\ARM_GCC_541\Debug\LIS3DH.o
                0x00000c58                IMU_ResetFIFO
 .text.LED_Notify_Stop
                0x00000ca0       0x14 .\CortexM3\ARM_GCC_541\Debug\Notifications.o
                0x00000ca0                LED_Notify_Stop
 .text.LED_Notify_Start
                0x00000cb4       0x18 .\CortexM3\ARM_GCC_541\Debug\Notifications.o
                0x00000cb4                LED_Notify_Start
 .text.LED_Notify_Config
                0x00000ccc       0x18 .\CortexM3\ARM_GCC_541\Debug\Notifications.o
                0x00000ccc                LED_Notify_Config
 .text.POT_Read_Value
                0x00000ce4       0x3c .\CortexM3\ARM_GCC_541\Debug\Notifications.o
                0x00000ce4                POT_Read_Value
 .text.LOG_insertPayload
                0x00000d20       0x30 .\CortexM3\ARM_GCC_541\Debug\LogUtils.o
                0x00000d20                LOG_insertPayload
 .text.LOG_createMessage
                0x00000d50       0x3c .\CortexM3\ARM_GCC_541\Debug\LogUtils.o
                0x00000d50                LOG_createMessage
 .text.LOG_getTimestamp
                0x00000d8c       0x18 .\CortexM3\ARM_GCC_541\Debug\LogUtils.o
                0x00000d8c                LOG_getTimestamp
 .text.LOG_unpackMessage
                0x00000da4       0x44 .\CortexM3\ARM_GCC_541\Debug\LogUtils.o
                0x00000da4                LOG_unpackMessage
 .text.LOG_packMessage
                0x00000de8       0x44 .\CortexM3\ARM_GCC_541\Debug\LogUtils.o
                0x00000de8                LOG_packMessage
 .text.LOG_sendData
                0x00000e2c       0x1c .\CortexM3\ARM_GCC_541\Debug\LogUtils.o
                0x00000e2c                LOG_sendData
 .text.CyClockStartupError
                0x00000e48        0x4 .\CortexM3\ARM_GCC_541\Debug\cyfitter_cfg.o
 .text.cfg_write_bytes32
                0x00000e4c       0x34 .\CortexM3\ARM_GCC_541\Debug\cyfitter_cfg.o
 .text.AnalogSetDefault
                0x00000e80       0x40 .\CortexM3\ARM_GCC_541\Debug\cyfitter_cfg.o
 .text.CYMEMZERO
                0x00000ec0        0xc .\CortexM3\ARM_GCC_541\Debug\cyfitter_cfg.o
 .text.CYCONFIGCPY
                0x00000ecc        0x8 .\CortexM3\ARM_GCC_541\Debug\cyfitter_cfg.o
 .text.ClockSetup
                0x00000ed4      0x130 .\CortexM3\ARM_GCC_541\Debug\cyfitter_cfg.o
 .text.ADC_DELSIG_AMux_Set
                0x00001004       0x1c .\CortexM3\ARM_GCC_541\Debug\cyfitter_cfg.o
                0x00001004                ADC_DELSIG_AMux_Set
 .text.ADC_DELSIG_AMux_Unset
                0x00001020       0x1c .\CortexM3\ARM_GCC_541\Debug\cyfitter_cfg.o
                0x00001020                ADC_DELSIG_AMux_Unset
 .text.cyfitter_cfg
                0x0000103c      0x148 .\CortexM3\ARM_GCC_541\Debug\cyfitter_cfg.o
                0x0000103c                cyfitter_cfg
 .text.IntDefaultHandler
                0x00001184       0x10 .\CortexM3\ARM_GCC_541\Debug\Cm3Start.o
                0x00001184                IntDefaultHandler
 .text.Start_c  0x00001194       0x4c .\CortexM3\ARM_GCC_541\Debug\Cm3Start.o
                0x00001194                Start_c
 .text.initialize_psoc
                0x000011e0       0x68 .\CortexM3\ARM_GCC_541\Debug\Cm3Start.o
                0x000011e0                initialize_psoc
 .text.ISR_CONFIG_SetVector
                0x00001248        0xc .\CortexM3\ARM_GCC_541\Debug\AY1920_II_HW_FINAL_CARZANIGA_GUALNIERA.a(ISR_CONFIG.o)
                0x00001248                ISR_CONFIG_SetVector
 .text.ISR_CONFIG_SetPriority
                0x00001254       0x10 .\CortexM3\ARM_GCC_541\Debug\AY1920_II_HW_FINAL_CARZANIGA_GUALNIERA.a(ISR_CONFIG.o)
                0x00001254                ISR_CONFIG_SetPriority
 .text.ISR_CONFIG_Enable
                0x00001264        0xc .\CortexM3\ARM_GCC_541\Debug\AY1920_II_HW_FINAL_CARZANIGA_GUALNIERA.a(ISR_CONFIG.o)
                0x00001264                ISR_CONFIG_Enable
 .text.ISR_CONFIG_Disable
                0x00001270        0xc .\CortexM3\ARM_GCC_541\Debug\AY1920_II_HW_FINAL_CARZANIGA_GUALNIERA.a(ISR_CONFIG.o)
                0x00001270                ISR_CONFIG_Disable
 .text.ISR_CONFIG_StartEx
                0x0000127c       0x1c .\CortexM3\ARM_GCC_541\Debug\AY1920_II_HW_FINAL_CARZANIGA_GUALNIERA.a(ISR_CONFIG.o)
                0x0000127c                ISR_CONFIG_StartEx
 .text.PWM_RG_Enable
                0x00001298       0x10 .\CortexM3\ARM_GCC_541\Debug\AY1920_II_HW_FINAL_CARZANIGA_GUALNIERA.a(PWM_RG.o)
                0x00001298                PWM_RG_Enable
 .text.PWM_RG_WriteCounter
                0x000012a8        0xc .\CortexM3\ARM_GCC_541\Debug\AY1920_II_HW_FINAL_CARZANIGA_GUALNIERA.a(PWM_RG.o)
                0x000012a8                PWM_RG_WriteCounter
 .text.PWM_RG_WritePeriod
                0x000012b4        0xc .\CortexM3\ARM_GCC_541\Debug\AY1920_II_HW_FINAL_CARZANIGA_GUALNIERA.a(PWM_RG.o)
                0x000012b4                PWM_RG_WritePeriod
 .text.PWM_RG_WriteCompare1
                0x000012c0        0xc .\CortexM3\ARM_GCC_541\Debug\AY1920_II_HW_FINAL_CARZANIGA_GUALNIERA.a(PWM_RG.o)
                0x000012c0                PWM_RG_WriteCompare1
 .text.PWM_RG_WriteCompare2
                0x000012cc        0xc .\CortexM3\ARM_GCC_541\Debug\AY1920_II_HW_FINAL_CARZANIGA_GUALNIERA.a(PWM_RG.o)
                0x000012cc                PWM_RG_WriteCompare2
 .text.PWM_RG_SetInterruptMode
                0x000012d8        0xc .\CortexM3\ARM_GCC_541\Debug\AY1920_II_HW_FINAL_CARZANIGA_GUALNIERA.a(PWM_RG.o)
                0x000012d8                PWM_RG_SetInterruptMode
 .text.PWM_RG_ReadStatusRegister
                0x000012e4        0xc .\CortexM3\ARM_GCC_541\Debug\AY1920_II_HW_FINAL_CARZANIGA_GUALNIERA.a(PWM_RG.o)
                0x000012e4                PWM_RG_ReadStatusRegister
 .text.PWM_RG_ReadControlRegister
                0x000012f0        0xc .\CortexM3\ARM_GCC_541\Debug\AY1920_II_HW_FINAL_CARZANIGA_GUALNIERA.a(PWM_RG.o)
                0x000012f0                PWM_RG_ReadControlRegister
 .text.PWM_RG_ReadCapture
                0x000012fc        0xc .\CortexM3\ARM_GCC_541\Debug\AY1920_II_HW_FINAL_CARZANIGA_GUALNIERA.a(PWM_RG.o)
                0x000012fc                PWM_RG_ReadCapture
 .text.PWM_RG_ClearFIFO
                0x00001308       0x14 .\CortexM3\ARM_GCC_541\Debug\AY1920_II_HW_FINAL_CARZANIGA_GUALNIERA.a(PWM_RG.o)
                0x00001308                PWM_RG_ClearFIFO
 .text.PWM_RG_Init
                0x0000131c       0x58 .\CortexM3\ARM_GCC_541\Debug\AY1920_II_HW_FINAL_CARZANIGA_GUALNIERA.a(PWM_RG.o)
                0x0000131c                PWM_RG_Init
 .text.PWM_RG_Start
                0x00001374       0x1c .\CortexM3\ARM_GCC_541\Debug\AY1920_II_HW_FINAL_CARZANIGA_GUALNIERA.a(PWM_RG.o)
                0x00001374                PWM_RG_Start
 .text.PWM_RG_ReadCompare1
                0x00001390        0xc .\CortexM3\ARM_GCC_541\Debug\AY1920_II_HW_FINAL_CARZANIGA_GUALNIERA.a(PWM_RG.o)
                0x00001390                PWM_RG_ReadCompare1
 .text.PWM_RG_ReadCompare2
                0x0000139c        0xc .\CortexM3\ARM_GCC_541\Debug\AY1920_II_HW_FINAL_CARZANIGA_GUALNIERA.a(PWM_RG.o)
                0x0000139c                PWM_RG_ReadCompare2
 .text.PWM_B_Enable
                0x000013a8       0x10 .\CortexM3\ARM_GCC_541\Debug\AY1920_II_HW_FINAL_CARZANIGA_GUALNIERA.a(PWM_B.o)
                0x000013a8                PWM_B_Enable
 .text.PWM_B_WriteCounter
                0x000013b8        0xc .\CortexM3\ARM_GCC_541\Debug\AY1920_II_HW_FINAL_CARZANIGA_GUALNIERA.a(PWM_B.o)
                0x000013b8                PWM_B_WriteCounter
 .text.PWM_B_WritePeriod
                0x000013c4        0xc .\CortexM3\ARM_GCC_541\Debug\AY1920_II_HW_FINAL_CARZANIGA_GUALNIERA.a(PWM_B.o)
                0x000013c4                PWM_B_WritePeriod
 .text.PWM_B_WriteCompare
                0x000013d0        0xc .\CortexM3\ARM_GCC_541\Debug\AY1920_II_HW_FINAL_CARZANIGA_GUALNIERA.a(PWM_B.o)
                0x000013d0                PWM_B_WriteCompare
 .text.PWM_B_SetInterruptMode
                0x000013dc        0xc .\CortexM3\ARM_GCC_541\Debug\AY1920_II_HW_FINAL_CARZANIGA_GUALNIERA.a(PWM_B.o)
                0x000013dc                PWM_B_SetInterruptMode
 .text.PWM_B_ReadStatusRegister
                0x000013e8        0xc .\CortexM3\ARM_GCC_541\Debug\AY1920_II_HW_FINAL_CARZANIGA_GUALNIERA.a(PWM_B.o)
                0x000013e8                PWM_B_ReadStatusRegister
 .text.PWM_B_ReadControlRegister
                0x000013f4        0xc .\CortexM3\ARM_GCC_541\Debug\AY1920_II_HW_FINAL_CARZANIGA_GUALNIERA.a(PWM_B.o)
                0x000013f4                PWM_B_ReadControlRegister
 .text.PWM_B_ReadCapture
                0x00001400        0xc .\CortexM3\ARM_GCC_541\Debug\AY1920_II_HW_FINAL_CARZANIGA_GUALNIERA.a(PWM_B.o)
                0x00001400                PWM_B_ReadCapture
 .text.PWM_B_ClearFIFO
                0x0000140c       0x14 .\CortexM3\ARM_GCC_541\Debug\AY1920_II_HW_FINAL_CARZANIGA_GUALNIERA.a(PWM_B.o)
                0x0000140c                PWM_B_ClearFIFO
 .text.PWM_B_Init
                0x00001420       0x50 .\CortexM3\ARM_GCC_541\Debug\AY1920_II_HW_FINAL_CARZANIGA_GUALNIERA.a(PWM_B.o)
                0x00001420                PWM_B_Init
 .text.PWM_B_Start
                0x00001470       0x1c .\CortexM3\ARM_GCC_541\Debug\AY1920_II_HW_FINAL_CARZANIGA_GUALNIERA.a(PWM_B.o)
                0x00001470                PWM_B_Start
 .text.PWM_B_ReadCompare
                0x0000148c        0xc .\CortexM3\ARM_GCC_541\Debug\AY1920_II_HW_FINAL_CARZANIGA_GUALNIERA.a(PWM_B.o)
                0x0000148c                PWM_B_ReadCompare
 .text.ISR_START_SetVector
                0x00001498        0xc .\CortexM3\ARM_GCC_541\Debug\AY1920_II_HW_FINAL_CARZANIGA_GUALNIERA.a(ISR_START.o)
                0x00001498                ISR_START_SetVector
 .text.ISR_START_SetPriority
                0x000014a4       0x10 .\CortexM3\ARM_GCC_541\Debug\AY1920_II_HW_FINAL_CARZANIGA_GUALNIERA.a(ISR_START.o)
                0x000014a4                ISR_START_SetPriority
 .text.ISR_START_Enable
                0x000014b4        0xc .\CortexM3\ARM_GCC_541\Debug\AY1920_II_HW_FINAL_CARZANIGA_GUALNIERA.a(ISR_START.o)
                0x000014b4                ISR_START_Enable
 .text.ISR_START_Disable
                0x000014c0        0xc .\CortexM3\ARM_GCC_541\Debug\AY1920_II_HW_FINAL_CARZANIGA_GUALNIERA.a(ISR_START.o)
                0x000014c0                ISR_START_Disable
 .text.ISR_START_StartEx
                0x000014cc       0x1c .\CortexM3\ARM_GCC_541\Debug\AY1920_II_HW_FINAL_CARZANIGA_GUALNIERA.a(ISR_START.o)
                0x000014cc                ISR_START_StartEx
 .text.UART_Init
                0x000014e8       0x2c .\CortexM3\ARM_GCC_541\Debug\AY1920_II_HW_FINAL_CARZANIGA_GUALNIERA.a(UART.o)
                0x000014e8                UART_Init
 .text.UART_Enable
                0x00001514       0x38 .\CortexM3\ARM_GCC_541\Debug\AY1920_II_HW_FINAL_CARZANIGA_GUALNIERA.a(UART.o)
                0x00001514                UART_Enable
 .text.UART_Start
                0x0000154c       0x1c .\CortexM3\ARM_GCC_541\Debug\AY1920_II_HW_FINAL_CARZANIGA_GUALNIERA.a(UART.o)
                0x0000154c                UART_Start
 .text.UART_PutChar
                0x00001568       0x18 .\CortexM3\ARM_GCC_541\Debug\AY1920_II_HW_FINAL_CARZANIGA_GUALNIERA.a(UART.o)
                0x00001568                UART_PutChar
 .text.UART_PutArray
                0x00001580       0x28 .\CortexM3\ARM_GCC_541\Debug\AY1920_II_HW_FINAL_CARZANIGA_GUALNIERA.a(UART.o)
                0x00001580                UART_PutArray
 .text.UART_IntClock_Start
                0x000015a8       0x1c .\CortexM3\ARM_GCC_541\Debug\AY1920_II_HW_FINAL_CARZANIGA_GUALNIERA.a(UART_IntClock.o)
                0x000015a8                UART_IntClock_Start
 .text.CyHalt   0x000015c4        0x4 .\CortexM3\ARM_GCC_541\Debug\AY1920_II_HW_FINAL_CARZANIGA_GUALNIERA.a(CyLib.o)
                0x000015c4                CyHalt
 .text.CyDelay  0x000015c8       0x2c .\CortexM3\ARM_GCC_541\Debug\AY1920_II_HW_FINAL_CARZANIGA_GUALNIERA.a(CyLib.o)
                0x000015c8                CyDelay
 .text.CyDelayUs
                0x000015f4       0x14 .\CortexM3\ARM_GCC_541\Debug\AY1920_II_HW_FINAL_CARZANIGA_GUALNIERA.a(CyLib.o)
                0x000015f4                CyDelayUs
 .text.CyIntSetVector
                0x00001608       0x28 .\CortexM3\ARM_GCC_541\Debug\AY1920_II_HW_FINAL_CARZANIGA_GUALNIERA.a(CyLib.o)
                0x00001608                CyIntSetVector
 .text.CyIntSetPriority
                0x00001630       0x30 .\CortexM3\ARM_GCC_541\Debug\AY1920_II_HW_FINAL_CARZANIGA_GUALNIERA.a(CyLib.o)
                0x00001630                CyIntSetPriority
 .text.BUTTON_TIMER_Enable
                0x00001660       0x28 .\CortexM3\ARM_GCC_541\Debug\AY1920_II_HW_FINAL_CARZANIGA_GUALNIERA.a(BUTTON_TIMER.o)
                0x00001660                BUTTON_TIMER_Enable
 .text.BUTTON_TIMER_SetInterruptMode
                0x00001688        0xc .\CortexM3\ARM_GCC_541\Debug\AY1920_II_HW_FINAL_CARZANIGA_GUALNIERA.a(BUTTON_TIMER.o)
                0x00001688                BUTTON_TIMER_SetInterruptMode
 .text.BUTTON_TIMER_WritePeriod
                0x00001694        0xc .\CortexM3\ARM_GCC_541\Debug\AY1920_II_HW_FINAL_CARZANIGA_GUALNIERA.a(BUTTON_TIMER.o)
                0x00001694                BUTTON_TIMER_WritePeriod
 .text.BUTTON_TIMER_WriteCounter
                0x000016a0        0xc .\CortexM3\ARM_GCC_541\Debug\AY1920_II_HW_FINAL_CARZANIGA_GUALNIERA.a(BUTTON_TIMER.o)
                0x000016a0                BUTTON_TIMER_WriteCounter
 .text.BUTTON_TIMER_Init
                0x000016ac       0x90 .\CortexM3\ARM_GCC_541\Debug\AY1920_II_HW_FINAL_CARZANIGA_GUALNIERA.a(BUTTON_TIMER.o)
                0x000016ac                BUTTON_TIMER_Init
 .text.BUTTON_TIMER_Start
                0x0000173c       0x1c .\CortexM3\ARM_GCC_541\Debug\AY1920_II_HW_FINAL_CARZANIGA_GUALNIERA.a(BUTTON_TIMER.o)
                0x0000173c                BUTTON_TIMER_Start
 .text.CS_IMU_Write
                0x00001758       0x18 .\CortexM3\ARM_GCC_541\Debug\AY1920_II_HW_FINAL_CARZANIGA_GUALNIERA.a(CS_IMU.o)
                0x00001758                CS_IMU_Write
 .text.CS_EEPROM_Write
                0x00001770       0x18 .\CortexM3\ARM_GCC_541\Debug\AY1920_II_HW_FINAL_CARZANIGA_GUALNIERA.a(CS_EEPROM.o)
                0x00001770                CS_EEPROM_Write
 .text.PWM_NOTIFY_Enable
                0x00001788       0x10 .\CortexM3\ARM_GCC_541\Debug\AY1920_II_HW_FINAL_CARZANIGA_GUALNIERA.a(PWM_NOTIFY.o)
                0x00001788                PWM_NOTIFY_Enable
 .text.PWM_NOTIFY_Stop
                0x00001798       0x10 .\CortexM3\ARM_GCC_541\Debug\AY1920_II_HW_FINAL_CARZANIGA_GUALNIERA.a(PWM_NOTIFY.o)
                0x00001798                PWM_NOTIFY_Stop
 .text.PWM_NOTIFY_WriteCounter
                0x000017a8        0xc .\CortexM3\ARM_GCC_541\Debug\AY1920_II_HW_FINAL_CARZANIGA_GUALNIERA.a(PWM_NOTIFY.o)
                0x000017a8                PWM_NOTIFY_WriteCounter
 .text.PWM_NOTIFY_WritePeriod
                0x000017b4        0xc .\CortexM3\ARM_GCC_541\Debug\AY1920_II_HW_FINAL_CARZANIGA_GUALNIERA.a(PWM_NOTIFY.o)
                0x000017b4                PWM_NOTIFY_WritePeriod
 .text.PWM_NOTIFY_WriteCompare
                0x000017c0        0xc .\CortexM3\ARM_GCC_541\Debug\AY1920_II_HW_FINAL_CARZANIGA_GUALNIERA.a(PWM_NOTIFY.o)
                0x000017c0                PWM_NOTIFY_WriteCompare
 .text.PWM_NOTIFY_SetInterruptMode
                0x000017cc        0xc .\CortexM3\ARM_GCC_541\Debug\AY1920_II_HW_FINAL_CARZANIGA_GUALNIERA.a(PWM_NOTIFY.o)
                0x000017cc                PWM_NOTIFY_SetInterruptMode
 .text.PWM_NOTIFY_ReadStatusRegister
                0x000017d8        0xc .\CortexM3\ARM_GCC_541\Debug\AY1920_II_HW_FINAL_CARZANIGA_GUALNIERA.a(PWM_NOTIFY.o)
                0x000017d8                PWM_NOTIFY_ReadStatusRegister
 .text.PWM_NOTIFY_ReadControlRegister
                0x000017e4        0xc .\CortexM3\ARM_GCC_541\Debug\AY1920_II_HW_FINAL_CARZANIGA_GUALNIERA.a(PWM_NOTIFY.o)
                0x000017e4                PWM_NOTIFY_ReadControlRegister
 .text.PWM_NOTIFY_ReadCapture
                0x000017f0        0xc .\CortexM3\ARM_GCC_541\Debug\AY1920_II_HW_FINAL_CARZANIGA_GUALNIERA.a(PWM_NOTIFY.o)
                0x000017f0                PWM_NOTIFY_ReadCapture
 .text.PWM_NOTIFY_ClearFIFO
                0x000017fc       0x14 .\CortexM3\ARM_GCC_541\Debug\AY1920_II_HW_FINAL_CARZANIGA_GUALNIERA.a(PWM_NOTIFY.o)
                0x000017fc                PWM_NOTIFY_ClearFIFO
 .text.PWM_NOTIFY_Init
                0x00001810       0x50 .\CortexM3\ARM_GCC_541\Debug\AY1920_II_HW_FINAL_CARZANIGA_GUALNIERA.a(PWM_NOTIFY.o)
                0x00001810                PWM_NOTIFY_Init
 .text.PWM_NOTIFY_Start
                0x00001860       0x1c .\CortexM3\ARM_GCC_541\Debug\AY1920_II_HW_FINAL_CARZANIGA_GUALNIERA.a(PWM_NOTIFY.o)
                0x00001860                PWM_NOTIFY_Start
 .text.CLICK_TIMER_Enable
                0x0000187c       0x10 .\CortexM3\ARM_GCC_541\Debug\AY1920_II_HW_FINAL_CARZANIGA_GUALNIERA.a(CLICK_TIMER.o)
                0x0000187c                CLICK_TIMER_Enable
 .text.CLICK_TIMER_SetInterruptMode
                0x0000188c        0xc .\CortexM3\ARM_GCC_541\Debug\AY1920_II_HW_FINAL_CARZANIGA_GUALNIERA.a(CLICK_TIMER.o)
                0x0000188c                CLICK_TIMER_SetInterruptMode
 .text.CLICK_TIMER_ReadStatusRegister
                0x00001898        0xc .\CortexM3\ARM_GCC_541\Debug\AY1920_II_HW_FINAL_CARZANIGA_GUALNIERA.a(CLICK_TIMER.o)
                0x00001898                CLICK_TIMER_ReadStatusRegister
 .text.CLICK_TIMER_WritePeriod
                0x000018a4        0xc .\CortexM3\ARM_GCC_541\Debug\AY1920_II_HW_FINAL_CARZANIGA_GUALNIERA.a(CLICK_TIMER.o)
                0x000018a4                CLICK_TIMER_WritePeriod
 .text.CLICK_TIMER_ReadCapture
                0x000018b0        0xc .\CortexM3\ARM_GCC_541\Debug\AY1920_II_HW_FINAL_CARZANIGA_GUALNIERA.a(CLICK_TIMER.o)
                0x000018b0                CLICK_TIMER_ReadCapture
 .text.CLICK_TIMER_WriteCounter
                0x000018bc        0xc .\CortexM3\ARM_GCC_541\Debug\AY1920_II_HW_FINAL_CARZANIGA_GUALNIERA.a(CLICK_TIMER.o)
                0x000018bc                CLICK_TIMER_WriteCounter
 .text.CLICK_TIMER_ClearFIFO
                0x000018c8       0x14 .\CortexM3\ARM_GCC_541\Debug\AY1920_II_HW_FINAL_CARZANIGA_GUALNIERA.a(CLICK_TIMER.o)
                0x000018c8                CLICK_TIMER_ClearFIFO
 .text.CLICK_TIMER_Init
                0x000018dc       0x30 .\CortexM3\ARM_GCC_541\Debug\AY1920_II_HW_FINAL_CARZANIGA_GUALNIERA.a(CLICK_TIMER.o)
                0x000018dc                CLICK_TIMER_Init
 .text.CLICK_TIMER_Start
                0x0000190c       0x1c .\CortexM3\ARM_GCC_541\Debug\AY1920_II_HW_FINAL_CARZANIGA_GUALNIERA.a(CLICK_TIMER.o)
                0x0000190c                CLICK_TIMER_Start
 .text.ISR_IMU_SetVector
                0x00001928        0xc .\CortexM3\ARM_GCC_541\Debug\AY1920_II_HW_FINAL_CARZANIGA_GUALNIERA.a(ISR_IMU.o)
                0x00001928                ISR_IMU_SetVector
 .text.ISR_IMU_SetPriority
                0x00001934       0x10 .\CortexM3\ARM_GCC_541\Debug\AY1920_II_HW_FINAL_CARZANIGA_GUALNIERA.a(ISR_IMU.o)
                0x00001934                ISR_IMU_SetPriority
 .text.ISR_IMU_Enable
                0x00001944        0xc .\CortexM3\ARM_GCC_541\Debug\AY1920_II_HW_FINAL_CARZANIGA_GUALNIERA.a(ISR_IMU.o)
                0x00001944                ISR_IMU_Enable
 .text.ISR_IMU_Disable
                0x00001950        0xc .\CortexM3\ARM_GCC_541\Debug\AY1920_II_HW_FINAL_CARZANIGA_GUALNIERA.a(ISR_IMU.o)
                0x00001950                ISR_IMU_Disable
 .text.ISR_IMU_StartEx
                0x0000195c       0x1c .\CortexM3\ARM_GCC_541\Debug\AY1920_II_HW_FINAL_CARZANIGA_GUALNIERA.a(ISR_IMU.o)
                0x0000195c                ISR_IMU_StartEx
 .text.SPIM_IMU_EnableTxInt
                0x00001978        0xc .\CortexM3\ARM_GCC_541\Debug\AY1920_II_HW_FINAL_CARZANIGA_GUALNIERA.a(SPIM_IMU.o)
                0x00001978                SPIM_IMU_EnableTxInt
 .text.SPIM_IMU_EnableRxInt
                0x00001984        0xc .\CortexM3\ARM_GCC_541\Debug\AY1920_II_HW_FINAL_CARZANIGA_GUALNIERA.a(SPIM_IMU.o)
                0x00001984                SPIM_IMU_EnableRxInt
 .text.SPIM_IMU_Enable
                0x00001990       0x3c .\CortexM3\ARM_GCC_541\Debug\AY1920_II_HW_FINAL_CARZANIGA_GUALNIERA.a(SPIM_IMU.o)
                0x00001990                SPIM_IMU_Enable
 .text.SPIM_IMU_DisableTxInt
                0x000019cc        0xc .\CortexM3\ARM_GCC_541\Debug\AY1920_II_HW_FINAL_CARZANIGA_GUALNIERA.a(SPIM_IMU.o)
                0x000019cc                SPIM_IMU_DisableTxInt
 .text.SPIM_IMU_DisableRxInt
                0x000019d8        0xc .\CortexM3\ARM_GCC_541\Debug\AY1920_II_HW_FINAL_CARZANIGA_GUALNIERA.a(SPIM_IMU.o)
                0x000019d8                SPIM_IMU_DisableRxInt
 .text.SPIM_IMU_ReadTxStatus
                0x000019e4       0x28 .\CortexM3\ARM_GCC_541\Debug\AY1920_II_HW_FINAL_CARZANIGA_GUALNIERA.a(SPIM_IMU.o)
                0x000019e4                SPIM_IMU_ReadTxStatus
 .text.SPIM_IMU_ReadRxStatus
                0x00001a0c       0x28 .\CortexM3\ARM_GCC_541\Debug\AY1920_II_HW_FINAL_CARZANIGA_GUALNIERA.a(SPIM_IMU.o)
                0x00001a0c                SPIM_IMU_ReadRxStatus
 .text.SPIM_IMU_WriteTxData
                0x00001a34       0xd4 .\CortexM3\ARM_GCC_541\Debug\AY1920_II_HW_FINAL_CARZANIGA_GUALNIERA.a(SPIM_IMU.o)
                0x00001a34                SPIM_IMU_WriteTxData
 .text.SPIM_IMU_ReadRxData
                0x00001b08       0x64 .\CortexM3\ARM_GCC_541\Debug\AY1920_II_HW_FINAL_CARZANIGA_GUALNIERA.a(SPIM_IMU.o)
                0x00001b08                SPIM_IMU_ReadRxData
 .text.SPIM_IMU_ClearRxBuffer
                0x00001b6c       0x40 .\CortexM3\ARM_GCC_541\Debug\AY1920_II_HW_FINAL_CARZANIGA_GUALNIERA.a(SPIM_IMU.o)
                0x00001b6c                SPIM_IMU_ClearRxBuffer
 .text.SPIM_IMU_ClearTxBuffer
                0x00001bac       0x54 .\CortexM3\ARM_GCC_541\Debug\AY1920_II_HW_FINAL_CARZANIGA_GUALNIERA.a(SPIM_IMU.o)
                0x00001bac                SPIM_IMU_ClearTxBuffer
 .text.SPIM_IMU_PutArray
                0x00001c00       0x20 .\CortexM3\ARM_GCC_541\Debug\AY1920_II_HW_FINAL_CARZANIGA_GUALNIERA.a(SPIM_IMU.o)
                0x00001c00                SPIM_IMU_PutArray
 .text.SPIM_IMU_ClearFIFO
                0x00001c20       0x3c .\CortexM3\ARM_GCC_541\Debug\AY1920_II_HW_FINAL_CARZANIGA_GUALNIERA.a(SPIM_IMU.o)
                0x00001c20                SPIM_IMU_ClearFIFO
 .text.SPIM_IMU_Init
                0x00001c5c       0x90 .\CortexM3\ARM_GCC_541\Debug\AY1920_II_HW_FINAL_CARZANIGA_GUALNIERA.a(SPIM_IMU.o)
                0x00001c5c                SPIM_IMU_Init
 .text.SPIM_IMU_Start
                0x00001cec       0x1c .\CortexM3\ARM_GCC_541\Debug\AY1920_II_HW_FINAL_CARZANIGA_GUALNIERA.a(SPIM_IMU.o)
                0x00001cec                SPIM_IMU_Start
 .text.SPIM_IMU_TX_ISR
                0x00001d08       0xa0 .\CortexM3\ARM_GCC_541\Debug\AY1920_II_HW_FINAL_CARZANIGA_GUALNIERA.a(SPIM_IMU_INT.o)
                0x00001d08                SPIM_IMU_TX_ISR
 .text.SPIM_IMU_RX_ISR
                0x00001da8       0xa0 .\CortexM3\ARM_GCC_541\Debug\AY1920_II_HW_FINAL_CARZANIGA_GUALNIERA.a(SPIM_IMU_INT.o)
                0x00001da8                SPIM_IMU_RX_ISR
 .text.SPIM_EEPROM_EnableTxInt
                0x00001e48        0xc .\CortexM3\ARM_GCC_541\Debug\AY1920_II_HW_FINAL_CARZANIGA_GUALNIERA.a(SPIM_EEPROM.o)
                0x00001e48                SPIM_EEPROM_EnableTxInt
 .text.SPIM_EEPROM_EnableRxInt
                0x00001e54        0xc .\CortexM3\ARM_GCC_541\Debug\AY1920_II_HW_FINAL_CARZANIGA_GUALNIERA.a(SPIM_EEPROM.o)
                0x00001e54                SPIM_EEPROM_EnableRxInt
 .text.SPIM_EEPROM_Enable
                0x00001e60       0x3c .\CortexM3\ARM_GCC_541\Debug\AY1920_II_HW_FINAL_CARZANIGA_GUALNIERA.a(SPIM_EEPROM.o)
                0x00001e60                SPIM_EEPROM_Enable
 .text.SPIM_EEPROM_DisableTxInt
                0x00001e9c        0xc .\CortexM3\ARM_GCC_541\Debug\AY1920_II_HW_FINAL_CARZANIGA_GUALNIERA.a(SPIM_EEPROM.o)
                0x00001e9c                SPIM_EEPROM_DisableTxInt
 .text.SPIM_EEPROM_DisableRxInt
                0x00001ea8        0xc .\CortexM3\ARM_GCC_541\Debug\AY1920_II_HW_FINAL_CARZANIGA_GUALNIERA.a(SPIM_EEPROM.o)
                0x00001ea8                SPIM_EEPROM_DisableRxInt
 .text.SPIM_EEPROM_ReadTxStatus
                0x00001eb4       0x28 .\CortexM3\ARM_GCC_541\Debug\AY1920_II_HW_FINAL_CARZANIGA_GUALNIERA.a(SPIM_EEPROM.o)
                0x00001eb4                SPIM_EEPROM_ReadTxStatus
 .text.SPIM_EEPROM_ReadRxStatus
                0x00001edc       0x28 .\CortexM3\ARM_GCC_541\Debug\AY1920_II_HW_FINAL_CARZANIGA_GUALNIERA.a(SPIM_EEPROM.o)
                0x00001edc                SPIM_EEPROM_ReadRxStatus
 .text.SPIM_EEPROM_WriteTxData
                0x00001f04       0xd4 .\CortexM3\ARM_GCC_541\Debug\AY1920_II_HW_FINAL_CARZANIGA_GUALNIERA.a(SPIM_EEPROM.o)
                0x00001f04                SPIM_EEPROM_WriteTxData
 .text.SPIM_EEPROM_ReadRxData
                0x00001fd8       0x64 .\CortexM3\ARM_GCC_541\Debug\AY1920_II_HW_FINAL_CARZANIGA_GUALNIERA.a(SPIM_EEPROM.o)
                0x00001fd8                SPIM_EEPROM_ReadRxData
 .text.SPIM_EEPROM_ClearRxBuffer
                0x0000203c       0x40 .\CortexM3\ARM_GCC_541\Debug\AY1920_II_HW_FINAL_CARZANIGA_GUALNIERA.a(SPIM_EEPROM.o)
                0x0000203c                SPIM_EEPROM_ClearRxBuffer
 .text.SPIM_EEPROM_ClearTxBuffer
                0x0000207c       0x54 .\CortexM3\ARM_GCC_541\Debug\AY1920_II_HW_FINAL_CARZANIGA_GUALNIERA.a(SPIM_EEPROM.o)
                0x0000207c                SPIM_EEPROM_ClearTxBuffer
 .text.SPIM_EEPROM_PutArray
                0x000020d0       0x20 .\CortexM3\ARM_GCC_541\Debug\AY1920_II_HW_FINAL_CARZANIGA_GUALNIERA.a(SPIM_EEPROM.o)
                0x000020d0                SPIM_EEPROM_PutArray
 .text.SPIM_EEPROM_ClearFIFO
                0x000020f0       0x3c .\CortexM3\ARM_GCC_541\Debug\AY1920_II_HW_FINAL_CARZANIGA_GUALNIERA.a(SPIM_EEPROM.o)
                0x000020f0                SPIM_EEPROM_ClearFIFO
 .text.SPIM_EEPROM_Init
                0x0000212c       0x90 .\CortexM3\ARM_GCC_541\Debug\AY1920_II_HW_FINAL_CARZANIGA_GUALNIERA.a(SPIM_EEPROM.o)
                0x0000212c                SPIM_EEPROM_Init
 .text.SPIM_EEPROM_Start
                0x000021bc       0x1c .\CortexM3\ARM_GCC_541\Debug\AY1920_II_HW_FINAL_CARZANIGA_GUALNIERA.a(SPIM_EEPROM.o)
                0x000021bc                SPIM_EEPROM_Start
 .text.SPIM_EEPROM_TX_ISR
                0x000021d8       0xa0 .\CortexM3\ARM_GCC_541\Debug\AY1920_II_HW_FINAL_CARZANIGA_GUALNIERA.a(SPIM_EEPROM_INT.o)
                0x000021d8                SPIM_EEPROM_TX_ISR
 .text.SPIM_EEPROM_RX_ISR
                0x00002278       0xa0 .\CortexM3\ARM_GCC_541\Debug\AY1920_II_HW_FINAL_CARZANIGA_GUALNIERA.a(SPIM_EEPROM_INT.o)
                0x00002278                SPIM_EEPROM_RX_ISR
 .text.SPIM_IMU_IntClock_Start
                0x00002318       0x1c .\CortexM3\ARM_GCC_541\Debug\AY1920_II_HW_FINAL_CARZANIGA_GUALNIERA.a(SPIM_IMU_IntClock.o)
                0x00002318                SPIM_IMU_IntClock_Start
 .text.SPIM_EEPROM_IntClock_Start
                0x00002334       0x1c .\CortexM3\ARM_GCC_541\Debug\AY1920_II_HW_FINAL_CARZANIGA_GUALNIERA.a(SPIM_EEPROM_IntClock.o)
                0x00002334                SPIM_EEPROM_IntClock_Start
 .text.MAIN_TIMER_Enable
                0x00002350       0x10 .\CortexM3\ARM_GCC_541\Debug\AY1920_II_HW_FINAL_CARZANIGA_GUALNIERA.a(MAIN_TIMER.o)
                0x00002350                MAIN_TIMER_Enable
 .text.MAIN_TIMER_SetInterruptMode
                0x00002360        0xc .\CortexM3\ARM_GCC_541\Debug\AY1920_II_HW_FINAL_CARZANIGA_GUALNIERA.a(MAIN_TIMER.o)
                0x00002360                MAIN_TIMER_SetInterruptMode
 .text.MAIN_TIMER_ReadStatusRegister
                0x0000236c        0xc .\CortexM3\ARM_GCC_541\Debug\AY1920_II_HW_FINAL_CARZANIGA_GUALNIERA.a(MAIN_TIMER.o)
                0x0000236c                MAIN_TIMER_ReadStatusRegister
 .text.MAIN_TIMER_WritePeriod
                0x00002378        0xc .\CortexM3\ARM_GCC_541\Debug\AY1920_II_HW_FINAL_CARZANIGA_GUALNIERA.a(MAIN_TIMER.o)
                0x00002378                MAIN_TIMER_WritePeriod
 .text.MAIN_TIMER_ReadCapture
                0x00002384        0xc .\CortexM3\ARM_GCC_541\Debug\AY1920_II_HW_FINAL_CARZANIGA_GUALNIERA.a(MAIN_TIMER.o)
                0x00002384                MAIN_TIMER_ReadCapture
 .text.MAIN_TIMER_WriteCounter
                0x00002390        0xc .\CortexM3\ARM_GCC_541\Debug\AY1920_II_HW_FINAL_CARZANIGA_GUALNIERA.a(MAIN_TIMER.o)
                0x00002390                MAIN_TIMER_WriteCounter
 .text.MAIN_TIMER_ReadCounter
                0x0000239c       0x14 .\CortexM3\ARM_GCC_541\Debug\AY1920_II_HW_FINAL_CARZANIGA_GUALNIERA.a(MAIN_TIMER.o)
                0x0000239c                MAIN_TIMER_ReadCounter
 .text.MAIN_TIMER_ClearFIFO
                0x000023b0       0x14 .\CortexM3\ARM_GCC_541\Debug\AY1920_II_HW_FINAL_CARZANIGA_GUALNIERA.a(MAIN_TIMER.o)
                0x000023b0                MAIN_TIMER_ClearFIFO
 .text.MAIN_TIMER_Init
                0x000023c4       0x34 .\CortexM3\ARM_GCC_541\Debug\AY1920_II_HW_FINAL_CARZANIGA_GUALNIERA.a(MAIN_TIMER.o)
                0x000023c4                MAIN_TIMER_Init
 .text.MAIN_TIMER_Start
                0x000023f8       0x1c .\CortexM3\ARM_GCC_541\Debug\AY1920_II_HW_FINAL_CARZANIGA_GUALNIERA.a(MAIN_TIMER.o)
                0x000023f8                MAIN_TIMER_Start
 .text.ADC_DELSIG_GainCompensation
                0x00002414       0xdc .\CortexM3\ARM_GCC_541\Debug\AY1920_II_HW_FINAL_CARZANIGA_GUALNIERA.a(ADC_DELSIG.o)
 .text.ADC_DELSIG_SetDSMRef0Reg
                0x000024f0       0x4c .\CortexM3\ARM_GCC_541\Debug\AY1920_II_HW_FINAL_CARZANIGA_GUALNIERA.a(ADC_DELSIG.o)
 .text.ADC_DELSIG_InitConfig
                0x0000253c       0xdc .\CortexM3\ARM_GCC_541\Debug\AY1920_II_HW_FINAL_CARZANIGA_GUALNIERA.a(ADC_DELSIG.o)
 .text.ADC_DELSIG_Init
                0x00002618       0xc4 .\CortexM3\ARM_GCC_541\Debug\AY1920_II_HW_FINAL_CARZANIGA_GUALNIERA.a(ADC_DELSIG.o)
                0x00002618                ADC_DELSIG_Init
 .text.ADC_DELSIG_Enable
                0x000026dc       0xd8 .\CortexM3\ARM_GCC_541\Debug\AY1920_II_HW_FINAL_CARZANIGA_GUALNIERA.a(ADC_DELSIG.o)
                0x000026dc                ADC_DELSIG_Enable
 .text.ADC_DELSIG_Start
                0x000027b4       0x28 .\CortexM3\ARM_GCC_541\Debug\AY1920_II_HW_FINAL_CARZANIGA_GUALNIERA.a(ADC_DELSIG.o)
                0x000027b4                ADC_DELSIG_Start
 .text.ADC_DELSIG_StartConvert
                0x000027dc       0x10 .\CortexM3\ARM_GCC_541\Debug\AY1920_II_HW_FINAL_CARZANIGA_GUALNIERA.a(ADC_DELSIG.o)
                0x000027dc                ADC_DELSIG_StartConvert
 .text.ADC_DELSIG_StopConvert
                0x000027ec       0x10 .\CortexM3\ARM_GCC_541\Debug\AY1920_II_HW_FINAL_CARZANIGA_GUALNIERA.a(ADC_DELSIG.o)
                0x000027ec                ADC_DELSIG_StopConvert
 .text.ADC_DELSIG_IsEndConversion
                0x000027fc       0x30 .\CortexM3\ARM_GCC_541\Debug\AY1920_II_HW_FINAL_CARZANIGA_GUALNIERA.a(ADC_DELSIG.o)
                0x000027fc                ADC_DELSIG_IsEndConversion
 .text.ADC_DELSIG_GetResult16
                0x0000282c       0x50 .\CortexM3\ARM_GCC_541\Debug\AY1920_II_HW_FINAL_CARZANIGA_GUALNIERA.a(ADC_DELSIG.o)
                0x0000282c                ADC_DELSIG_GetResult16
 .text.ADC_DELSIG_Read16
                0x0000287c       0x28 .\CortexM3\ARM_GCC_541\Debug\AY1920_II_HW_FINAL_CARZANIGA_GUALNIERA.a(ADC_DELSIG.o)
                0x0000287c                ADC_DELSIG_Read16
 .text.ADC_DELSIG_ISR1
                0x000028a4        0x4 .\CortexM3\ARM_GCC_541\Debug\AY1920_II_HW_FINAL_CARZANIGA_GUALNIERA.a(ADC_DELSIG_INT.o)
                0x000028a4                ADC_DELSIG_ISR1
 .text.ADC_DELSIG_AMux_Start
                0x000028a8       0x20 .\CortexM3\ARM_GCC_541\Debug\AY1920_II_HW_FINAL_CARZANIGA_GUALNIERA.a(ADC_DELSIG_AMux.o)
                0x000028a8                ADC_DELSIG_AMux_Start
 .text.ADC_DELSIG_AMux_Select
                0x000028c8       0x18 .\CortexM3\ARM_GCC_541\Debug\AY1920_II_HW_FINAL_CARZANIGA_GUALNIERA.a(ADC_DELSIG_AMux.o)
                0x000028c8                ADC_DELSIG_AMux_Select
 .text.ADC_DELSIG_Ext_CP_Clk_GetDividerRegister
                0x000028e0        0xc .\CortexM3\ARM_GCC_541\Debug\AY1920_II_HW_FINAL_CARZANIGA_GUALNIERA.a(ADC_DELSIG_Ext_CP_Clk.o)
                0x000028e0                ADC_DELSIG_Ext_CP_Clk_GetDividerRegister
 .text.ADC_DELSIG_Ext_CP_Clk_SetModeRegister
                0x000028ec       0x14 .\CortexM3\ARM_GCC_541\Debug\AY1920_II_HW_FINAL_CARZANIGA_GUALNIERA.a(ADC_DELSIG_Ext_CP_Clk.o)
                0x000028ec                ADC_DELSIG_Ext_CP_Clk_SetModeRegister
 .text.ADC_DELSIG_Ext_CP_Clk_GetSourceRegister
                0x00002900       0x10 .\CortexM3\ARM_GCC_541\Debug\AY1920_II_HW_FINAL_CARZANIGA_GUALNIERA.a(ADC_DELSIG_Ext_CP_Clk.o)
                0x00002900                ADC_DELSIG_Ext_CP_Clk_GetSourceRegister
 .text.ADC_DELSIG_Ext_CP_Clk_SetDividerRegister
                0x00002910       0xd8 .\CortexM3\ARM_GCC_541\Debug\AY1920_II_HW_FINAL_CARZANIGA_GUALNIERA.a(ADC_DELSIG_Ext_CP_Clk.o)
                0x00002910                ADC_DELSIG_Ext_CP_Clk_SetDividerRegister
 .text.ADC_DELSIG_theACLK_GetDividerRegister
                0x000029e8        0xc .\CortexM3\ARM_GCC_541\Debug\AY1920_II_HW_FINAL_CARZANIGA_GUALNIERA.a(ADC_DELSIG_theACLK.o)
                0x000029e8                ADC_DELSIG_theACLK_GetDividerRegister
 .text.ADC_DELSIG_theACLK_SetModeRegister
                0x000029f4       0x14 .\CortexM3\ARM_GCC_541\Debug\AY1920_II_HW_FINAL_CARZANIGA_GUALNIERA.a(ADC_DELSIG_theACLK.o)
                0x000029f4                ADC_DELSIG_theACLK_SetModeRegister
 .text.ADC_DELSIG_theACLK_GetSourceRegister
                0x00002a08       0x10 .\CortexM3\ARM_GCC_541\Debug\AY1920_II_HW_FINAL_CARZANIGA_GUALNIERA.a(ADC_DELSIG_theACLK.o)
                0x00002a08                ADC_DELSIG_theACLK_GetSourceRegister
 .text.ADC_DELSIG_theACLK_SetDividerRegister
                0x00002a18       0xd8 .\CortexM3\ARM_GCC_541\Debug\AY1920_II_HW_FINAL_CARZANIGA_GUALNIERA.a(ADC_DELSIG_theACLK.o)
                0x00002a18                ADC_DELSIG_theACLK_SetDividerRegister
 .text          0x00002af0       0x20 .\CortexM3\ARM_GCC_541\Debug\AY1920_II_HW_FINAL_CARZANIGA_GUALNIERA.a(CyBootAsmGnu.o)
                0x00002af0                CyDelayCycles
                0x00002b00                CyEnterCriticalSection
                0x00002b08                CyExitCriticalSection
 .text.__errno  0x00002b10        0xc c:/program files (x86)/cypress/psoc creator/4.3/psoc creator/import/gnu/arm/5.4.1/bin/../lib/gcc/arm-none-eabi/5.4.1/../../../../arm-none-eabi/lib/armv7-m\libg_nano.a(lib_a-errno.o)
                0x00002b10                __errno
 .text.__libc_init_array
                0x00002b1c       0x4c c:/program files (x86)/cypress/psoc creator/4.3/psoc creator/import/gnu/arm/5.4.1/bin/../lib/gcc/arm-none-eabi/5.4.1/../../../../arm-none-eabi/lib/armv7-m\libg_nano.a(lib_a-init.o)
                0x00002b1c                __libc_init_array
 .text.memcpy   0x00002b68       0x16 c:/program files (x86)/cypress/psoc creator/4.3/psoc creator/import/gnu/arm/5.4.1/bin/../lib/gcc/arm-none-eabi/5.4.1/../../../../arm-none-eabi/lib/armv7-m\libg_nano.a(lib_a-memcpy-stub.o)
                0x00002b68                memcpy
 .text.memset   0x00002b7e       0x10 c:/program files (x86)/cypress/psoc creator/4.3/psoc creator/import/gnu/arm/5.4.1/bin/../lib/gcc/arm-none-eabi/5.4.1/../../../../arm-none-eabi/lib/armv7-m\libg_nano.a(lib_a-memset.o)
                0x00002b7e                memset
 *(.plt)
 *(.gnu.warning)
 *(.glue_7t)
 .glue_7t       0x00002b8e        0x0 linker stubs
 *(.glue_7)
 .glue_7        0x00002b8e        0x0 linker stubs
 *(.vfp11_veneer)
 .vfp11_veneer  0x00002b8e        0x0 linker stubs
 *(.bootloader)
 *(.ARM.extab* .gnu.linkonce.armextab.*)
 *(.gcc_except_table)

.v4_bx          0x00002b90        0x0
 .v4_bx         0x00002b90        0x0 linker stubs

.iplt           0x00002b90        0x0
 .iplt          0x00002b90        0x0 c:/program files (x86)/cypress/psoc creator/4.3/psoc creator/import/gnu/arm/5.4.1/bin/../lib/gcc/arm-none-eabi/5.4.1/armv7-m/crtbegin.o

.eh_frame_hdr
 *(.eh_frame_hdr)

.eh_frame       0x00002b90        0x4
 *(.eh_frame)
 .eh_frame      0x00002b90        0x0 c:/program files (x86)/cypress/psoc creator/4.3/psoc creator/import/gnu/arm/5.4.1/bin/../lib/gcc/arm-none-eabi/5.4.1/armv7-m/crtbegin.o
 .eh_frame      0x00002b90        0x4 c:/program files (x86)/cypress/psoc creator/4.3/psoc creator/import/gnu/arm/5.4.1/bin/../lib/gcc/arm-none-eabi/5.4.1/armv7-m/crtend.o
                [!provide]                PROVIDE (__exidx_start, .)

.ARM.exidx
 *(.ARM.exidx* .gnu.linkonce.armexidx.*)
                0x00002b94                __exidx_end = .

.rodata         0x00002b94       0x8c
 *(.rodata .rodata.* .gnu.linkonce.r.*)
 .rodata        0x00002b94        0x6 .\CortexM3\ARM_GCC_541\Debug\LIS3DH.o
 *fill*         0x00002b9a        0x2 
 .rodata        0x00002b9c       0x4e .\CortexM3\ARM_GCC_541\Debug\cyfitter_cfg.o
                0x00002b9c                ADC_DELSIG_AMux__addrTable
                0x00002ba4                ADC_DELSIG_AMux__maskTable
 .rodata.str1.1
                0x00002bea        0x2 c:/program files (x86)/cypress/psoc creator/4.3/psoc creator/import/gnu/arm/5.4.1/bin/../lib/gcc/arm-none-eabi/5.4.1/../../../../arm-none-eabi/lib/armv7-m\libg_nano.a(lib_a-impure.o)
                0x00002bec                . = ALIGN (0x4)
 *(.init)
 .init          0x00002bec        0x4 c:/program files (x86)/cypress/psoc creator/4.3/psoc creator/import/gnu/arm/5.4.1/bin/../lib/gcc/arm-none-eabi/5.4.1/armv7-m/crti.o
                0x00002bec                _init
 .init          0x00002bf0        0x8 c:/program files (x86)/cypress/psoc creator/4.3/psoc creator/import/gnu/arm/5.4.1/bin/../lib/gcc/arm-none-eabi/5.4.1/armv7-m/crtn.o
                0x00002bf8                . = ALIGN (0x4)
                0x00002bf8                __preinit_array_start = .
 *(.preinit_array)
                0x00002bf8                __preinit_array_end = .
                0x00002bf8                . = ALIGN (0x4)
                0x00002bf8                __init_array_start = .
 *(SORT(.init_array.*))
 *(.init_array)
 .init_array    0x00002bf8        0x4 c:/program files (x86)/cypress/psoc creator/4.3/psoc creator/import/gnu/arm/5.4.1/bin/../lib/gcc/arm-none-eabi/5.4.1/armv7-m/crtbegin.o
 .init_array    0x00002bfc        0x4 .\CortexM3\ARM_GCC_541\Debug\Cm3Start.o
                0x00002c00                __init_array_end = .
                0x00002c00                . = ALIGN (0x4)
 *(.fini)
 .fini          0x00002c00        0x4 c:/program files (x86)/cypress/psoc creator/4.3/psoc creator/import/gnu/arm/5.4.1/bin/../lib/gcc/arm-none-eabi/5.4.1/armv7-m/crti.o
                0x00002c00                _fini
 .fini          0x00002c04        0x8 c:/program files (x86)/cypress/psoc creator/4.3/psoc creator/import/gnu/arm/5.4.1/bin/../lib/gcc/arm-none-eabi/5.4.1/armv7-m/crtn.o
                0x00002c0c                . = ALIGN (0x4)
                0x00002c0c                __fini_array_start = .
 *(.fini_array)
 .fini_array    0x00002c0c        0x4 c:/program files (x86)/cypress/psoc creator/4.3/psoc creator/import/gnu/arm/5.4.1/bin/../lib/gcc/arm-none-eabi/5.4.1/armv7-m/crtbegin.o
 *(SORT(.fini_array.*))
                0x00002c10                __fini_array_end = .
                0x00002c10                . = ALIGN (0x4)
 *crtbegin.o(.ctors)
 *(EXCLUDE_FILE(*crtend.o) .ctors)
 *(SORT(.ctors.*))
 *crtend.o(.ctors)
                0x00002c10                . = ALIGN (0x4)
 *crtbegin.o(.dtors)
 *(EXCLUDE_FILE(*crtend.o) .dtors)
 *(SORT(.dtors.*))
 *crtend.o(.dtors)
                0x00002c10                . = ALIGN (0x4)
                0x00002c10                __cy_regions = .
                0x00002c10        0x4 LONG 0x2c20 __cy_region_init_ram
                0x00002c14        0x4 LONG 0x1fff80c8 __cy_region_start_data
                0x00002c18        0x4 LONG 0x80 __cy_region_init_size_ram
                0x00002c1c        0x4 LONG 0x2c8 __cy_region_zero_size_ram
                0x00002c20                __cy_regions_end = .
                0x00002c20                . = ALIGN (0x8)
                0x00002c20                _etext = .

.cy_checksum_exclude
                0x00002c20        0x0
 *(.cy_checksum_exclude)

.ramvectors     0x1fff8000       0xc0
                0x1fff8000                __cy_region_start_ram = .
 *(.ramvectors)
 .ramvectors    0x1fff8000       0xc0 .\CortexM3\ARM_GCC_541\Debug\Cm3Start.o
                0x1fff8000                CyRamVectors

.noinit         0x1fff80c0        0x1
 *(.noinit)
 .noinit        0x1fff80c0        0x1 .\CortexM3\ARM_GCC_541\Debug\AY1920_II_HW_FINAL_CARZANIGA_GUALNIERA.a(CyLib.o)
                0x1fff80c0                CyResetStatus

.data           0x1fff80c8       0x80 load address 0x00002c20
                0x1fff80c8                __cy_region_start_data = .
 *(.jcr)
 .jcr           0x1fff80c8        0x0 c:/program files (x86)/cypress/psoc creator/4.3/psoc creator/import/gnu/arm/5.4.1/bin/../lib/gcc/arm-none-eabi/5.4.1/armv7-m/crtbegin.o
 .jcr           0x1fff80c8        0x4 c:/program files (x86)/cypress/psoc creator/4.3/psoc creator/import/gnu/arm/5.4.1/bin/../lib/gcc/arm-none-eabi/5.4.1/armv7-m/crtend.o
 *(.got.plt)
 *(.got)
 *(.shdata)
 *(.data .data.* .gnu.linkonce.d.*)
 .data          0x1fff80cc       0x10 .\CortexM3\ARM_GCC_541\Debug\AY1920_II_HW_FINAL_CARZANIGA_GUALNIERA.a(CyLib.o)
                0x1fff80cc                cydelay_32k_ms
                0x1fff80d0                cydelay_freq_khz
                0x1fff80d4                cydelay_freq_mhz
                0x1fff80d8                cydelay_freq_hz
 .data          0x1fff80dc        0x1 .\CortexM3\ARM_GCC_541\Debug\AY1920_II_HW_FINAL_CARZANIGA_GUALNIERA.a(ADC_DELSIG.o)
                0x1fff80dc                ADC_DELSIG_Config
 .data          0x1fff80dd        0x1 .\CortexM3\ARM_GCC_541\Debug\AY1920_II_HW_FINAL_CARZANIGA_GUALNIERA.a(ADC_DELSIG_AMux.o)
 *fill*         0x1fff80de        0x2 
 .data.impure_data
                0x1fff80e0       0x60 c:/program files (x86)/cypress/psoc creator/4.3/psoc creator/import/gnu/arm/5.4.1/bin/../lib/gcc/arm-none-eabi/5.4.1/../../../../arm-none-eabi/lib/armv7-m\libg_nano.a(lib_a-impure.o)
 .data._impure_ptr
                0x1fff8140        0x4 c:/program files (x86)/cypress/psoc creator/4.3/psoc creator/import/gnu/arm/5.4.1/bin/../lib/gcc/arm-none-eabi/5.4.1/../../../../arm-none-eabi/lib/armv7-m\libg_nano.a(lib_a-impure.o)
                0x1fff8140                _impure_ptr
                0x1fff8148                . = ALIGN (0x8)
 *fill*         0x1fff8144        0x4 
 *(.ram)
                0x1fff8148                _edata = .

.igot.plt       0x1fff8148        0x0 load address 0x00002ca0
 .igot.plt      0x1fff8148        0x0 c:/program files (x86)/cypress/psoc creator/4.3/psoc creator/import/gnu/arm/5.4.1/bin/../lib/gcc/arm-none-eabi/5.4.1/armv7-m/crtbegin.o

.bss            0x1fff8148      0x2c8 load address 0x00002ca0
                0x1fff8148                PROVIDE (__bss_start__, .)
 *(.shbss)
 *(.bss .bss.* .gnu.linkonce.b.*)
 .bss           0x1fff8148       0x1c c:/program files (x86)/cypress/psoc creator/4.3/psoc creator/import/gnu/arm/5.4.1/bin/../lib/gcc/arm-none-eabi/5.4.1/armv7-m/crtbegin.o
 .bss           0x1fff8164        0x1 .\CortexM3\ARM_GCC_541\Debug\AY1920_II_HW_FINAL_CARZANIGA_GUALNIERA.a(PWM_RG.o)
                0x1fff8164                PWM_RG_initVar
 .bss           0x1fff8165        0x1 .\CortexM3\ARM_GCC_541\Debug\AY1920_II_HW_FINAL_CARZANIGA_GUALNIERA.a(PWM_B.o)
                0x1fff8165                PWM_B_initVar
 .bss           0x1fff8166        0x2 .\CortexM3\ARM_GCC_541\Debug\AY1920_II_HW_FINAL_CARZANIGA_GUALNIERA.a(UART.o)
                0x1fff8166                UART_initVar
 .bss           0x1fff8168        0x1 .\CortexM3\ARM_GCC_541\Debug\AY1920_II_HW_FINAL_CARZANIGA_GUALNIERA.a(BUTTON_TIMER.o)
                0x1fff8168                BUTTON_TIMER_initVar
 .bss           0x1fff8169        0x1 .\CortexM3\ARM_GCC_541\Debug\AY1920_II_HW_FINAL_CARZANIGA_GUALNIERA.a(PWM_NOTIFY.o)
                0x1fff8169                PWM_NOTIFY_initVar
 .bss           0x1fff816a        0x1 .\CortexM3\ARM_GCC_541\Debug\AY1920_II_HW_FINAL_CARZANIGA_GUALNIERA.a(CLICK_TIMER.o)
                0x1fff816a                CLICK_TIMER_initVar
 .bss           0x1fff816b        0x1 .\CortexM3\ARM_GCC_541\Debug\AY1920_II_HW_FINAL_CARZANIGA_GUALNIERA.a(SPIM_IMU.o)
                0x1fff816b                SPIM_IMU_initVar
 .bss           0x1fff816c        0x1 .\CortexM3\ARM_GCC_541\Debug\AY1920_II_HW_FINAL_CARZANIGA_GUALNIERA.a(SPIM_EEPROM.o)
                0x1fff816c                SPIM_EEPROM_initVar
 .bss           0x1fff816d        0x1 .\CortexM3\ARM_GCC_541\Debug\AY1920_II_HW_FINAL_CARZANIGA_GUALNIERA.a(MAIN_TIMER.o)
                0x1fff816d                MAIN_TIMER_initVar
 *fill*         0x1fff816e        0x2 
 .bss           0x1fff8170        0xc .\CortexM3\ARM_GCC_541\Debug\AY1920_II_HW_FINAL_CARZANIGA_GUALNIERA.a(ADC_DELSIG.o)
                0x1fff8174                ADC_DELSIG_stopConversion
                0x1fff8175                ADC_DELSIG_convDone
                0x1fff8176                ADC_DELSIG_initVar
                0x1fff8177                ADC_DELSIG_started
                0x1fff8178                ADC_DELSIG_Offset
 *(COMMON)
 COMMON         0x1fff817c      0x24f .\CortexM3\ARM_GCC_541\Debug\main.o
                0x1fff817c                IMU_DataBuffer
                0x1fff823c                RGB_DataBuffer
                0x1fff8240                IMU_log_queue
                0x1fff8360                IMU_over_threshold_flag
                0x1fff8364                bufferUART
                0x1fff83c8                send_flag
                0x1fff83c9                button_state
                0x1fff83ca                IMU_data_ready_flag
 *fill*         0x1fff83cb        0x1 
 COMMON         0x1fff83cc       0x1d .\CortexM3\ARM_GCC_541\Debug\AY1920_II_HW_FINAL_CARZANIGA_GUALNIERA.a(SPIM_IMU.o)
                0x1fff83cc                SPIM_IMU_txBufferWrite
                0x1fff83cd                SPIM_IMU_swStatusTx
                0x1fff83ce                SPIM_IMU_txBufferRead
                0x1fff83cf                SPIM_IMU_rxBufferFull
                0x1fff83d0                SPIM_IMU_txBufferFull
                0x1fff83d4                SPIM_IMU_txBuffer
                0x1fff83dc                SPIM_IMU_rxBufferWrite
                0x1fff83dd                SPIM_IMU_swStatusRx
                0x1fff83e0                SPIM_IMU_rxBuffer
                0x1fff83e8                SPIM_IMU_rxBufferRead
 *fill*         0x1fff83e9        0x3 
 COMMON         0x1fff83ec       0x1d .\CortexM3\ARM_GCC_541\Debug\AY1920_II_HW_FINAL_CARZANIGA_GUALNIERA.a(SPIM_EEPROM.o)
                0x1fff83ec                SPIM_EEPROM_swStatusTx
                0x1fff83ed                SPIM_EEPROM_rxBufferRead
                0x1fff83f0                SPIM_EEPROM_txBuffer
                0x1fff83f8                SPIM_EEPROM_txBufferFull
                0x1fff83fc                SPIM_EEPROM_rxBuffer
                0x1fff8404                SPIM_EEPROM_rxBufferFull
                0x1fff8405                SPIM_EEPROM_txBufferRead
                0x1fff8406                SPIM_EEPROM_txBufferWrite
                0x1fff8407                SPIM_EEPROM_rxBufferWrite
                0x1fff8408                SPIM_EEPROM_swStatusRx
 *fill*         0x1fff8409        0x3 
 COMMON         0x1fff840c        0x4 .\CortexM3\ARM_GCC_541\Debug\AY1920_II_HW_FINAL_CARZANIGA_GUALNIERA.a(ADC_DELSIG.o)
                0x1fff840c                ADC_DELSIG_CountsPerVolt
                0x1fff8410                . = ALIGN (0x8)
 *(.ram.b)
                0x1fff8410                _end = .
                0x1fff8410                __end = .
                0x1fff8410                PROVIDE (end, .)
                0x1fff8410                PROVIDE (__bss_end__, .)
                0x00002c20                __cy_region_init_ram = LOADADDR (.data)
                0x00000080                __cy_region_init_size_ram = (_edata - ADDR (.data))
                0x000002c8                __cy_region_zero_size_ram = (_end - _edata)

.heap           0x1fff8410       0x80 load address 0x00002ca0
                0x1fff8410                . = _end
                0x1fff8490                . = (. + 0x80)
 *fill*         0x1fff8410       0x80 
                0x1fff8490                __cy_heap_limit = .

.stack          0x20007800      0x800
                0x20007800                __cy_stack_limit = .
                0x20008000                . = (. + 0x800)
 *fill*         0x20007800      0x800 
                0x00000001                ASSERT ((__cy_stack_limit >= __cy_heap_limit), region RAM overflowed with stack)
                0x00000000                cy_checksum_exclude_size = (CY_APPL_LOADABLE == 0x1)?SIZEOF (.cy_checksum_exclude):0x0
                0x00000001                ASSERT ((cy_checksum_exclude_size <= CY_CHECKSUM_EXCLUDE_SIZE), CY_BOOT: Section .cy_checksum_exclude size exceedes specified limit.)

.cyloadermeta
 *(.cyloadermeta)

.cyloadablemeta
 *(.cyloadablemeta)

.cyconfigecc    0x80000000      0xd1c
 *(.cyconfigecc)
 .cyconfigecc   0x80000000      0xd1c .\CortexM3\ARM_GCC_541\Debug\cymetadata.o
                0x80000000                cy_meta_configecc

.cycustnvl      0x90000000        0x4
 *(.cycustnvl)
 .cycustnvl     0x90000000        0x4 .\CortexM3\ARM_GCC_541\Debug\cymetadata.o
                0x90000000                cy_meta_custnvl

.cywolatch      0x90100000        0x4
 *(.cywolatch)
 .cywolatch     0x90100000        0x4 .\CortexM3\ARM_GCC_541\Debug\cymetadata.o
                0x90100000                cy_meta_wonvl

.cyeeprom       0x90200000        0x0
 *(.cyeeprom)
                0x00000001                ASSERT ((. <= ((0x90200000 + ee_offset) + ee_size)), .cyeeprom data will not fit in EEPROM)

.cyflashprotect
                0x90400000      0x100
 *(.cyflashprotect)
 .cyflashprotect
                0x90400000      0x100 .\CortexM3\ARM_GCC_541\Debug\cymetadata.o
                0x90400000                cy_meta_flashprotect

.cymeta         0x90500000        0xc
 *(.cymeta)
 .cymeta        0x90500000        0xc .\CortexM3\ARM_GCC_541\Debug\cymetadata.o
                0x90500000                cy_metadata

.rel.dyn        0x00002ca0        0x0 load address 0x9050000c
 .rel.iplt      0x00002ca0        0x0 c:/program files (x86)/cypress/psoc creator/4.3/psoc creator/import/gnu/arm/5.4.1/bin/../lib/gcc/arm-none-eabi/5.4.1/armv7-m/crtbegin.o

.stab
 *(.stab)

.stabstr
 *(.stabstr)

.debug
 *(.debug)

.line
 *(.line)

.debug_srcinfo
 *(.debug_srcinfo)

.debug_sfnames
 *(.debug_sfnames)

.debug_aranges  0x00000000     0x13e0
 *(.debug_aranges)
 .debug_aranges
                0x00000000       0x20 .\CortexM3\ARM_GCC_541\Debug\main.o
 .debug_aranges
                0x00000020       0x30 .\CortexM3\ARM_GCC_541\Debug\InterruptRoutines.o
 .debug_aranges
                0x00000050       0x48 .\CortexM3\ARM_GCC_541\Debug\SPI_Interface.o
 .debug_aranges
                0x00000098       0xd8 .\CortexM3\ARM_GCC_541\Debug\25LC256.o
 .debug_aranges
                0x00000170       0x58 .\CortexM3\ARM_GCC_541\Debug\RGB_Driver.o
 .debug_aranges
                0x000001c8       0x80 .\CortexM3\ARM_GCC_541\Debug\LIS3DH.o
 .debug_aranges
                0x00000248       0x38 .\CortexM3\ARM_GCC_541\Debug\Notifications.o
 .debug_aranges
                0x00000280       0x48 .\CortexM3\ARM_GCC_541\Debug\LogUtils.o
 .debug_aranges
                0x000002c8       0x68 .\CortexM3\ARM_GCC_541\Debug\cyfitter_cfg.o
 .debug_aranges
                0x00000330       0x18 .\CortexM3\ARM_GCC_541\Debug\cymetadata.o
 .debug_aranges
                0x00000348       0x48 .\CortexM3\ARM_GCC_541\Debug\Cm3Start.o
 .debug_aranges
                0x00000390       0x80 .\CortexM3\ARM_GCC_541\Debug\AY1920_II_HW_FINAL_CARZANIGA_GUALNIERA.a(ISR_CONFIG.o)
 .debug_aranges
                0x00000410       0xa8 .\CortexM3\ARM_GCC_541\Debug\AY1920_II_HW_FINAL_CARZANIGA_GUALNIERA.a(PWM_RG.o)
 .debug_aranges
                0x000004b8       0x98 .\CortexM3\ARM_GCC_541\Debug\AY1920_II_HW_FINAL_CARZANIGA_GUALNIERA.a(PWM_B.o)
 .debug_aranges
                0x00000550       0x80 .\CortexM3\ARM_GCC_541\Debug\AY1920_II_HW_FINAL_CARZANIGA_GUALNIERA.a(ISR_START.o)
 .debug_aranges
                0x000005d0       0xf0 .\CortexM3\ARM_GCC_541\Debug\AY1920_II_HW_FINAL_CARZANIGA_GUALNIERA.a(UART.o)
 .debug_aranges
                0x000006c0       0x70 .\CortexM3\ARM_GCC_541\Debug\AY1920_II_HW_FINAL_CARZANIGA_GUALNIERA.a(UART_IntClock.o)
 .debug_aranges
                0x00000730      0x2a0 .\CortexM3\ARM_GCC_541\Debug\AY1920_II_HW_FINAL_CARZANIGA_GUALNIERA.a(CyLib.o)
 .debug_aranges
                0x000009d0       0x98 .\CortexM3\ARM_GCC_541\Debug\AY1920_II_HW_FINAL_CARZANIGA_GUALNIERA.a(cyPm.o)
 .debug_aranges
                0x00000a68       0x88 .\CortexM3\ARM_GCC_541\Debug\AY1920_II_HW_FINAL_CARZANIGA_GUALNIERA.a(BUTTON_TIMER.o)
 .debug_aranges
                0x00000af0       0x38 .\CortexM3\ARM_GCC_541\Debug\AY1920_II_HW_FINAL_CARZANIGA_GUALNIERA.a(CS_IMU.o)
 .debug_aranges
                0x00000b28       0x38 .\CortexM3\ARM_GCC_541\Debug\AY1920_II_HW_FINAL_CARZANIGA_GUALNIERA.a(CS_EEPROM.o)
 .debug_aranges
                0x00000b60       0x98 .\CortexM3\ARM_GCC_541\Debug\AY1920_II_HW_FINAL_CARZANIGA_GUALNIERA.a(PWM_NOTIFY.o)
 .debug_aranges
                0x00000bf8       0x90 .\CortexM3\ARM_GCC_541\Debug\AY1920_II_HW_FINAL_CARZANIGA_GUALNIERA.a(CLICK_TIMER.o)
 .debug_aranges
                0x00000c88       0x80 .\CortexM3\ARM_GCC_541\Debug\AY1920_II_HW_FINAL_CARZANIGA_GUALNIERA.a(ISR_IMU.o)
 .debug_aranges
                0x00000d08       0xd8 .\CortexM3\ARM_GCC_541\Debug\AY1920_II_HW_FINAL_CARZANIGA_GUALNIERA.a(SPIM_IMU.o)
 .debug_aranges
                0x00000de0       0x28 .\CortexM3\ARM_GCC_541\Debug\AY1920_II_HW_FINAL_CARZANIGA_GUALNIERA.a(SPIM_IMU_INT.o)
 .debug_aranges
                0x00000e08       0xd8 .\CortexM3\ARM_GCC_541\Debug\AY1920_II_HW_FINAL_CARZANIGA_GUALNIERA.a(SPIM_EEPROM.o)
 .debug_aranges
                0x00000ee0       0x28 .\CortexM3\ARM_GCC_541\Debug\AY1920_II_HW_FINAL_CARZANIGA_GUALNIERA.a(SPIM_EEPROM_INT.o)
 .debug_aranges
                0x00000f08       0x70 .\CortexM3\ARM_GCC_541\Debug\AY1920_II_HW_FINAL_CARZANIGA_GUALNIERA.a(SPIM_IMU_IntClock.o)
 .debug_aranges
                0x00000f78       0x70 .\CortexM3\ARM_GCC_541\Debug\AY1920_II_HW_FINAL_CARZANIGA_GUALNIERA.a(SPIM_EEPROM_IntClock.o)
 .debug_aranges
                0x00000fe8       0x90 .\CortexM3\ARM_GCC_541\Debug\AY1920_II_HW_FINAL_CARZANIGA_GUALNIERA.a(MAIN_TIMER.o)
 .debug_aranges
                0x00001078       0xe8 .\CortexM3\ARM_GCC_541\Debug\AY1920_II_HW_FINAL_CARZANIGA_GUALNIERA.a(ADC_DELSIG.o)
 .debug_aranges
                0x00001160       0x38 .\CortexM3\ARM_GCC_541\Debug\AY1920_II_HW_FINAL_CARZANIGA_GUALNIERA.a(ADC_DELSIG_INT.o)
 .debug_aranges
                0x00001198       0x30 .\CortexM3\ARM_GCC_541\Debug\AY1920_II_HW_FINAL_CARZANIGA_GUALNIERA.a(ADC_DELSIG_AMux.o)
 .debug_aranges
                0x000011c8       0x70 .\CortexM3\ARM_GCC_541\Debug\AY1920_II_HW_FINAL_CARZANIGA_GUALNIERA.a(ADC_DELSIG_Ext_CP_Clk.o)
 .debug_aranges
                0x00001238       0x80 .\CortexM3\ARM_GCC_541\Debug\AY1920_II_HW_FINAL_CARZANIGA_GUALNIERA.a(ADC_DELSIG_theACLK.o)
 .debug_aranges
                0x000012b8       0x20 .\CortexM3\ARM_GCC_541\Debug\AY1920_II_HW_FINAL_CARZANIGA_GUALNIERA.a(CyBootAsmGnu.o)
 .debug_aranges
                0x000012d8       0x88 .\CortexM3\ARM_GCC_541\Debug\AY1920_II_HW_FINAL_CARZANIGA_GUALNIERA.a(CyFlash.o)
 .debug_aranges
                0x00001360       0x80 .\CortexM3\ARM_GCC_541\Debug\AY1920_II_HW_FINAL_CARZANIGA_GUALNIERA.a(CySpc.o)

.debug_pubnames
 *(.debug_pubnames)

.debug_info     0x00000000     0xb028
 *(.debug_info .gnu.linkonce.wi.*)
 .debug_info    0x00000000      0x615 .\CortexM3\ARM_GCC_541\Debug\main.o
 .debug_info    0x00000615      0x32c .\CortexM3\ARM_GCC_541\Debug\InterruptRoutines.o
 .debug_info    0x00000941      0x678 .\CortexM3\ARM_GCC_541\Debug\SPI_Interface.o
 .debug_info    0x00000fb9      0xac8 .\CortexM3\ARM_GCC_541\Debug\25LC256.o
 .debug_info    0x00001a81      0x470 .\CortexM3\ARM_GCC_541\Debug\RGB_Driver.o
 .debug_info    0x00001ef1      0x881 .\CortexM3\ARM_GCC_541\Debug\LIS3DH.o
 .debug_info    0x00002772      0x25e .\CortexM3\ARM_GCC_541\Debug\Notifications.o
 .debug_info    0x000029d0      0x32c .\CortexM3\ARM_GCC_541\Debug\LogUtils.o
 .debug_info    0x00002cfc      0x6c7 .\CortexM3\ARM_GCC_541\Debug\cyfitter_cfg.o
 .debug_info    0x000033c3      0x139 .\CortexM3\ARM_GCC_541\Debug\cymetadata.o
 .debug_info    0x000034fc      0x3bb .\CortexM3\ARM_GCC_541\Debug\Cm3Start.o
 .debug_info    0x000038b7      0x2d2 .\CortexM3\ARM_GCC_541\Debug\AY1920_II_HW_FINAL_CARZANIGA_GUALNIERA.a(ISR_CONFIG.o)
 .debug_info    0x00003b89      0x383 .\CortexM3\ARM_GCC_541\Debug\AY1920_II_HW_FINAL_CARZANIGA_GUALNIERA.a(PWM_RG.o)
 .debug_info    0x00003f0c      0x334 .\CortexM3\ARM_GCC_541\Debug\AY1920_II_HW_FINAL_CARZANIGA_GUALNIERA.a(PWM_B.o)
 .debug_info    0x00004240      0x2d2 .\CortexM3\ARM_GCC_541\Debug\AY1920_II_HW_FINAL_CARZANIGA_GUALNIERA.a(ISR_START.o)
 .debug_info    0x00004512      0x60c .\CortexM3\ARM_GCC_541\Debug\AY1920_II_HW_FINAL_CARZANIGA_GUALNIERA.a(UART.o)
 .debug_info    0x00004b1e      0x283 .\CortexM3\ARM_GCC_541\Debug\AY1920_II_HW_FINAL_CARZANIGA_GUALNIERA.a(UART_IntClock.o)
 .debug_info    0x00004da1     0x1374 .\CortexM3\ARM_GCC_541\Debug\AY1920_II_HW_FINAL_CARZANIGA_GUALNIERA.a(CyLib.o)
 .debug_info    0x00006115      0xa2a .\CortexM3\ARM_GCC_541\Debug\AY1920_II_HW_FINAL_CARZANIGA_GUALNIERA.a(cyPm.o)
 .debug_info    0x00006b3f      0x293 .\CortexM3\ARM_GCC_541\Debug\AY1920_II_HW_FINAL_CARZANIGA_GUALNIERA.a(BUTTON_TIMER.o)
 .debug_info    0x00006dd2      0x11f .\CortexM3\ARM_GCC_541\Debug\AY1920_II_HW_FINAL_CARZANIGA_GUALNIERA.a(CS_IMU.o)
 .debug_info    0x00006ef1      0x11f .\CortexM3\ARM_GCC_541\Debug\AY1920_II_HW_FINAL_CARZANIGA_GUALNIERA.a(CS_EEPROM.o)
 .debug_info    0x00007010      0x333 .\CortexM3\ARM_GCC_541\Debug\AY1920_II_HW_FINAL_CARZANIGA_GUALNIERA.a(PWM_NOTIFY.o)
 .debug_info    0x00007343      0x2d1 .\CortexM3\ARM_GCC_541\Debug\AY1920_II_HW_FINAL_CARZANIGA_GUALNIERA.a(CLICK_TIMER.o)
 .debug_info    0x00007614      0x2d2 .\CortexM3\ARM_GCC_541\Debug\AY1920_II_HW_FINAL_CARZANIGA_GUALNIERA.a(ISR_IMU.o)
 .debug_info    0x000078e6      0x709 .\CortexM3\ARM_GCC_541\Debug\AY1920_II_HW_FINAL_CARZANIGA_GUALNIERA.a(SPIM_IMU.o)
 .debug_info    0x00007fef      0x18d .\CortexM3\ARM_GCC_541\Debug\AY1920_II_HW_FINAL_CARZANIGA_GUALNIERA.a(SPIM_IMU_INT.o)
 .debug_info    0x0000817c      0x709 .\CortexM3\ARM_GCC_541\Debug\AY1920_II_HW_FINAL_CARZANIGA_GUALNIERA.a(SPIM_EEPROM.o)
 .debug_info    0x00008885      0x18d .\CortexM3\ARM_GCC_541\Debug\AY1920_II_HW_FINAL_CARZANIGA_GUALNIERA.a(SPIM_EEPROM_INT.o)
 .debug_info    0x00008a12      0x283 .\CortexM3\ARM_GCC_541\Debug\AY1920_II_HW_FINAL_CARZANIGA_GUALNIERA.a(SPIM_IMU_IntClock.o)
 .debug_info    0x00008c95      0x283 .\CortexM3\ARM_GCC_541\Debug\AY1920_II_HW_FINAL_CARZANIGA_GUALNIERA.a(SPIM_EEPROM_IntClock.o)
 .debug_info    0x00008f18      0x2ee .\CortexM3\ARM_GCC_541\Debug\AY1920_II_HW_FINAL_CARZANIGA_GUALNIERA.a(MAIN_TIMER.o)
 .debug_info    0x00009206      0xa1c .\CortexM3\ARM_GCC_541\Debug\AY1920_II_HW_FINAL_CARZANIGA_GUALNIERA.a(ADC_DELSIG.o)
 .debug_info    0x00009c22       0xd3 .\CortexM3\ARM_GCC_541\Debug\AY1920_II_HW_FINAL_CARZANIGA_GUALNIERA.a(ADC_DELSIG_INT.o)
 .debug_info    0x00009cf5      0x165 .\CortexM3\ARM_GCC_541\Debug\AY1920_II_HW_FINAL_CARZANIGA_GUALNIERA.a(ADC_DELSIG_AMux.o)
 .debug_info    0x00009e5a      0x283 .\CortexM3\ARM_GCC_541\Debug\AY1920_II_HW_FINAL_CARZANIGA_GUALNIERA.a(ADC_DELSIG_Ext_CP_Clk.o)
 .debug_info    0x0000a0dd      0x2c4 .\CortexM3\ARM_GCC_541\Debug\AY1920_II_HW_FINAL_CARZANIGA_GUALNIERA.a(ADC_DELSIG_theACLK.o)
 .debug_info    0x0000a3a1       0xea .\CortexM3\ARM_GCC_541\Debug\AY1920_II_HW_FINAL_CARZANIGA_GUALNIERA.a(CyBootAsmGnu.o)
 .debug_info    0x0000a48b      0x64d .\CortexM3\ARM_GCC_541\Debug\AY1920_II_HW_FINAL_CARZANIGA_GUALNIERA.a(CyFlash.o)
 .debug_info    0x0000aad8      0x550 .\CortexM3\ARM_GCC_541\Debug\AY1920_II_HW_FINAL_CARZANIGA_GUALNIERA.a(CySpc.o)

.debug_abbrev   0x00000000     0x3110
 *(.debug_abbrev)
 .debug_abbrev  0x00000000      0x160 .\CortexM3\ARM_GCC_541\Debug\main.o
 .debug_abbrev  0x00000160       0xfe .\CortexM3\ARM_GCC_541\Debug\InterruptRoutines.o
 .debug_abbrev  0x0000025e      0x134 .\CortexM3\ARM_GCC_541\Debug\SPI_Interface.o
 .debug_abbrev  0x00000392      0x1e5 .\CortexM3\ARM_GCC_541\Debug\25LC256.o
 .debug_abbrev  0x00000577      0x15c .\CortexM3\ARM_GCC_541\Debug\RGB_Driver.o
 .debug_abbrev  0x000006d3      0x189 .\CortexM3\ARM_GCC_541\Debug\LIS3DH.o
 .debug_abbrev  0x0000085c       0xff .\CortexM3\ARM_GCC_541\Debug\Notifications.o
 .debug_abbrev  0x0000095b      0x147 .\CortexM3\ARM_GCC_541\Debug\LogUtils.o
 .debug_abbrev  0x00000aa2      0x22d .\CortexM3\ARM_GCC_541\Debug\cyfitter_cfg.o
 .debug_abbrev  0x00000ccf       0x77 .\CortexM3\ARM_GCC_541\Debug\cymetadata.o
 .debug_abbrev  0x00000d46      0x1e8 .\CortexM3\ARM_GCC_541\Debug\Cm3Start.o
 .debug_abbrev  0x00000f2e      0x173 .\CortexM3\ARM_GCC_541\Debug\AY1920_II_HW_FINAL_CARZANIGA_GUALNIERA.a(ISR_CONFIG.o)
 .debug_abbrev  0x000010a1      0x133 .\CortexM3\ARM_GCC_541\Debug\AY1920_II_HW_FINAL_CARZANIGA_GUALNIERA.a(PWM_RG.o)
 .debug_abbrev  0x000011d4      0x133 .\CortexM3\ARM_GCC_541\Debug\AY1920_II_HW_FINAL_CARZANIGA_GUALNIERA.a(PWM_B.o)
 .debug_abbrev  0x00001307      0x173 .\CortexM3\ARM_GCC_541\Debug\AY1920_II_HW_FINAL_CARZANIGA_GUALNIERA.a(ISR_START.o)
 .debug_abbrev  0x0000147a      0x175 .\CortexM3\ARM_GCC_541\Debug\AY1920_II_HW_FINAL_CARZANIGA_GUALNIERA.a(UART.o)
 .debug_abbrev  0x000015ef      0x139 .\CortexM3\ARM_GCC_541\Debug\AY1920_II_HW_FINAL_CARZANIGA_GUALNIERA.a(UART_IntClock.o)
 .debug_abbrev  0x00001728      0x254 .\CortexM3\ARM_GCC_541\Debug\AY1920_II_HW_FINAL_CARZANIGA_GUALNIERA.a(CyLib.o)
 .debug_abbrev  0x0000197c      0x1ab .\CortexM3\ARM_GCC_541\Debug\AY1920_II_HW_FINAL_CARZANIGA_GUALNIERA.a(cyPm.o)
 .debug_abbrev  0x00001b27      0x11a .\CortexM3\ARM_GCC_541\Debug\AY1920_II_HW_FINAL_CARZANIGA_GUALNIERA.a(BUTTON_TIMER.o)
 .debug_abbrev  0x00001c41       0x90 .\CortexM3\ARM_GCC_541\Debug\AY1920_II_HW_FINAL_CARZANIGA_GUALNIERA.a(CS_IMU.o)
 .debug_abbrev  0x00001cd1       0x90 .\CortexM3\ARM_GCC_541\Debug\AY1920_II_HW_FINAL_CARZANIGA_GUALNIERA.a(CS_EEPROM.o)
 .debug_abbrev  0x00001d61      0x133 .\CortexM3\ARM_GCC_541\Debug\AY1920_II_HW_FINAL_CARZANIGA_GUALNIERA.a(PWM_NOTIFY.o)
 .debug_abbrev  0x00001e94      0x12b .\CortexM3\ARM_GCC_541\Debug\AY1920_II_HW_FINAL_CARZANIGA_GUALNIERA.a(CLICK_TIMER.o)
 .debug_abbrev  0x00001fbf      0x173 .\CortexM3\ARM_GCC_541\Debug\AY1920_II_HW_FINAL_CARZANIGA_GUALNIERA.a(ISR_IMU.o)
 .debug_abbrev  0x00002132      0x162 .\CortexM3\ARM_GCC_541\Debug\AY1920_II_HW_FINAL_CARZANIGA_GUALNIERA.a(SPIM_IMU.o)
 .debug_abbrev  0x00002294       0x8a .\CortexM3\ARM_GCC_541\Debug\AY1920_II_HW_FINAL_CARZANIGA_GUALNIERA.a(SPIM_IMU_INT.o)
 .debug_abbrev  0x0000231e      0x162 .\CortexM3\ARM_GCC_541\Debug\AY1920_II_HW_FINAL_CARZANIGA_GUALNIERA.a(SPIM_EEPROM.o)
 .debug_abbrev  0x00002480       0x8a .\CortexM3\ARM_GCC_541\Debug\AY1920_II_HW_FINAL_CARZANIGA_GUALNIERA.a(SPIM_EEPROM_INT.o)
 .debug_abbrev  0x0000250a      0x139 .\CortexM3\ARM_GCC_541\Debug\AY1920_II_HW_FINAL_CARZANIGA_GUALNIERA.a(SPIM_IMU_IntClock.o)
 .debug_abbrev  0x00002643      0x139 .\CortexM3\ARM_GCC_541\Debug\AY1920_II_HW_FINAL_CARZANIGA_GUALNIERA.a(SPIM_EEPROM_IntClock.o)
 .debug_abbrev  0x0000277c      0x12b .\CortexM3\ARM_GCC_541\Debug\AY1920_II_HW_FINAL_CARZANIGA_GUALNIERA.a(MAIN_TIMER.o)
 .debug_abbrev  0x000028a7      0x1cd .\CortexM3\ARM_GCC_541\Debug\AY1920_II_HW_FINAL_CARZANIGA_GUALNIERA.a(ADC_DELSIG.o)
 .debug_abbrev  0x00002a74       0x42 .\CortexM3\ARM_GCC_541\Debug\AY1920_II_HW_FINAL_CARZANIGA_GUALNIERA.a(ADC_DELSIG_INT.o)
 .debug_abbrev  0x00002ab6       0xb1 .\CortexM3\ARM_GCC_541\Debug\AY1920_II_HW_FINAL_CARZANIGA_GUALNIERA.a(ADC_DELSIG_AMux.o)
 .debug_abbrev  0x00002b67      0x139 .\CortexM3\ARM_GCC_541\Debug\AY1920_II_HW_FINAL_CARZANIGA_GUALNIERA.a(ADC_DELSIG_Ext_CP_Clk.o)
 .debug_abbrev  0x00002ca0      0x121 .\CortexM3\ARM_GCC_541\Debug\AY1920_II_HW_FINAL_CARZANIGA_GUALNIERA.a(ADC_DELSIG_theACLK.o)
 .debug_abbrev  0x00002dc1       0x14 .\CortexM3\ARM_GCC_541\Debug\AY1920_II_HW_FINAL_CARZANIGA_GUALNIERA.a(CyBootAsmGnu.o)
 .debug_abbrev  0x00002dd5      0x1a7 .\CortexM3\ARM_GCC_541\Debug\AY1920_II_HW_FINAL_CARZANIGA_GUALNIERA.a(CyFlash.o)
 .debug_abbrev  0x00002f7c      0x194 .\CortexM3\ARM_GCC_541\Debug\AY1920_II_HW_FINAL_CARZANIGA_GUALNIERA.a(CySpc.o)

.debug_line     0x00000000     0x4da6
 *(.debug_line)
 .debug_line    0x00000000      0x2b1 .\CortexM3\ARM_GCC_541\Debug\main.o
 .debug_line    0x000002b1      0x1f4 .\CortexM3\ARM_GCC_541\Debug\InterruptRoutines.o
 .debug_line    0x000004a5      0x293 .\CortexM3\ARM_GCC_541\Debug\SPI_Interface.o
 .debug_line    0x00000738      0x386 .\CortexM3\ARM_GCC_541\Debug\25LC256.o
 .debug_line    0x00000abe      0x26b .\CortexM3\ARM_GCC_541\Debug\RGB_Driver.o
 .debug_line    0x00000d29      0x321 .\CortexM3\ARM_GCC_541\Debug\LIS3DH.o
 .debug_line    0x0000104a      0x1d4 .\CortexM3\ARM_GCC_541\Debug\Notifications.o
 .debug_line    0x0000121e      0x1f0 .\CortexM3\ARM_GCC_541\Debug\LogUtils.o
 .debug_line    0x0000140e      0x230 .\CortexM3\ARM_GCC_541\Debug\cyfitter_cfg.o
 .debug_line    0x0000163e      0x141 .\CortexM3\ARM_GCC_541\Debug\cymetadata.o
 .debug_line    0x0000177f      0x234 .\CortexM3\ARM_GCC_541\Debug\Cm3Start.o
 .debug_line    0x000019b3      0x137 .\CortexM3\ARM_GCC_541\Debug\AY1920_II_HW_FINAL_CARZANIGA_GUALNIERA.a(ISR_CONFIG.o)
 .debug_line    0x00001aea      0x1aa .\CortexM3\ARM_GCC_541\Debug\AY1920_II_HW_FINAL_CARZANIGA_GUALNIERA.a(PWM_RG.o)
 .debug_line    0x00001c94      0x185 .\CortexM3\ARM_GCC_541\Debug\AY1920_II_HW_FINAL_CARZANIGA_GUALNIERA.a(PWM_B.o)
 .debug_line    0x00001e19      0x136 .\CortexM3\ARM_GCC_541\Debug\AY1920_II_HW_FINAL_CARZANIGA_GUALNIERA.a(ISR_START.o)
 .debug_line    0x00001f4f      0x2bc .\CortexM3\ARM_GCC_541\Debug\AY1920_II_HW_FINAL_CARZANIGA_GUALNIERA.a(UART.o)
 .debug_line    0x0000220b      0x17c .\CortexM3\ARM_GCC_541\Debug\AY1920_II_HW_FINAL_CARZANIGA_GUALNIERA.a(UART_IntClock.o)
 .debug_line    0x00002387      0x816 .\CortexM3\ARM_GCC_541\Debug\AY1920_II_HW_FINAL_CARZANIGA_GUALNIERA.a(CyLib.o)
 .debug_line    0x00002b9d      0x367 .\CortexM3\ARM_GCC_541\Debug\AY1920_II_HW_FINAL_CARZANIGA_GUALNIERA.a(cyPm.o)
 .debug_line    0x00002f04      0x160 .\CortexM3\ARM_GCC_541\Debug\AY1920_II_HW_FINAL_CARZANIGA_GUALNIERA.a(BUTTON_TIMER.o)
 .debug_line    0x00003064       0x93 .\CortexM3\ARM_GCC_541\Debug\AY1920_II_HW_FINAL_CARZANIGA_GUALNIERA.a(CS_IMU.o)
 .debug_line    0x000030f7       0x96 .\CortexM3\ARM_GCC_541\Debug\AY1920_II_HW_FINAL_CARZANIGA_GUALNIERA.a(CS_EEPROM.o)
 .debug_line    0x0000318d      0x18a .\CortexM3\ARM_GCC_541\Debug\AY1920_II_HW_FINAL_CARZANIGA_GUALNIERA.a(PWM_NOTIFY.o)
 .debug_line    0x00003317      0x176 .\CortexM3\ARM_GCC_541\Debug\AY1920_II_HW_FINAL_CARZANIGA_GUALNIERA.a(CLICK_TIMER.o)
 .debug_line    0x0000348d      0x134 .\CortexM3\ARM_GCC_541\Debug\AY1920_II_HW_FINAL_CARZANIGA_GUALNIERA.a(ISR_IMU.o)
 .debug_line    0x000035c1      0x2a2 .\CortexM3\ARM_GCC_541\Debug\AY1920_II_HW_FINAL_CARZANIGA_GUALNIERA.a(SPIM_IMU.o)
 .debug_line    0x00003863       0xae .\CortexM3\ARM_GCC_541\Debug\AY1920_II_HW_FINAL_CARZANIGA_GUALNIERA.a(SPIM_IMU_INT.o)
 .debug_line    0x00003911      0x2a8 .\CortexM3\ARM_GCC_541\Debug\AY1920_II_HW_FINAL_CARZANIGA_GUALNIERA.a(SPIM_EEPROM.o)
 .debug_line    0x00003bb9       0xb4 .\CortexM3\ARM_GCC_541\Debug\AY1920_II_HW_FINAL_CARZANIGA_GUALNIERA.a(SPIM_EEPROM_INT.o)
 .debug_line    0x00003c6d      0x180 .\CortexM3\ARM_GCC_541\Debug\AY1920_II_HW_FINAL_CARZANIGA_GUALNIERA.a(SPIM_IMU_IntClock.o)
 .debug_line    0x00003ded      0x183 .\CortexM3\ARM_GCC_541\Debug\AY1920_II_HW_FINAL_CARZANIGA_GUALNIERA.a(SPIM_EEPROM_IntClock.o)
 .debug_line    0x00003f70      0x175 .\CortexM3\ARM_GCC_541\Debug\AY1920_II_HW_FINAL_CARZANIGA_GUALNIERA.a(MAIN_TIMER.o)
 .debug_line    0x000040e5      0x37f .\CortexM3\ARM_GCC_541\Debug\AY1920_II_HW_FINAL_CARZANIGA_GUALNIERA.a(ADC_DELSIG.o)
 .debug_line    0x00004464       0x87 .\CortexM3\ARM_GCC_541\Debug\AY1920_II_HW_FINAL_CARZANIGA_GUALNIERA.a(ADC_DELSIG_INT.o)
 .debug_line    0x000044eb       0xb3 .\CortexM3\ARM_GCC_541\Debug\AY1920_II_HW_FINAL_CARZANIGA_GUALNIERA.a(ADC_DELSIG_AMux.o)
 .debug_line    0x0000459e      0x184 .\CortexM3\ARM_GCC_541\Debug\AY1920_II_HW_FINAL_CARZANIGA_GUALNIERA.a(ADC_DELSIG_Ext_CP_Clk.o)
 .debug_line    0x00004722      0x1a4 .\CortexM3\ARM_GCC_541\Debug\AY1920_II_HW_FINAL_CARZANIGA_GUALNIERA.a(ADC_DELSIG_theACLK.o)
 .debug_line    0x000048c6       0x66 .\CortexM3\ARM_GCC_541\Debug\AY1920_II_HW_FINAL_CARZANIGA_GUALNIERA.a(CyBootAsmGnu.o)
 .debug_line    0x0000492c      0x21a .\CortexM3\ARM_GCC_541\Debug\AY1920_II_HW_FINAL_CARZANIGA_GUALNIERA.a(CyFlash.o)
 .debug_line    0x00004b46      0x260 .\CortexM3\ARM_GCC_541\Debug\AY1920_II_HW_FINAL_CARZANIGA_GUALNIERA.a(CySpc.o)

.debug_frame    0x00000000     0x3144
 *(.debug_frame)
 .debug_frame   0x00000000       0x44 .\CortexM3\ARM_GCC_541\Debug\main.o
 .debug_frame   0x00000044       0x64 .\CortexM3\ARM_GCC_541\Debug\InterruptRoutines.o
 .debug_frame   0x000000a8       0xe0 .\CortexM3\ARM_GCC_541\Debug\SPI_Interface.o
 .debug_frame   0x00000188      0x300 .\CortexM3\ARM_GCC_541\Debug\25LC256.o
 .debug_frame   0x00000488       0xfc .\CortexM3\ARM_GCC_541\Debug\RGB_Driver.o
 .debug_frame   0x00000584      0x1b4 .\CortexM3\ARM_GCC_541\Debug\LIS3DH.o
 .debug_frame   0x00000738       0x84 .\CortexM3\ARM_GCC_541\Debug\Notifications.o
 .debug_frame   0x000007bc       0xe8 .\CortexM3\ARM_GCC_541\Debug\LogUtils.o
 .debug_frame   0x000008a4      0x104 .\CortexM3\ARM_GCC_541\Debug\cyfitter_cfg.o
 .debug_frame   0x000009a8       0xb8 .\CortexM3\ARM_GCC_541\Debug\Cm3Start.o
 .debug_frame   0x00000a60      0x104 .\CortexM3\ARM_GCC_541\Debug\AY1920_II_HW_FINAL_CARZANIGA_GUALNIERA.a(ISR_CONFIG.o)
 .debug_frame   0x00000b64      0x154 .\CortexM3\ARM_GCC_541\Debug\AY1920_II_HW_FINAL_CARZANIGA_GUALNIERA.a(PWM_RG.o)
 .debug_frame   0x00000cb8      0x134 .\CortexM3\ARM_GCC_541\Debug\AY1920_II_HW_FINAL_CARZANIGA_GUALNIERA.a(PWM_B.o)
 .debug_frame   0x00000dec      0x104 .\CortexM3\ARM_GCC_541\Debug\AY1920_II_HW_FINAL_CARZANIGA_GUALNIERA.a(ISR_START.o)
 .debug_frame   0x00000ef0      0x250 .\CortexM3\ARM_GCC_541\Debug\AY1920_II_HW_FINAL_CARZANIGA_GUALNIERA.a(UART.o)
 .debug_frame   0x00001140       0xe0 .\CortexM3\ARM_GCC_541\Debug\AY1920_II_HW_FINAL_CARZANIGA_GUALNIERA.a(UART_IntClock.o)
 .debug_frame   0x00001220      0x738 .\CortexM3\ARM_GCC_541\Debug\AY1920_II_HW_FINAL_CARZANIGA_GUALNIERA.a(CyLib.o)
 .debug_frame   0x00001958      0x1f8 .\CortexM3\ARM_GCC_541\Debug\AY1920_II_HW_FINAL_CARZANIGA_GUALNIERA.a(cyPm.o)
 .debug_frame   0x00001b50      0x108 .\CortexM3\ARM_GCC_541\Debug\AY1920_II_HW_FINAL_CARZANIGA_GUALNIERA.a(BUTTON_TIMER.o)
 .debug_frame   0x00001c58       0x50 .\CortexM3\ARM_GCC_541\Debug\AY1920_II_HW_FINAL_CARZANIGA_GUALNIERA.a(CS_IMU.o)
 .debug_frame   0x00001ca8       0x50 .\CortexM3\ARM_GCC_541\Debug\AY1920_II_HW_FINAL_CARZANIGA_GUALNIERA.a(CS_EEPROM.o)
 .debug_frame   0x00001cf8      0x134 .\CortexM3\ARM_GCC_541\Debug\AY1920_II_HW_FINAL_CARZANIGA_GUALNIERA.a(PWM_NOTIFY.o)
 .debug_frame   0x00001e2c      0x124 .\CortexM3\ARM_GCC_541\Debug\AY1920_II_HW_FINAL_CARZANIGA_GUALNIERA.a(CLICK_TIMER.o)
 .debug_frame   0x00001f50      0x104 .\CortexM3\ARM_GCC_541\Debug\AY1920_II_HW_FINAL_CARZANIGA_GUALNIERA.a(ISR_IMU.o)
 .debug_frame   0x00002054      0x264 .\CortexM3\ARM_GCC_541\Debug\AY1920_II_HW_FINAL_CARZANIGA_GUALNIERA.a(SPIM_IMU.o)
 .debug_frame   0x000022b8       0x30 .\CortexM3\ARM_GCC_541\Debug\AY1920_II_HW_FINAL_CARZANIGA_GUALNIERA.a(SPIM_IMU_INT.o)
 .debug_frame   0x000022e8      0x260 .\CortexM3\ARM_GCC_541\Debug\AY1920_II_HW_FINAL_CARZANIGA_GUALNIERA.a(SPIM_EEPROM.o)
 .debug_frame   0x00002548       0x30 .\CortexM3\ARM_GCC_541\Debug\AY1920_II_HW_FINAL_CARZANIGA_GUALNIERA.a(SPIM_EEPROM_INT.o)
 .debug_frame   0x00002578       0xe0 .\CortexM3\ARM_GCC_541\Debug\AY1920_II_HW_FINAL_CARZANIGA_GUALNIERA.a(SPIM_IMU_IntClock.o)
 .debug_frame   0x00002658       0xe0 .\CortexM3\ARM_GCC_541\Debug\AY1920_II_HW_FINAL_CARZANIGA_GUALNIERA.a(SPIM_EEPROM_IntClock.o)
 .debug_frame   0x00002738      0x124 .\CortexM3\ARM_GCC_541\Debug\AY1920_II_HW_FINAL_CARZANIGA_GUALNIERA.a(MAIN_TIMER.o)
 .debug_frame   0x0000285c      0x284 .\CortexM3\ARM_GCC_541\Debug\AY1920_II_HW_FINAL_CARZANIGA_GUALNIERA.a(ADC_DELSIG.o)
 .debug_frame   0x00002ae0       0x50 .\CortexM3\ARM_GCC_541\Debug\AY1920_II_HW_FINAL_CARZANIGA_GUALNIERA.a(ADC_DELSIG_INT.o)
 .debug_frame   0x00002b30       0x64 .\CortexM3\ARM_GCC_541\Debug\AY1920_II_HW_FINAL_CARZANIGA_GUALNIERA.a(ADC_DELSIG_AMux.o)
 .debug_frame   0x00002b94       0xe0 .\CortexM3\ARM_GCC_541\Debug\AY1920_II_HW_FINAL_CARZANIGA_GUALNIERA.a(ADC_DELSIG_Ext_CP_Clk.o)
 .debug_frame   0x00002c74      0x100 .\CortexM3\ARM_GCC_541\Debug\AY1920_II_HW_FINAL_CARZANIGA_GUALNIERA.a(ADC_DELSIG_theACLK.o)
 .debug_frame   0x00002d74      0x194 .\CortexM3\ARM_GCC_541\Debug\AY1920_II_HW_FINAL_CARZANIGA_GUALNIERA.a(CyFlash.o)
 .debug_frame   0x00002f08      0x180 .\CortexM3\ARM_GCC_541\Debug\AY1920_II_HW_FINAL_CARZANIGA_GUALNIERA.a(CySpc.o)
 .debug_frame   0x00003088       0x20 c:/program files (x86)/cypress/psoc creator/4.3/psoc creator/import/gnu/arm/5.4.1/bin/../lib/gcc/arm-none-eabi/5.4.1/../../../../arm-none-eabi/lib/armv7-m\libg_nano.a(lib_a-errno.o)
 .debug_frame   0x000030a8       0x28 c:/program files (x86)/cypress/psoc creator/4.3/psoc creator/import/gnu/arm/5.4.1/bin/../lib/gcc/arm-none-eabi/5.4.1/../../../../arm-none-eabi/lib/armv7-m\libg_nano.a(lib_a-exit.o)
 .debug_frame   0x000030d0       0x2c c:/program files (x86)/cypress/psoc creator/4.3/psoc creator/import/gnu/arm/5.4.1/bin/../lib/gcc/arm-none-eabi/5.4.1/../../../../arm-none-eabi/lib/armv7-m\libg_nano.a(lib_a-init.o)
 .debug_frame   0x000030fc       0x28 c:/program files (x86)/cypress/psoc creator/4.3/psoc creator/import/gnu/arm/5.4.1/bin/../lib/gcc/arm-none-eabi/5.4.1/../../../../arm-none-eabi/lib/armv7-m\libg_nano.a(lib_a-memcpy-stub.o)
 .debug_frame   0x00003124       0x20 c:/program files (x86)/cypress/psoc creator/4.3/psoc creator/import/gnu/arm/5.4.1/bin/../lib/gcc/arm-none-eabi/5.4.1/../../../../arm-none-eabi/lib/armv7-m\libg_nano.a(lib_a-memset.o)

.debug_str      0x00000000     0x4008
 *(.debug_str)
 .debug_str     0x00000000      0x4a9 .\CortexM3\ARM_GCC_541\Debug\main.o
                                0x510 (size before relaxing)
 .debug_str     0x000004a9       0xdb .\CortexM3\ARM_GCC_541\Debug\InterruptRoutines.o
                                0x39a (size before relaxing)
 .debug_str     0x00000584      0x261 .\CortexM3\ARM_GCC_541\Debug\SPI_Interface.o
                                0x479 (size before relaxing)
 .debug_str     0x000007e5      0x1f7 .\CortexM3\ARM_GCC_541\Debug\25LC256.o
                                0x597 (size before relaxing)
 .debug_str     0x000009dc      0x13b .\CortexM3\ARM_GCC_541\Debug\RGB_Driver.o
                                0x3b2 (size before relaxing)
 .debug_str     0x00000b17       0x9d .\CortexM3\ARM_GCC_541\Debug\LIS3DH.o
                                0x3a9 (size before relaxing)
 .debug_str     0x00000bb4       0xbc .\CortexM3\ARM_GCC_541\Debug\Notifications.o
                                0x339 (size before relaxing)
 .debug_str     0x00000c70       0x4c .\CortexM3\ARM_GCC_541\Debug\LogUtils.o
                                0x30d (size before relaxing)
 .debug_str     0x00000cbc      0x20a .\CortexM3\ARM_GCC_541\Debug\cyfitter_cfg.o
                                0x40c (size before relaxing)
 .debug_str     0x00000ec6       0x75 .\CortexM3\ARM_GCC_541\Debug\cymetadata.o
                                0x23e (size before relaxing)
 .debug_str     0x00000f3b      0x13e .\CortexM3\ARM_GCC_541\Debug\Cm3Start.o
                                0x364 (size before relaxing)
 .debug_str     0x00001079      0x131 .\CortexM3\ARM_GCC_541\Debug\AY1920_II_HW_FINAL_CARZANIGA_GUALNIERA.a(ISR_CONFIG.o)
                                0x346 (size before relaxing)
 .debug_str     0x000011aa      0x18f .\CortexM3\ARM_GCC_541\Debug\AY1920_II_HW_FINAL_CARZANIGA_GUALNIERA.a(PWM_RG.o)
                                0x3e9 (size before relaxing)
 .debug_str     0x00001339      0x11a .\CortexM3\ARM_GCC_541\Debug\AY1920_II_HW_FINAL_CARZANIGA_GUALNIERA.a(PWM_B.o)
                                0x3ab (size before relaxing)
 .debug_str     0x00001453      0x10c .\CortexM3\ARM_GCC_541\Debug\AY1920_II_HW_FINAL_CARZANIGA_GUALNIERA.a(ISR_START.o)
                                0x338 (size before relaxing)
 .debug_str     0x0000155f      0x286 .\CortexM3\ARM_GCC_541\Debug\AY1920_II_HW_FINAL_CARZANIGA_GUALNIERA.a(UART.o)
                                0x4cf (size before relaxing)
 .debug_str     0x000017e5      0x183 .\CortexM3\ARM_GCC_541\Debug\AY1920_II_HW_FINAL_CARZANIGA_GUALNIERA.a(UART_IntClock.o)
                                0x390 (size before relaxing)
 .debug_str     0x00001968      0x7e3 .\CortexM3\ARM_GCC_541\Debug\AY1920_II_HW_FINAL_CARZANIGA_GUALNIERA.a(CyLib.o)
                                0xaa1 (size before relaxing)
 .debug_str     0x0000214b      0x365 .\CortexM3\ARM_GCC_541\Debug\AY1920_II_HW_FINAL_CARZANIGA_GUALNIERA.a(cyPm.o)
                                0x78d (size before relaxing)
 .debug_str     0x000024b0      0x19a .\CortexM3\ARM_GCC_541\Debug\AY1920_II_HW_FINAL_CARZANIGA_GUALNIERA.a(BUTTON_TIMER.o)
                                0x3bf (size before relaxing)
 .debug_str     0x0000264a       0x5e .\CortexM3\ARM_GCC_541\Debug\AY1920_II_HW_FINAL_CARZANIGA_GUALNIERA.a(CS_IMU.o)
                                0x241 (size before relaxing)
 .debug_str     0x000026a8       0x5f .\CortexM3\ARM_GCC_541\Debug\AY1920_II_HW_FINAL_CARZANIGA_GUALNIERA.a(CS_EEPROM.o)
                                0x250 (size before relaxing)
 .debug_str     0x00002707      0x16c .\CortexM3\ARM_GCC_541\Debug\AY1920_II_HW_FINAL_CARZANIGA_GUALNIERA.a(PWM_NOTIFY.o)
                                0x40a (size before relaxing)