Archive member included to satisfy reference by file (symbol)

.\CortexM3\ARM_GCC_541\Debug\AY1920_II_HW_FINAL_CARZANIGA_GUALNIERA.a(ISR_CONFIG.o)
                              .\CortexM3\ARM_GCC_541\Debug\main.o (ISR_CONFIG_StartEx)
.\CortexM3\ARM_GCC_541\Debug\AY1920_II_HW_FINAL_CARZANIGA_GUALNIERA.a(PWM_RG.o)
                              .\CortexM3\ARM_GCC_541\Debug\LED_Driver.o (PWM_RG_Stop)
.\CortexM3\ARM_GCC_541\Debug\AY1920_II_HW_FINAL_CARZANIGA_GUALNIERA.a(PWM_B.o)
                              .\CortexM3\ARM_GCC_541\Debug\LED_Driver.o (PWM_B_Stop)
.\CortexM3\ARM_GCC_541\Debug\AY1920_II_HW_FINAL_CARZANIGA_GUALNIERA.a(ISR_START.o)
                              .\CortexM3\ARM_GCC_541\Debug\main.o (ISR_START_StartEx)
.\CortexM3\ARM_GCC_541\Debug\AY1920_II_HW_FINAL_CARZANIGA_GUALNIERA.a(UART.o)
                              .\CortexM3\ARM_GCC_541\Debug\main.o (UART_Start)
.\CortexM3\ARM_GCC_541\Debug\AY1920_II_HW_FINAL_CARZANIGA_GUALNIERA.a(UART_IntClock.o)
                              .\CortexM3\ARM_GCC_541\Debug\AY1920_II_HW_FINAL_CARZANIGA_GUALNIERA.a(UART.o) (UART_IntClock_Start)
.\CortexM3\ARM_GCC_541\Debug\AY1920_II_HW_FINAL_CARZANIGA_GUALNIERA.a(CyLib.o)
                              .\CortexM3\ARM_GCC_541\Debug\Cm3Start.o (CyHalt)
.\CortexM3\ARM_GCC_541\Debug\AY1920_II_HW_FINAL_CARZANIGA_GUALNIERA.a(cyPm.o)
                              .\CortexM3\ARM_GCC_541\Debug\AY1920_II_HW_FINAL_CARZANIGA_GUALNIERA.a(CyLib.o) (CyPmReadStatus)
.\CortexM3\ARM_GCC_541\Debug\AY1920_II_HW_FINAL_CARZANIGA_GUALNIERA.a(BUTTON_TIMER.o)
                              .\CortexM3\ARM_GCC_541\Debug\main.o (BUTTON_TIMER_Start)
.\CortexM3\ARM_GCC_541\Debug\AY1920_II_HW_FINAL_CARZANIGA_GUALNIERA.a(CS_IMU.o)
                              .\CortexM3\ARM_GCC_541\Debug\SPI_Interface.o (CS_IMU_Write)
.\CortexM3\ARM_GCC_541\Debug\AY1920_II_HW_FINAL_CARZANIGA_GUALNIERA.a(CS_EEPROM.o)
                              .\CortexM3\ARM_GCC_541\Debug\SPI_Interface.o (CS_EEPROM_Write)
.\CortexM3\ARM_GCC_541\Debug\AY1920_II_HW_FINAL_CARZANIGA_GUALNIERA.a(PWM_NOTIFY.o)
                              .\CortexM3\ARM_GCC_541\Debug\Notifications.o (PWM_NOTIFY_Stop)
.\CortexM3\ARM_GCC_541\Debug\AY1920_II_HW_FINAL_CARZANIGA_GUALNIERA.a(CLICK_TIMER.o)
                              .\CortexM3\ARM_GCC_541\Debug\main.o (CLICK_TIMER_Start)
.\CortexM3\ARM_GCC_541\Debug\AY1920_II_HW_FINAL_CARZANIGA_GUALNIERA.a(ISR_IMU.o)
                              .\CortexM3\ARM_GCC_541\Debug\main.o (ISR_IMU_StartEx)
.\CortexM3\ARM_GCC_541\Debug\AY1920_II_HW_FINAL_CARZANIGA_GUALNIERA.a(SPIM_IMU.o)
                              .\CortexM3\ARM_GCC_541\Debug\SPI_Interface.o (SPIM_IMU_ReadTxStatus)
.\CortexM3\ARM_GCC_541\Debug\AY1920_II_HW_FINAL_CARZANIGA_GUALNIERA.a(SPIM_IMU_INT.o)
                              .\CortexM3\ARM_GCC_541\Debug\AY1920_II_HW_FINAL_CARZANIGA_GUALNIERA.a(SPIM_IMU.o) (SPIM_IMU_TX_ISR)
.\CortexM3\ARM_GCC_541\Debug\AY1920_II_HW_FINAL_CARZANIGA_GUALNIERA.a(SPIM_EEPROM.o)
                              .\CortexM3\ARM_GCC_541\Debug\SPI_Interface.o (SPIM_EEPROM_ReadTxStatus)
.\CortexM3\ARM_GCC_541\Debug\AY1920_II_HW_FINAL_CARZANIGA_GUALNIERA.a(SPIM_EEPROM_INT.o)
                              .\CortexM3\ARM_GCC_541\Debug\AY1920_II_HW_FINAL_CARZANIGA_GUALNIERA.a(SPIM_EEPROM.o) (SPIM_EEPROM_TX_ISR)
.\CortexM3\ARM_GCC_541\Debug\AY1920_II_HW_FINAL_CARZANIGA_GUALNIERA.a(SPIM_IMU_IntClock.o)
                              .\CortexM3\ARM_GCC_541\Debug\AY1920_II_HW_FINAL_CARZANIGA_GUALNIERA.a(SPIM_IMU.o) (SPIM_IMU_IntClock_Start)
.\CortexM3\ARM_GCC_541\Debug\AY1920_II_HW_FINAL_CARZANIGA_GUALNIERA.a(SPIM_EEPROM_IntClock.o)
                              .\CortexM3\ARM_GCC_541\Debug\AY1920_II_HW_FINAL_CARZANIGA_GUALNIERA.a(SPIM_EEPROM.o) (SPIM_EEPROM_IntClock_Start)
.\CortexM3\ARM_GCC_541\Debug\AY1920_II_HW_FINAL_CARZANIGA_GUALNIERA.a(CyBootAsmGnu.o)
                              .\CortexM3\ARM_GCC_541\Debug\cyfitter_cfg.o (CyDelayCycles)
.\CortexM3\ARM_GCC_541\Debug\AY1920_II_HW_FINAL_CARZANIGA_GUALNIERA.a(CyFlash.o)
                              .\CortexM3\ARM_GCC_541\Debug\AY1920_II_HW_FINAL_CARZANIGA_GUALNIERA.a(cyPm.o) (CyFlash_SetWaitCycles)
.\CortexM3\ARM_GCC_541\Debug\AY1920_II_HW_FINAL_CARZANIGA_GUALNIERA.a(CySpc.o)
                              .\CortexM3\ARM_GCC_541\Debug\AY1920_II_HW_FINAL_CARZANIGA_GUALNIERA.a(CyFlash.o) (CySpcStart)
c:/program files (x86)/cypress/psoc creator/4.3/psoc creator/import/gnu/arm/5.4.1/bin/../lib/gcc/arm-none-eabi/5.4.1/armv7-m\libgcc.a(_arm_addsubsf3.o)
                              .\CortexM3\ARM_GCC_541\Debug\LED_Driver.o (__aeabi_i2f)
c:/program files (x86)/cypress/psoc creator/4.3/psoc creator/import/gnu/arm/5.4.1/bin/../lib/gcc/arm-none-eabi/5.4.1/armv7-m\libgcc.a(_arm_muldivsf3.o)
                              .\CortexM3\ARM_GCC_541\Debug\LED_Driver.o (__aeabi_fdiv)
[...]
Memory Configuration

Name             Origin             Length             Attributes
rom              0x00000000         0x00040000         xr
ram              0x1fff8000         0x00010000         xrw
*default*        0x00000000         0xffffffff

Linker script and memory map

LOAD c:/program files (x86)/cypress/psoc creator/4.3/psoc creator/import/gnu/arm/5.4.1/bin/../lib/gcc/arm-none-eabi/5.4.1/armv7-m/crti.o
LOAD c:/program files (x86)/cypress/psoc creator/4.3/psoc creator/import/gnu/arm/5.4.1/bin/../lib/gcc/arm-none-eabi/5.4.1/armv7-m/crtbegin.o
LOAD c:/program files (x86)/cypress/psoc creator/4.3/psoc creator/import/gnu/arm/5.4.1/bin/../lib/gcc/arm-none-eabi/5.4.1/../../../../arm-none-eabi/lib/armv7-m/crt0.o
START GROUP
LOAD .\CortexM3\ARM_GCC_541\Debug\main.o
LOAD .\CortexM3\ARM_GCC_541\Debug\InterruptRoutines.o
LOAD .\CortexM3\ARM_GCC_541\Debug\SPI_Interface.o
LOAD .\CortexM3\ARM_GCC_541\Debug\25LC256.o
LOAD .\CortexM3\ARM_GCC_541\Debug\LED_Driver.o
LOAD .\CortexM3\ARM_GCC_541\Debug\LIS3DH.o
LOAD .\CortexM3\ARM_GCC_541\Debug\Notifications.o
LOAD .\CortexM3\ARM_GCC_541\Debug\cyfitter_cfg.o
LOAD .\CortexM3\ARM_GCC_541\Debug\cymetadata.o
LOAD .\CortexM3\ARM_GCC_541\Debug\Cm3Start.o
LOAD .\CortexM3\ARM_GCC_541\Debug\AY1920_II_HW_FINAL_CARZANIGA_GUALNIERA.a
LOAD C:\Program Files (x86)\Cypress\PSoC Creator\4.3\PSoC Creator\psoc\content\cycomponentlibrary\CyComponentLibrary.cylib\CortexM3\ARM_GCC_541\Debug\CyComponentLibrary.a
END GROUP
START GROUP
LOAD c:/program files (x86)/cypress/psoc creator/4.3/psoc creator/import/gnu/arm/5.4.1/bin/../lib/gcc/arm-none-eabi/5.4.1/armv7-m\libgcc.a
LOAD c:/program files (x86)/cypress/psoc creator/4.3/psoc creator/import/gnu/arm/5.4.1/bin/../lib/gcc/arm-none-eabi/5.4.1/../../../../arm-none-eabi/lib/armv7-m\libg_nano.a
LOAD c:/program files (x86)/cypress/psoc creator/4.3/psoc creator/import/gnu/arm/5.4.1/bin/../lib/gcc/arm-none-eabi/5.4.1/../../../../arm-none-eabi/lib/armv7-m\libc_nano.a
END GROUP
START GROUP
LOAD c:/program files (x86)/cypress/psoc creator/4.3/psoc creator/import/gnu/arm/5.4.1/bin/../lib/gcc/arm-none-eabi/5.4.1/armv7-m\libgcc.a
LOAD c:/program files (x86)/cypress/psoc creator/4.3/psoc creator/import/gnu/arm/5.4.1/bin/../lib/gcc/arm-none-eabi/5.4.1/../../../../arm-none-eabi/lib/armv7-m\libc_nano.a
END GROUP
LOAD c:/program files (x86)/cypress/psoc creator/4.3/psoc creator/import/gnu/arm/5.4.1/bin/../lib/gcc/arm-none-eabi/5.4.1/armv7-m/crtend.o
LOAD c:/program files (x86)/cypress/psoc creator/4.3/psoc creator/import/gnu/arm/5.4.1/bin/../lib/gcc/arm-none-eabi/5.4.1/armv7-m/crtn.o
START GROUP
LOAD c:/program files (x86)/cypress/psoc creator/4.3/psoc creator/import/gnu/arm/5.4.1/bin/../lib/gcc/arm-none-eabi/5.4.1/armv7-m\libgcc.a
LOAD c:/program files (x86)/cypress/psoc creator/4.3/psoc creator/import/gnu/arm/5.4.1/bin/../lib/gcc/arm-none-eabi/5.4.1/../../../../arm-none-eabi/lib/armv7-m\libc.a
LOAD c:/program files (x86)/cypress/psoc creator/4.3/psoc creator/import/gnu/arm/5.4.1/bin/../lib/gcc/arm-none-eabi/5.4.1/../../../../arm-none-eabi/lib/armv7-m\libnosys.a
END GROUP
                0x00000000                CY_APPL_ORIGIN = 0x0
                0x00000100                CY_FLASH_ROW_SIZE = 0x100
                0x00000020                CY_ECC_ROW_SIZE = 0x20
                0x00000000                CY_EE_IN_BTLDR = 0x0
                0x00000000                CY_APPL_LOADABLE = 0x0
                0x00000800                CY_EE_SIZE = 0x800
                0x00000001                CY_APPL_NUM = 0x1
                0x00000001                CY_APPL_MAX = 0x1
                0x00000040                CY_METADATA_SIZE = 0x40
                0x00000000                CY_APPL_LOADABLE = 0x0
                0x00000000                CY_CHECKSUM_EXCLUDE_SIZE = ALIGN (0x0, CY_FLASH_ROW_SIZE)
                [!provide]                PROVIDE (__cy_heap_start, _end)
                0x00000001                PROVIDE (__cy_region_num, ((__cy_regions_end - __cy_regions) / 0x10))
                0x20008000                PROVIDE (__cy_stack, (ORIGIN (ram) + LENGTH (ram)))
                [!provide]                PROVIDE (__cy_heap_end, (__cy_stack - 0x800))

.cybootloader   0x00000000        0x0
 *(.cybootloader)
                0x00000000                appl1_start = CY_APPL_ORIGIN?CY_APPL_ORIGIN:ALIGN (CY_FLASH_ROW_SIZE)
                0x0001ff00                appl2_start = (appl1_start + ALIGN ((((LENGTH (rom) - appl1_start) - (0x2 * CY_FLASH_ROW_SIZE)) / 0x2), CY_FLASH_ROW_SIZE))
                0x00000000                appl_start = (CY_APPL_NUM == 0x1)?appl1_start:appl2_start
                0x00000000                ecc_offset = ((appl_start / CY_FLASH_ROW_SIZE) * CY_ECC_ROW_SIZE)
                0x00000000                ee_offset = (CY_APPL_LOADABLE && ! (CY_EE_IN_BTLDR))?((CY_EE_SIZE / CY_APPL_MAX) * (CY_APPL_NUM - 0x1)):0x0
                0x00000800                ee_size = (CY_APPL_LOADABLE && ! (CY_EE_IN_BTLDR))?(CY_EE_SIZE / CY_APPL_MAX):CY_EE_SIZE
                [!provide]                PROVIDE (CY_ECC_OFFSET, ecc_offset)

.text           0x00000000     0x2b14
 CREATE_OBJECT_SYMBOLS
                0x00000000                PROVIDE (__cy_interrupt_vector, RomVectors)
 *(.romvectors)
 .romvectors    0x00000000       0x10 .\CortexM3\ARM_GCC_541\Debug\Cm3Start.o
                0x00000000                RomVectors
                0x00000001                ASSERT ((. != __cy_interrupt_vector), No interrupt vector)
                0x00000001                ASSERT (CY_APPL_ORIGIN?(SIZEOF (.cybootloader) <= CY_APPL_ORIGIN):0x1, Wrong image location)
                0x00000010                PROVIDE (__cy_reset, Reset)
 *(.text.Reset)
 .text.Reset    0x00000010       0x18 .\CortexM3\ARM_GCC_541\Debug\Cm3Start.o
                0x00000010                Reset
                0x00000001                ASSERT ((. != __cy_reset), No reset code)
 *(.dma_init)
                0x00000001                ASSERT ((((appl_start + .) <= 0x10000) || 0x1), DMA Init must be within the first 64k of flash)
 *(.text .text.* .gnu.linkonce.t.*)
 .text          0x00000028       0x5c c:/program files (x86)/cypress/psoc creator/4.3/psoc creator/import/gnu/arm/5.4.1/bin/../lib/gcc/arm-none-eabi/5.4.1/armv7-m/crtbegin.o
 .text.main     0x00000084       0x80 .\CortexM3\ARM_GCC_541\Debug\main.o
                0x00000084                main
 .text.CUSTOM_ISR_CONFIG
                0x00000104       0x50 .\CortexM3\ARM_GCC_541\Debug\InterruptRoutines.o
                0x00000104                CUSTOM_ISR_CONFIG
 .text.CUSTOM_ISR_START
                0x00000154       0x3c .\CortexM3\ARM_GCC_541\Debug\InterruptRoutines.o
                0x00000154                CUSTOM_ISR_START
 .text.CUSTOM_ISR_IMU
                0x00000190        0xc .\CortexM3\ARM_GCC_541\Debug\InterruptRoutines.o
                0x00000190                CUSTOM_ISR_IMU
 .text.SPI_IMU_Interface_ReadByte
                0x0000019c       0x34 .\CortexM3\ARM_GCC_541\Debug\SPI_Interface.o
                0x0000019c                SPI_IMU_Interface_ReadByte
 .text.SPI_IMU_Interface_Multi_RW
                0x000001d0       0xb8 .\CortexM3\ARM_GCC_541\Debug\SPI_Interface.o
                0x000001d0                SPI_IMU_Interface_Multi_RW
 .text.SPI_EEPROM_Interface_tradeByte
                0x00000288       0x2c .\CortexM3\ARM_GCC_541\Debug\SPI_Interface.o
                0x00000288                SPI_EEPROM_Interface_tradeByte
 .text.SPI_EEPROM_Interface_ReadByte
                0x000002b4       0x34 .\CortexM3\ARM_GCC_541\Debug\SPI_Interface.o
                0x000002b4                SPI_EEPROM_Interface_ReadByte
 .text.SPI_EEPROM_Interface_Multi_RW
                0x000002e8       0xb8 .\CortexM3\ARM_GCC_541\Debug\SPI_Interface.o
                0x000002e8                SPI_EEPROM_Interface_Multi_RW
 .text.EEPROM_readStatus
                0x000003a0        0xc .\CortexM3\ARM_GCC_541\Debug\25LC256.o
                0x000003a0                EEPROM_readStatus
 .text.EEPROM_writeEnable
                0x000003ac        0xc .\CortexM3\ARM_GCC_541\Debug\25LC256.o
                0x000003ac                EEPROM_writeEnable
 .text.EEPROM_readByte
                0x000003b8       0x30 .\CortexM3\ARM_GCC_541\Debug\25LC256.o
                0x000003b8                EEPROM_readByte
 .text.EEPROM_writeByte
                0x000003e8       0x38 .\CortexM3\ARM_GCC_541\Debug\25LC256.o
                0x000003e8                EEPROM_writeByte
 .text.EEPROM_waitForWriteComplete
                0x00000420       0x10 .\CortexM3\ARM_GCC_541\Debug\25LC256.o
                0x00000420                EEPROM_waitForWriteComplete
 .text.EEPROM_saveStartStopState
                0x00000430       0x28 .\CortexM3\ARM_GCC_541\Debug\25LC256.o
                0x00000430                EEPROM_saveStartStopState
 .text.EEPROM_retrieveStartStopState
                0x00000458       0x10 .\CortexM3\ARM_GCC_541\Debug\25LC256.o
                0x00000458                EEPROM_retrieveStartStopState
 .text.EEPROM_saveConfigFlag
                0x00000468       0x28 .\CortexM3\ARM_GCC_541\Debug\25LC256.o
                0x00000468                EEPROM_saveConfigFlag
 .text.RGB_Start
                0x00000490        0xc .\CortexM3\ARM_GCC_541\Debug\LED_Driver.o
                0x00000490                RGB_Start
 .text.PWM_Driver
                0x0000049c       0x18 .\CortexM3\ARM_GCC_541\Debug\LED_Driver.o
                0x0000049c                PWM_Driver
 .text.Moving_Average
                0x000004b4       0x7c .\CortexM3\ARM_GCC_541\Debug\LED_Driver.o
                0x000004b4                Moving_Average
 .text.Absolute_Value
                0x00000530        0xc .\CortexM3\ARM_GCC_541\Debug\LED_Driver.o
                0x00000530                Absolute_Value
 .text.RGB_dataProcess
                0x0000053c       0x30 .\CortexM3\ARM_GCC_541\Debug\LED_Driver.o
                0x0000053c                RGB_dataProcess
 .text.RGB_Driver
                0x0000056c       0x20 .\CortexM3\ARM_GCC_541\Debug\LED_Driver.o
                0x0000056c                RGB_Driver
 .text.IMU_RegistersSetup
                0x0000058c      0x28c .\CortexM3\ARM_GCC_541\Debug\LIS3DH.o
                0x0000058c                IMU_RegistersSetup
 .text.IMU_ReadFIFO
                0x00000818       0x30 .\CortexM3\ARM_GCC_541\Debug\LIS3DH.o
                0x00000818                IMU_ReadFIFO
 .text.IMU_ResetFIFO
                0x00000848       0x48 .\CortexM3\ARM_GCC_541\Debug\LIS3DH.o
                0x00000848                IMU_ResetFIFO
 .text.LED_Notify_Stop
                0x00000890       0x14 .\CortexM3\ARM_GCC_541\Debug\Notifications.o
                0x00000890                LED_Notify_Stop
 .text.LED_Notify_Start
                0x000008a4       0x18 .\CortexM3\ARM_GCC_541\Debug\Notifications.o
                0x000008a4                LED_Notify_Start
 .text.LED_Notify_Config
                0x000008bc       0x18 .\CortexM3\ARM_GCC_541\Debug\Notifications.o
                0x000008bc                LED_Notify_Config
 .text.CyClockStartupError
                0x000008d4        0x4 .\CortexM3\ARM_GCC_541\Debug\cyfitter_cfg.o
 .text.cfg_write_bytes32
                0x000008d8       0x34 .\CortexM3\ARM_GCC_541\Debug\cyfitter_cfg.o
 .text.AnalogSetDefault
                0x0000090c       0x28 .\CortexM3\ARM_GCC_541\Debug\cyfitter_cfg.o
 .text.CYMEMZERO
                0x00000934        0xc .\CortexM3\ARM_GCC_541\Debug\cyfitter_cfg.o
 .text.ClockSetup
                0x00000940       0xf0 .\CortexM3\ARM_GCC_541\Debug\cyfitter_cfg.o
 .text.CYCONFIGCPY
                0x00000a30        0x8 .\CortexM3\ARM_GCC_541\Debug\cyfitter_cfg.o
 .text.cyfitter_cfg
                0x00000a38      0x134 .\CortexM3\ARM_GCC_541\Debug\cyfitter_cfg.o
                0x00000a38                cyfitter_cfg
 .text.IntDefaultHandler
                0x00000b6c       0x10 .\CortexM3\ARM_GCC_541\Debug\Cm3Start.o
                0x00000b6c                IntDefaultHandler
 .text._sbrk    0x00000b7c       0x30 .\CortexM3\ARM_GCC_541\Debug\Cm3Start.o
                0x00000b7c                _sbrk
 .text.Start_c  0x00000bac       0x4c .\CortexM3\ARM_GCC_541\Debug\Cm3Start.o
                0x00000bac                Start_c
 .text.initialize_psoc
                0x00000bf8       0x68 .\CortexM3\ARM_GCC_541\Debug\Cm3Start.o
                0x00000bf8                initialize_psoc
 .text.ISR_CONFIG_SetVector
                0x00000c60        0xc .\CortexM3\ARM_GCC_541\Debug\AY1920_II_HW_FINAL_CARZANIGA_GUALNIERA.a(ISR_CONFIG.o)
                0x00000c60                ISR_CONFIG_SetVector
 .text.ISR_CONFIG_SetPriority
                0x00000c6c       0x10 .\CortexM3\ARM_GCC_541\Debug\AY1920_II_HW_FINAL_CARZANIGA_GUALNIERA.a(ISR_CONFIG.o)
                0x00000c6c                ISR_CONFIG_SetPriority
 .text.ISR_CONFIG_Enable
                0x00000c7c        0xc .\CortexM3\ARM_GCC_541\Debug\AY1920_II_HW_FINAL_CARZANIGA_GUALNIERA.a(ISR_CONFIG.o)
                0x00000c7c                ISR_CONFIG_Enable
 .text.ISR_CONFIG_Disable
                0x00000c88        0xc .\CortexM3\ARM_GCC_541\Debug\AY1920_II_HW_FINAL_CARZANIGA_GUALNIERA.a(ISR_CONFIG.o)
                0x00000c88                ISR_CONFIG_Disable
 .text.ISR_CONFIG_StartEx
                0x00000c94       0x1c .\CortexM3\ARM_GCC_541\Debug\AY1920_II_HW_FINAL_CARZANIGA_GUALNIERA.a(ISR_CONFIG.o)
                0x00000c94                ISR_CONFIG_StartEx
 .text.PWM_RG_Enable
                0x00000cb0       0x10 .\CortexM3\ARM_GCC_541\Debug\AY1920_II_HW_FINAL_CARZANIGA_GUALNIERA.a(PWM_RG.o)
                0x00000cb0                PWM_RG_Enable
 .text.PWM_RG_WriteCounter
                0x00000cc0        0xc .\CortexM3\ARM_GCC_541\Debug\AY1920_II_HW_FINAL_CARZANIGA_GUALNIERA.a(PWM_RG.o)
                0x00000cc0                PWM_RG_WriteCounter
 .text.PWM_RG_WritePeriod
                0x00000ccc        0xc .\CortexM3\ARM_GCC_541\Debug\AY1920_II_HW_FINAL_CARZANIGA_GUALNIERA.a(PWM_RG.o)
                0x00000ccc                PWM_RG_WritePeriod
 .text.PWM_RG_WriteCompare1
                0x00000cd8        0xc .\CortexM3\ARM_GCC_541\Debug\AY1920_II_HW_FINAL_CARZANIGA_GUALNIERA.a(PWM_RG.o)
                0x00000cd8                PWM_RG_WriteCompare1
 .text.PWM_RG_WriteCompare2
                0x00000ce4        0xc .\CortexM3\ARM_GCC_541\Debug\AY1920_II_HW_FINAL_CARZANIGA_GUALNIERA.a(PWM_RG.o)
                0x00000ce4                PWM_RG_WriteCompare2
 .text.PWM_RG_SetInterruptMode
                0x00000cf0        0xc .\CortexM3\ARM_GCC_541\Debug\AY1920_II_HW_FINAL_CARZANIGA_GUALNIERA.a(PWM_RG.o)
                0x00000cf0                PWM_RG_SetInterruptMode
 .text.PWM_RG_ReadStatusRegister
                0x00000cfc        0xc .\CortexM3\ARM_GCC_541\Debug\AY1920_II_HW_FINAL_CARZANIGA_GUALNIERA.a(PWM_RG.o)
                0x00000cfc                PWM_RG_ReadStatusRegister
 .text.PWM_RG_ReadCapture
                0x00000d08        0xc .\CortexM3\ARM_GCC_541\Debug\AY1920_II_HW_FINAL_CARZANIGA_GUALNIERA.a(PWM_RG.o)
                0x00000d08                PWM_RG_ReadCapture
 .text.PWM_RG_ClearFIFO
                0x00000d14       0x14 .\CortexM3\ARM_GCC_541\Debug\AY1920_II_HW_FINAL_CARZANIGA_GUALNIERA.a(PWM_RG.o)
                0x00000d14                PWM_RG_ClearFIFO
 .text.PWM_RG_Init
                0x00000d28       0x58 .\CortexM3\ARM_GCC_541\Debug\AY1920_II_HW_FINAL_CARZANIGA_GUALNIERA.a(PWM_RG.o)
                0x00000d28                PWM_RG_Init
 .text.PWM_RG_Start
                0x00000d80       0x1c .\CortexM3\ARM_GCC_541\Debug\AY1920_II_HW_FINAL_CARZANIGA_GUALNIERA.a(PWM_RG.o)
                0x00000d80                PWM_RG_Start
 .text.PWM_B_Enable
                0x00000d9c       0x10 .\CortexM3\ARM_GCC_541\Debug\AY1920_II_HW_FINAL_CARZANIGA_GUALNIERA.a(PWM_B.o)
                0x00000d9c                PWM_B_Enable
 .text.PWM_B_WriteCounter
                0x00000dac        0xc .\CortexM3\ARM_GCC_541\Debug\AY1920_II_HW_FINAL_CARZANIGA_GUALNIERA.a(PWM_B.o)
                0x00000dac                PWM_B_WriteCounter
 .text.PWM_B_WritePeriod
                0x00000db8        0xc .\CortexM3\ARM_GCC_541\Debug\AY1920_II_HW_FINAL_CARZANIGA_GUALNIERA.a(PWM_B.o)
                0x00000db8                PWM_B_WritePeriod
 .text.PWM_B_WriteCompare
                0x00000dc4        0xc .\CortexM3\ARM_GCC_541\Debug\AY1920_II_HW_FINAL_CARZANIGA_GUALNIERA.a(PWM_B.o)
                0x00000dc4                PWM_B_WriteCompare
 .text.PWM_B_SetInterruptMode
                0x00000dd0        0xc .\CortexM3\ARM_GCC_541\Debug\AY1920_II_HW_FINAL_CARZANIGA_GUALNIERA.a(PWM_B.o)
                0x00000dd0                PWM_B_SetInterruptMode
 .text.PWM_B_ReadStatusRegister
                0x00000ddc        0xc .\CortexM3\ARM_GCC_541\Debug\AY1920_II_HW_FINAL_CARZANIGA_GUALNIERA.a(PWM_B.o)
                0x00000ddc                PWM_B_ReadStatusRegister
 .text.PWM_B_ReadCapture
                0x00000de8        0xc .\CortexM3\ARM_GCC_541\Debug\AY1920_II_HW_FINAL_CARZANIGA_GUALNIERA.a(PWM_B.o)
                0x00000de8                PWM_B_ReadCapture
 .text.PWM_B_ClearFIFO
                0x00000df4       0x14 .\CortexM3\ARM_GCC_541\Debug\AY1920_II_HW_FINAL_CARZANIGA_GUALNIERA.a(PWM_B.o)
                0x00000df4                PWM_B_ClearFIFO
 .text.PWM_B_Init
                0x00000e08       0x54 .\CortexM3\ARM_GCC_541\Debug\AY1920_II_HW_FINAL_CARZANIGA_GUALNIERA.a(PWM_B.o)
                0x00000e08                PWM_B_Init
 .text.PWM_B_Start
                0x00000e5c       0x1c .\CortexM3\ARM_GCC_541\Debug\AY1920_II_HW_FINAL_CARZANIGA_GUALNIERA.a(PWM_B.o)
                0x00000e5c                PWM_B_Start
 .text.ISR_START_SetVector
                0x00000e78        0xc .\CortexM3\ARM_GCC_541\Debug\AY1920_II_HW_FINAL_CARZANIGA_GUALNIERA.a(ISR_START.o)
                0x00000e78                ISR_START_SetVector
 .text.ISR_START_SetPriority
                0x00000e84       0x10 .\CortexM3\ARM_GCC_541\Debug\AY1920_II_HW_FINAL_CARZANIGA_GUALNIERA.a(ISR_START.o)
                0x00000e84                ISR_START_SetPriority
 .text.ISR_START_Enable
                0x00000e94        0xc .\CortexM3\ARM_GCC_541\Debug\AY1920_II_HW_FINAL_CARZANIGA_GUALNIERA.a(ISR_START.o)
                0x00000e94                ISR_START_Enable
 .text.ISR_START_Disable
                0x00000ea0        0xc .\CortexM3\ARM_GCC_541\Debug\AY1920_II_HW_FINAL_CARZANIGA_GUALNIERA.a(ISR_START.o)
                0x00000ea0                ISR_START_Disable
 .text.ISR_START_StartEx
                0x00000eac       0x1c .\CortexM3\ARM_GCC_541\Debug\AY1920_II_HW_FINAL_CARZANIGA_GUALNIERA.a(ISR_START.o)
                0x00000eac                ISR_START_StartEx
 .text.UART_Init
                0x00000ec8       0x28 .\CortexM3\ARM_GCC_541\Debug\AY1920_II_HW_FINAL_CARZANIGA_GUALNIERA.a(UART.o)
                0x00000ec8                UART_Init
 .text.UART_Enable
                0x00000ef0       0x38 .\CortexM3\ARM_GCC_541\Debug\AY1920_II_HW_FINAL_CARZANIGA_GUALNIERA.a(UART.o)
                0x00000ef0                UART_Enable
 .text.UART_Start
                0x00000f28       0x1c .\CortexM3\ARM_GCC_541\Debug\AY1920_II_HW_FINAL_CARZANIGA_GUALNIERA.a(UART.o)
                0x00000f28                UART_Start
 .text.UART_PutChar
                0x00000f44       0x18 .\CortexM3\ARM_GCC_541\Debug\AY1920_II_HW_FINAL_CARZANIGA_GUALNIERA.a(UART.o)
                0x00000f44                UART_PutChar
 .text.UART_PutString
                0x00000f5c       0x24 .\CortexM3\ARM_GCC_541\Debug\AY1920_II_HW_FINAL_CARZANIGA_GUALNIERA.a(UART.o)
                0x00000f5c                UART_PutString
 .text.UART_IntClock_Start
                0x00000f80       0x1c .\CortexM3\ARM_GCC_541\Debug\AY1920_II_HW_FINAL_CARZANIGA_GUALNIERA.a(UART_IntClock.o)
                0x00000f80                UART_IntClock_Start
 .text.CyHalt   0x00000f9c        0x4 .\CortexM3\ARM_GCC_541\Debug\AY1920_II_HW_FINAL_CARZANIGA_GUALNIERA.a(CyLib.o)
                0x00000f9c                CyHalt
 .text.CyDelay  0x00000fa0       0x2c .\CortexM3\ARM_GCC_541\Debug\AY1920_II_HW_FINAL_CARZANIGA_GUALNIERA.a(CyLib.o)
                0x00000fa0                CyDelay
 .text.CyDelayUs
                0x00000fcc       0x14 .\CortexM3\ARM_GCC_541\Debug\AY1920_II_HW_FINAL_CARZANIGA_GUALNIERA.a(CyLib.o)
                0x00000fcc                CyDelayUs
 .text.CyIntSetVector
                0x00000fe0       0x28 .\CortexM3\ARM_GCC_541\Debug\AY1920_II_HW_FINAL_CARZANIGA_GUALNIERA.a(CyLib.o)
                0x00000fe0                CyIntSetVector
 .text.CyIntSetPriority
                0x00001008       0x30 .\CortexM3\ARM_GCC_541\Debug\AY1920_II_HW_FINAL_CARZANIGA_GUALNIERA.a(CyLib.o)
                0x00001008                CyIntSetPriority
 .text.BUTTON_TIMER_Enable
                0x00001038       0x28 .\CortexM3\ARM_GCC_541\Debug\AY1920_II_HW_FINAL_CARZANIGA_GUALNIERA.a(BUTTON_TIMER.o)
                0x00001038                BUTTON_TIMER_Enable
 .text.BUTTON_TIMER_SetInterruptMode
                0x00001060        0xc .\CortexM3\ARM_GCC_541\Debug\AY1920_II_HW_FINAL_CARZANIGA_GUALNIERA.a(BUTTON_TIMER.o)
                0x00001060                BUTTON_TIMER_SetInterruptMode
 .text.BUTTON_TIMER_WritePeriod
                0x0000106c        0xc .\CortexM3\ARM_GCC_541\Debug\AY1920_II_HW_FINAL_CARZANIGA_GUALNIERA.a(BUTTON_TIMER.o)
                0x0000106c                BUTTON_TIMER_WritePeriod
 .text.BUTTON_TIMER_WriteCounter
                0x00001078        0xc .\CortexM3\ARM_GCC_541\Debug\AY1920_II_HW_FINAL_CARZANIGA_GUALNIERA.a(BUTTON_TIMER.o)
                0x00001078                BUTTON_TIMER_WriteCounter
 .text.BUTTON_TIMER_Init
                0x00001084       0x90 .\CortexM3\ARM_GCC_541\Debug\AY1920_II_HW_FINAL_CARZANIGA_GUALNIERA.a(BUTTON_TIMER.o)
                0x00001084                BUTTON_TIMER_Init
 .text.BUTTON_TIMER_Start
                0x00001114       0x1c .\CortexM3\ARM_GCC_541\Debug\AY1920_II_HW_FINAL_CARZANIGA_GUALNIERA.a(BUTTON_TIMER.o)
                0x00001114                BUTTON_TIMER_Start
 .text.CS_IMU_Write
                0x00001130       0x18 .\CortexM3\ARM_GCC_541\Debug\AY1920_II_HW_FINAL_CARZANIGA_GUALNIERA.a(CS_IMU.o)
                0x00001130                CS_IMU_Write
 .text.CS_EEPROM_Write
                0x00001148       0x18 .\CortexM3\ARM_GCC_541\Debug\AY1920_II_HW_FINAL_CARZANIGA_GUALNIERA.a(CS_EEPROM.o)
                0x00001148                CS_EEPROM_Write
 .text.PWM_NOTIFY_Enable
                0x00001160       0x10 .\CortexM3\ARM_GCC_541\Debug\AY1920_II_HW_FINAL_CARZANIGA_GUALNIERA.a(PWM_NOTIFY.o)
                0x00001160                PWM_NOTIFY_Enable
 .text.PWM_NOTIFY_Stop
                0x00001170       0x10 .\CortexM3\ARM_GCC_541\Debug\AY1920_II_HW_FINAL_CARZANIGA_GUALNIERA.a(PWM_NOTIFY.o)
                0x00001170                PWM_NOTIFY_Stop
 .text.PWM_NOTIFY_WriteCounter
                0x00001180        0xc .\CortexM3\ARM_GCC_541\Debug\AY1920_II_HW_FINAL_CARZANIGA_GUALNIERA.a(PWM_NOTIFY.o)
                0x00001180                PWM_NOTIFY_WriteCounter
 .text.PWM_NOTIFY_WritePeriod
                0x0000118c        0xc .\CortexM3\ARM_GCC_541\Debug\AY1920_II_HW_FINAL_CARZANIGA_GUALNIERA.a(PWM_NOTIFY.o)
                0x0000118c                PWM_NOTIFY_WritePeriod
 .text.PWM_NOTIFY_WriteCompare
                0x00001198        0xc .\CortexM3\ARM_GCC_541\Debug\AY1920_II_HW_FINAL_CARZANIGA_GUALNIERA.a(PWM_NOTIFY.o)
                0x00001198                PWM_NOTIFY_WriteCompare
 .text.PWM_NOTIFY_SetInterruptMode
                0x000011a4        0xc .\CortexM3\ARM_GCC_541\Debug\AY1920_II_HW_FINAL_CARZANIGA_GUALNIERA.a(PWM_NOTIFY.o)
                0x000011a4                PWM_NOTIFY_SetInterruptMode
 .text.PWM_NOTIFY_ReadStatusRegister
                0x000011b0        0xc .\CortexM3\ARM_GCC_541\Debug\AY1920_II_HW_FINAL_CARZANIGA_GUALNIERA.a(PWM_NOTIFY.o)
                0x000011b0                PWM_NOTIFY_ReadStatusRegister
 .text.PWM_NOTIFY_ReadControlRegister
                0x000011bc        0xc .\CortexM3\ARM_GCC_541\Debug\AY1920_II_HW_FINAL_CARZANIGA_GUALNIERA.a(PWM_NOTIFY.o)
                0x000011bc                PWM_NOTIFY_ReadControlRegister
 .text.PWM_NOTIFY_ReadCapture
                0x000011c8        0xc .\CortexM3\ARM_GCC_541\Debug\AY1920_II_HW_FINAL_CARZANIGA_GUALNIERA.a(PWM_NOTIFY.o)
                0x000011c8                PWM_NOTIFY_ReadCapture
 .text.PWM_NOTIFY_ClearFIFO
                0x000011d4       0x14 .\CortexM3\ARM_GCC_541\Debug\AY1920_II_HW_FINAL_CARZANIGA_GUALNIERA.a(PWM_NOTIFY.o)
                0x000011d4                PWM_NOTIFY_ClearFIFO
 .text.PWM_NOTIFY_Init
                0x000011e8       0x54 .\CortexM3\ARM_GCC_541\Debug\AY1920_II_HW_FINAL_CARZANIGA_GUALNIERA.a(PWM_NOTIFY.o)
                0x000011e8                PWM_NOTIFY_Init
 .text.PWM_NOTIFY_Start
                0x0000123c       0x1c .\CortexM3\ARM_GCC_541\Debug\AY1920_II_HW_FINAL_CARZANIGA_GUALNIERA.a(PWM_NOTIFY.o)
                0x0000123c                PWM_NOTIFY_Start
 .text.CLICK_TIMER_Enable
                0x00001258       0x10 .\CortexM3\ARM_GCC_541\Debug\AY1920_II_HW_FINAL_CARZANIGA_GUALNIERA.a(CLICK_TIMER.o)
                0x00001258                CLICK_TIMER_Enable
 .text.CLICK_TIMER_SetInterruptMode
                0x00001268        0xc .\CortexM3\ARM_GCC_541\Debug\AY1920_II_HW_FINAL_CARZANIGA_GUALNIERA.a(CLICK_TIMER.o)
                0x00001268                CLICK_TIMER_SetInterruptMode
 .text.CLICK_TIMER_ReadStatusRegister
                0x00001274        0xc .\CortexM3\ARM_GCC_541\Debug\AY1920_II_HW_FINAL_CARZANIGA_GUALNIERA.a(CLICK_TIMER.o)
                0x00001274                CLICK_TIMER_ReadStatusRegister
 .text.CLICK_TIMER_WritePeriod
                0x00001280        0xc .\CortexM3\ARM_GCC_541\Debug\AY1920_II_HW_FINAL_CARZANIGA_GUALNIERA.a(CLICK_TIMER.o)
                0x00001280                CLICK_TIMER_WritePeriod
 .text.CLICK_TIMER_ReadCapture
                0x0000128c        0xc .\CortexM3\ARM_GCC_541\Debug\AY1920_II_HW_FINAL_CARZANIGA_GUALNIERA.a(CLICK_TIMER.o)
                0x0000128c                CLICK_TIMER_ReadCapture
 .text.CLICK_TIMER_WriteCounter
                0x00001298        0xc .\CortexM3\ARM_GCC_541\Debug\AY1920_II_HW_FINAL_CARZANIGA_GUALNIERA.a(CLICK_TIMER.o)
                0x00001298                CLICK_TIMER_WriteCounter
 .text.CLICK_TIMER_ClearFIFO
                0x000012a4       0x14 .\CortexM3\ARM_GCC_541\Debug\AY1920_II_HW_FINAL_CARZANIGA_GUALNIERA.a(CLICK_TIMER.o)
                0x000012a4                CLICK_TIMER_ClearFIFO
 .text.CLICK_TIMER_Init
                0x000012b8       0x30 .\CortexM3\ARM_GCC_541\Debug\AY1920_II_HW_FINAL_CARZANIGA_GUALNIERA.a(CLICK_TIMER.o)
                0x000012b8                CLICK_TIMER_Init
 .text.CLICK_TIMER_Start
                0x000012e8       0x1c .\CortexM3\ARM_GCC_541\Debug\AY1920_II_HW_FINAL_CARZANIGA_GUALNIERA.a(CLICK_TIMER.o)
                0x000012e8                CLICK_TIMER_Start
 .text.ISR_IMU_SetVector
                0x00001304        0xc .\CortexM3\ARM_GCC_541\Debug\AY1920_II_HW_FINAL_CARZANIGA_GUALNIERA.a(ISR_IMU.o)
                0x00001304                ISR_IMU_SetVector
 .text.ISR_IMU_SetPriority
                0x00001310       0x10 .\CortexM3\ARM_GCC_541\Debug\AY1920_II_HW_FINAL_CARZANIGA_GUALNIERA.a(ISR_IMU.o)
                0x00001310                ISR_IMU_SetPriority
 .text.ISR_IMU_Enable
                0x00001320        0xc .\CortexM3\ARM_GCC_541\Debug\AY1920_II_HW_FINAL_CARZANIGA_GUALNIERA.a(ISR_IMU.o)
                0x00001320                ISR_IMU_Enable
 .text.ISR_IMU_Disable
                0x0000132c        0xc .\CortexM3\ARM_GCC_541\Debug\AY1920_II_HW_FINAL_CARZANIGA_GUALNIERA.a(ISR_IMU.o)
                0x0000132c                ISR_IMU_Disable
 .text.ISR_IMU_StartEx
                0x00001338       0x1c .\CortexM3\ARM_GCC_541\Debug\AY1920_II_HW_FINAL_CARZANIGA_GUALNIERA.a(ISR_IMU.o)
                0x00001338                ISR_IMU_StartEx
 .text.SPIM_IMU_EnableTxInt
                0x00001354        0xc .\CortexM3\ARM_GCC_541\Debug\AY1920_II_HW_FINAL_CARZANIGA_GUALNIERA.a(SPIM_IMU.o)
                0x00001354                SPIM_IMU_EnableTxInt
 .text.SPIM_IMU_EnableRxInt
                0x00001360        0xc .\CortexM3\ARM_GCC_541\Debug\AY1920_II_HW_FINAL_CARZANIGA_GUALNIERA.a(SPIM_IMU.o)
                0x00001360                SPIM_IMU_EnableRxInt
 .text.SPIM_IMU_Enable
                0x0000136c       0x3c .\CortexM3\ARM_GCC_541\Debug\AY1920_II_HW_FINAL_CARZANIGA_GUALNIERA.a(SPIM_IMU.o)
                0x0000136c                SPIM_IMU_Enable
 .text.SPIM_IMU_DisableTxInt
                0x000013a8        0xc .\CortexM3\ARM_GCC_541\Debug\AY1920_II_HW_FINAL_CARZANIGA_GUALNIERA.a(SPIM_IMU.o)
                0x000013a8                SPIM_IMU_DisableTxInt
 .text.SPIM_IMU_DisableRxInt
                0x000013b4        0xc .\CortexM3\ARM_GCC_541\Debug\AY1920_II_HW_FINAL_CARZANIGA_GUALNIERA.a(SPIM_IMU.o)
                0x000013b4                SPIM_IMU_DisableRxInt
 .text.SPIM_IMU_ReadTxStatus
                0x000013c0       0x28 .\CortexM3\ARM_GCC_541\Debug\AY1920_II_HW_FINAL_CARZANIGA_GUALNIERA.a(SPIM_IMU.o)
                0x000013c0                SPIM_IMU_ReadTxStatus
 .text.SPIM_IMU_ReadRxStatus
                0x000013e8       0x28 .\CortexM3\ARM_GCC_541\Debug\AY1920_II_HW_FINAL_CARZANIGA_GUALNIERA.a(SPIM_IMU.o)
                0x000013e8                SPIM_IMU_ReadRxStatus
 .text.SPIM_IMU_WriteTxData
                0x00001410       0xd4 .\CortexM3\ARM_GCC_541\Debug\AY1920_II_HW_FINAL_CARZANIGA_GUALNIERA.a(SPIM_IMU.o)
                0x00001410                SPIM_IMU_WriteTxData
 .text.SPIM_IMU_ReadRxData
                0x000014e4       0x64 .\CortexM3\ARM_GCC_541\Debug\AY1920_II_HW_FINAL_CARZANIGA_GUALNIERA.a(SPIM_IMU.o)
                0x000014e4                SPIM_IMU_ReadRxData
 .text.SPIM_IMU_ClearRxBuffer
                0x00001548       0x40 .\CortexM3\ARM_GCC_541\Debug\AY1920_II_HW_FINAL_CARZANIGA_GUALNIERA.a(SPIM_IMU.o)
                0x00001548                SPIM_IMU_ClearRxBuffer
 .text.SPIM_IMU_ClearTxBuffer
                0x00001588       0x54 .\CortexM3\ARM_GCC_541\Debug\AY1920_II_HW_FINAL_CARZANIGA_GUALNIERA.a(SPIM_IMU.o)
                0x00001588                SPIM_IMU_ClearTxBuffer
 .text.SPIM_IMU_PutArray
                0x000015dc       0x20 .\CortexM3\ARM_GCC_541\Debug\AY1920_II_HW_FINAL_CARZANIGA_GUALNIERA.a(SPIM_IMU.o)
                0x000015dc                SPIM_IMU_PutArray
 .text.SPIM_IMU_ClearFIFO
                0x000015fc       0x3c .\CortexM3\ARM_GCC_541\Debug\AY1920_II_HW_FINAL_CARZANIGA_GUALNIERA.a(SPIM_IMU.o)
                0x000015fc                SPIM_IMU_ClearFIFO
 .text.SPIM_IMU_Init
                0x00001638       0x90 .\CortexM3\ARM_GCC_541\Debug\AY1920_II_HW_FINAL_CARZANIGA_GUALNIERA.a(SPIM_IMU.o)
                0x00001638                SPIM_IMU_Init
 .text.SPIM_IMU_Start
                0x000016c8       0x1c .\CortexM3\ARM_GCC_541\Debug\AY1920_II_HW_FINAL_CARZANIGA_GUALNIERA.a(SPIM_IMU.o)
                0x000016c8                SPIM_IMU_Start
 .text.SPIM_IMU_TX_ISR
                0x000016e4       0xa0 .\CortexM3\ARM_GCC_541\Debug\AY1920_II_HW_FINAL_CARZANIGA_GUALNIERA.a(SPIM_IMU_INT.o)
                0x000016e4                SPIM_IMU_TX_ISR
 .text.SPIM_IMU_RX_ISR
                0x00001784       0xa0 .\CortexM3\ARM_GCC_541\Debug\AY1920_II_HW_FINAL_CARZANIGA_GUALNIERA.a(SPIM_IMU_INT.o)
                0x00001784                SPIM_IMU_RX_ISR
 .text.SPIM_EEPROM_EnableTxInt
                0x00001824        0xc .\CortexM3\ARM_GCC_541\Debug\AY1920_II_HW_FINAL_CARZANIGA_GUALNIERA.a(SPIM_EEPROM.o)
                0x00001824                SPIM_EEPROM_EnableTxInt
 .text.SPIM_EEPROM_EnableRxInt
                0x00001830        0xc .\CortexM3\ARM_GCC_541\Debug\AY1920_II_HW_FINAL_CARZANIGA_GUALNIERA.a(SPIM_EEPROM.o)
                0x00001830                SPIM_EEPROM_EnableRxInt
 .text.SPIM_EEPROM_Enable
                0x0000183c       0x3c .\CortexM3\ARM_GCC_541\Debug\AY1920_II_HW_FINAL_CARZANIGA_GUALNIERA.a(SPIM_EEPROM.o)
                0x0000183c                SPIM_EEPROM_Enable
 .text.SPIM_EEPROM_DisableTxInt
                0x00001878        0xc .\CortexM3\ARM_GCC_541\Debug\AY1920_II_HW_FINAL_CARZANIGA_GUALNIERA.a(SPIM_EEPROM.o)
                0x00001878                SPIM_EEPROM_DisableTxInt
 .text.SPIM_EEPROM_DisableRxInt
                0x00001884        0xc .\CortexM3\ARM_GCC_541\Debug\AY1920_II_HW_FINAL_CARZANIGA_GUALNIERA.a(SPIM_EEPROM.o)
                0x00001884                SPIM_EEPROM_DisableRxInt
 .text.SPIM_EEPROM_ReadTxStatus
                0x00001890       0x28 .\CortexM3\ARM_GCC_541\Debug\AY1920_II_HW_FINAL_CARZANIGA_GUALNIERA.a(SPIM_EEPROM.o)
                0x00001890                SPIM_EEPROM_ReadTxStatus
 .text.SPIM_EEPROM_ReadRxStatus
                0x000018b8       0x28 .\CortexM3\ARM_GCC_541\Debug\AY1920_II_HW_FINAL_CARZANIGA_GUALNIERA.a(SPIM_EEPROM.o)
                0x000018b8                SPIM_EEPROM_ReadRxStatus
 .text.SPIM_EEPROM_WriteTxData
                0x000018e0       0xd4 .\CortexM3\ARM_GCC_541\Debug\AY1920_II_HW_FINAL_CARZANIGA_GUALNIERA.a(SPIM_EEPROM.o)
                0x000018e0                SPIM_EEPROM_WriteTxData
 .text.SPIM_EEPROM_ReadRxData
                0x000019b4       0x64 .\CortexM3\ARM_GCC_541\Debug\AY1920_II_HW_FINAL_CARZANIGA_GUALNIERA.a(SPIM_EEPROM.o)
                0x000019b4                SPIM_EEPROM_ReadRxData
 .text.SPIM_EEPROM_ClearRxBuffer
                0x00001a18       0x40 .\CortexM3\ARM_GCC_541\Debug\AY1920_II_HW_FINAL_CARZANIGA_GUALNIERA.a(SPIM_EEPROM.o)
                0x00001a18                SPIM_EEPROM_ClearRxBuffer
 .text.SPIM_EEPROM_ClearTxBuffer
                0x00001a58       0x54 .\CortexM3\ARM_GCC_541\Debug\AY1920_II_HW_FINAL_CARZANIGA_GUALNIERA.a(SPIM_EEPROM.o)
                0x00001a58                SPIM_EEPROM_ClearTxBuffer
 .text.SPIM_EEPROM_PutArray
                0x00001aac       0x20 .\CortexM3\ARM_GCC_541\Debug\AY1920_II_HW_FINAL_CARZANIGA_GUALNIERA.a(SPIM_EEPROM.o)
                0x00001aac                SPIM_EEPROM_PutArray
 .text.SPIM_EEPROM_ClearFIFO
                0x00001acc       0x3c .\CortexM3\ARM_GCC_541\Debug\AY1920_II_HW_FINAL_CARZANIGA_GUALNIERA.a(SPIM_EEPROM.o)
                0x00001acc                SPIM_EEPROM_ClearFIFO
 .text.SPIM_EEPROM_Init
                0x00001b08       0x94 .\CortexM3\ARM_GCC_541\Debug\AY1920_II_HW_FINAL_CARZANIGA_GUALNIERA.a(SPIM_EEPROM.o)
                0x00001b08                SPIM_EEPROM_Init
 .text.SPIM_EEPROM_Start
                0x00001b9c       0x1c .\CortexM3\ARM_GCC_541\Debug\AY1920_II_HW_FINAL_CARZANIGA_GUALNIERA.a(SPIM_EEPROM.o)
                0x00001b9c                SPIM_EEPROM_Start
 .text.SPIM_EEPROM_TX_ISR
                0x00001bb8       0xa0 .\CortexM3\ARM_GCC_541\Debug\AY1920_II_HW_FINAL_CARZANIGA_GUALNIERA.a(SPIM_EEPROM_INT.o)
                0x00001bb8                SPIM_EEPROM_TX_ISR
 .text.SPIM_EEPROM_RX_ISR
                0x00001c58       0xa0 .\CortexM3\ARM_GCC_541\Debug\AY1920_II_HW_FINAL_CARZANIGA_GUALNIERA.a(SPIM_EEPROM_INT.o)
                0x00001c58                SPIM_EEPROM_RX_ISR
 .text.SPIM_IMU_IntClock_Start
                0x00001cf8       0x1c .\CortexM3\ARM_GCC_541\Debug\AY1920_II_HW_FINAL_CARZANIGA_GUALNIERA.a(SPIM_IMU_IntClock.o)
                0x00001cf8                SPIM_IMU_IntClock_Start
 .text.SPIM_EEPROM_IntClock_Start
                0x00001d14       0x1c .\CortexM3\ARM_GCC_541\Debug\AY1920_II_HW_FINAL_CARZANIGA_GUALNIERA.a(SPIM_EEPROM_IntClock.o)
                0x00001d14                SPIM_EEPROM_IntClock_Start
 .text          0x00001d30       0x20 .\CortexM3\ARM_GCC_541\Debug\AY1920_II_HW_FINAL_CARZANIGA_GUALNIERA.a(CyBootAsmGnu.o)
                0x00001d30                CyDelayCycles
                0x00001d40                CyEnterCriticalSection
                0x00001d48                CyExitCriticalSection
 .text          0x00001d50      0x21c c:/program files (x86)/cypress/psoc creator/4.3/psoc creator/import/gnu/arm/5.4.1/bin/../lib/gcc/arm-none-eabi/5.4.1/armv7-m\libgcc.a(_arm_addsubsf3.o)
                0x00001d50                __aeabi_frsub
                0x00001d58                __subsf3
                0x00001d58                __aeabi_fsub
                0x00001d5c                __aeabi_fadd
                0x00001d5c                __addsf3
                0x00001ebc                __aeabi_ui2f
                0x00001ebc                __floatunsisf
                0x00001ec4                __aeabi_i2f
                0x00001ec4                __floatsisf
                0x00001ee0                __aeabi_ul2f
                0x00001ee0                __floatundisf
                0x00001ef0                __aeabi_l2f
                0x00001ef0                __floatdisf
 .text          0x00001f6c      0x2a0 c:/program files (x86)/cypress/psoc creator/4.3/psoc creator/import/gnu/arm/5.4.1/bin/../lib/gcc/arm-none-eabi/5.4.1/armv7-m\libgcc.a(_arm_muldivsf3.o)
                0x00001f6c                __mulsf3
                0x00001f6c                __aeabi_fmul
                0x000020d4                __aeabi_fdiv
                0x000020d4                __divsf3
 .text          0x0000220c       0x40 c:/program files (x86)/cypress/psoc creator/4.3/psoc creator/import/gnu/arm/5.4.1/bin/../lib/gcc/arm-none-eabi/5.4.1/armv7-m\libgcc.a(_arm_fixunssfsi.o)
                0x0000220c                __fixunssfsi
                0x0000220c                __aeabi_f2uiz
 .text.__errno  0x0000224c        0xc c:/program files (x86)/cypress/psoc creator/4.3/psoc creator/import/gnu/arm/5.4.1/bin/../lib/gcc/arm-none-eabi/5.4.1/../../../../arm-none-eabi/lib/armv7-m\libg_nano.a(lib_a-errno.o)
                0x0000224c                __errno
 .text.__libc_init_array
                0x00002258       0x4c c:/program files (x86)/cypress/psoc creator/4.3/psoc creator/import/gnu/arm/5.4.1/bin/../lib/gcc/arm-none-eabi/5.4.1/../../../../arm-none-eabi/lib/armv7-m\libg_nano.a(lib_a-init.o)
                0x00002258                __libc_init_array
 .text.memcpy   0x000022a4       0x16 c:/program files (x86)/cypress/psoc creator/4.3/psoc creator/import/gnu/arm/5.4.1/bin/../lib/gcc/arm-none-eabi/5.4.1/../../../../arm-none-eabi/lib/armv7-m\libg_nano.a(lib_a-memcpy-stub.o)
                0x000022a4                memcpy
 .text.memset   0x000022ba       0x10 c:/program files (x86)/cypress/psoc creator/4.3/psoc creator/import/gnu/arm/5.4.1/bin/../lib/gcc/arm-none-eabi/5.4.1/../../../../arm-none-eabi/lib/armv7-m\libg_nano.a(lib_a-memset.o)
                0x000022ba                memset
 *fill*         0x000022ca        0x2 
 .text.sprintf  0x000022cc       0x48 c:/program files (x86)/cypress/psoc creator/4.3/psoc creator/import/gnu/arm/5.4.1/bin/../lib/gcc/arm-none-eabi/5.4.1/../../../../arm-none-eabi/lib/armv7-m\libg_nano.a(lib_a-sprintf.o)
                0x000022cc                siprintf
                0x000022cc                sprintf
 .text.__ssputs_r
                0x00002314       0xb2 c:/program files (x86)/cypress/psoc creator/4.3/psoc creator/import/gnu/arm/5.4.1/bin/../lib/gcc/arm-none-eabi/5.4.1/../../../../arm-none-eabi/lib/armv7-m\libg_nano.a(lib_a-nano-svfprintf.o)
                0x00002314                __ssputs_r
 *fill*         0x000023c6        0x2 
 .text._svfprintf_r
                0x000023c8      0x1e8 c:/program files (x86)/cypress/psoc creator/4.3/psoc creator/import/gnu/arm/5.4.1/bin/../lib/gcc/arm-none-eabi/5.4.1/../../../../arm-none-eabi/lib/armv7-m\libg_nano.a(lib_a-nano-svfprintf.o)
                0x000023c8                _svfiprintf_r
                0x000023c8                _svfprintf_r
 .text._printf_common
                0x000025b0       0xec c:/program files (x86)/cypress/psoc creator/4.3/psoc creator/import/gnu/arm/5.4.1/bin/../lib/gcc/arm-none-eabi/5.4.1/../../../../arm-none-eabi/lib/armv7-m\libg_nano.a(lib_a-nano-vfprintf_i.o)
                0x000025b0                _printf_common
 .text._printf_i
                0x0000269c      0x24c c:/program files (x86)/cypress/psoc creator/4.3/psoc creator/import/gnu/arm/5.4.1/bin/../lib/gcc/arm-none-eabi/5.4.1/../../../../arm-none-eabi/lib/armv7-m\libg_nano.a(lib_a-nano-vfprintf_i.o)
                0x0000269c                _printf_i
 .text.memchr   0x000028e8       0x1c c:/program files (x86)/cypress/psoc creator/4.3/psoc creator/import/gnu/arm/5.4.1/bin/../lib/gcc/arm-none-eabi/5.4.1/../../../../arm-none-eabi/lib/armv7-m\libg_nano.a(lib_a-memchr-stub.o)
                0x000028e8                memchr
 .text.memmove  0x00002904       0x36 c:/program files (x86)/cypress/psoc creator/4.3/psoc creator/import/gnu/arm/5.4.1/bin/../lib/gcc/arm-none-eabi/5.4.1/../../../../arm-none-eabi/lib/armv7-m\libg_nano.a(lib_a-memmove.o)
                0x00002904                memmove
 *fill*         0x0000293a        0x2 
 .text._free_r  0x0000293c       0x98 c:/program files (x86)/cypress/psoc creator/4.3/psoc creator/import/gnu/arm/5.4.1/bin/../lib/gcc/arm-none-eabi/5.4.1/../../../../arm-none-eabi/lib/armv7-m\libg_nano.a(lib_a-nano-freer.o)
                0x0000293c                _free_r
 .text._malloc_r
                0x000029d4       0xbc c:/program files (x86)/cypress/psoc creator/4.3/psoc creator/import/gnu/arm/5.4.1/bin/../lib/gcc/arm-none-eabi/5.4.1/../../../../arm-none-eabi/lib/armv7-m\libg_nano.a(lib_a-nano-mallocr.o)
                0x000029d4                _malloc_r
 .text._realloc_r
                0x00002a90       0x4c c:/program files (x86)/cypress/psoc creator/4.3/psoc creator/import/gnu/arm/5.4.1/bin/../lib/gcc/arm-none-eabi/5.4.1/../../../../arm-none-eabi/lib/armv7-m\libg_nano.a(lib_a-nano-reallocr.o)
                0x00002a90                _realloc_r
 .text._sbrk_r  0x00002adc       0x20 c:/program files (x86)/cypress/psoc creator/4.3/psoc creator/import/gnu/arm/5.4.1/bin/../lib/gcc/arm-none-eabi/5.4.1/../../../../arm-none-eabi/lib/armv7-m\libg_nano.a(lib_a-sbrkr.o)
                0x00002adc                _sbrk_r
 .text.__malloc_lock
                0x00002afc        0x2 c:/program files (x86)/cypress/psoc creator/4.3/psoc creator/import/gnu/arm/5.4.1/bin/../lib/gcc/arm-none-eabi/5.4.1/../../../../arm-none-eabi/lib/armv7-m\libg_nano.a(lib_a-mlock.o)
                0x00002afc                __malloc_lock
 .text.__malloc_unlock
                0x00002afe        0x2 c:/program files (x86)/cypress/psoc creator/4.3/psoc creator/import/gnu/arm/5.4.1/bin/../lib/gcc/arm-none-eabi/5.4.1/../../../../arm-none-eabi/lib/armv7-m\libg_nano.a(lib_a-mlock.o)
                0x00002afe                __malloc_unlock
 .text._malloc_usable_size_r
                0x00002b00       0x14 c:/program files (x86)/cypress/psoc creator/4.3/psoc creator/import/gnu/arm/5.4.1/bin/../lib/gcc/arm-none-eabi/5.4.1/../../../../arm-none-eabi/lib/armv7-m\libg_nano.a(lib_a-nano-msizer.o)
                0x00002b00                _malloc_usable_size_r
 *(.plt)
 *(.gnu.warning)
 *(.glue_7t)
 .glue_7t       0x00002b14        0x0 linker stubs
 *(.glue_7)
 .glue_7        0x00002b14        0x0 linker stubs
 *(.vfp11_veneer)
 .vfp11_veneer  0x00002b14        0x0 linker stubs
 *(.bootloader)
 *(.ARM.extab* .gnu.linkonce.armextab.*)
 *(.gcc_except_table)

.v4_bx          0x00002b14        0x0
 .v4_bx         0x00002b14        0x0 linker stubs

.iplt           0x00002b14        0x0
 .iplt          0x00002b14        0x0 c:/program files (x86)/cypress/psoc creator/4.3/psoc creator/import/gnu/arm/5.4.1/bin/../lib/gcc/arm-none-eabi/5.4.1/armv7-m/crtbegin.o

.eh_frame_hdr
 *(.eh_frame_hdr)

.eh_frame       0x00002b14        0x4
 *(.eh_frame)
 .eh_frame      0x00002b14        0x0 c:/program files (x86)/cypress/psoc creator/4.3/psoc creator/import/gnu/arm/5.4.1/bin/../lib/gcc/arm-none-eabi/5.4.1/armv7-m/crtbegin.o
 .eh_frame      0x00002b14        0x4 c:/program files (x86)/cypress/psoc creator/4.3/psoc creator/import/gnu/arm/5.4.1/bin/../lib/gcc/arm-none-eabi/5.4.1/armv7-m/crtend.o
                [!provide]                PROVIDE (__exidx_start, .)

.ARM.exidx
 *(.ARM.exidx* .gnu.linkonce.armexidx.*)
                0x00002b18                __exidx_end = .

.rodata         0x00002b18      0x2b8
 *(.rodata .rodata.* .gnu.linkonce.r.*)
 .rodata        0x00002b18       0x12 .\CortexM3\ARM_GCC_541\Debug\LIS3DH.o
 *fill*         0x00002b2a        0x2 
 .rodata.str1.4
                0x00002b2c      0x1f8 .\CortexM3\ARM_GCC_541\Debug\LIS3DH.o
                                0x1f5 (size before relaxing)
 .rodata        0x00002d24       0x42 .\CortexM3\ARM_GCC_541\Debug\cyfitter_cfg.o
 .rodata.str1.1
                0x00002d66        0x2 c:/program files (x86)/cypress/psoc creator/4.3/psoc creator/import/gnu/arm/5.4.1/bin/../lib/gcc/arm-none-eabi/5.4.1/../../../../arm-none-eabi/lib/armv7-m\libg_nano.a(lib_a-impure.o)
 .rodata.str1.1
                0x00002d68       0x11 c:/program files (x86)/cypress/psoc creator/4.3/psoc creator/import/gnu/arm/5.4.1/bin/../lib/gcc/arm-none-eabi/5.4.1/../../../../arm-none-eabi/lib/armv7-m\libg_nano.a(lib_a-nano-svfprintf.o)
 .rodata.str1.1
                0x00002d79       0x22 c:/program files (x86)/cypress/psoc creator/4.3/psoc creator/import/gnu/arm/5.4.1/bin/../lib/gcc/arm-none-eabi/5.4.1/../../../../arm-none-eabi/lib/armv7-m\libg_nano.a(lib_a-nano-vfprintf_i.o)
                0x00002d9c                . = ALIGN (0x4)
 *fill*         0x00002d9b        0x1 
 *(.init)
 .init          0x00002d9c        0x4 c:/program files (x86)/cypress/psoc creator/4.3/psoc creator/import/gnu/arm/5.4.1/bin/../lib/gcc/arm-none-eabi/5.4.1/armv7-m/crti.o
                0x00002d9c                _init
 .init          0x00002da0        0x8 c:/program files (x86)/cypress/psoc creator/4.3/psoc creator/import/gnu/arm/5.4.1/bin/../lib/gcc/arm-none-eabi/5.4.1/armv7-m/crtn.o
                0x00002da8                . = ALIGN (0x4)
                0x00002da8                __preinit_array_start = .
 *(.preinit_array)
                0x00002da8                __preinit_array_end = .
                0x00002da8                . = ALIGN (0x4)
                0x00002da8                __init_array_start = .
 *(SORT(.init_array.*))
 *(.init_array)
 .init_array    0x00002da8        0x4 c:/program files (x86)/cypress/psoc creator/4.3/psoc creator/import/gnu/arm/5.4.1/bin/../lib/gcc/arm-none-eabi/5.4.1/armv7-m/crtbegin.o
 .init_array    0x00002dac        0x4 .\CortexM3\ARM_GCC_541\Debug\Cm3Start.o
                0x00002db0                __init_array_end = .
                0x00002db0                . = ALIGN (0x4)
 *(.fini)
 .fini          0x00002db0        0x4 c:/program files (x86)/cypress/psoc creator/4.3/psoc creator/import/gnu/arm/5.4.1/bin/../lib/gcc/arm-none-eabi/5.4.1/armv7-m/crti.o
                0x00002db0                _fini
 .fini          0x00002db4        0x8 c:/program files (x86)/cypress/psoc creator/4.3/psoc creator/import/gnu/arm/5.4.1/bin/../lib/gcc/arm-none-eabi/5.4.1/armv7-m/crtn.o
                0x00002dbc                . = ALIGN (0x4)
                0x00002dbc                __fini_array_start = .
 *(.fini_array)
 .fini_array    0x00002dbc        0x4 c:/program files (x86)/cypress/psoc creator/4.3/psoc creator/import/gnu/arm/5.4.1/bin/../lib/gcc/arm-none-eabi/5.4.1/armv7-m/crtbegin.o
 *(SORT(.fini_array.*))
                0x00002dc0                __fini_array_end = .
                0x00002dc0                . = ALIGN (0x4)
 *crtbegin.o(.ctors)
 *(EXCLUDE_FILE(*crtend.o) .ctors)
 *(SORT(.ctors.*))
 *crtend.o(.ctors)
                0x00002dc0                . = ALIGN (0x4)
 *crtbegin.o(.dtors)
 *(EXCLUDE_FILE(*crtend.o) .dtors)
 *(SORT(.dtors.*))
 *crtend.o(.dtors)
                0x00002dc0                . = ALIGN (0x4)
                0x00002dc0                __cy_regions = .
                0x00002dc0        0x4 LONG 0x2dd0 __cy_region_init_ram
                0x00002dc4        0x4 LONG 0x1fff80c8 __cy_region_start_data
                0x00002dc8        0x4 LONG 0x80 __cy_region_init_size_ram
                0x00002dcc        0x4 LONG 0x1a0 __cy_region_zero_size_ram
                0x00002dd0                __cy_regions_end = .
                0x00002dd0                . = ALIGN (0x8)
                0x00002dd0                _etext = .

.cy_checksum_exclude
                0x00002dd0        0x0
 *(.cy_checksum_exclude)

.ramvectors     0x1fff8000       0xc0
                0x1fff8000                __cy_region_start_ram = .
 *(.ramvectors)
 .ramvectors    0x1fff8000       0xc0 .\CortexM3\ARM_GCC_541\Debug\Cm3Start.o
                0x1fff8000                CyRamVectors

.noinit         0x1fff80c0        0x1
 *(.noinit)
 .noinit        0x1fff80c0        0x1 .\CortexM3\ARM_GCC_541\Debug\AY1920_II_HW_FINAL_CARZANIGA_GUALNIERA.a(CyLib.o)
                0x1fff80c0                CyResetStatus

.data           0x1fff80c8       0x80 load address 0x00002dd0
                0x1fff80c8                __cy_region_start_data = .
 *(.jcr)
 .jcr           0x1fff80c8        0x0 c:/program files (x86)/cypress/psoc creator/4.3/psoc creator/import/gnu/arm/5.4.1/bin/../lib/gcc/arm-none-eabi/5.4.1/armv7-m/crtbegin.o
 .jcr           0x1fff80c8        0x4 c:/program files (x86)/cypress/psoc creator/4.3/psoc creator/import/gnu/arm/5.4.1/bin/../lib/gcc/arm-none-eabi/5.4.1/armv7-m/crtend.o
 *(.got.plt)
 *(.got)
 *(.shdata)
 *(.data .data.* .gnu.linkonce.d.*)
 .data          0x1fff80cc        0x4 .\CortexM3\ARM_GCC_541\Debug\Cm3Start.o
 .data          0x1fff80d0       0x10 .\CortexM3\ARM_GCC_541\Debug\AY1920_II_HW_FINAL_CARZANIGA_GUALNIERA.a(CyLib.o)
                0x1fff80d0                cydelay_32k_ms
                0x1fff80d4                cydelay_freq_khz
                0x1fff80d8                cydelay_freq_mhz
                0x1fff80dc                cydelay_freq_hz
 .data.impure_data
                0x1fff80e0       0x60 c:/program files (x86)/cypress/psoc creator/4.3/psoc creator/import/gnu/arm/5.4.1/bin/../lib/gcc/arm-none-eabi/5.4.1/../../../../arm-none-eabi/lib/armv7-m\libg_nano.a(lib_a-impure.o)
 .data._impure_ptr
                0x1fff8140        0x4 c:/program files (x86)/cypress/psoc creator/4.3/psoc creator/import/gnu/arm/5.4.1/bin/../lib/gcc/arm-none-eabi/5.4.1/../../../../arm-none-eabi/lib/armv7-m\libg_nano.a(lib_a-impure.o)
                0x1fff8140                _impure_ptr
                0x1fff8148                . = ALIGN (0x8)
 *fill*         0x1fff8144        0x4 
 *(.ram)
                0x1fff8148                _edata = .

.igot.plt       0x1fff8148        0x0 load address 0x00002e50
 .igot.plt      0x1fff8148        0x0 c:/program files (x86)/cypress/psoc creator/4.3/psoc creator/import/gnu/arm/5.4.1/bin/../lib/gcc/arm-none-eabi/5.4.1/armv7-m/crtbegin.o

.bss            0x1fff8148      0x1a0 load address 0x00002e50
                0x1fff8148                PROVIDE (__bss_start__, .)
 *(.shbss)
 *(.bss .bss.* .gnu.linkonce.b.*)
 .bss           0x1fff8148       0x1c c:/program files (x86)/cypress/psoc creator/4.3/psoc creator/import/gnu/arm/5.4.1/bin/../lib/gcc/arm-none-eabi/5.4.1/armv7-m/crtbegin.o
 .bss           0x1fff8164        0x1 .\CortexM3\ARM_GCC_541\Debug\AY1920_II_HW_FINAL_CARZANIGA_GUALNIERA.a(PWM_RG.o)
                0x1fff8164                PWM_RG_initVar
 .bss           0x1fff8165        0x1 .\CortexM3\ARM_GCC_541\Debug\AY1920_II_HW_FINAL_CARZANIGA_GUALNIERA.a(PWM_B.o)
                0x1fff8165                PWM_B_initVar
 .bss           0x1fff8166        0x2 .\CortexM3\ARM_GCC_541\Debug\AY1920_II_HW_FINAL_CARZANIGA_GUALNIERA.a(UART.o)
                0x1fff8166                UART_initVar
 .bss           0x1fff8168        0x1 .\CortexM3\ARM_GCC_541\Debug\AY1920_II_HW_FINAL_CARZANIGA_GUALNIERA.a(BUTTON_TIMER.o)
                0x1fff8168                BUTTON_TIMER_initVar
 .bss           0x1fff8169        0x1 .\CortexM3\ARM_GCC_541\Debug\AY1920_II_HW_FINAL_CARZANIGA_GUALNIERA.a(PWM_NOTIFY.o)
                0x1fff8169                PWM_NOTIFY_initVar
 .bss           0x1fff816a        0x1 .\CortexM3\ARM_GCC_541\Debug\AY1920_II_HW_FINAL_CARZANIGA_GUALNIERA.a(CLICK_TIMER.o)
                0x1fff816a                CLICK_TIMER_initVar
 .bss           0x1fff816b        0x1 .\CortexM3\ARM_GCC_541\Debug\AY1920_II_HW_FINAL_CARZANIGA_GUALNIERA.a(SPIM_IMU.o)
                0x1fff816b                SPIM_IMU_initVar
 .bss           0x1fff816c        0x1 .\CortexM3\ARM_GCC_541\Debug\AY1920_II_HW_FINAL_CARZANIGA_GUALNIERA.a(SPIM_EEPROM.o)
                0x1fff816c                SPIM_EEPROM_initVar
 *fill*         0x1fff816d        0x3 
 .bss.__malloc_sbrk_start
                0x1fff8170        0x4 c:/program files (x86)/cypress/psoc creator/4.3/psoc creator/import/gnu/arm/5.4.1/bin/../lib/gcc/arm-none-eabi/5.4.1/../../../../arm-none-eabi/lib/armv7-m\libg_nano.a(lib_a-nano-mallocr.o)
                0x1fff8170                __malloc_sbrk_start
 .bss.__malloc_free_list
                0x1fff8174        0x4 c:/program files (x86)/cypress/psoc creator/4.3/psoc creator/import/gnu/arm/5.4.1/bin/../lib/gcc/arm-none-eabi/5.4.1/../../../../arm-none-eabi/lib/armv7-m\libg_nano.a(lib_a-nano-mallocr.o)
                0x1fff8174                __malloc_free_list
 *(COMMON)
 COMMON         0x1fff8178      0x12a .\CortexM3\ARM_GCC_541\Debug\main.o
                0x1fff8178                IMU_DataBuffer
                0x1fff8238                RGB_DataBuffer
                0x1fff823c                bufferUART
                0x1fff82a0                button_state
                0x1fff82a1                IMU_data_ready
 *fill*         0x1fff82a2        0x2 
 COMMON         0x1fff82a4       0x1d .\CortexM3\ARM_GCC_541\Debug\AY1920_II_HW_FINAL_CARZANIGA_GUALNIERA.a(SPIM_IMU.o)
                0x1fff82a4                SPIM_IMU_txBufferWrite
                0x1fff82a5                SPIM_IMU_swStatusTx
                0x1fff82a6                SPIM_IMU_txBufferRead
                0x1fff82a7                SPIM_IMU_rxBufferFull
                0x1fff82a8                SPIM_IMU_txBufferFull
                0x1fff82ac                SPIM_IMU_txBuffer
                0x1fff82b4                SPIM_IMU_rxBufferWrite
                0x1fff82b5                SPIM_IMU_swStatusRx
                0x1fff82b8                SPIM_IMU_rxBuffer
                0x1fff82c0                SPIM_IMU_rxBufferRead
 *fill*         0x1fff82c1        0x3 
 COMMON         0x1fff82c4       0x1d .\CortexM3\ARM_GCC_541\Debug\AY1920_II_HW_FINAL_CARZANIGA_GUALNIERA.a(SPIM_EEPROM.o)
                0x1fff82c4                SPIM_EEPROM_swStatusTx
                0x1fff82c5                SPIM_EEPROM_rxBufferRead
                0x1fff82c8                SPIM_EEPROM_txBuffer
                0x1fff82d0                SPIM_EEPROM_txBufferFull
                0x1fff82d4                SPIM_EEPROM_rxBuffer
                0x1fff82dc                SPIM_EEPROM_rxBufferFull
                0x1fff82dd                SPIM_EEPROM_txBufferRead
                0x1fff82de                SPIM_EEPROM_txBufferWrite
                0x1fff82df                SPIM_EEPROM_rxBufferWrite
                0x1fff82e0                SPIM_EEPROM_swStatusRx
 *fill*         0x1fff82e1        0x3 
 COMMON         0x1fff82e4        0x4 c:/program files (x86)/cypress/psoc creator/4.3/psoc creator/import/gnu/arm/5.4.1/bin/../lib/gcc/arm-none-eabi/5.4.1/../../../../arm-none-eabi/lib/armv7-m\libg_nano.a(lib_a-reent.o)
                0x1fff82e4                errno
                0x1fff82e8                . = ALIGN (0x8)
 *(.ram.b)
                0x1fff82e8                _end = .
                0x1fff82e8                __end = .
                0x1fff82e8                PROVIDE (end, .)
                0x1fff82e8                PROVIDE (__bss_end__, .)
                0x00002dd0                __cy_region_init_ram = LOADADDR (.data)
                0x00000080                __cy_region_init_size_ram = (_edata - ADDR (.data))
                0x000001a0                __cy_region_zero_size_ram = (_end - _edata)

.heap           0x1fff82e8       0x80 load address 0x00002e50
                0x1fff82e8                . = _end
                0x1fff8368                . = (. + 0x80)
 *fill*         0x1fff82e8       0x80 
                0x1fff8368                __cy_heap_limit = .

.stack          0x20007800      0x800
                0x20007800                __cy_stack_limit = .
                0x20008000                . = (. + 0x800)
 *fill*         0x20007800      0x800 
                0x00000001                ASSERT ((__cy_stack_limit >= __cy_heap_limit), region RAM overflowed with stack)
                0x00000000                cy_checksum_exclude_size = (CY_APPL_LOADABLE == 0x1)?SIZEOF (.cy_checksum_exclude):0x0
                0x00000001                ASSERT ((cy_checksum_exclude_size <= CY_CHECKSUM_EXCLUDE_SIZE), CY_BOOT: Section .cy_checksum_exclude size exceedes specified limit.)

.cyloadermeta
 *(.cyloadermeta)

.cyloadablemeta
 *(.cyloadablemeta)

.cyconfigecc    0x80000000      0xb38
 *(.cyconfigecc)
 .cyconfigecc   0x80000000      0xb38 .\CortexM3\ARM_GCC_541\Debug\cymetadata.o
                0x80000000                cy_meta_configecc

.cycustnvl      0x90000000        0x4
 *(.cycustnvl)
 .cycustnvl     0x90000000        0x4 .\CortexM3\ARM_GCC_541\Debug\cymetadata.o
                0x90000000                cy_meta_custnvl

.cywolatch      0x90100000        0x4
 *(.cywolatch)
 .cywolatch     0x90100000        0x4 .\CortexM3\ARM_GCC_541\Debug\cymetadata.o
                0x90100000                cy_meta_wonvl

.cyeeprom       0x90200000        0x0
 *(.cyeeprom)
                0x00000001                ASSERT ((. <= ((0x90200000 + ee_offset) + ee_size)), .cyeeprom data will not fit in EEPROM)

.cyflashprotect
                0x90400000      0x100
 *(.cyflashprotect)
 .cyflashprotect
                0x90400000      0x100 .\CortexM3\ARM_GCC_541\Debug\cymetadata.o
                0x90400000                cy_meta_flashprotect

.cymeta         0x90500000        0xc
 *(.cymeta)
 .cymeta        0x90500000        0xc .\CortexM3\ARM_GCC_541\Debug\cymetadata.o
                0x90500000                cy_metadata

.rel.dyn        0x00002e50        0x0 load address 0x9050000c
 .rel.iplt      0x00002e50        0x0 c:/program files (x86)/cypress/psoc creator/4.3/psoc creator/import/gnu/arm/5.4.1/bin/../lib/gcc/arm-none-eabi/5.4.1/armv7-m/crtbegin.o

.stab
 *(.stab)

.stabstr
 *(.stabstr)

.debug
 *(.debug)

.line
 *(.line)

.debug_srcinfo
 *(.debug_srcinfo)

.debug_sfnames
 *(.debug_sfnames)

.debug_aranges  0x00000000     0x1040
 *(.debug_aranges)
 .debug_aranges
                0x00000000       0x20 .\CortexM3\ARM_GCC_541\Debug\main.o
 .debug_aranges
                0x00000020       0x30 .\CortexM3\ARM_GCC_541\Debug\InterruptRoutines.o
 .debug_aranges
                0x00000050       0x48 .\CortexM3\ARM_GCC_541\Debug\SPI_Interface.o
 .debug_aranges
                0x00000098       0x98 .\CortexM3\ARM_GCC_541\Debug\25LC256.o
 .debug_aranges
                0x00000130       0x50 .\CortexM3\ARM_GCC_541\Debug\LED_Driver.o
 .debug_aranges
                0x00000180       0x58 .\CortexM3\ARM_GCC_541\Debug\LIS3DH.o
 .debug_aranges
                0x000001d8       0x30 .\CortexM3\ARM_GCC_541\Debug\Notifications.o
 .debug_aranges
                0x00000208       0x58 .\CortexM3\ARM_GCC_541\Debug\cyfitter_cfg.o
 .debug_aranges
                0x00000260       0x18 .\CortexM3\ARM_GCC_541\Debug\cymetadata.o
 .debug_aranges
                0x00000278       0x48 .\CortexM3\ARM_GCC_541\Debug\Cm3Start.o
 .debug_aranges
                0x000002c0       0x80 .\CortexM3\ARM_GCC_541\Debug\AY1920_II_HW_FINAL_CARZANIGA_GUALNIERA.a(ISR_CONFIG.o)
 .debug_aranges
                0x00000340       0xa8 .\CortexM3\ARM_GCC_541\Debug\AY1920_II_HW_FINAL_CARZANIGA_GUALNIERA.a(PWM_RG.o)
 .debug_aranges
                0x000003e8       0x98 .\CortexM3\ARM_GCC_541\Debug\AY1920_II_HW_FINAL_CARZANIGA_GUALNIERA.a(PWM_B.o)
 .debug_aranges
                0x00000480       0x80 .\CortexM3\ARM_GCC_541\Debug\AY1920_II_HW_FINAL_CARZANIGA_GUALNIERA.a(ISR_START.o)
 .debug_aranges
                0x00000500       0xf0 .\CortexM3\ARM_GCC_541\Debug\AY1920_II_HW_FINAL_CARZANIGA_GUALNIERA.a(UART.o)
 .debug_aranges
                0x000005f0       0x70 .\CortexM3\ARM_GCC_541\Debug\AY1920_II_HW_FINAL_CARZANIGA_GUALNIERA.a(UART_IntClock.o)
 .debug_aranges
                0x00000660      0x2a0 .\CortexM3\ARM_GCC_541\Debug\AY1920_II_HW_FINAL_CARZANIGA_GUALNIERA.a(CyLib.o)
 .debug_aranges
                0x00000900       0x98 .\CortexM3\ARM_GCC_541\Debug\AY1920_II_HW_FINAL_CARZANIGA_GUALNIERA.a(cyPm.o)
 .debug_aranges
                0x00000998       0x88 .\CortexM3\ARM_GCC_541\Debug\AY1920_II_HW_FINAL_CARZANIGA_GUALNIERA.a(BUTTON_TIMER.o)
 .debug_aranges
                0x00000a20       0x38 .\CortexM3\ARM_GCC_541\Debug\AY1920_II_HW_FINAL_CARZANIGA_GUALNIERA.a(CS_IMU.o)
 .debug_aranges
                0x00000a58       0x38 .\CortexM3\ARM_GCC_541\Debug\AY1920_II_HW_FINAL_CARZANIGA_GUALNIERA.a(CS_EEPROM.o)
 .debug_aranges
                0x00000a90       0x98 .\CortexM3\ARM_GCC_541\Debug\AY1920_II_HW_FINAL_CARZANIGA_GUALNIERA.a(PWM_NOTIFY.o)
 .debug_aranges
                0x00000b28       0x90 .\CortexM3\ARM_GCC_541\Debug\AY1920_II_HW_FINAL_CARZANIGA_GUALNIERA.a(CLICK_TIMER.o)
 .debug_aranges
                0x00000bb8       0x80 .\CortexM3\ARM_GCC_541\Debug\AY1920_II_HW_FINAL_CARZANIGA_GUALNIERA.a(ISR_IMU.o)
 .debug_aranges
                0x00000c38       0xd8 .\CortexM3\ARM_GCC_541\Debug\AY1920_II_HW_FINAL_CARZANIGA_GUALNIERA.a(SPIM_IMU.o)
 .debug_aranges
                0x00000d10       0x28 .\CortexM3\ARM_GCC_541\Debug\AY1920_II_HW_FINAL_CARZANIGA_GUALNIERA.a(SPIM_IMU_INT.o)
 .debug_aranges
                0x00000d38       0xd8 .\CortexM3\ARM_GCC_541\Debug\AY1920_II_HW_FINAL_CARZANIGA_GUALNIERA.a(SPIM_EEPROM.o)
 .debug_aranges
                0x00000e10       0x28 .\CortexM3\ARM_GCC_541\Debug\AY1920_II_HW_FINAL_CARZANIGA_GUALNIERA.a(SPIM_EEPROM_INT.o)
 .debug_aranges
                0x00000e38       0x70 .\CortexM3\ARM_GCC_541\Debug\AY1920_II_HW_FINAL_CARZANIGA_GUALNIERA.a(SPIM_IMU_IntClock.o)
 .debug_aranges
                0x00000ea8       0x70 .\CortexM3\ARM_GCC_541\Debug\AY1920_II_HW_FINAL_CARZANIGA_GUALNIERA.a(SPIM_EEPROM_IntClock.o)
 .debug_aranges
                0x00000f18       0x20 .\CortexM3\ARM_GCC_541\Debug\AY1920_II_HW_FINAL_CARZANIGA_GUALNIERA.a(CyBootAsmGnu.o)
 .debug_aranges
                0x00000f38       0x88 .\CortexM3\ARM_GCC_541\Debug\AY1920_II_HW_FINAL_CARZANIGA_GUALNIERA.a(CyFlash.o)
 .debug_aranges
                0x00000fc0       0x80 .\CortexM3\ARM_GCC_541\Debug\AY1920_II_HW_FINAL_CARZANIGA_GUALNIERA.a(CySpc.o)

.debug_pubnames
 *(.debug_pubnames)

.debug_info     0x00000000     0x90d9
 *(.debug_info .gnu.linkonce.wi.*)
 .debug_info    0x00000000      0x2f2 .\CortexM3\ARM_GCC_541\Debug\main.o
 .debug_info    0x000002f2      0x219 .\CortexM3\ARM_GCC_541\Debug\InterruptRoutines.o
 .debug_info    0x0000050b      0x678 .\CortexM3\ARM_GCC_541\Debug\SPI_Interface.o
 .debug_info    0x00000b83      0x708 .\CortexM3\ARM_GCC_541\Debug\25LC256.o
 .debug_info    0x0000128b      0x39e .\CortexM3\ARM_GCC_541\Debug\LED_Driver.o
 .debug_info    0x00001629      0xb8d .\CortexM3\ARM_GCC_541\Debug\LIS3DH.o
 .debug_info    0x000021b6      0x186 .\CortexM3\ARM_GCC_541\Debug\Notifications.o
 .debug_info    0x0000233c      0x5df .\CortexM3\ARM_GCC_541\Debug\cyfitter_cfg.o
 .debug_info    0x0000291b      0x139 .\CortexM3\ARM_GCC_541\Debug\cymetadata.o
 .debug_info    0x00002a54      0x3bb .\CortexM3\ARM_GCC_541\Debug\Cm3Start.o
 .debug_info    0x00002e0f      0x2d2 .\CortexM3\ARM_GCC_541\Debug\AY1920_II_HW_FINAL_CARZANIGA_GUALNIERA.a(ISR_CONFIG.o)
 .debug_info    0x000030e1      0x383 .\CortexM3\ARM_GCC_541\Debug\AY1920_II_HW_FINAL_CARZANIGA_GUALNIERA.a(PWM_RG.o)
 .debug_info    0x00003464      0x334 .\CortexM3\ARM_GCC_541\Debug\AY1920_II_HW_FINAL_CARZANIGA_GUALNIERA.a(PWM_B.o)
 .debug_info    0x00003798      0x2d2 .\CortexM3\ARM_GCC_541\Debug\AY1920_II_HW_FINAL_CARZANIGA_GUALNIERA.a(ISR_START.o)
 .debug_info    0x00003a6a      0x60c .\CortexM3\ARM_GCC_541\Debug\AY1920_II_HW_FINAL_CARZANIGA_GUALNIERA.a(UART.o)
 .debug_info    0x00004076      0x283 .\CortexM3\ARM_GCC_541\Debug\AY1920_II_HW_FINAL_CARZANIGA_GUALNIERA.a(UART_IntClock.o)
 .debug_info    0x000042f9     0x1374 .\CortexM3\ARM_GCC_541\Debug\AY1920_II_HW_FINAL_CARZANIGA_GUALNIERA.a(CyLib.o)
 .debug_info    0x0000566d      0xa2a .\CortexM3\ARM_GCC_541\Debug\AY1920_II_HW_FINAL_CARZANIGA_GUALNIERA.a(cyPm.o)
 .debug_info    0x00006097      0x293 .\CortexM3\ARM_GCC_541\Debug\AY1920_II_HW_FINAL_CARZANIGA_GUALNIERA.a(BUTTON_TIMER.o)
 .debug_info    0x0000632a      0x11f .\CortexM3\ARM_GCC_541\Debug\AY1920_II_HW_FINAL_CARZANIGA_GUALNIERA.a(CS_IMU.o)
 .debug_info    0x00006449      0x11f .\CortexM3\ARM_GCC_541\Debug\AY1920_II_HW_FINAL_CARZANIGA_GUALNIERA.a(CS_EEPROM.o)
 .debug_info    0x00006568      0x334 .\CortexM3\ARM_GCC_541\Debug\AY1920_II_HW_FINAL_CARZANIGA_GUALNIERA.a(PWM_NOTIFY.o)
 .debug_info    0x0000689c      0x2d1 .\CortexM3\ARM_GCC_541\Debug\AY1920_II_HW_FINAL_CARZANIGA_GUALNIERA.a(CLICK_TIMER.o)
 .debug_info    0x00006b6d      0x2d2 .\CortexM3\ARM_GCC_541\Debug\AY1920_II_HW_FINAL_CARZANIGA_GUALNIERA.a(ISR_IMU.o)
 .debug_info    0x00006e3f      0x709 .\CortexM3\ARM_GCC_541\Debug\AY1920_II_HW_FINAL_CARZANIGA_GUALNIERA.a(SPIM_IMU.o)
 .debug_info    0x00007548      0x18d .\CortexM3\ARM_GCC_541\Debug\AY1920_II_HW_FINAL_CARZANIGA_GUALNIERA.a(SPIM_IMU_INT.o)
 .debug_info    0x000076d5      0x709 .\CortexM3\ARM_GCC_541\Debug\AY1920_II_HW_FINAL_CARZANIGA_GUALNIERA.a(SPIM_EEPROM.o)
 .debug_info    0x00007dde      0x18d .\CortexM3\ARM_GCC_541\Debug\AY1920_II_HW_FINAL_CARZANIGA_GUALNIERA.a(SPIM_EEPROM_INT.o)
 .debug_info    0x00007f6b      0x283 .\CortexM3\ARM_GCC_541\Debug\AY1920_II_HW_FINAL_CARZANIGA_GUALNIERA.a(SPIM_IMU_IntClock.o)
 .debug_info    0x000081ee      0x283 .\CortexM3\ARM_GCC_541\Debug\AY1920_II_HW_FINAL_CARZANIGA_GUALNIERA.a(SPIM_EEPROM_IntClock.o)
 .debug_info    0x00008471       0xcb .\CortexM3\ARM_GCC_541\Debug\AY1920_II_HW_FINAL_CARZANIGA_GUALNIERA.a(CyBootAsmGnu.o)
 .debug_info    0x0000853c      0x64d .\CortexM3\ARM_GCC_541\Debug\AY1920_II_HW_FINAL_CARZANIGA_GUALNIERA.a(CyFlash.o)
 .debug_info    0x00008b89      0x550 .\CortexM3\ARM_GCC_541\Debug\AY1920_II_HW_FINAL_CARZANIGA_GUALNIERA.a(CySpc.o)

.debug_abbrev   0x00000000     0x2855
 *(.debug_abbrev)
 .debug_abbrev  0x00000000       0xf6 .\CortexM3\ARM_GCC_541\Debug\main.o
 .debug_abbrev  0x000000f6       0xec .\CortexM3\ARM_GCC_541\Debug\InterruptRoutines.o
 .debug_abbrev  0x000001e2      0x134 .\CortexM3\ARM_GCC_541\Debug\SPI_Interface.o
 .debug_abbrev  0x00000316      0x14c .\CortexM3\ARM_GCC_541\Debug\25LC256.o
 .debug_abbrev  0x00000462      0x167 .\CortexM3\ARM_GCC_541\Debug\LED_Driver.o
 .debug_abbrev  0x000005c9      0x1da .\CortexM3\ARM_GCC_541\Debug\LIS3DH.o
 .debug_abbrev  0x000007a3       0xa9 .\CortexM3\ARM_GCC_541\Debug\Notifications.o
 .debug_abbrev  0x0000084c      0x20d .\CortexM3\ARM_GCC_541\Debug\cyfitter_cfg.o
 .debug_abbrev  0x00000a59       0x77 .\CortexM3\ARM_GCC_541\Debug\cymetadata.o
 .debug_abbrev  0x00000ad0      0x1e8 .\CortexM3\ARM_GCC_541\Debug\Cm3Start.o
 .debug_abbrev  0x00000cb8      0x173 .\CortexM3\ARM_GCC_541\Debug\AY1920_II_HW_FINAL_CARZANIGA_GUALNIERA.a(ISR_CONFIG.o)
 .debug_abbrev  0x00000e2b      0x133 .\CortexM3\ARM_GCC_541\Debug\AY1920_II_HW_FINAL_CARZANIGA_GUALNIERA.a(PWM_RG.o)
 .debug_abbrev  0x00000f5e      0x133 .\CortexM3\ARM_GCC_541\Debug\AY1920_II_HW_FINAL_CARZANIGA_GUALNIERA.a(PWM_B.o)
 .debug_abbrev  0x00001091      0x173 .\CortexM3\ARM_GCC_541\Debug\AY1920_II_HW_FINAL_CARZANIGA_GUALNIERA.a(ISR_START.o)
 .debug_abbrev  0x00001204      0x175 .\CortexM3\ARM_GCC_541\Debug\AY1920_II_HW_FINAL_CARZANIGA_GUALNIERA.a(UART.o)
 .debug_abbrev  0x00001379      0x139 .\CortexM3\ARM_GCC_541\Debug\AY1920_II_HW_FINAL_CARZANIGA_GUALNIERA.a(UART_IntClock.o)
 .debug_abbrev  0x000014b2      0x254 .\CortexM3\ARM_GCC_541\Debug\AY1920_II_HW_FINAL_CARZANIGA_GUALNIERA.a(CyLib.o)
 .debug_abbrev  0x00001706      0x1ab .\CortexM3\ARM_GCC_541\Debug\AY1920_II_HW_FINAL_CARZANIGA_GUALNIERA.a(cyPm.o)
 .debug_abbrev  0x000018b1      0x11a .\CortexM3\ARM_GCC_541\Debug\AY1920_II_HW_FINAL_CARZANIGA_GUALNIERA.a(BUTTON_TIMER.o)
 .debug_abbrev  0x000019cb       0x90 .\CortexM3\ARM_GCC_541\Debug\AY1920_II_HW_FINAL_CARZANIGA_GUALNIERA.a(CS_IMU.o)
 .debug_abbrev  0x00001a5b       0x90 .\CortexM3\ARM_GCC_541\Debug\AY1920_II_HW_FINAL_CARZANIGA_GUALNIERA.a(CS_EEPROM.o)
 .debug_abbrev  0x00001aeb      0x133 .\CortexM3\ARM_GCC_541\Debug\AY1920_II_HW_FINAL_CARZANIGA_GUALNIERA.a(PWM_NOTIFY.o)
 .debug_abbrev  0x00001c1e      0x12b .\CortexM3\ARM_GCC_541\Debug\AY1920_II_HW_FINAL_CARZANIGA_GUALNIERA.a(CLICK_TIMER.o)
 .debug_abbrev  0x00001d49      0x173 .\CortexM3\ARM_GCC_541\Debug\AY1920_II_HW_FINAL_CARZANIGA_GUALNIERA.a(ISR_IMU.o)
 .debug_abbrev  0x00001ebc      0x162 .\CortexM3\ARM_GCC_541\Debug\AY1920_II_HW_FINAL_CARZANIGA_GUALNIERA.a(SPIM_IMU.o)
 .debug_abbrev  0x0000201e       0x8a .\CortexM3\ARM_GCC_541\Debug\AY1920_II_HW_FINAL_CARZANIGA_GUALNIERA.a(SPIM_IMU_INT.o)
 .debug_abbrev  0x000020a8      0x162 .\CortexM3\ARM_GCC_541\Debug\AY1920_II_HW_FINAL_CARZANIGA_GUALNIERA.a(SPIM_EEPROM.o)
 .debug_abbrev  0x0000220a       0x8a .\CortexM3\ARM_GCC_541\Debug\AY1920_II_HW_FINAL_CARZANIGA_GUALNIERA.a(SPIM_EEPROM_INT.o)
 .debug_abbrev  0x00002294      0x139 .\CortexM3\ARM_GCC_541\Debug\AY1920_II_HW_FINAL_CARZANIGA_GUALNIERA.a(SPIM_IMU_IntClock.o)
 .debug_abbrev  0x000023cd      0x139 .\CortexM3\ARM_GCC_541\Debug\AY1920_II_HW_FINAL_CARZANIGA_GUALNIERA.a(SPIM_EEPROM_IntClock.o)
 .debug_abbrev  0x00002506       0x14 .\CortexM3\ARM_GCC_541\Debug\AY1920_II_HW_FINAL_CARZANIGA_GUALNIERA.a(CyBootAsmGnu.o)
 .debug_abbrev  0x0000251a      0x1a7 .\CortexM3\ARM_GCC_541\Debug\AY1920_II_HW_FINAL_CARZANIGA_GUALNIERA.a(CyFlash.o)
 .debug_abbrev  0x000026c1      0x194 .\CortexM3\ARM_GCC_541\Debug\AY1920_II_HW_FINAL_CARZANIGA_GUALNIERA.a(CySpc.o)

.debug_line     0x00000000     0x4060
 *(.debug_line)
 .debug_line    0x00000000      0x22e .\CortexM3\ARM_GCC_541\Debug\main.o
 .debug_line    0x0000022e      0x1dc .\CortexM3\ARM_GCC_541\Debug\InterruptRoutines.o
 .debug_line    0x0000040a      0x293 .\CortexM3\ARM_GCC_541\Debug\SPI_Interface.o
 .debug_line    0x0000069d      0x2ac .\CortexM3\ARM_GCC_541\Debug\25LC256.o
 .debug_line    0x00000949      0x252 .\CortexM3\ARM_GCC_541\Debug\LED_Driver.o
 .debug_line    0x00000b9b      0x310 .\CortexM3\ARM_GCC_541\Debug\LIS3DH.o
 .debug_line    0x00000eab      0x1a4 .\CortexM3\ARM_GCC_541\Debug\Notifications.o
 .debug_line    0x0000104f      0x1ff .\CortexM3\ARM_GCC_541\Debug\cyfitter_cfg.o
 .debug_line    0x0000124e      0x141 .\CortexM3\ARM_GCC_541\Debug\cymetadata.o
 .debug_line    0x0000138f      0x234 .\CortexM3\ARM_GCC_541\Debug\Cm3Start.o
 .debug_line    0x000015c3      0x137 .\CortexM3\ARM_GCC_541\Debug\AY1920_II_HW_FINAL_CARZANIGA_GUALNIERA.a(ISR_CONFIG.o)
 .debug_line    0x000016fa      0x1aa .\CortexM3\ARM_GCC_541\Debug\AY1920_II_HW_FINAL_CARZANIGA_GUALNIERA.a(PWM_RG.o)
 .debug_line    0x000018a4      0x185 .\CortexM3\ARM_GCC_541\Debug\AY1920_II_HW_FINAL_CARZANIGA_GUALNIERA.a(PWM_B.o)
 .debug_line    0x00001a29      0x136 .\CortexM3\ARM_GCC_541\Debug\AY1920_II_HW_FINAL_CARZANIGA_GUALNIERA.a(ISR_START.o)
 .debug_line    0x00001b5f      0x2bc .\CortexM3\ARM_GCC_541\Debug\AY1920_II_HW_FINAL_CARZANIGA_GUALNIERA.a(UART.o)
 .debug_line    0x00001e1b      0x17c .\CortexM3\ARM_GCC_541\Debug\AY1920_II_HW_FINAL_CARZANIGA_GUALNIERA.a(UART_IntClock.o)
 .debug_line    0x00001f97      0x816 .\CortexM3\ARM_GCC_541\Debug\AY1920_II_HW_FINAL_CARZANIGA_GUALNIERA.a(CyLib.o)
 .debug_line    0x000027ad      0x367 .\CortexM3\ARM_GCC_541\Debug\AY1920_II_HW_FINAL_CARZANIGA_GUALNIERA.a(cyPm.o)
 .debug_line    0x00002b14      0x160 .\CortexM3\ARM_GCC_541\Debug\AY1920_II_HW_FINAL_CARZANIGA_GUALNIERA.a(BUTTON_TIMER.o)
 .debug_line    0x00002c74       0x93 .\CortexM3\ARM_GCC_541\Debug\AY1920_II_HW_FINAL_CARZANIGA_GUALNIERA.a(CS_IMU.o)
 .debug_line    0x00002d07       0x96 .\CortexM3\ARM_GCC_541\Debug\AY1920_II_HW_FINAL_CARZANIGA_GUALNIERA.a(CS_EEPROM.o)
 .debug_line    0x00002d9d      0x18a .\CortexM3\ARM_GCC_541\Debug\AY1920_II_HW_FINAL_CARZANIGA_GUALNIERA.a(PWM_NOTIFY.o)
 .debug_line    0x00002f27      0x176 .\CortexM3\ARM_GCC_541\Debug\AY1920_II_HW_FINAL_CARZANIGA_GUALNIERA.a(CLICK_TIMER.o)
 .debug_line    0x0000309d      0x134 .\CortexM3\ARM_GCC_541\Debug\AY1920_II_HW_FINAL_CARZANIGA_GUALNIERA.a(ISR_IMU.o)
 .debug_line    0x000031d1      0x2a2 .\CortexM3\ARM_GCC_541\Debug\AY1920_II_HW_FINAL_CARZANIGA_GUALNIERA.a(SPIM_IMU.o)
 .debug_line    0x00003473       0xae .\CortexM3\ARM_GCC_541\Debug\AY1920_II_HW_FINAL_CARZANIGA_GUALNIERA.a(SPIM_IMU_INT.o)
 .debug_line    0x00003521      0x2a8 .\CortexM3\ARM_GCC_541\Debug\AY1920_II_HW_FINAL_CARZANIGA_GUALNIERA.a(SPIM_EEPROM.o)
 .debug_line    0x000037c9       0xb4 .\CortexM3\ARM_GCC_541\Debug\AY1920_II_HW_FINAL_CARZANIGA_GUALNIERA.a(SPIM_EEPROM_INT.o)
 .debug_line    0x0000387d      0x180 .\CortexM3\ARM_GCC_541\Debug\AY1920_II_HW_FINAL_CARZANIGA_GUALNIERA.a(SPIM_IMU_IntClock.o)
 .debug_line    0x000039fd      0x183 .\CortexM3\ARM_GCC_541\Debug\AY1920_II_HW_FINAL_CARZANIGA_GUALNIERA.a(SPIM_EEPROM_IntClock.o)
 .debug_line    0x00003b80       0x66 .\CortexM3\ARM_GCC_541\Debug\AY1920_II_HW_FINAL_CARZANIGA_GUALNIERA.a(CyBootAsmGnu.o)
 .debug_line    0x00003be6      0x21a .\CortexM3\ARM_GCC_541\Debug\AY1920_II_HW_FINAL_CARZANIGA_GUALNIERA.a(CyFlash.o)
 .debug_line    0x00003e00      0x260 .\CortexM3\ARM_GCC_541\Debug\AY1920_II_HW_FINAL_CARZANIGA_GUALNIERA.a(CySpc.o)

.debug_frame    0x00000000     0x2b3c
 *(.debug_frame)
 .debug_frame   0x00000000       0x2c .\CortexM3\ARM_GCC_541\Debug\main.o
 .debug_frame   0x0000002c       0x58 .\CortexM3\ARM_GCC_541\Debug\InterruptRoutines.o
 .debug_frame   0x00000084       0xe0 .\CortexM3\ARM_GCC_541\Debug\SPI_Interface.o
 .debug_frame   0x00000164      0x204 .\CortexM3\ARM_GCC_541\Debug\25LC256.o
 .debug_frame   0x00000368       0xd8 .\CortexM3\ARM_GCC_541\Debug\LED_Driver.o
 .debug_frame   0x00000440      0x12c .\CortexM3\ARM_GCC_541\Debug\LIS3DH.o
 .debug_frame   0x0000056c       0x64 .\CortexM3\ARM_GCC_541\Debug\Notifications.o
 .debug_frame   0x000005d0       0xe4 .\CortexM3\ARM_GCC_541\Debug\cyfitter_cfg.o
 .debug_frame   0x000006b4       0xb8 .\CortexM3\ARM_GCC_541\Debug\Cm3Start.o
 .debug_frame   0x0000076c      0x104 .\CortexM3\ARM_GCC_541\Debug\AY1920_II_HW_FINAL_CARZANIGA_GUALNIERA.a(ISR_CONFIG.o)
 .debug_frame   0x00000870      0x154 .\CortexM3\ARM_GCC_541\Debug\AY1920_II_HW_FINAL_CARZANIGA_GUALNIERA.a(PWM_RG.o)
 .debug_frame   0x000009c4      0x134 .\CortexM3\ARM_GCC_541\Debug\AY1920_II_HW_FINAL_CARZANIGA_GUALNIERA.a(PWM_B.o)
 .debug_frame   0x00000af8      0x104 .\CortexM3\ARM_GCC_541\Debug\AY1920_II_HW_FINAL_CARZANIGA_GUALNIERA.a(ISR_START.o)
 .debug_frame   0x00000bfc      0x250 .\CortexM3\ARM_GCC_541\Debug\AY1920_II_HW_FINAL_CARZANIGA_GUALNIERA.a(UART.o)
 .debug_frame   0x00000e4c       0xe0 .\CortexM3\ARM_GCC_541\Debug\AY1920_II_HW_FINAL_CARZANIGA_GUALNIERA.a(UART_IntClock.o)
 .debug_frame   0x00000f2c      0x738 .\CortexM3\ARM_GCC_541\Debug\AY1920_II_HW_FINAL_CARZANIGA_GUALNIERA.a(CyLib.o)
 .debug_frame   0x00001664      0x1f8 .\CortexM3\ARM_GCC_541\Debug\AY1920_II_HW_FINAL_CARZANIGA_GUALNIERA.a(cyPm.o)
 .debug_frame   0x0000185c      0x108 .\CortexM3\ARM_GCC_541\Debug\AY1920_II_HW_FINAL_CARZANIGA_GUALNIERA.a(BUTTON_TIMER.o)
 .debug_frame   0x00001964       0x50 .\CortexM3\ARM_GCC_541\Debug\AY1920_II_HW_FINAL_CARZANIGA_GUALNIERA.a(CS_IMU.o)
 .debug_frame   0x000019b4       0x50 .\CortexM3\ARM_GCC_541\Debug\AY1920_II_HW_FINAL_CARZANIGA_GUALNIERA.a(CS_EEPROM.o)
 .debug_frame   0x00001a04      0x134 .\CortexM3\ARM_GCC_541\Debug\AY1920_II_HW_FINAL_CARZANIGA_GUALNIERA.a(PWM_NOTIFY.o)
 .debug_frame   0x00001b38      0x124 .\CortexM3\ARM_GCC_541\Debug\AY1920_II_HW_FINAL_CARZANIGA_GUALNIERA.a(CLICK_TIMER.o)
 .debug_frame   0x00001c5c      0x104 .\CortexM3\ARM_GCC_541\Debug\AY1920_II_HW_FINAL_CARZANIGA_GUALNIERA.a(ISR_IMU.o)
 .debug_frame   0x00001d60      0x264 .\CortexM3\ARM_GCC_541\Debug\AY1920_II_HW_FINAL_CARZANIGA_GUALNIERA.a(SPIM_IMU.o)
 .debug_frame   0x00001fc4       0x30 .\CortexM3\ARM_GCC_541\Debug\AY1920_II_HW_FINAL_CARZANIGA_GUALNIERA.a(SPIM_IMU_INT.o)
 .debug_frame   0x00001ff4      0x260 .\CortexM3\ARM_GCC_541\Debug\AY1920_II_HW_FINAL_CARZANIGA_GUALNIERA.a(SPIM_EEPROM.o)
 .debug_frame   0x00002254       0x30 .\CortexM3\ARM_GCC_541\Debug\AY1920_II_HW_FINAL_CARZANIGA_GUALNIERA.a(SPIM_EEPROM_INT.o)
 .debug_frame   0x00002284       0xe0 .\CortexM3\ARM_GCC_541\Debug\AY1920_II_HW_FINAL_CARZANIGA_GUALNIERA.a(SPIM_IMU_IntClock.o)
 .debug_frame   0x00002364       0xe0 .\CortexM3\ARM_GCC_541\Debug\AY1920_II_HW_FINAL_CARZANIGA_GUALNIERA.a(SPIM_EEPROM_IntClock.o)
 .debug_frame   0x00002444      0x194 .\CortexM3\ARM_GCC_541\Debug\AY1920_II_HW_FINAL_CARZANIGA_GUALNIERA.a(CyFlash.o)
 .debug_frame   0x000025d8      0x180 .\CortexM3\ARM_GCC_541\Debug\AY1920_II_HW_FINAL_CARZANIGA_GUALNIERA.a(CySpc.o)
 .debug_frame   0x00002758       0x20 c:/program files (x86)/cypress/psoc creator/4.3/psoc creator/import/gnu/arm/5.4.1/bin/../lib/gcc/arm-none-eabi/5.4.1/../../../../arm-none-eabi/lib/armv7-m\libg_nano.a(lib_a-errno.o)
 .debug_frame   0x00002778       0x28 c:/program files (x86)/cypress/psoc creator/4.3/psoc creator/import/gnu/arm/5.4.1/bin/../lib/gcc/arm-none-eabi/5.4.1/../../../../arm-none-eabi/lib/armv7-m\libg_nano.a(lib_a-exit.o)
 .debug_frame   0x000027a0       0x2c c:/program files (x86)/cypress/psoc creator/4.3/psoc creator/import/gnu/arm/5.4.1/bin/../lib/gcc/arm-none-eabi/5.4.1/../../../../arm-none-eabi/lib/armv7-m\libg_nano.a(lib_a-init.o)
 .debug_frame   0x000027cc       0x28 c:/program files (x86)/cypress/psoc creator/4.3/psoc creator/import/gnu/arm/5.4.1/bin/../lib/gcc/arm-none-eabi/5.4.1/../../../../arm-none-eabi/lib/armv7-m\libg_nano.a(lib_a-memcpy-stub.o)
 .debug_frame   0x000027f4       0x20 c:/program files (x86)/cypress/psoc creator/4.3/psoc creator/import/gnu/arm/5.4.1/bin/../lib/gcc/arm-none-eabi/5.4.1/../../../../arm-none-eabi/lib/armv7-m\libg_nano.a(lib_a-memset.o)
 .debug_frame   0x00002814       0x70 c:/program files (x86)/cypress/psoc creator/4.3/psoc creator/import/gnu/arm/5.4.1/bin/../lib/gcc/arm-none-eabi/5.4.1/../../../../arm-none-eabi/lib/armv7-m\libg_nano.a(lib_a-sprintf.o)
 .debug_frame   0x00002884       0x90 c:/program files (x86)/cypress/psoc creator/4.3/psoc creator/import/gnu/arm/5.4.1/bin/../lib/gcc/arm-none-eabi/5.4.1/../../../../arm-none-eabi/lib/armv7-m\libg_nano.a(lib_a-nano-svfprintf.o)
 .debug_frame   0x00002914       0x60 c:/program files (x86)/cypress/psoc creator/4.3/psoc creator/import/gnu/arm/5.4.1/bin/../lib/gcc/arm-none-eabi/5.4.1/../../../../arm-none-eabi/lib/armv7-m\libg_nano.a(lib_a-nano-vfprintf_i.o)
 .debug_frame   0x00002974       0x28 c:/program files (x86)/cypress/psoc creator/4.3/psoc creator/import/gnu/arm/5.4.1/bin/../lib/gcc/arm-none-eabi/5.4.1/../../../../arm-none-eabi/lib/armv7-m\libg_nano.a(lib_a-memchr-stub.o)
 .debug_frame   0x0000299c       0x28 c:/program files (x86)/cypress/psoc creator/4.3/psoc creator/import/gnu/arm/5.4.1/bin/../lib/gcc/arm-none-eabi/5.4.1/../../../../arm-none-eabi/lib/armv7-m\libg_nano.a(lib_a-memmove.o)
 .debug_frame   0x000029c4       0x38 c:/program files (x86)/cypress/psoc creator/4.3/psoc creator/import/gnu/arm/5.4.1/bin/../lib/gcc/arm-none-eabi/5.4.1/../../../../arm-none-eabi/lib/armv7-m\libg_nano.a(lib_a-nano-freer.o)
 .debug_frame   0x000029fc       0x2c c:/program files (x86)/cypress/psoc creator/4.3/psoc creator/import/gnu/arm/5.4.1/bin/../lib/gcc/arm-none-eabi/5.4.1/../../../../arm-none-eabi/lib/armv7-m\libg_nano.a(lib_a-nano-mallocr.o)
 .debug_frame   0x00002a28       0x3c c:/program files (x86)/cypress/psoc creator/4.3/psoc creator/import/gnu/arm/5.4.1/bin/../lib/gcc/arm-none-eabi/5.4.1/../../../../arm-none-eabi/lib/armv7-m\libg_nano.a(lib_a-nano-reallocr.o)
 .debug_frame   0x00002a64       0x2c c:/program files (x86)/cypress/psoc creator/4.3/psoc creator/import/gnu/arm/5.4.1/bin/../lib/gcc/arm-none-eabi/5.4.1/../../../../arm-none-eabi/lib/armv7-m\libg_nano.a(lib_a-sbrkr.o)
 .debug_frame   0x00002a90       0x30 c:/program files (x86)/cypress/psoc creator/4.3/psoc creator/import/gnu/arm/5.4.1/bin/../lib/gcc/arm-none-eabi/5.4.1/../../../../arm-none-eabi/lib/armv7-m\libg_nano.a(lib_a-mlock.o)
 .debug_frame   0x00002ac0       0x20 c:/program files (x86)/cypress/psoc creator/4.3/psoc creator/import/gnu/arm/5.4.1/bin/../lib/gcc/arm-none-eabi/5.4.1/../../../../arm-none-eabi/lib/armv7-m\libg_nano.a(lib_a-nano-msizer.o)
 .debug_frame   0x00002ae0       0x5c c:/program files (x86)/cypress/psoc creator/4.3/psoc creator/import/gnu/arm/5.4.1/bin/../lib/gcc/arm-none-eabi/5.4.1/../../../../arm-none-eabi/lib/armv7-m\libg_nano.a(lib_a-reent.o)

.debug_str      0x00000000     0x339e
 *(.debug_str)
 .debug_str     0x00000000      0x2e9 .\CortexM3\ARM_GCC_541\Debug\main.o
                                0x339 (size before relaxing)
 .debug_str     0x000002e9       0xc7 .\CortexM3\ARM_GCC_541\Debug\InterruptRoutines.o
                                0x2e8 (size before relaxing)
 .debug_str     0x000003b0      0x25b .\CortexM3\ARM_GCC_541\Debug\SPI_Interface.o
                                0x45a (size before relaxing)
 .debug_str     0x0000060b      0x1a6 .\CortexM3\ARM_GCC_541\Debug\25LC256.o
                                0x462 (size before relaxing)
 .debug_str     0x000007b1       0xec .\CortexM3\ARM_GCC_541\Debug\LED_Driver.o
                                0x31d (size before relaxing)
 .debug_str     0x0000089d       0xf8 .\CortexM3\ARM_GCC_541\Debug\LIS3DH.o
                                0x3a9 (size before relaxing)
 .debug_str     0x00000995       0x68 .\CortexM3\ARM_GCC_541\Debug\Notifications.o
                                0x276 (size before relaxing)
 .debug_str     0x000009fd      0x1a3 .\CortexM3\ARM_GCC_541\Debug\cyfitter_cfg.o
                                0x37f (size before relaxing)
 .debug_str     0x00000ba0       0x75 .\CortexM3\ARM_GCC_541\Debug\cymetadata.o
                                0x21f (size before relaxing)
 .debug_str     0x00000c15      0x144 .\CortexM3\ARM_GCC_541\Debug\Cm3Start.o
                                0x345 (size before relaxing)
 .debug_str     0x00000d59      0x131 .\CortexM3\ARM_GCC_541\Debug\AY1920_II_HW_FINAL_CARZANIGA_GUALNIERA.a(ISR_CONFIG.o)
                                0x327 (size before relaxing)
 .debug_str     0x00000e8a      0x1c1 .\CortexM3\ARM_GCC_541\Debug\AY1920_II_HW_FINAL_CARZANIGA_GUALNIERA.a(PWM_RG.o)
                                0x3ca (size before relaxing)
 .debug_str     0x0000104b      0x13b .\CortexM3\ARM_GCC_541\Debug\AY1920_II_HW_FINAL_CARZANIGA_GUALNIERA.a(PWM_B.o)
                                0x38c (size before relaxing)
 .debug_str     0x00001186      0x10c .\CortexM3\ARM_GCC_541\Debug\AY1920_II_HW_FINAL_CARZANIGA_GUALNIERA.a(ISR_START.o)
                                0x319 (size before relaxing)
 .debug_str     0x00001292      0x277 .\CortexM3\ARM_GCC_541\Debug\AY1920_II_HW_FINAL_CARZANIGA_GUALNIERA.a(UART.o)
                                0x4b0 (size before relaxing)
 .debug_str     0x00001509      0x183 .\CortexM3\ARM_GCC_541\Debug\AY1920_II_HW_FINAL_CARZANIGA_GUALNIERA.a(UART_IntClock.o)
                                0x371 (size before relaxing)
 .debug_str     0x0000168c      0x7e3 .\CortexM3\ARM_GCC_541\Debug\AY1920_II_HW_FINAL_CARZANIGA_GUALNIERA.a(CyLib.o)
                                0xa82 (size before relaxing)
 .debug_str     0x00001e6f      0x365 .\CortexM3\ARM_GCC_541\Debug\AY1920_II_HW_FINAL_CARZANIGA_GUALNIERA.a(cyPm.o)
                                0x76e (size before relaxing)
 .debug_str     0x000021d4      0x19a .\CortexM3\ARM_GCC_541\Debug\AY1920_II_HW_FINAL_CARZANIGA_GUALNIERA.a(BUTTON_TIMER.o)
                                0x3a0 (size before relaxing)
 .debug_str     0x0000236e       0x5e .\CortexM3\ARM_GCC_541\Debug\AY1920_II_HW_FINAL_CARZANIGA_GUALNIERA.a(CS_IMU.o)
                                0x222 (size before relaxing)
 .debug_str     0x000023cc       0x5f .\CortexM3\ARM_GCC_541\Debug\AY1920_II_HW_FINAL_CARZANIGA_GUALNIERA.a(CS_EEPROM.o)
                                0x231 (size before relaxing)
 .debug_str     0x0000242b      0x16c .\CortexM3\ARM_GCC_541\Debug\AY1920_II_HW_FINAL_CARZANIGA_GUALNIERA.a(PWM_NOTIFY.o)
                                0x3eb (size before relaxing)
 .debug_str     0x00002597      0x1b0 .\CortexM3\ARM_GCC_541\Debug\AY1920_II_HW_FINAL_CARZANIGA_GUALNIERA.a(CLICK_TIMER.o)
                                0x3d5 (size before relaxing)
 .debug_str     0x00002747       0xf2 .\CortexM3\ARM_GCC_541\Debug\AY1920_II_HW_FINAL_CARZANIGA_GUALNIERA.a(ISR_IMU.o)
                                0x2fd (size before relaxing)
 .debug_str     0x00002839      0x2ad .\CortexM3\ARM_GCC_541\Debug\AY1920_II_HW_FINAL_CARZANIGA_GUALNIERA.a(SPIM_IMU.o)
                                0x5b1 (size before relaxing)
 .debug_str     0x00002ae6       0x46 .\CortexM3\ARM_GCC_541\Debug\AY1920_II_HW_FINAL_CARZANIGA_GUALNIERA.a(SPIM_IMU_INT.o)
                                0x2ea (size before relaxing)
 .debug_str     0x00002b2c      0x2e5 .\CortexM3\ARM_GCC_541\Debug\AY1920_II_HW_FINAL_CARZANIGA_GUALNIERA.a(SPIM_EEPROM.o)
                                0x623 (size before relaxing)
 .debug_str     0x00002e11       0x4f .\CortexM3\ARM_GCC_541\Debug\AY1920_II_HW_FINAL_CARZANIGA_GUALNIERA.a(SPIM_EEPROM_INT.o)
                                0x311 (size before relaxing)
 .debug_str     0x00002e60      0x160 .\CortexM3\ARM_GCC_541\Debug\AY1920_II_HW_FINAL_CARZANIGA_GUALNIERA.a(SPIM_IMU_IntClock.o)
                                0x3a1 (size before relaxing)
 .debug_str     0x00002fc0      0x17e .\CortexM3\ARM_GCC_541\Debug\AY1920_II_HW_FINAL_CARZANIGA_GUALNIERA.a(SPIM_EEPROM_IntClock.o)
                                0x3c5 (size before relaxing)
 .debug_str     0x0000313e      0x1b4 .\CortexM3\ARM_GCC_541\Debug\AY1920_II_HW_FINAL_CARZANIGA_GUALNIERA.a(CyFlash.o)
                                0x3fb (size before relaxing)
 .debug_str     0x000032f2       0xac .\CortexM3\ARM_GCC_541\Debug\AY1920_II_HW_FINAL_CARZANIGA_GUALNIERA.a(CySpc.o)
                                0x373 (size before relaxing)

.debug_loc      0x00000000     0x31cf
 *(.debug_loc)
 .debug_loc     0x00000000      0x2d8 .\CortexM3\ARM_GCC_541\Debug\SPI_Interface.o
 .debug_loc     0x000002d8      0x377 .\CortexM3\ARM_GCC_541\Debug\25LC256.o
 .debug_loc     0x0000064f      0x179 .\CortexM3\ARM_GCC_541\Debug\LED_Driver.o
 .debug_loc     0x000007c8      0x2dc .\CortexM3\ARM_GCC_541\Debug\LIS3DH.o
 .debug_loc     0x00000aa4      0x25a .\CortexM3\ARM_GCC_541\Debug\cyfitter_cfg.o
 .debug_loc     0x00000cfe      0x144 .\CortexM3\ARM_GCC_541\Debug\Cm3Start.o
 .debug_loc     0x00000e42       0x56 .\CortexM3\ARM_GCC_541\Debug\AY1920_II_HW_FINAL_CARZANIGA_GUALNIERA.a(ISR_CONFIG.o)
 .debug_loc     0x00000e98       0x26 .\CortexM3\ARM_GCC_541\Debug\AY1920_II_HW_FINAL_CARZANIGA_GUALNIERA.a(PWM_RG.o)
 .debug_loc     0x00000ebe       0x26 .\CortexM3\ARM_GCC_541\Debug\AY1920_II_HW_FINAL_CARZANIGA_GUALNIERA.a(PWM_B.o)
 .debug_loc     0x00000ee4       0x56 .\CortexM3\ARM_GCC_541\Debug\AY1920_II_HW_FINAL_CARZANIGA_GUALNIERA.a(ISR_START.o)
 .debug_loc     0x00000f3a      0x258 .\CortexM3\ARM_GCC_541\Debug\AY1920_II_HW_FINAL_CARZANIGA_GUALNIERA.a(UART.o)
 .debug_loc     0x00001192      0x128 .\CortexM3\ARM_GCC_541\Debug\AY1920_II_HW_FINAL_CARZANIGA_GUALNIERA.a(UART_IntClock.o)
 .debug_loc     0x000012ba      0xa11 .\CortexM3\ARM_GCC_541\Debug\AY1920_II_HW_FINAL_CARZANIGA_GUALNIERA.a(CyLib.o)
 .debug_loc     0x00001ccb      0x1e4 .\CortexM3\ARM_GCC_541\Debug\AY1920_II_HW_FINAL_CARZANIGA_GUALNIERA.a(cyPm.o)
 .debug_loc     0x00001eaf       0x42 .\CortexM3\ARM_GCC_541\Debug\AY1920_II_HW_FINAL_CARZANIGA_GUALNIERA.a(CS_IMU.o)
 .debug_loc     0x00001ef1       0x42 .\CortexM3\ARM_GCC_541\Debug\AY1920_II_HW_FINAL_CARZANIGA_GUALNIERA.a(CS_EEPROM.o)
 .debug_loc     0x00001f33       0x26 .\CortexM3\ARM_GCC_541\Debug\AY1920_II_HW_FINAL_CARZANIGA_GUALNIERA.a(PWM_NOTIFY.o)
 .debug_loc     0x00001f59       0x13 .\CortexM3\ARM_GCC_541\Debug\AY1920_II_HW_FINAL_CARZANIGA_GUALNIERA.a(CLICK_TIMER.o)
 .debug_loc     0x00001f6c       0x56 .\CortexM3\ARM_GCC_541\Debug\AY1920_II_HW_FINAL_CARZANIGA_GUALNIERA.a(ISR_IMU.o)
 .debug_loc     0x00001fc2      0x20d .\CortexM3\ARM_GCC_541\Debug\AY1920_II_HW_FINAL_CARZANIGA_GUALNIERA.a(SPIM_IMU.o)
 .debug_loc     0x000021cf       0x74 .\CortexM3\ARM_GCC_541\Debug\AY1920_II_HW_FINAL_CARZANIGA_GUALNIERA.a(SPIM_IMU_INT.o)
 .debug_loc     0x00002243      0x20d .\CortexM3\ARM_GCC_541\Debug\AY1920_II_HW_FINAL_CARZANIGA_GUALNIERA.a(SPIM_EEPROM.o)
 .debug_loc     0x00002450       0x74 .\CortexM3\ARM_GCC_541\Debug\AY1920_II_HW_FINAL_CARZANIGA_GUALNIERA.a(SPIM_EEPROM_INT.o)
 .debug_loc     0x000024c4      0x12c .\CortexM3\ARM_GCC_541\Debug\AY1920_II_HW_FINAL_CARZANIGA_GUALNIERA.a(SPIM_IMU_IntClock.o)
 .debug_loc     0x000025f0      0x128 .\CortexM3\ARM_GCC_541\Debug\AY1920_II_HW_FINAL_CARZANIGA_GUALNIERA.a(SPIM_EEPROM_IntClock.o)
 .debug_loc     0x00002718      0x3b2 .\CortexM3\ARM_GCC_541\Debug\AY1920_II_HW_FINAL_CARZANIGA_GUALNIERA.a(CyFlash.o)
 .debug_loc     0x00002aca      0x705 .\CortexM3\ARM_GCC_541\Debug\AY1920_II_HW_FINAL_CARZANIGA_GUALNIERA.a(CySpc.o)

.debug_macinfo
 *(.debug_macinfo)

.debug_ranges   0x00000000      0xe48
 *(.debug_ranges)
 .debug_ranges  0x00000000       0x10 .\CortexM3\ARM_GCC_541\Debug\main.o
 .debug_ranges  0x00000010       0x20 .\CortexM3\ARM_GCC_541\Debug\InterruptRoutines.o
 .debug_ranges  0x00000030       0x38 .\CortexM3\ARM_GCC_541\Debug\SPI_Interface.o
 .debug_ranges  0x00000068       0x88 .\CortexM3\ARM_GCC_541\Debug\25LC256.o
 .debug_ranges  0x000000f0       0x58 .\CortexM3\ARM_GCC_541\Debug\LED_Driver.o
 .debug_ranges  0x00000148       0x60 .\CortexM3\ARM_GCC_541\Debug\LIS3DH.o
 .debug_ranges  0x000001a8       0x20 .\CortexM3\ARM_GCC_541\Debug\Notifications.o
 .debug_ranges  0x000001c8       0x48 .\CortexM3\ARM_GCC_541\Debug\cyfitter_cfg.o
 .debug_ranges  0x00000210       0x38 .\CortexM3\ARM_GCC_541\Debug\Cm3Start.o
 .debug_ranges  0x00000248       0x70 .\CortexM3\ARM_GCC_541\Debug\AY1920_II_HW_FINAL_CARZANIGA_GUALNIERA.a(ISR_CONFIG.o)
 .debug_ranges  0x000002b8       0x98 .\CortexM3\ARM_GCC_541\Debug\AY1920_II_HW_FINAL_CARZANIGA_GUALNIERA.a(PWM_RG.o)
 .debug_ranges  0x00000350       0x88 .\CortexM3\ARM_GCC_541\Debug\AY1920_II_HW_FINAL_CARZANIGA_GUALNIERA.a(PWM_B.o)
 .debug_ranges  0x000003d8       0x70 .\CortexM3\ARM_GCC_541\Debug\AY1920_II_HW_FINAL_CARZANIGA_GUALNIERA.a(ISR_START.o)
 .debug_ranges  0x00000448       0xe0 .\CortexM3\ARM_GCC_541\Debug\AY1920_II_HW_FINAL_CARZANIGA_GUALNIERA.a(UART.o)
 .debug_ranges  0x00000528       0x60 .\CortexM3\ARM_GCC_541\Debug\AY1920_II_HW_FINAL_CARZANIGA_GUALNIERA.a(UART_IntClock.o)
 .debug_ranges  0x00000588      0x290 .\CortexM3\ARM_GCC_541\Debug\AY1920_II_HW_FINAL_CARZANIGA_GUALNIERA.a(CyLib.o)
 .debug_ranges  0x00000818       0x88 .\CortexM3\ARM_GCC_541\Debug\AY1920_II_HW_FINAL_CARZANIGA_GUALNIERA.a(cyPm.o)
 .debug_ranges  0x000008a0       0x78 .\CortexM3\ARM_GCC_541\Debug\AY1920_II_HW_FINAL_CARZANIGA_GUALNIERA.a(BUTTON_TIMER.o)
 .debug_ranges  0x00000918       0x28 .\CortexM3\ARM_GCC_541\Debug\AY1920_II_HW_FINAL_CARZANIGA_GUALNIERA.a(CS_IMU.o)
 .debug_ranges  0x00000940       0x28 .\CortexM3\ARM_GCC_541\Debug\AY1920_II_HW_FINAL_CARZANIGA_GUALNIERA.a(CS_EEPROM.o)
 .debug_ranges  0x00000968       0x88 .\CortexM3\ARM_GCC_541\Debug\AY1920_II_HW_FINAL_CARZANIGA_GUALNIERA.a(PWM_NOTIFY.o)
 .debug_ranges  0x000009f0       0x80 .\CortexM3\ARM_GCC_541\Debug\AY1920_II_HW_FINAL_CARZANIGA_GUALNIERA.a(CLICK_TIMER.o)
 .debug_ranges  0x00000a70       0x70 .\CortexM3\ARM_GCC_541\Debug\AY1920_II_HW_FINAL_CARZANIGA_GUALNIERA.a(ISR_IMU.o)
 .debug_ranges  0x00000ae0       0xc8 .\CortexM3\ARM_GCC_541\Debug\AY1920_II_HW_FINAL_CARZANIGA_GUALNIERA.a(SPIM_IMU.o)
 .debug_ranges  0x00000ba8       0x18 .\CortexM3\ARM_GCC_541\Debug\AY1920_II_HW_FINAL_CARZANIGA_GUALNIERA.a(SPIM_IMU_INT.o)
 .debug_ranges  0x00000bc0       0xc8 .\CortexM3\ARM_GCC_541\Debug\AY1920_II_HW_FINAL_CARZANIGA_GUALNIERA.a(SPIM_EEPROM.o)
 .debug_ranges  0x00000c88       0x18 .\CortexM3\ARM_GCC_541\Debug\AY1920_II_HW_FINAL_CARZANIGA_GUALNIERA.a(SPIM_EEPROM_INT.o)
 .debug_ranges  0x00000ca0       0x60 .\CortexM3\ARM_GCC_541\Debug\AY1920_II_HW_FINAL_CARZANIGA_GUALNIERA.a(SPIM_IMU_IntClock.o)
 .debug_ranges  0x00000d00       0x60 .\CortexM3\ARM_GCC_541\Debug\AY1920_II_HW_FINAL_CARZANIGA_GUALNIERA.a(SPIM_EEPROM_IntClock.o)
 .debug_ranges  0x00000d60       0x78 .\CortexM3\ARM_GCC_541\Debug\AY1920_II_HW_FINAL_CARZANIGA_GUALNIERA.a(CyFlash.o)
 .debug_ranges  0x00000dd8       0x70 .\CortexM3\ARM_GCC_541\Debug\AY1920_II_HW_FINAL_CARZANIGA_GUALNIERA.a(CySpc.o)

.comment        0x00000000       0x6e
 .comment       0x00000000       0x6e .\CortexM3\ARM_GCC_541\Debug\main.o
                                 0x6f (size before relaxing)
 .comment       0x0000006e       0x6f .\CortexM3\ARM_GCC_541\Debug\InterruptRoutines.o
 .comment       0x0000006e       0x6f .\CortexM3\ARM_GCC_541\Debug\SPI_Interface.o
 .comment       0x0000006e       0x6f .\CortexM3\ARM_GCC_541\Debug\25LC256.o