ARM GAS  C:\Users\Lory\AppData\Local\Temp\ccAWTQQM.s 			page 1


   1              		.syntax unified
   2              		.cpu cortex-m3
   3              		.fpu softvfp
   4              		.eabi_attribute 20, 1
   5              		.eabi_attribute 21, 1
   6              		.eabi_attribute 23, 3
   7              		.eabi_attribute 24, 1
   8              		.eabi_attribute 25, 1
   9              		.eabi_attribute 26, 1
  10              		.eabi_attribute 30, 1
  11              		.eabi_attribute 34, 1
  12              		.eabi_attribute 18, 4
  13              		.thumb
  14              		.syntax unified
  15              		.file	"BUTTON_TIMER.c"
  16              		.text
  17              	.Ltext0:
  18              		.cfi_sections	.debug_frame
  19              		.section	.text.BUTTON_TIMER_Enable,"ax",%progbits
  20              		.align	2
  21              		.global	BUTTON_TIMER_Enable
  22              		.thumb
  23              		.thumb_func
  24              		.type	BUTTON_TIMER_Enable, %function
  25              	BUTTON_TIMER_Enable:
  26              	.LFB1:
  27              		.file 1 "Generated_Source\\PSoC5\\BUTTON_TIMER.c"
   1:Generated_Source\PSoC5/BUTTON_TIMER.c **** /*******************************************************************************
   2:Generated_Source\PSoC5/BUTTON_TIMER.c **** * File Name: BUTTON_TIMER.c
   3:Generated_Source\PSoC5/BUTTON_TIMER.c **** * Version 2.80
   4:Generated_Source\PSoC5/BUTTON_TIMER.c **** *
   5:Generated_Source\PSoC5/BUTTON_TIMER.c **** * Description:
   6:Generated_Source\PSoC5/BUTTON_TIMER.c **** *  The Timer component consists of a 8, 16, 24 or 32-bit timer with
   7:Generated_Source\PSoC5/BUTTON_TIMER.c **** *  a selectable period between 2 and 2^Width - 1.  The timer may free run
   8:Generated_Source\PSoC5/BUTTON_TIMER.c **** *  or be used as a capture timer as well.  The capture can be initiated
   9:Generated_Source\PSoC5/BUTTON_TIMER.c **** *  by a positive or negative edge signal as well as via software.
  10:Generated_Source\PSoC5/BUTTON_TIMER.c **** *  A trigger input can be programmed to enable the timer on rising edge
  11:Generated_Source\PSoC5/BUTTON_TIMER.c **** *  falling edge, either edge or continous run.
  12:Generated_Source\PSoC5/BUTTON_TIMER.c **** *  Interrupts may be generated due to a terminal count condition
  13:Generated_Source\PSoC5/BUTTON_TIMER.c **** *  or a capture event.
  14:Generated_Source\PSoC5/BUTTON_TIMER.c **** *
  15:Generated_Source\PSoC5/BUTTON_TIMER.c **** * Note:
  16:Generated_Source\PSoC5/BUTTON_TIMER.c **** *
  17:Generated_Source\PSoC5/BUTTON_TIMER.c **** ********************************************************************************
  18:Generated_Source\PSoC5/BUTTON_TIMER.c **** * Copyright 2008-2017, Cypress Semiconductor Corporation.  All rights reserved.
  19:Generated_Source\PSoC5/BUTTON_TIMER.c **** * You may use this file only in accordance with the license, terms, conditions,
  20:Generated_Source\PSoC5/BUTTON_TIMER.c **** * disclaimers, and limitations in the end user license agreement accompanying
  21:Generated_Source\PSoC5/BUTTON_TIMER.c **** * the software package with which this file was provided.
  22:Generated_Source\PSoC5/BUTTON_TIMER.c **** ********************************************************************************/
  23:Generated_Source\PSoC5/BUTTON_TIMER.c **** 
  24:Generated_Source\PSoC5/BUTTON_TIMER.c **** #include "BUTTON_TIMER.h"
  25:Generated_Source\PSoC5/BUTTON_TIMER.c **** 
  26:Generated_Source\PSoC5/BUTTON_TIMER.c **** uint8 BUTTON_TIMER_initVar = 0u;
  27:Generated_Source\PSoC5/BUTTON_TIMER.c **** 
  28:Generated_Source\PSoC5/BUTTON_TIMER.c **** 
  29:Generated_Source\PSoC5/BUTTON_TIMER.c **** /*******************************************************************************
  30:Generated_Source\PSoC5/BUTTON_TIMER.c **** * Function Name: BUTTON_TIMER_Init
ARM GAS  C:\Users\Lory\AppData\Local\Temp\ccAWTQQM.s 			page 2


  31:Generated_Source\PSoC5/BUTTON_TIMER.c **** ********************************************************************************
  32:Generated_Source\PSoC5/BUTTON_TIMER.c **** *
  33:Generated_Source\PSoC5/BUTTON_TIMER.c **** * Summary:
  34:Generated_Source\PSoC5/BUTTON_TIMER.c **** *  Initialize to the schematic state
  35:Generated_Source\PSoC5/BUTTON_TIMER.c **** *
  36:Generated_Source\PSoC5/BUTTON_TIMER.c **** * Parameters:
  37:Generated_Source\PSoC5/BUTTON_TIMER.c **** *  void
  38:Generated_Source\PSoC5/BUTTON_TIMER.c **** *
  39:Generated_Source\PSoC5/BUTTON_TIMER.c **** * Return:
  40:Generated_Source\PSoC5/BUTTON_TIMER.c **** *  void
  41:Generated_Source\PSoC5/BUTTON_TIMER.c **** *
  42:Generated_Source\PSoC5/BUTTON_TIMER.c **** *******************************************************************************/
  43:Generated_Source\PSoC5/BUTTON_TIMER.c **** void BUTTON_TIMER_Init(void) 
  44:Generated_Source\PSoC5/BUTTON_TIMER.c **** {
  45:Generated_Source\PSoC5/BUTTON_TIMER.c ****     #if(!BUTTON_TIMER_UsingFixedFunction)
  46:Generated_Source\PSoC5/BUTTON_TIMER.c ****             /* Interrupt State Backup for Critical Region*/
  47:Generated_Source\PSoC5/BUTTON_TIMER.c ****             uint8 BUTTON_TIMER_interruptState;
  48:Generated_Source\PSoC5/BUTTON_TIMER.c ****     #endif /* Interrupt state back up for Fixed Function only */
  49:Generated_Source\PSoC5/BUTTON_TIMER.c **** 
  50:Generated_Source\PSoC5/BUTTON_TIMER.c ****     #if (BUTTON_TIMER_UsingFixedFunction)
  51:Generated_Source\PSoC5/BUTTON_TIMER.c ****         /* Clear all bits but the enable bit (if it's already set) for Timer operation */
  52:Generated_Source\PSoC5/BUTTON_TIMER.c ****         BUTTON_TIMER_CONTROL &= BUTTON_TIMER_CTRL_ENABLE;
  53:Generated_Source\PSoC5/BUTTON_TIMER.c **** 
  54:Generated_Source\PSoC5/BUTTON_TIMER.c ****         /* Clear the mode bits for continuous run mode */
  55:Generated_Source\PSoC5/BUTTON_TIMER.c ****         #if (CY_PSOC5A)
  56:Generated_Source\PSoC5/BUTTON_TIMER.c ****             BUTTON_TIMER_CONTROL2 &= ((uint8)(~BUTTON_TIMER_CTRL_MODE_MASK));
  57:Generated_Source\PSoC5/BUTTON_TIMER.c ****         #endif /* Clear bits in CONTROL2 only in PSOC5A */
  58:Generated_Source\PSoC5/BUTTON_TIMER.c **** 
  59:Generated_Source\PSoC5/BUTTON_TIMER.c ****         #if (CY_PSOC3 || CY_PSOC5LP)
  60:Generated_Source\PSoC5/BUTTON_TIMER.c ****             BUTTON_TIMER_CONTROL3 &= ((uint8)(~BUTTON_TIMER_CTRL_MODE_MASK));
  61:Generated_Source\PSoC5/BUTTON_TIMER.c ****         #endif /* CONTROL3 register exists only in PSoC3 OR PSoC5LP */
  62:Generated_Source\PSoC5/BUTTON_TIMER.c **** 
  63:Generated_Source\PSoC5/BUTTON_TIMER.c ****         /* Check if One Shot mode is enabled i.e. RunMode !=0*/
  64:Generated_Source\PSoC5/BUTTON_TIMER.c ****         #if (BUTTON_TIMER_RunModeUsed != 0x0u)
  65:Generated_Source\PSoC5/BUTTON_TIMER.c ****             /* Set 3rd bit of Control register to enable one shot mode */
  66:Generated_Source\PSoC5/BUTTON_TIMER.c ****             BUTTON_TIMER_CONTROL |= 0x04u;
  67:Generated_Source\PSoC5/BUTTON_TIMER.c ****         #endif /* One Shot enabled only when RunModeUsed is not Continuous*/
  68:Generated_Source\PSoC5/BUTTON_TIMER.c **** 
  69:Generated_Source\PSoC5/BUTTON_TIMER.c ****         #if (BUTTON_TIMER_RunModeUsed == 2)
  70:Generated_Source\PSoC5/BUTTON_TIMER.c ****             #if (CY_PSOC5A)
  71:Generated_Source\PSoC5/BUTTON_TIMER.c ****                 /* Set last 2 bits of control2 register if one shot(halt on
  72:Generated_Source\PSoC5/BUTTON_TIMER.c ****                 interrupt) is enabled*/
  73:Generated_Source\PSoC5/BUTTON_TIMER.c ****                 BUTTON_TIMER_CONTROL2 |= 0x03u;
  74:Generated_Source\PSoC5/BUTTON_TIMER.c ****             #endif /* Set One-Shot Halt on Interrupt bit in CONTROL2 for PSoC5A */
  75:Generated_Source\PSoC5/BUTTON_TIMER.c **** 
  76:Generated_Source\PSoC5/BUTTON_TIMER.c ****             #if (CY_PSOC3 || CY_PSOC5LP)
  77:Generated_Source\PSoC5/BUTTON_TIMER.c ****                 /* Set last 2 bits of control3 register if one shot(halt on
  78:Generated_Source\PSoC5/BUTTON_TIMER.c ****                 interrupt) is enabled*/
  79:Generated_Source\PSoC5/BUTTON_TIMER.c ****                 BUTTON_TIMER_CONTROL3 |= 0x03u;
  80:Generated_Source\PSoC5/BUTTON_TIMER.c ****             #endif /* Set One-Shot Halt on Interrupt bit in CONTROL3 for PSoC3 or PSoC5LP */
  81:Generated_Source\PSoC5/BUTTON_TIMER.c **** 
  82:Generated_Source\PSoC5/BUTTON_TIMER.c ****         #endif /* Remove section if One Shot Halt on Interrupt is not enabled */
  83:Generated_Source\PSoC5/BUTTON_TIMER.c **** 
  84:Generated_Source\PSoC5/BUTTON_TIMER.c ****         #if (BUTTON_TIMER_UsingHWEnable != 0)
  85:Generated_Source\PSoC5/BUTTON_TIMER.c ****             #if (CY_PSOC5A)
  86:Generated_Source\PSoC5/BUTTON_TIMER.c ****                 /* Set the default Run Mode of the Timer to Continuous */
  87:Generated_Source\PSoC5/BUTTON_TIMER.c ****                 BUTTON_TIMER_CONTROL2 |= BUTTON_TIMER_CTRL_MODE_PULSEWIDTH;
ARM GAS  C:\Users\Lory\AppData\Local\Temp\ccAWTQQM.s 			page 3


  88:Generated_Source\PSoC5/BUTTON_TIMER.c ****             #endif /* Set Continuous Run Mode in CONTROL2 for PSoC5A */
  89:Generated_Source\PSoC5/BUTTON_TIMER.c **** 
  90:Generated_Source\PSoC5/BUTTON_TIMER.c ****             #if (CY_PSOC3 || CY_PSOC5LP)
  91:Generated_Source\PSoC5/BUTTON_TIMER.c ****                 /* Clear and Set ROD and COD bits of CFG2 register */
  92:Generated_Source\PSoC5/BUTTON_TIMER.c ****                 BUTTON_TIMER_CONTROL3 &= ((uint8)(~BUTTON_TIMER_CTRL_RCOD_MASK));
  93:Generated_Source\PSoC5/BUTTON_TIMER.c ****                 BUTTON_TIMER_CONTROL3 |= BUTTON_TIMER_CTRL_RCOD;
  94:Generated_Source\PSoC5/BUTTON_TIMER.c **** 
  95:Generated_Source\PSoC5/BUTTON_TIMER.c ****                 /* Clear and Enable the HW enable bit in CFG2 register */
  96:Generated_Source\PSoC5/BUTTON_TIMER.c ****                 BUTTON_TIMER_CONTROL3 &= ((uint8)(~BUTTON_TIMER_CTRL_ENBL_MASK));
  97:Generated_Source\PSoC5/BUTTON_TIMER.c ****                 BUTTON_TIMER_CONTROL3 |= BUTTON_TIMER_CTRL_ENBL;
  98:Generated_Source\PSoC5/BUTTON_TIMER.c **** 
  99:Generated_Source\PSoC5/BUTTON_TIMER.c ****                 /* Set the default Run Mode of the Timer to Continuous */
 100:Generated_Source\PSoC5/BUTTON_TIMER.c ****                 BUTTON_TIMER_CONTROL3 |= BUTTON_TIMER_CTRL_MODE_CONTINUOUS;
 101:Generated_Source\PSoC5/BUTTON_TIMER.c ****             #endif /* Set Continuous Run Mode in CONTROL3 for PSoC3ES3 or PSoC5A */
 102:Generated_Source\PSoC5/BUTTON_TIMER.c **** 
 103:Generated_Source\PSoC5/BUTTON_TIMER.c ****         #endif /* Configure Run Mode with hardware enable */
 104:Generated_Source\PSoC5/BUTTON_TIMER.c **** 
 105:Generated_Source\PSoC5/BUTTON_TIMER.c ****         /* Clear and Set SYNCTC and SYNCCMP bits of RT1 register */
 106:Generated_Source\PSoC5/BUTTON_TIMER.c ****         BUTTON_TIMER_RT1 &= ((uint8)(~BUTTON_TIMER_RT1_MASK));
 107:Generated_Source\PSoC5/BUTTON_TIMER.c ****         BUTTON_TIMER_RT1 |= BUTTON_TIMER_SYNC;
 108:Generated_Source\PSoC5/BUTTON_TIMER.c **** 
 109:Generated_Source\PSoC5/BUTTON_TIMER.c ****         /*Enable DSI Sync all all inputs of the Timer*/
 110:Generated_Source\PSoC5/BUTTON_TIMER.c ****         BUTTON_TIMER_RT1 &= ((uint8)(~BUTTON_TIMER_SYNCDSI_MASK));
 111:Generated_Source\PSoC5/BUTTON_TIMER.c ****         BUTTON_TIMER_RT1 |= BUTTON_TIMER_SYNCDSI_EN;
 112:Generated_Source\PSoC5/BUTTON_TIMER.c **** 
 113:Generated_Source\PSoC5/BUTTON_TIMER.c ****         /* Set the IRQ to use the status register interrupts */
 114:Generated_Source\PSoC5/BUTTON_TIMER.c ****         BUTTON_TIMER_CONTROL2 |= BUTTON_TIMER_CTRL2_IRQ_SEL;
 115:Generated_Source\PSoC5/BUTTON_TIMER.c ****     #endif /* Configuring registers of fixed function implementation */
 116:Generated_Source\PSoC5/BUTTON_TIMER.c **** 
 117:Generated_Source\PSoC5/BUTTON_TIMER.c ****     /* Set Initial values from Configuration */
 118:Generated_Source\PSoC5/BUTTON_TIMER.c ****     BUTTON_TIMER_WritePeriod(BUTTON_TIMER_INIT_PERIOD);
 119:Generated_Source\PSoC5/BUTTON_TIMER.c ****     BUTTON_TIMER_WriteCounter(BUTTON_TIMER_INIT_PERIOD);
 120:Generated_Source\PSoC5/BUTTON_TIMER.c **** 
 121:Generated_Source\PSoC5/BUTTON_TIMER.c ****     #if (BUTTON_TIMER_UsingHWCaptureCounter)/* Capture counter is enabled */
 122:Generated_Source\PSoC5/BUTTON_TIMER.c ****         BUTTON_TIMER_CAPTURE_COUNT_CTRL |= BUTTON_TIMER_CNTR_ENABLE;
 123:Generated_Source\PSoC5/BUTTON_TIMER.c ****         BUTTON_TIMER_SetCaptureCount(BUTTON_TIMER_INIT_CAPTURE_COUNT);
 124:Generated_Source\PSoC5/BUTTON_TIMER.c ****     #endif /* Configure capture counter value */
 125:Generated_Source\PSoC5/BUTTON_TIMER.c **** 
 126:Generated_Source\PSoC5/BUTTON_TIMER.c ****     #if (!BUTTON_TIMER_UsingFixedFunction)
 127:Generated_Source\PSoC5/BUTTON_TIMER.c ****         #if (BUTTON_TIMER_SoftwareCaptureMode)
 128:Generated_Source\PSoC5/BUTTON_TIMER.c ****             BUTTON_TIMER_SetCaptureMode(BUTTON_TIMER_INIT_CAPTURE_MODE);
 129:Generated_Source\PSoC5/BUTTON_TIMER.c ****         #endif /* Set Capture Mode for UDB implementation if capture mode is software controlled */
 130:Generated_Source\PSoC5/BUTTON_TIMER.c **** 
 131:Generated_Source\PSoC5/BUTTON_TIMER.c ****         #if (BUTTON_TIMER_SoftwareTriggerMode)
 132:Generated_Source\PSoC5/BUTTON_TIMER.c ****             #if (!BUTTON_TIMER_UDB_CONTROL_REG_REMOVED)
 133:Generated_Source\PSoC5/BUTTON_TIMER.c ****                 if (0u == (BUTTON_TIMER_CONTROL & BUTTON_TIMER__B_TIMER__TM_SOFTWARE))
 134:Generated_Source\PSoC5/BUTTON_TIMER.c ****                 {
 135:Generated_Source\PSoC5/BUTTON_TIMER.c ****                     BUTTON_TIMER_SetTriggerMode(BUTTON_TIMER_INIT_TRIGGER_MODE);
 136:Generated_Source\PSoC5/BUTTON_TIMER.c ****                 }
 137:Generated_Source\PSoC5/BUTTON_TIMER.c ****             #endif /* (!BUTTON_TIMER_UDB_CONTROL_REG_REMOVED) */
 138:Generated_Source\PSoC5/BUTTON_TIMER.c ****         #endif /* Set trigger mode for UDB Implementation if trigger mode is software controlled */
 139:Generated_Source\PSoC5/BUTTON_TIMER.c **** 
 140:Generated_Source\PSoC5/BUTTON_TIMER.c ****         /* CyEnterCriticalRegion and CyExitCriticalRegion are used to mark following region critica
 141:Generated_Source\PSoC5/BUTTON_TIMER.c ****         /* Enter Critical Region*/
 142:Generated_Source\PSoC5/BUTTON_TIMER.c ****         BUTTON_TIMER_interruptState = CyEnterCriticalSection();
 143:Generated_Source\PSoC5/BUTTON_TIMER.c **** 
 144:Generated_Source\PSoC5/BUTTON_TIMER.c ****         /* Use the interrupt output of the status register for IRQ output */
ARM GAS  C:\Users\Lory\AppData\Local\Temp\ccAWTQQM.s 			page 4


 145:Generated_Source\PSoC5/BUTTON_TIMER.c ****         BUTTON_TIMER_STATUS_AUX_CTRL |= BUTTON_TIMER_STATUS_ACTL_INT_EN_MASK;
 146:Generated_Source\PSoC5/BUTTON_TIMER.c **** 
 147:Generated_Source\PSoC5/BUTTON_TIMER.c ****         /* Exit Critical Region*/
 148:Generated_Source\PSoC5/BUTTON_TIMER.c ****         CyExitCriticalSection(BUTTON_TIMER_interruptState);
 149:Generated_Source\PSoC5/BUTTON_TIMER.c **** 
 150:Generated_Source\PSoC5/BUTTON_TIMER.c ****         #if (BUTTON_TIMER_EnableTriggerMode)
 151:Generated_Source\PSoC5/BUTTON_TIMER.c ****             BUTTON_TIMER_EnableTrigger();
 152:Generated_Source\PSoC5/BUTTON_TIMER.c ****         #endif /* Set Trigger enable bit for UDB implementation in the control register*/
 153:Generated_Source\PSoC5/BUTTON_TIMER.c **** 		
 154:Generated_Source\PSoC5/BUTTON_TIMER.c **** 		
 155:Generated_Source\PSoC5/BUTTON_TIMER.c ****         #if (BUTTON_TIMER_InterruptOnCaptureCount && !BUTTON_TIMER_UDB_CONTROL_REG_REMOVED)
 156:Generated_Source\PSoC5/BUTTON_TIMER.c ****             BUTTON_TIMER_SetInterruptCount(BUTTON_TIMER_INIT_INT_CAPTURE_COUNT);
 157:Generated_Source\PSoC5/BUTTON_TIMER.c ****         #endif /* Set interrupt count in UDB implementation if interrupt count feature is checked.*
 158:Generated_Source\PSoC5/BUTTON_TIMER.c **** 
 159:Generated_Source\PSoC5/BUTTON_TIMER.c ****         BUTTON_TIMER_ClearFIFO();
 160:Generated_Source\PSoC5/BUTTON_TIMER.c ****     #endif /* Configure additional features of UDB implementation */
 161:Generated_Source\PSoC5/BUTTON_TIMER.c **** 
 162:Generated_Source\PSoC5/BUTTON_TIMER.c ****     BUTTON_TIMER_SetInterruptMode(BUTTON_TIMER_INIT_INTERRUPT_MODE);
 163:Generated_Source\PSoC5/BUTTON_TIMER.c **** }
 164:Generated_Source\PSoC5/BUTTON_TIMER.c **** 
 165:Generated_Source\PSoC5/BUTTON_TIMER.c **** 
 166:Generated_Source\PSoC5/BUTTON_TIMER.c **** /*******************************************************************************
 167:Generated_Source\PSoC5/BUTTON_TIMER.c **** * Function Name: BUTTON_TIMER_Enable
 168:Generated_Source\PSoC5/BUTTON_TIMER.c **** ********************************************************************************
 169:Generated_Source\PSoC5/BUTTON_TIMER.c **** *
 170:Generated_Source\PSoC5/BUTTON_TIMER.c **** * Summary:
 171:Generated_Source\PSoC5/BUTTON_TIMER.c **** *  Enable the Timer
 172:Generated_Source\PSoC5/BUTTON_TIMER.c **** *
 173:Generated_Source\PSoC5/BUTTON_TIMER.c **** * Parameters:
 174:Generated_Source\PSoC5/BUTTON_TIMER.c **** *  void
 175:Generated_Source\PSoC5/BUTTON_TIMER.c **** *
 176:Generated_Source\PSoC5/BUTTON_TIMER.c **** * Return:
 177:Generated_Source\PSoC5/BUTTON_TIMER.c **** *  void
 178:Generated_Source\PSoC5/BUTTON_TIMER.c **** *
 179:Generated_Source\PSoC5/BUTTON_TIMER.c **** *******************************************************************************/
 180:Generated_Source\PSoC5/BUTTON_TIMER.c **** void BUTTON_TIMER_Enable(void) 
 181:Generated_Source\PSoC5/BUTTON_TIMER.c **** {
  28              		.loc 1 181 0
  29              		.cfi_startproc
  30              		@ args = 0, pretend = 0, frame = 0
  31              		@ frame_needed = 0, uses_anonymous_args = 0
  32              		@ link register save eliminated.
 182:Generated_Source\PSoC5/BUTTON_TIMER.c ****     /* Globally Enable the Fixed Function Block chosen */
 183:Generated_Source\PSoC5/BUTTON_TIMER.c ****     #if (BUTTON_TIMER_UsingFixedFunction)
 184:Generated_Source\PSoC5/BUTTON_TIMER.c ****         BUTTON_TIMER_GLOBAL_ENABLE |= BUTTON_TIMER_BLOCK_EN_MASK;
  33              		.loc 1 184 0
  34 0000 084A     		ldr	r2, .L2
  35 0002 1378     		ldrb	r3, [r2]	@ zero_extendqisi2
  36 0004 43F00103 		orr	r3, r3, #1
  37 0008 1370     		strb	r3, [r2]
 185:Generated_Source\PSoC5/BUTTON_TIMER.c ****         BUTTON_TIMER_GLOBAL_STBY_ENABLE |= BUTTON_TIMER_BLOCK_STBY_EN_MASK;
  38              		.loc 1 185 0
  39 000a 1032     		adds	r2, r2, #16
  40 000c 1378     		ldrb	r3, [r2]	@ zero_extendqisi2
  41 000e 43F00103 		orr	r3, r3, #1
  42 0012 1370     		strb	r3, [r2]
 186:Generated_Source\PSoC5/BUTTON_TIMER.c ****     #endif /* Set Enable bit for enabling Fixed function timer*/
ARM GAS  C:\Users\Lory\AppData\Local\Temp\ccAWTQQM.s 			page 5


 187:Generated_Source\PSoC5/BUTTON_TIMER.c **** 
 188:Generated_Source\PSoC5/BUTTON_TIMER.c ****     /* Remove assignment if control register is removed */
 189:Generated_Source\PSoC5/BUTTON_TIMER.c ****     #if (!BUTTON_TIMER_UDB_CONTROL_REG_REMOVED || BUTTON_TIMER_UsingFixedFunction)
 190:Generated_Source\PSoC5/BUTTON_TIMER.c ****         BUTTON_TIMER_CONTROL |= BUTTON_TIMER_CTRL_ENABLE;
  43              		.loc 1 190 0
  44 0014 02F64D32 		addw	r2, r2, #2893
  45 0018 1378     		ldrb	r3, [r2]	@ zero_extendqisi2
  46 001a 43F00103 		orr	r3, r3, #1
  47 001e 1370     		strb	r3, [r2]
  48 0020 7047     		bx	lr
  49              	.L3:
  50 0022 00BF     		.align	2
  51              	.L2:
  52 0024 A3430040 		.word	1073759139
  53              		.cfi_endproc
  54              	.LFE1:
  55              		.size	BUTTON_TIMER_Enable, .-BUTTON_TIMER_Enable
  56              		.section	.text.BUTTON_TIMER_Stop,"ax",%progbits
  57              		.align	2
  58              		.global	BUTTON_TIMER_Stop
  59              		.thumb
  60              		.thumb_func
  61              		.type	BUTTON_TIMER_Stop, %function
  62              	BUTTON_TIMER_Stop:
  63              	.LFB3:
 191:Generated_Source\PSoC5/BUTTON_TIMER.c ****     #endif /* Remove assignment if control register is removed */
 192:Generated_Source\PSoC5/BUTTON_TIMER.c **** }
 193:Generated_Source\PSoC5/BUTTON_TIMER.c **** 
 194:Generated_Source\PSoC5/BUTTON_TIMER.c **** 
 195:Generated_Source\PSoC5/BUTTON_TIMER.c **** /*******************************************************************************
 196:Generated_Source\PSoC5/BUTTON_TIMER.c **** * Function Name: BUTTON_TIMER_Start
 197:Generated_Source\PSoC5/BUTTON_TIMER.c **** ********************************************************************************
 198:Generated_Source\PSoC5/BUTTON_TIMER.c **** *
 199:Generated_Source\PSoC5/BUTTON_TIMER.c **** * Summary:
 200:Generated_Source\PSoC5/BUTTON_TIMER.c **** *  The start function initializes the timer with the default values, the
 201:Generated_Source\PSoC5/BUTTON_TIMER.c **** *  enables the timerto begin counting.  It does not enable interrupts,
 202:Generated_Source\PSoC5/BUTTON_TIMER.c **** *  the EnableInt command should be called if interrupt generation is required.
 203:Generated_Source\PSoC5/BUTTON_TIMER.c **** *
 204:Generated_Source\PSoC5/BUTTON_TIMER.c **** * Parameters:
 205:Generated_Source\PSoC5/BUTTON_TIMER.c **** *  void
 206:Generated_Source\PSoC5/BUTTON_TIMER.c **** *
 207:Generated_Source\PSoC5/BUTTON_TIMER.c **** * Return:
 208:Generated_Source\PSoC5/BUTTON_TIMER.c **** *  void
 209:Generated_Source\PSoC5/BUTTON_TIMER.c **** *
 210:Generated_Source\PSoC5/BUTTON_TIMER.c **** * Global variables:
 211:Generated_Source\PSoC5/BUTTON_TIMER.c **** *  BUTTON_TIMER_initVar: Is modified when this function is called for the
 212:Generated_Source\PSoC5/BUTTON_TIMER.c **** *   first time. Is used to ensure that initialization happens only once.
 213:Generated_Source\PSoC5/BUTTON_TIMER.c **** *
 214:Generated_Source\PSoC5/BUTTON_TIMER.c **** *******************************************************************************/
 215:Generated_Source\PSoC5/BUTTON_TIMER.c **** void BUTTON_TIMER_Start(void) 
 216:Generated_Source\PSoC5/BUTTON_TIMER.c **** {
 217:Generated_Source\PSoC5/BUTTON_TIMER.c ****     if(BUTTON_TIMER_initVar == 0u)
 218:Generated_Source\PSoC5/BUTTON_TIMER.c ****     {
 219:Generated_Source\PSoC5/BUTTON_TIMER.c ****         BUTTON_TIMER_Init();
 220:Generated_Source\PSoC5/BUTTON_TIMER.c **** 
 221:Generated_Source\PSoC5/BUTTON_TIMER.c ****         BUTTON_TIMER_initVar = 1u;   /* Clear this bit for Initialization */
 222:Generated_Source\PSoC5/BUTTON_TIMER.c ****     }
ARM GAS  C:\Users\Lory\AppData\Local\Temp\ccAWTQQM.s 			page 6


 223:Generated_Source\PSoC5/BUTTON_TIMER.c **** 
 224:Generated_Source\PSoC5/BUTTON_TIMER.c ****     /* Enable the Timer */
 225:Generated_Source\PSoC5/BUTTON_TIMER.c ****     BUTTON_TIMER_Enable();
 226:Generated_Source\PSoC5/BUTTON_TIMER.c **** }
 227:Generated_Source\PSoC5/BUTTON_TIMER.c **** 
 228:Generated_Source\PSoC5/BUTTON_TIMER.c **** 
 229:Generated_Source\PSoC5/BUTTON_TIMER.c **** /*******************************************************************************
 230:Generated_Source\PSoC5/BUTTON_TIMER.c **** * Function Name: BUTTON_TIMER_Stop
 231:Generated_Source\PSoC5/BUTTON_TIMER.c **** ********************************************************************************
 232:Generated_Source\PSoC5/BUTTON_TIMER.c **** *
 233:Generated_Source\PSoC5/BUTTON_TIMER.c **** * Summary:
 234:Generated_Source\PSoC5/BUTTON_TIMER.c **** *  The stop function halts the timer, but does not change any modes or disable
 235:Generated_Source\PSoC5/BUTTON_TIMER.c **** *  interrupts.
 236:Generated_Source\PSoC5/BUTTON_TIMER.c **** *
 237:Generated_Source\PSoC5/BUTTON_TIMER.c **** * Parameters:
 238:Generated_Source\PSoC5/BUTTON_TIMER.c **** *  void
 239:Generated_Source\PSoC5/BUTTON_TIMER.c **** *
 240:Generated_Source\PSoC5/BUTTON_TIMER.c **** * Return:
 241:Generated_Source\PSoC5/BUTTON_TIMER.c **** *  void
 242:Generated_Source\PSoC5/BUTTON_TIMER.c **** *
 243:Generated_Source\PSoC5/BUTTON_TIMER.c **** * Side Effects: If the Enable mode is set to Hardware only then this function
 244:Generated_Source\PSoC5/BUTTON_TIMER.c **** *               has no effect on the operation of the timer.
 245:Generated_Source\PSoC5/BUTTON_TIMER.c **** *
 246:Generated_Source\PSoC5/BUTTON_TIMER.c **** *******************************************************************************/
 247:Generated_Source\PSoC5/BUTTON_TIMER.c **** void BUTTON_TIMER_Stop(void) 
 248:Generated_Source\PSoC5/BUTTON_TIMER.c **** {
  64              		.loc 1 248 0
  65              		.cfi_startproc
  66              		@ args = 0, pretend = 0, frame = 0
  67              		@ frame_needed = 0, uses_anonymous_args = 0
  68              		@ link register save eliminated.
 249:Generated_Source\PSoC5/BUTTON_TIMER.c ****     /* Disable Timer */
 250:Generated_Source\PSoC5/BUTTON_TIMER.c ****     #if(!BUTTON_TIMER_UDB_CONTROL_REG_REMOVED || BUTTON_TIMER_UsingFixedFunction)
 251:Generated_Source\PSoC5/BUTTON_TIMER.c ****         BUTTON_TIMER_CONTROL &= ((uint8)(~BUTTON_TIMER_CTRL_ENABLE));
  69              		.loc 1 251 0
  70 0000 084A     		ldr	r2, .L5
  71 0002 1378     		ldrb	r3, [r2]	@ zero_extendqisi2
  72 0004 03F0FE03 		and	r3, r3, #254
  73 0008 1370     		strb	r3, [r2]
 252:Generated_Source\PSoC5/BUTTON_TIMER.c ****     #endif /* Remove assignment if control register is removed */
 253:Generated_Source\PSoC5/BUTTON_TIMER.c **** 
 254:Generated_Source\PSoC5/BUTTON_TIMER.c ****     /* Globally disable the Fixed Function Block chosen */
 255:Generated_Source\PSoC5/BUTTON_TIMER.c ****     #if (BUTTON_TIMER_UsingFixedFunction)
 256:Generated_Source\PSoC5/BUTTON_TIMER.c ****         BUTTON_TIMER_GLOBAL_ENABLE &= ((uint8)(~BUTTON_TIMER_BLOCK_EN_MASK));
  74              		.loc 1 256 0
  75 000a A2F65D32 		subw	r2, r2, #2909
  76 000e 1378     		ldrb	r3, [r2]	@ zero_extendqisi2
  77 0010 03F0FE03 		and	r3, r3, #254
  78 0014 1370     		strb	r3, [r2]
 257:Generated_Source\PSoC5/BUTTON_TIMER.c ****         BUTTON_TIMER_GLOBAL_STBY_ENABLE &= ((uint8)(~BUTTON_TIMER_BLOCK_STBY_EN_MASK));
  79              		.loc 1 257 0
  80 0016 1032     		adds	r2, r2, #16
  81 0018 1378     		ldrb	r3, [r2]	@ zero_extendqisi2
  82 001a 03F0FE03 		and	r3, r3, #254
  83 001e 1370     		strb	r3, [r2]
  84 0020 7047     		bx	lr
  85              	.L6:
ARM GAS  C:\Users\Lory\AppData\Local\Temp\ccAWTQQM.s 			page 7


  86 0022 00BF     		.align	2
  87              	.L5:
  88 0024 004F0040 		.word	1073762048
  89              		.cfi_endproc
  90              	.LFE3:
  91              		.size	BUTTON_TIMER_Stop, .-BUTTON_TIMER_Stop
  92              		.section	.text.BUTTON_TIMER_SetInterruptMode,"ax",%progbits
  93              		.align	2
  94              		.global	BUTTON_TIMER_SetInterruptMode
  95              		.thumb
  96              		.thumb_func
  97              		.type	BUTTON_TIMER_SetInterruptMode, %function
  98              	BUTTON_TIMER_SetInterruptMode:
  99              	.LFB4:
 258:Generated_Source\PSoC5/BUTTON_TIMER.c ****     #endif /* Disable global enable for the Timer Fixed function block to stop the Timer*/
 259:Generated_Source\PSoC5/BUTTON_TIMER.c **** }
 260:Generated_Source\PSoC5/BUTTON_TIMER.c **** 
 261:Generated_Source\PSoC5/BUTTON_TIMER.c **** 
 262:Generated_Source\PSoC5/BUTTON_TIMER.c **** /*******************************************************************************
 263:Generated_Source\PSoC5/BUTTON_TIMER.c **** * Function Name: BUTTON_TIMER_SetInterruptMode
 264:Generated_Source\PSoC5/BUTTON_TIMER.c **** ********************************************************************************
 265:Generated_Source\PSoC5/BUTTON_TIMER.c **** *
 266:Generated_Source\PSoC5/BUTTON_TIMER.c **** * Summary:
 267:Generated_Source\PSoC5/BUTTON_TIMER.c **** *  This function selects which of the interrupt inputs may cause an interrupt.
 268:Generated_Source\PSoC5/BUTTON_TIMER.c **** *  The twosources are caputure and terminal.  One, both or neither may
 269:Generated_Source\PSoC5/BUTTON_TIMER.c **** *  be selected.
 270:Generated_Source\PSoC5/BUTTON_TIMER.c **** *
 271:Generated_Source\PSoC5/BUTTON_TIMER.c **** * Parameters:
 272:Generated_Source\PSoC5/BUTTON_TIMER.c **** *  interruptMode:   This parameter is used to enable interrups on either/or
 273:Generated_Source\PSoC5/BUTTON_TIMER.c **** *                   terminal count or capture.
 274:Generated_Source\PSoC5/BUTTON_TIMER.c **** *
 275:Generated_Source\PSoC5/BUTTON_TIMER.c **** * Return:
 276:Generated_Source\PSoC5/BUTTON_TIMER.c **** *  void
 277:Generated_Source\PSoC5/BUTTON_TIMER.c **** *
 278:Generated_Source\PSoC5/BUTTON_TIMER.c **** *******************************************************************************/
 279:Generated_Source\PSoC5/BUTTON_TIMER.c **** void BUTTON_TIMER_SetInterruptMode(uint8 interruptMode) 
 280:Generated_Source\PSoC5/BUTTON_TIMER.c **** {
 100              		.loc 1 280 0
 101              		.cfi_startproc
 102              		@ args = 0, pretend = 0, frame = 0
 103              		@ frame_needed = 0, uses_anonymous_args = 0
 104              		@ link register save eliminated.
 105              	.LVL0:
 281:Generated_Source\PSoC5/BUTTON_TIMER.c ****     BUTTON_TIMER_STATUS_MASK = interruptMode;
 106              		.loc 1 281 0
 107 0000 014B     		ldr	r3, .L8
 108 0002 1870     		strb	r0, [r3]
 109 0004 7047     		bx	lr
 110              	.L9:
 111 0006 00BF     		.align	2
 112              	.L8:
 113 0008 034F0040 		.word	1073762051
 114              		.cfi_endproc
 115              	.LFE4:
 116              		.size	BUTTON_TIMER_SetInterruptMode, .-BUTTON_TIMER_SetInterruptMode
 117              		.section	.text.BUTTON_TIMER_SoftwareCapture,"ax",%progbits
 118              		.align	2
ARM GAS  C:\Users\Lory\AppData\Local\Temp\ccAWTQQM.s 			page 8


 119              		.global	BUTTON_TIMER_SoftwareCapture
 120              		.thumb
 121              		.thumb_func
 122              		.type	BUTTON_TIMER_SoftwareCapture, %function
 123              	BUTTON_TIMER_SoftwareCapture:
 124              	.LFB5:
 282:Generated_Source\PSoC5/BUTTON_TIMER.c **** }
 283:Generated_Source\PSoC5/BUTTON_TIMER.c **** 
 284:Generated_Source\PSoC5/BUTTON_TIMER.c **** 
 285:Generated_Source\PSoC5/BUTTON_TIMER.c **** /*******************************************************************************
 286:Generated_Source\PSoC5/BUTTON_TIMER.c **** * Function Name: BUTTON_TIMER_SoftwareCapture
 287:Generated_Source\PSoC5/BUTTON_TIMER.c **** ********************************************************************************
 288:Generated_Source\PSoC5/BUTTON_TIMER.c **** *
 289:Generated_Source\PSoC5/BUTTON_TIMER.c **** * Summary:
 290:Generated_Source\PSoC5/BUTTON_TIMER.c **** *  This function forces a capture independent of the capture signal.
 291:Generated_Source\PSoC5/BUTTON_TIMER.c **** *
 292:Generated_Source\PSoC5/BUTTON_TIMER.c **** * Parameters:
 293:Generated_Source\PSoC5/BUTTON_TIMER.c **** *  void
 294:Generated_Source\PSoC5/BUTTON_TIMER.c **** *
 295:Generated_Source\PSoC5/BUTTON_TIMER.c **** * Return:
 296:Generated_Source\PSoC5/BUTTON_TIMER.c **** *  void
 297:Generated_Source\PSoC5/BUTTON_TIMER.c **** *
 298:Generated_Source\PSoC5/BUTTON_TIMER.c **** * Side Effects:
 299:Generated_Source\PSoC5/BUTTON_TIMER.c **** *  An existing hardware capture could be overwritten.
 300:Generated_Source\PSoC5/BUTTON_TIMER.c **** *
 301:Generated_Source\PSoC5/BUTTON_TIMER.c **** *******************************************************************************/
 302:Generated_Source\PSoC5/BUTTON_TIMER.c **** void BUTTON_TIMER_SoftwareCapture(void) 
 303:Generated_Source\PSoC5/BUTTON_TIMER.c **** {
 125              		.loc 1 303 0
 126              		.cfi_startproc
 127              		@ args = 0, pretend = 0, frame = 0
 128              		@ frame_needed = 0, uses_anonymous_args = 0
 129              		@ link register save eliminated.
 304:Generated_Source\PSoC5/BUTTON_TIMER.c ****     /* Generate a software capture by reading the counter register */
 305:Generated_Source\PSoC5/BUTTON_TIMER.c ****     #if(BUTTON_TIMER_UsingFixedFunction)
 306:Generated_Source\PSoC5/BUTTON_TIMER.c ****         (void)CY_GET_REG16(BUTTON_TIMER_COUNTER_LSB_PTR);
 130              		.loc 1 306 0
 131 0000 014B     		ldr	r3, .L11
 132 0002 1B88     		ldrh	r3, [r3]
 133 0004 7047     		bx	lr
 134              	.L12:
 135 0006 00BF     		.align	2
 136              	.L11:
 137 0008 064F0040 		.word	1073762054
 138              		.cfi_endproc
 139              	.LFE5:
 140              		.size	BUTTON_TIMER_SoftwareCapture, .-BUTTON_TIMER_SoftwareCapture
 141              		.section	.text.BUTTON_TIMER_ReadStatusRegister,"ax",%progbits
 142              		.align	2
 143              		.global	BUTTON_TIMER_ReadStatusRegister
 144              		.thumb
 145              		.thumb_func
 146              		.type	BUTTON_TIMER_ReadStatusRegister, %function
 147              	BUTTON_TIMER_ReadStatusRegister:
 148              	.LFB6:
 307:Generated_Source\PSoC5/BUTTON_TIMER.c ****     #else
 308:Generated_Source\PSoC5/BUTTON_TIMER.c ****         (void)CY_GET_REG8(BUTTON_TIMER_COUNTER_LSB_PTR_8BIT);
ARM GAS  C:\Users\Lory\AppData\Local\Temp\ccAWTQQM.s 			page 9


 309:Generated_Source\PSoC5/BUTTON_TIMER.c ****     #endif/* (BUTTON_TIMER_UsingFixedFunction) */
 310:Generated_Source\PSoC5/BUTTON_TIMER.c ****     /* Capture Data is now in the FIFO */
 311:Generated_Source\PSoC5/BUTTON_TIMER.c **** }
 312:Generated_Source\PSoC5/BUTTON_TIMER.c **** 
 313:Generated_Source\PSoC5/BUTTON_TIMER.c **** 
 314:Generated_Source\PSoC5/BUTTON_TIMER.c **** /*******************************************************************************
 315:Generated_Source\PSoC5/BUTTON_TIMER.c **** * Function Name: BUTTON_TIMER_ReadStatusRegister
 316:Generated_Source\PSoC5/BUTTON_TIMER.c **** ********************************************************************************
 317:Generated_Source\PSoC5/BUTTON_TIMER.c **** *
 318:Generated_Source\PSoC5/BUTTON_TIMER.c **** * Summary:
 319:Generated_Source\PSoC5/BUTTON_TIMER.c **** *  Reads the status register and returns it's state. This function should use
 320:Generated_Source\PSoC5/BUTTON_TIMER.c **** *  defined types for the bit-field information as the bits in this register may
 321:Generated_Source\PSoC5/BUTTON_TIMER.c **** *  be permuteable.
 322:Generated_Source\PSoC5/BUTTON_TIMER.c **** *
 323:Generated_Source\PSoC5/BUTTON_TIMER.c **** * Parameters:
 324:Generated_Source\PSoC5/BUTTON_TIMER.c **** *  void
 325:Generated_Source\PSoC5/BUTTON_TIMER.c **** *
 326:Generated_Source\PSoC5/BUTTON_TIMER.c **** * Return:
 327:Generated_Source\PSoC5/BUTTON_TIMER.c **** *  The contents of the status register
 328:Generated_Source\PSoC5/BUTTON_TIMER.c **** *
 329:Generated_Source\PSoC5/BUTTON_TIMER.c **** * Side Effects:
 330:Generated_Source\PSoC5/BUTTON_TIMER.c **** *  Status register bits may be clear on read.
 331:Generated_Source\PSoC5/BUTTON_TIMER.c **** *
 332:Generated_Source\PSoC5/BUTTON_TIMER.c **** *******************************************************************************/
 333:Generated_Source\PSoC5/BUTTON_TIMER.c **** uint8   BUTTON_TIMER_ReadStatusRegister(void) 
 334:Generated_Source\PSoC5/BUTTON_TIMER.c **** {
 149              		.loc 1 334 0
 150              		.cfi_startproc
 151              		@ args = 0, pretend = 0, frame = 0
 152              		@ frame_needed = 0, uses_anonymous_args = 0
 153              		@ link register save eliminated.
 335:Generated_Source\PSoC5/BUTTON_TIMER.c ****     return (BUTTON_TIMER_STATUS);
 154              		.loc 1 335 0
 155 0000 014B     		ldr	r3, .L14
 156 0002 1878     		ldrb	r0, [r3]	@ zero_extendqisi2
 336:Generated_Source\PSoC5/BUTTON_TIMER.c **** }
 157              		.loc 1 336 0
 158 0004 7047     		bx	lr
 159              	.L15:
 160 0006 00BF     		.align	2
 161              	.L14:
 162 0008 034F0040 		.word	1073762051
 163              		.cfi_endproc
 164              	.LFE6:
 165              		.size	BUTTON_TIMER_ReadStatusRegister, .-BUTTON_TIMER_ReadStatusRegister
 166              		.section	.text.BUTTON_TIMER_ReadControlRegister,"ax",%progbits
 167              		.align	2
 168              		.global	BUTTON_TIMER_ReadControlRegister
 169              		.thumb
 170              		.thumb_func
 171              		.type	BUTTON_TIMER_ReadControlRegister, %function
 172              	BUTTON_TIMER_ReadControlRegister:
 173              	.LFB7:
 337:Generated_Source\PSoC5/BUTTON_TIMER.c **** 
 338:Generated_Source\PSoC5/BUTTON_TIMER.c **** 
 339:Generated_Source\PSoC5/BUTTON_TIMER.c **** #if (!BUTTON_TIMER_UDB_CONTROL_REG_REMOVED) /* Remove API if control register is unused */
 340:Generated_Source\PSoC5/BUTTON_TIMER.c **** 
ARM GAS  C:\Users\Lory\AppData\Local\Temp\ccAWTQQM.s 			page 10


 341:Generated_Source\PSoC5/BUTTON_TIMER.c **** 
 342:Generated_Source\PSoC5/BUTTON_TIMER.c **** /*******************************************************************************
 343:Generated_Source\PSoC5/BUTTON_TIMER.c **** * Function Name: BUTTON_TIMER_ReadControlRegister
 344:Generated_Source\PSoC5/BUTTON_TIMER.c **** ********************************************************************************
 345:Generated_Source\PSoC5/BUTTON_TIMER.c **** *
 346:Generated_Source\PSoC5/BUTTON_TIMER.c **** * Summary:
 347:Generated_Source\PSoC5/BUTTON_TIMER.c **** *  Reads the control register and returns it's value.
 348:Generated_Source\PSoC5/BUTTON_TIMER.c **** *
 349:Generated_Source\PSoC5/BUTTON_TIMER.c **** * Parameters:
 350:Generated_Source\PSoC5/BUTTON_TIMER.c **** *  void
 351:Generated_Source\PSoC5/BUTTON_TIMER.c **** *
 352:Generated_Source\PSoC5/BUTTON_TIMER.c **** * Return:
 353:Generated_Source\PSoC5/BUTTON_TIMER.c **** *  The contents of the control register
 354:Generated_Source\PSoC5/BUTTON_TIMER.c **** *
 355:Generated_Source\PSoC5/BUTTON_TIMER.c **** *******************************************************************************/
 356:Generated_Source\PSoC5/BUTTON_TIMER.c **** uint8 BUTTON_TIMER_ReadControlRegister(void) 
 357:Generated_Source\PSoC5/BUTTON_TIMER.c **** {
 174              		.loc 1 357 0
 175              		.cfi_startproc
 176              		@ args = 0, pretend = 0, frame = 0
 177              		@ frame_needed = 0, uses_anonymous_args = 0
 178              		@ link register save eliminated.
 358:Generated_Source\PSoC5/BUTTON_TIMER.c ****     #if (!BUTTON_TIMER_UDB_CONTROL_REG_REMOVED) 
 359:Generated_Source\PSoC5/BUTTON_TIMER.c ****         return ((uint8)BUTTON_TIMER_CONTROL);
 179              		.loc 1 359 0
 180 0000 014B     		ldr	r3, .L17
 181 0002 1878     		ldrb	r0, [r3]	@ zero_extendqisi2
 360:Generated_Source\PSoC5/BUTTON_TIMER.c ****     #else
 361:Generated_Source\PSoC5/BUTTON_TIMER.c ****         return (0);
 362:Generated_Source\PSoC5/BUTTON_TIMER.c ****     #endif /* (!BUTTON_TIMER_UDB_CONTROL_REG_REMOVED) */
 363:Generated_Source\PSoC5/BUTTON_TIMER.c **** }
 182              		.loc 1 363 0
 183 0004 7047     		bx	lr
 184              	.L18:
 185 0006 00BF     		.align	2
 186              	.L17:
 187 0008 004F0040 		.word	1073762048
 188              		.cfi_endproc
 189              	.LFE7:
 190              		.size	BUTTON_TIMER_ReadControlRegister, .-BUTTON_TIMER_ReadControlRegister
 191              		.section	.text.BUTTON_TIMER_WriteControlRegister,"ax",%progbits
 192              		.align	2
 193              		.global	BUTTON_TIMER_WriteControlRegister
 194              		.thumb
 195              		.thumb_func
 196              		.type	BUTTON_TIMER_WriteControlRegister, %function
 197              	BUTTON_TIMER_WriteControlRegister:
 198              	.LFB8:
 364:Generated_Source\PSoC5/BUTTON_TIMER.c **** 
 365:Generated_Source\PSoC5/BUTTON_TIMER.c **** 
 366:Generated_Source\PSoC5/BUTTON_TIMER.c **** /*******************************************************************************
 367:Generated_Source\PSoC5/BUTTON_TIMER.c **** * Function Name: BUTTON_TIMER_WriteControlRegister
 368:Generated_Source\PSoC5/BUTTON_TIMER.c **** ********************************************************************************
 369:Generated_Source\PSoC5/BUTTON_TIMER.c **** *
 370:Generated_Source\PSoC5/BUTTON_TIMER.c **** * Summary:
 371:Generated_Source\PSoC5/BUTTON_TIMER.c **** *  Sets the bit-field of the control register.
 372:Generated_Source\PSoC5/BUTTON_TIMER.c **** *
ARM GAS  C:\Users\Lory\AppData\Local\Temp\ccAWTQQM.s 			page 11


 373:Generated_Source\PSoC5/BUTTON_TIMER.c **** * Parameters:
 374:Generated_Source\PSoC5/BUTTON_TIMER.c **** *  control: The contents of the control register
 375:Generated_Source\PSoC5/BUTTON_TIMER.c **** *
 376:Generated_Source\PSoC5/BUTTON_TIMER.c **** * Return:
 377:Generated_Source\PSoC5/BUTTON_TIMER.c **** *
 378:Generated_Source\PSoC5/BUTTON_TIMER.c **** *******************************************************************************/
 379:Generated_Source\PSoC5/BUTTON_TIMER.c **** void BUTTON_TIMER_WriteControlRegister(uint8 control) 
 380:Generated_Source\PSoC5/BUTTON_TIMER.c **** {
 199              		.loc 1 380 0
 200              		.cfi_startproc
 201              		@ args = 0, pretend = 0, frame = 0
 202              		@ frame_needed = 0, uses_anonymous_args = 0
 203              		@ link register save eliminated.
 204              	.LVL1:
 381:Generated_Source\PSoC5/BUTTON_TIMER.c ****     #if (!BUTTON_TIMER_UDB_CONTROL_REG_REMOVED) 
 382:Generated_Source\PSoC5/BUTTON_TIMER.c ****         BUTTON_TIMER_CONTROL = control;
 205              		.loc 1 382 0
 206 0000 014B     		ldr	r3, .L20
 207 0002 1870     		strb	r0, [r3]
 208 0004 7047     		bx	lr
 209              	.L21:
 210 0006 00BF     		.align	2
 211              	.L20:
 212 0008 004F0040 		.word	1073762048
 213              		.cfi_endproc
 214              	.LFE8:
 215              		.size	BUTTON_TIMER_WriteControlRegister, .-BUTTON_TIMER_WriteControlRegister
 216              		.section	.text.BUTTON_TIMER_ReadPeriod,"ax",%progbits
 217              		.align	2
 218              		.global	BUTTON_TIMER_ReadPeriod
 219              		.thumb
 220              		.thumb_func
 221              		.type	BUTTON_TIMER_ReadPeriod, %function
 222              	BUTTON_TIMER_ReadPeriod:
 223              	.LFB9:
 383:Generated_Source\PSoC5/BUTTON_TIMER.c ****     #else
 384:Generated_Source\PSoC5/BUTTON_TIMER.c ****         control = 0u;
 385:Generated_Source\PSoC5/BUTTON_TIMER.c ****     #endif /* (!BUTTON_TIMER_UDB_CONTROL_REG_REMOVED) */
 386:Generated_Source\PSoC5/BUTTON_TIMER.c **** }
 387:Generated_Source\PSoC5/BUTTON_TIMER.c **** 
 388:Generated_Source\PSoC5/BUTTON_TIMER.c **** #endif /* Remove API if control register is unused */
 389:Generated_Source\PSoC5/BUTTON_TIMER.c **** 
 390:Generated_Source\PSoC5/BUTTON_TIMER.c **** 
 391:Generated_Source\PSoC5/BUTTON_TIMER.c **** /*******************************************************************************
 392:Generated_Source\PSoC5/BUTTON_TIMER.c **** * Function Name: BUTTON_TIMER_ReadPeriod
 393:Generated_Source\PSoC5/BUTTON_TIMER.c **** ********************************************************************************
 394:Generated_Source\PSoC5/BUTTON_TIMER.c **** *
 395:Generated_Source\PSoC5/BUTTON_TIMER.c **** * Summary:
 396:Generated_Source\PSoC5/BUTTON_TIMER.c **** *  This function returns the current value of the Period.
 397:Generated_Source\PSoC5/BUTTON_TIMER.c **** *
 398:Generated_Source\PSoC5/BUTTON_TIMER.c **** * Parameters:
 399:Generated_Source\PSoC5/BUTTON_TIMER.c **** *  void
 400:Generated_Source\PSoC5/BUTTON_TIMER.c **** *
 401:Generated_Source\PSoC5/BUTTON_TIMER.c **** * Return:
 402:Generated_Source\PSoC5/BUTTON_TIMER.c **** *  The present value of the counter.
 403:Generated_Source\PSoC5/BUTTON_TIMER.c **** *
 404:Generated_Source\PSoC5/BUTTON_TIMER.c **** *******************************************************************************/
ARM GAS  C:\Users\Lory\AppData\Local\Temp\ccAWTQQM.s 			page 12


 405:Generated_Source\PSoC5/BUTTON_TIMER.c **** uint8 BUTTON_TIMER_ReadPeriod(void) 
 406:Generated_Source\PSoC5/BUTTON_TIMER.c **** {
 224              		.loc 1 406 0
 225              		.cfi_startproc
 226              		@ args = 0, pretend = 0, frame = 0
 227              		@ frame_needed = 0, uses_anonymous_args = 0
 228              		@ link register save eliminated.
 407:Generated_Source\PSoC5/BUTTON_TIMER.c ****    #if(BUTTON_TIMER_UsingFixedFunction)
 408:Generated_Source\PSoC5/BUTTON_TIMER.c ****        return ((uint8)CY_GET_REG16(BUTTON_TIMER_PERIOD_LSB_PTR));
 229              		.loc 1 408 0
 230 0000 014B     		ldr	r3, .L23
 231 0002 1888     		ldrh	r0, [r3]
 409:Generated_Source\PSoC5/BUTTON_TIMER.c ****    #else
 410:Generated_Source\PSoC5/BUTTON_TIMER.c ****        return (CY_GET_REG8(BUTTON_TIMER_PERIOD_LSB_PTR));
 411:Generated_Source\PSoC5/BUTTON_TIMER.c ****    #endif /* (BUTTON_TIMER_UsingFixedFunction) */
 412:Generated_Source\PSoC5/BUTTON_TIMER.c **** }
 232              		.loc 1 412 0
 233 0004 C0B2     		uxtb	r0, r0
 234 0006 7047     		bx	lr
 235              	.L24:
 236              		.align	2
 237              	.L23:
 238 0008 044F0040 		.word	1073762052
 239              		.cfi_endproc
 240              	.LFE9:
 241              		.size	BUTTON_TIMER_ReadPeriod, .-BUTTON_TIMER_ReadPeriod
 242              		.section	.text.BUTTON_TIMER_WritePeriod,"ax",%progbits
 243              		.align	2
 244              		.global	BUTTON_TIMER_WritePeriod
 245              		.thumb
 246              		.thumb_func
 247              		.type	BUTTON_TIMER_WritePeriod, %function
 248              	BUTTON_TIMER_WritePeriod:
 249              	.LFB10:
 413:Generated_Source\PSoC5/BUTTON_TIMER.c **** 
 414:Generated_Source\PSoC5/BUTTON_TIMER.c **** 
 415:Generated_Source\PSoC5/BUTTON_TIMER.c **** /*******************************************************************************
 416:Generated_Source\PSoC5/BUTTON_TIMER.c **** * Function Name: BUTTON_TIMER_WritePeriod
 417:Generated_Source\PSoC5/BUTTON_TIMER.c **** ********************************************************************************
 418:Generated_Source\PSoC5/BUTTON_TIMER.c **** *
 419:Generated_Source\PSoC5/BUTTON_TIMER.c **** * Summary:
 420:Generated_Source\PSoC5/BUTTON_TIMER.c **** *  This function is used to change the period of the counter.  The new period
 421:Generated_Source\PSoC5/BUTTON_TIMER.c **** *  will be loaded the next time terminal count is detected.
 422:Generated_Source\PSoC5/BUTTON_TIMER.c **** *
 423:Generated_Source\PSoC5/BUTTON_TIMER.c **** * Parameters:
 424:Generated_Source\PSoC5/BUTTON_TIMER.c **** *  period: This value may be between 1 and (2^Resolution)-1.  A value of 0 will
 425:Generated_Source\PSoC5/BUTTON_TIMER.c **** *          result in the counter remaining at zero.
 426:Generated_Source\PSoC5/BUTTON_TIMER.c **** *
 427:Generated_Source\PSoC5/BUTTON_TIMER.c **** * Return:
 428:Generated_Source\PSoC5/BUTTON_TIMER.c **** *  void
 429:Generated_Source\PSoC5/BUTTON_TIMER.c **** *
 430:Generated_Source\PSoC5/BUTTON_TIMER.c **** *******************************************************************************/
 431:Generated_Source\PSoC5/BUTTON_TIMER.c **** void BUTTON_TIMER_WritePeriod(uint8 period) 
 432:Generated_Source\PSoC5/BUTTON_TIMER.c **** {
 250              		.loc 1 432 0
 251              		.cfi_startproc
 252              		@ args = 0, pretend = 0, frame = 0
ARM GAS  C:\Users\Lory\AppData\Local\Temp\ccAWTQQM.s 			page 13


 253              		@ frame_needed = 0, uses_anonymous_args = 0
 254              		@ link register save eliminated.
 255              	.LVL2:
 433:Generated_Source\PSoC5/BUTTON_TIMER.c ****     #if(BUTTON_TIMER_UsingFixedFunction)
 434:Generated_Source\PSoC5/BUTTON_TIMER.c ****         uint16 period_temp = (uint16)period;
 435:Generated_Source\PSoC5/BUTTON_TIMER.c ****         CY_SET_REG16(BUTTON_TIMER_PERIOD_LSB_PTR, period_temp);
 256              		.loc 1 435 0
 257 0000 014B     		ldr	r3, .L26
 258 0002 1880     		strh	r0, [r3]	@ movhi
 259 0004 7047     		bx	lr
 260              	.L27:
 261 0006 00BF     		.align	2
 262              	.L26:
 263 0008 044F0040 		.word	1073762052
 264              		.cfi_endproc
 265              	.LFE10:
 266              		.size	BUTTON_TIMER_WritePeriod, .-BUTTON_TIMER_WritePeriod
 267              		.section	.text.BUTTON_TIMER_ReadCapture,"ax",%progbits
 268              		.align	2
 269              		.global	BUTTON_TIMER_ReadCapture
 270              		.thumb
 271              		.thumb_func
 272              		.type	BUTTON_TIMER_ReadCapture, %function
 273              	BUTTON_TIMER_ReadCapture:
 274              	.LFB11:
 436:Generated_Source\PSoC5/BUTTON_TIMER.c ****     #else
 437:Generated_Source\PSoC5/BUTTON_TIMER.c ****         CY_SET_REG8(BUTTON_TIMER_PERIOD_LSB_PTR, period);
 438:Generated_Source\PSoC5/BUTTON_TIMER.c ****     #endif /*Write Period value with appropriate resolution suffix depending on UDB or fixed functi
 439:Generated_Source\PSoC5/BUTTON_TIMER.c **** }
 440:Generated_Source\PSoC5/BUTTON_TIMER.c **** 
 441:Generated_Source\PSoC5/BUTTON_TIMER.c **** 
 442:Generated_Source\PSoC5/BUTTON_TIMER.c **** /*******************************************************************************
 443:Generated_Source\PSoC5/BUTTON_TIMER.c **** * Function Name: BUTTON_TIMER_ReadCapture
 444:Generated_Source\PSoC5/BUTTON_TIMER.c **** ********************************************************************************
 445:Generated_Source\PSoC5/BUTTON_TIMER.c **** *
 446:Generated_Source\PSoC5/BUTTON_TIMER.c **** * Summary:
 447:Generated_Source\PSoC5/BUTTON_TIMER.c **** *  This function returns the last value captured.
 448:Generated_Source\PSoC5/BUTTON_TIMER.c **** *
 449:Generated_Source\PSoC5/BUTTON_TIMER.c **** * Parameters:
 450:Generated_Source\PSoC5/BUTTON_TIMER.c **** *  void
 451:Generated_Source\PSoC5/BUTTON_TIMER.c **** *
 452:Generated_Source\PSoC5/BUTTON_TIMER.c **** * Return:
 453:Generated_Source\PSoC5/BUTTON_TIMER.c **** *  Present Capture value.
 454:Generated_Source\PSoC5/BUTTON_TIMER.c **** *
 455:Generated_Source\PSoC5/BUTTON_TIMER.c **** *******************************************************************************/
 456:Generated_Source\PSoC5/BUTTON_TIMER.c **** uint8 BUTTON_TIMER_ReadCapture(void) 
 457:Generated_Source\PSoC5/BUTTON_TIMER.c **** {
 275              		.loc 1 457 0
 276              		.cfi_startproc
 277              		@ args = 0, pretend = 0, frame = 0
 278              		@ frame_needed = 0, uses_anonymous_args = 0
 279              		@ link register save eliminated.
 458:Generated_Source\PSoC5/BUTTON_TIMER.c ****    #if(BUTTON_TIMER_UsingFixedFunction)
 459:Generated_Source\PSoC5/BUTTON_TIMER.c ****        return ((uint8)CY_GET_REG16(BUTTON_TIMER_CAPTURE_LSB_PTR));
 280              		.loc 1 459 0
 281 0000 014B     		ldr	r3, .L29
 282 0002 1888     		ldrh	r0, [r3]
ARM GAS  C:\Users\Lory\AppData\Local\Temp\ccAWTQQM.s 			page 14


 460:Generated_Source\PSoC5/BUTTON_TIMER.c ****    #else
 461:Generated_Source\PSoC5/BUTTON_TIMER.c ****        return (CY_GET_REG8(BUTTON_TIMER_CAPTURE_LSB_PTR));
 462:Generated_Source\PSoC5/BUTTON_TIMER.c ****    #endif /* (BUTTON_TIMER_UsingFixedFunction) */
 463:Generated_Source\PSoC5/BUTTON_TIMER.c **** }
 283              		.loc 1 463 0
 284 0004 C0B2     		uxtb	r0, r0
 285 0006 7047     		bx	lr
 286              	.L30:
 287              		.align	2
 288              	.L29:
 289 0008 084F0040 		.word	1073762056
 290              		.cfi_endproc
 291              	.LFE11:
 292              		.size	BUTTON_TIMER_ReadCapture, .-BUTTON_TIMER_ReadCapture
 293              		.section	.text.BUTTON_TIMER_WriteCounter,"ax",%progbits
 294              		.align	2
 295              		.global	BUTTON_TIMER_WriteCounter
 296              		.thumb
 297              		.thumb_func
 298              		.type	BUTTON_TIMER_WriteCounter, %function
 299              	BUTTON_TIMER_WriteCounter:
 300              	.LFB12:
 464:Generated_Source\PSoC5/BUTTON_TIMER.c **** 
 465:Generated_Source\PSoC5/BUTTON_TIMER.c **** 
 466:Generated_Source\PSoC5/BUTTON_TIMER.c **** /*******************************************************************************
 467:Generated_Source\PSoC5/BUTTON_TIMER.c **** * Function Name: BUTTON_TIMER_WriteCounter
 468:Generated_Source\PSoC5/BUTTON_TIMER.c **** ********************************************************************************
 469:Generated_Source\PSoC5/BUTTON_TIMER.c **** *
 470:Generated_Source\PSoC5/BUTTON_TIMER.c **** * Summary:
 471:Generated_Source\PSoC5/BUTTON_TIMER.c **** *  This funtion is used to set the counter to a specific value
 472:Generated_Source\PSoC5/BUTTON_TIMER.c **** *
 473:Generated_Source\PSoC5/BUTTON_TIMER.c **** * Parameters:
 474:Generated_Source\PSoC5/BUTTON_TIMER.c **** *  counter:  New counter value.
 475:Generated_Source\PSoC5/BUTTON_TIMER.c **** *
 476:Generated_Source\PSoC5/BUTTON_TIMER.c **** * Return:
 477:Generated_Source\PSoC5/BUTTON_TIMER.c **** *  void
 478:Generated_Source\PSoC5/BUTTON_TIMER.c **** *
 479:Generated_Source\PSoC5/BUTTON_TIMER.c **** *******************************************************************************/
 480:Generated_Source\PSoC5/BUTTON_TIMER.c **** void BUTTON_TIMER_WriteCounter(uint8 counter) 
 481:Generated_Source\PSoC5/BUTTON_TIMER.c **** {
 301              		.loc 1 481 0
 302              		.cfi_startproc
 303              		@ args = 0, pretend = 0, frame = 0
 304              		@ frame_needed = 0, uses_anonymous_args = 0
 305              		@ link register save eliminated.
 306              	.LVL3:
 482:Generated_Source\PSoC5/BUTTON_TIMER.c ****    #if(BUTTON_TIMER_UsingFixedFunction)
 483:Generated_Source\PSoC5/BUTTON_TIMER.c ****         /* This functionality is removed until a FixedFunction HW update to
 484:Generated_Source\PSoC5/BUTTON_TIMER.c ****          * allow this register to be written
 485:Generated_Source\PSoC5/BUTTON_TIMER.c ****          */
 486:Generated_Source\PSoC5/BUTTON_TIMER.c ****         CY_SET_REG16(BUTTON_TIMER_COUNTER_LSB_PTR, (uint16)counter);
 307              		.loc 1 486 0
 308 0000 014B     		ldr	r3, .L32
 309 0002 1880     		strh	r0, [r3]	@ movhi
 310 0004 7047     		bx	lr
 311              	.L33:
 312 0006 00BF     		.align	2
ARM GAS  C:\Users\Lory\AppData\Local\Temp\ccAWTQQM.s 			page 15


 313              	.L32:
 314 0008 064F0040 		.word	1073762054
 315              		.cfi_endproc
 316              	.LFE12:
 317              		.size	BUTTON_TIMER_WriteCounter, .-BUTTON_TIMER_WriteCounter
 318              		.section	.text.BUTTON_TIMER_Init,"ax",%progbits
 319              		.align	2
 320              		.global	BUTTON_TIMER_Init
 321              		.thumb
 322              		.thumb_func
 323              		.type	BUTTON_TIMER_Init, %function
 324              	BUTTON_TIMER_Init:
 325              	.LFB0:
  44:Generated_Source\PSoC5/BUTTON_TIMER.c ****     #if(!BUTTON_TIMER_UsingFixedFunction)
 326              		.loc 1 44 0
 327              		.cfi_startproc
 328              		@ args = 0, pretend = 0, frame = 0
 329              		@ frame_needed = 0, uses_anonymous_args = 0
 330 0000 08B5     		push	{r3, lr}
 331              		.cfi_def_cfa_offset 8
 332              		.cfi_offset 3, -8
 333              		.cfi_offset 14, -4
  52:Generated_Source\PSoC5/BUTTON_TIMER.c **** 
 334              		.loc 1 52 0
 335 0002 204A     		ldr	r2, .L36
 336 0004 1378     		ldrb	r3, [r2]	@ zero_extendqisi2
 337 0006 03F00103 		and	r3, r3, #1
 338 000a 1370     		strb	r3, [r2]
  60:Generated_Source\PSoC5/BUTTON_TIMER.c ****         #endif /* CONTROL3 register exists only in PSoC3 OR PSoC5LP */
 339              		.loc 1 60 0
 340 000c 1E4B     		ldr	r3, .L36+4
 341 000e 1978     		ldrb	r1, [r3]	@ zero_extendqisi2
 342 0010 01F0FC01 		and	r1, r1, #252
 343 0014 1970     		strb	r1, [r3]
  66:Generated_Source\PSoC5/BUTTON_TIMER.c ****         #endif /* One Shot enabled only when RunModeUsed is not Continuous*/
 344              		.loc 1 66 0
 345 0016 1178     		ldrb	r1, [r2]	@ zero_extendqisi2
 346 0018 41F00401 		orr	r1, r1, #4
 347 001c 1170     		strb	r1, [r2]
  92:Generated_Source\PSoC5/BUTTON_TIMER.c ****                 BUTTON_TIMER_CONTROL3 |= BUTTON_TIMER_CTRL_RCOD;
 348              		.loc 1 92 0
 349 001e 1A78     		ldrb	r2, [r3]	@ zero_extendqisi2
 350 0020 02F0F302 		and	r2, r2, #243
 351 0024 1A70     		strb	r2, [r3]
  93:Generated_Source\PSoC5/BUTTON_TIMER.c **** 
 352              		.loc 1 93 0
 353 0026 1A78     		ldrb	r2, [r3]	@ zero_extendqisi2
 354 0028 42F00C02 		orr	r2, r2, #12
 355 002c 1A70     		strb	r2, [r3]
  96:Generated_Source\PSoC5/BUTTON_TIMER.c ****                 BUTTON_TIMER_CONTROL3 |= BUTTON_TIMER_CTRL_ENBL;
 356              		.loc 1 96 0
 357 002e 1A78     		ldrb	r2, [r3]	@ zero_extendqisi2
 358 0030 02F07F02 		and	r2, r2, #127
 359 0034 1A70     		strb	r2, [r3]
  97:Generated_Source\PSoC5/BUTTON_TIMER.c **** 
 360              		.loc 1 97 0
 361 0036 1A78     		ldrb	r2, [r3]	@ zero_extendqisi2
ARM GAS  C:\Users\Lory\AppData\Local\Temp\ccAWTQQM.s 			page 16


 362 0038 42F08002 		orr	r2, r2, #128
 363 003c 1A70     		strb	r2, [r3]
 100:Generated_Source\PSoC5/BUTTON_TIMER.c ****             #endif /* Set Continuous Run Mode in CONTROL3 for PSoC3ES3 or PSoC5A */
 364              		.loc 1 100 0
 365 003e 1A78     		ldrb	r2, [r3]	@ zero_extendqisi2
 366 0040 D2B2     		uxtb	r2, r2
 367 0042 1A70     		strb	r2, [r3]
 106:Generated_Source\PSoC5/BUTTON_TIMER.c ****         BUTTON_TIMER_RT1 |= BUTTON_TIMER_SYNC;
 368              		.loc 1 106 0
 369 0044 0933     		adds	r3, r3, #9
 370 0046 1A78     		ldrb	r2, [r3]	@ zero_extendqisi2
 371 0048 02F0CF02 		and	r2, r2, #207
 372 004c 1A70     		strb	r2, [r3]
 107:Generated_Source\PSoC5/BUTTON_TIMER.c **** 
 373              		.loc 1 107 0
 374 004e 1A78     		ldrb	r2, [r3]	@ zero_extendqisi2
 375 0050 42F03002 		orr	r2, r2, #48
 376 0054 1A70     		strb	r2, [r3]
 110:Generated_Source\PSoC5/BUTTON_TIMER.c ****         BUTTON_TIMER_RT1 |= BUTTON_TIMER_SYNCDSI_EN;
 377              		.loc 1 110 0
 378 0056 1A78     		ldrb	r2, [r3]	@ zero_extendqisi2
 379 0058 02F0F002 		and	r2, r2, #240
 380 005c 1A70     		strb	r2, [r3]
 111:Generated_Source\PSoC5/BUTTON_TIMER.c **** 
 381              		.loc 1 111 0
 382 005e 1A78     		ldrb	r2, [r3]	@ zero_extendqisi2
 383 0060 42F00F02 		orr	r2, r2, #15
 384 0064 1A70     		strb	r2, [r3]
 114:Generated_Source\PSoC5/BUTTON_TIMER.c ****     #endif /* Configuring registers of fixed function implementation */
 385              		.loc 1 114 0
 386 0066 094A     		ldr	r2, .L36+8
 387 0068 1378     		ldrb	r3, [r2]	@ zero_extendqisi2
 388 006a 43F00103 		orr	r3, r3, #1
 389 006e 1370     		strb	r3, [r2]
 118:Generated_Source\PSoC5/BUTTON_TIMER.c ****     BUTTON_TIMER_WriteCounter(BUTTON_TIMER_INIT_PERIOD);
 390              		.loc 1 118 0
 391 0070 C720     		movs	r0, #199
 392 0072 FFF7FEFF 		bl	BUTTON_TIMER_WritePeriod
 393              	.LVL4:
 119:Generated_Source\PSoC5/BUTTON_TIMER.c **** 
 394              		.loc 1 119 0
 395 0076 C720     		movs	r0, #199
 396 0078 FFF7FEFF 		bl	BUTTON_TIMER_WriteCounter
 397              	.LVL5:
 162:Generated_Source\PSoC5/BUTTON_TIMER.c **** }
 398              		.loc 1 162 0
 399 007c 0820     		movs	r0, #8
 400 007e FFF7FEFF 		bl	BUTTON_TIMER_SetInterruptMode
 401              	.LVL6:
 402 0082 08BD     		pop	{r3, pc}
 403              	.L37:
 404              		.align	2
 405              	.L36:
 406 0084 004F0040 		.word	1073762048
 407 0088 024F0040 		.word	1073762050
 408 008c 014F0040 		.word	1073762049
 409              		.cfi_endproc
ARM GAS  C:\Users\Lory\AppData\Local\Temp\ccAWTQQM.s 			page 17


 410              	.LFE0:
 411              		.size	BUTTON_TIMER_Init, .-BUTTON_TIMER_Init
 412              		.section	.text.BUTTON_TIMER_Start,"ax",%progbits
 413              		.align	2
 414              		.global	BUTTON_TIMER_Start
 415              		.thumb
 416              		.thumb_func
 417              		.type	BUTTON_TIMER_Start, %function
 418              	BUTTON_TIMER_Start:
 419              	.LFB2:
 216:Generated_Source\PSoC5/BUTTON_TIMER.c ****     if(BUTTON_TIMER_initVar == 0u)
 420              		.loc 1 216 0
 421              		.cfi_startproc
 422              		@ args = 0, pretend = 0, frame = 0
 423              		@ frame_needed = 0, uses_anonymous_args = 0
 424 0000 08B5     		push	{r3, lr}
 425              		.cfi_def_cfa_offset 8
 426              		.cfi_offset 3, -8
 427              		.cfi_offset 14, -4
 217:Generated_Source\PSoC5/BUTTON_TIMER.c ****     {
 428              		.loc 1 217 0
 429 0002 054B     		ldr	r3, .L41
 430 0004 1B78     		ldrb	r3, [r3]	@ zero_extendqisi2
 431 0006 23B9     		cbnz	r3, .L39
 219:Generated_Source\PSoC5/BUTTON_TIMER.c **** 
 432              		.loc 1 219 0
 433 0008 FFF7FEFF 		bl	BUTTON_TIMER_Init
 434              	.LVL7:
 221:Generated_Source\PSoC5/BUTTON_TIMER.c ****     }
 435              		.loc 1 221 0
 436 000c 0122     		movs	r2, #1
 437 000e 024B     		ldr	r3, .L41
 438 0010 1A70     		strb	r2, [r3]
 439              	.L39:
 225:Generated_Source\PSoC5/BUTTON_TIMER.c **** }
 440              		.loc 1 225 0
 441 0012 FFF7FEFF 		bl	BUTTON_TIMER_Enable
 442              	.LVL8:
 443 0016 08BD     		pop	{r3, pc}
 444              	.L42:
 445              		.align	2
 446              	.L41:
 447 0018 00000000 		.word	.LANCHOR0
 448              		.cfi_endproc
 449              	.LFE2:
 450              		.size	BUTTON_TIMER_Start, .-BUTTON_TIMER_Start
 451              		.section	.text.BUTTON_TIMER_ReadCounter,"ax",%progbits
 452              		.align	2
 453              		.global	BUTTON_TIMER_ReadCounter
 454              		.thumb
 455              		.thumb_func
 456              		.type	BUTTON_TIMER_ReadCounter, %function
 457              	BUTTON_TIMER_ReadCounter:
 458              	.LFB13:
 487:Generated_Source\PSoC5/BUTTON_TIMER.c ****         
 488:Generated_Source\PSoC5/BUTTON_TIMER.c ****     #else
 489:Generated_Source\PSoC5/BUTTON_TIMER.c ****         CY_SET_REG8(BUTTON_TIMER_COUNTER_LSB_PTR, counter);
ARM GAS  C:\Users\Lory\AppData\Local\Temp\ccAWTQQM.s 			page 18


 490:Generated_Source\PSoC5/BUTTON_TIMER.c ****     #endif /* Set Write Counter only for the UDB implementation (Write Counter not available in fix
 491:Generated_Source\PSoC5/BUTTON_TIMER.c **** }
 492:Generated_Source\PSoC5/BUTTON_TIMER.c **** 
 493:Generated_Source\PSoC5/BUTTON_TIMER.c **** 
 494:Generated_Source\PSoC5/BUTTON_TIMER.c **** /*******************************************************************************
 495:Generated_Source\PSoC5/BUTTON_TIMER.c **** * Function Name: BUTTON_TIMER_ReadCounter
 496:Generated_Source\PSoC5/BUTTON_TIMER.c **** ********************************************************************************
 497:Generated_Source\PSoC5/BUTTON_TIMER.c **** *
 498:Generated_Source\PSoC5/BUTTON_TIMER.c **** * Summary:
 499:Generated_Source\PSoC5/BUTTON_TIMER.c **** *  This function returns the current counter value.
 500:Generated_Source\PSoC5/BUTTON_TIMER.c **** *
 501:Generated_Source\PSoC5/BUTTON_TIMER.c **** * Parameters:
 502:Generated_Source\PSoC5/BUTTON_TIMER.c **** *  void
 503:Generated_Source\PSoC5/BUTTON_TIMER.c **** *
 504:Generated_Source\PSoC5/BUTTON_TIMER.c **** * Return:
 505:Generated_Source\PSoC5/BUTTON_TIMER.c **** *  Present compare value.
 506:Generated_Source\PSoC5/BUTTON_TIMER.c **** *
 507:Generated_Source\PSoC5/BUTTON_TIMER.c **** *******************************************************************************/
 508:Generated_Source\PSoC5/BUTTON_TIMER.c **** uint8 BUTTON_TIMER_ReadCounter(void) 
 509:Generated_Source\PSoC5/BUTTON_TIMER.c **** {
 459              		.loc 1 509 0
 460              		.cfi_startproc
 461              		@ args = 0, pretend = 0, frame = 0
 462              		@ frame_needed = 0, uses_anonymous_args = 0
 463              		@ link register save eliminated.
 510:Generated_Source\PSoC5/BUTTON_TIMER.c ****     /* Force capture by reading Accumulator */
 511:Generated_Source\PSoC5/BUTTON_TIMER.c ****     /* Must first do a software capture to be able to read the counter */
 512:Generated_Source\PSoC5/BUTTON_TIMER.c ****     /* It is up to the user code to make sure there isn't already captured data in the FIFO */
 513:Generated_Source\PSoC5/BUTTON_TIMER.c ****     #if(BUTTON_TIMER_UsingFixedFunction)
 514:Generated_Source\PSoC5/BUTTON_TIMER.c ****         (void)CY_GET_REG16(BUTTON_TIMER_COUNTER_LSB_PTR);
 464              		.loc 1 514 0
 465 0000 024B     		ldr	r3, .L44
 466 0002 1B88     		ldrh	r3, [r3]
 515:Generated_Source\PSoC5/BUTTON_TIMER.c ****     #else
 516:Generated_Source\PSoC5/BUTTON_TIMER.c ****         (void)CY_GET_REG8(BUTTON_TIMER_COUNTER_LSB_PTR_8BIT);
 517:Generated_Source\PSoC5/BUTTON_TIMER.c ****     #endif/* (BUTTON_TIMER_UsingFixedFunction) */
 518:Generated_Source\PSoC5/BUTTON_TIMER.c **** 
 519:Generated_Source\PSoC5/BUTTON_TIMER.c ****     /* Read the data from the FIFO (or capture register for Fixed Function)*/
 520:Generated_Source\PSoC5/BUTTON_TIMER.c ****     #if(BUTTON_TIMER_UsingFixedFunction)
 521:Generated_Source\PSoC5/BUTTON_TIMER.c ****         return ((uint8)CY_GET_REG16(BUTTON_TIMER_CAPTURE_LSB_PTR));
 467              		.loc 1 521 0
 468 0004 024B     		ldr	r3, .L44+4
 469 0006 1888     		ldrh	r0, [r3]
 522:Generated_Source\PSoC5/BUTTON_TIMER.c ****     #else
 523:Generated_Source\PSoC5/BUTTON_TIMER.c ****         return (CY_GET_REG8(BUTTON_TIMER_CAPTURE_LSB_PTR));
 524:Generated_Source\PSoC5/BUTTON_TIMER.c ****     #endif /* (BUTTON_TIMER_UsingFixedFunction) */
 525:Generated_Source\PSoC5/BUTTON_TIMER.c **** }
 470              		.loc 1 525 0
 471 0008 C0B2     		uxtb	r0, r0
 472 000a 7047     		bx	lr
 473              	.L45:
 474              		.align	2
 475              	.L44:
 476 000c 064F0040 		.word	1073762054
 477 0010 084F0040 		.word	1073762056
 478              		.cfi_endproc
 479              	.LFE13:
ARM GAS  C:\Users\Lory\AppData\Local\Temp\ccAWTQQM.s 			page 19


 480              		.size	BUTTON_TIMER_ReadCounter, .-BUTTON_TIMER_ReadCounter
 481              		.global	BUTTON_TIMER_initVar
 482              		.bss
 483              		.set	.LANCHOR0,. + 0
 484              		.type	BUTTON_TIMER_initVar, %object
 485              		.size	BUTTON_TIMER_initVar, 1
 486              	BUTTON_TIMER_initVar:
 487 0000 00       		.space	1
 488              		.text
 489              	.Letext0:
 490              		.file 2 "Generated_Source\\PSoC5\\cytypes.h"
 491              		.section	.debug_info,"",%progbits
 492              	.Ldebug_info0:
 493 0000 8F020000 		.4byte	0x28f
 494 0004 0400     		.2byte	0x4
 495 0006 00000000 		.4byte	.Ldebug_abbrev0
 496 000a 04       		.byte	0x4
 497 000b 01       		.uleb128 0x1
 498 000c 9D000000 		.4byte	.LASF36
 499 0010 0C       		.byte	0xc
 500 0011 4F020000 		.4byte	.LASF37
 501 0015 AC020000 		.4byte	.LASF38
 502 0019 00000000 		.4byte	.Ldebug_ranges0+0
 503 001d 00000000 		.4byte	0
 504 0021 00000000 		.4byte	.Ldebug_line0
 505 0025 02       		.uleb128 0x2
 506 0026 01       		.byte	0x1
 507 0027 06       		.byte	0x6
 508 0028 A1030000 		.4byte	.LASF0
 509 002c 02       		.uleb128 0x2
 510 002d 01       		.byte	0x1
 511 002e 08       		.byte	0x8
 512 002f 8F000000 		.4byte	.LASF1
 513 0033 02       		.uleb128 0x2
 514 0034 02       		.byte	0x2
 515 0035 05       		.byte	0x5
 516 0036 A2020000 		.4byte	.LASF2
 517 003a 02       		.uleb128 0x2
 518 003b 02       		.byte	0x2
 519 003c 07       		.byte	0x7
 520 003d 5C000000 		.4byte	.LASF3
 521 0041 02       		.uleb128 0x2
 522 0042 04       		.byte	0x4
 523 0043 05       		.byte	0x5
 524 0044 69030000 		.4byte	.LASF4
 525 0048 02       		.uleb128 0x2
 526 0049 04       		.byte	0x4
 527 004a 07       		.byte	0x7
 528 004b 45010000 		.4byte	.LASF5
 529 004f 02       		.uleb128 0x2
 530 0050 08       		.byte	0x8
 531 0051 05       		.byte	0x5
 532 0052 13020000 		.4byte	.LASF6
 533 0056 02       		.uleb128 0x2
 534 0057 08       		.byte	0x8
 535 0058 07       		.byte	0x7
 536 0059 E7010000 		.4byte	.LASF7
ARM GAS  C:\Users\Lory\AppData\Local\Temp\ccAWTQQM.s 			page 20


 537 005d 03       		.uleb128 0x3
 538 005e 04       		.byte	0x4
 539 005f 05       		.byte	0x5
 540 0060 696E7400 		.ascii	"int\000"
 541 0064 02       		.uleb128 0x2
 542 0065 04       		.byte	0x4
 543 0066 07       		.byte	0x7
 544 0067 DA010000 		.4byte	.LASF8
 545 006b 04       		.uleb128 0x4
 546 006c 57010000 		.4byte	.LASF9
 547 0070 02       		.byte	0x2
 548 0071 E401     		.2byte	0x1e4
 549 0073 2C000000 		.4byte	0x2c
 550 0077 04       		.uleb128 0x4
 551 0078 9E010000 		.4byte	.LASF10
 552 007c 02       		.byte	0x2
 553 007d E501     		.2byte	0x1e5
 554 007f 3A000000 		.4byte	0x3a
 555 0083 02       		.uleb128 0x2
 556 0084 04       		.byte	0x4
 557 0085 04       		.byte	0x4
 558 0086 81000000 		.4byte	.LASF11
 559 008a 02       		.uleb128 0x2
 560 008b 08       		.byte	0x8
 561 008c 04       		.byte	0x4
 562 008d 7F010000 		.4byte	.LASF12
 563 0091 02       		.uleb128 0x2
 564 0092 01       		.byte	0x1
 565 0093 08       		.byte	0x8
 566 0094 72030000 		.4byte	.LASF13
 567 0098 04       		.uleb128 0x4
 568 0099 2B010000 		.4byte	.LASF14
 569 009d 02       		.byte	0x2
 570 009e 8E02     		.2byte	0x28e
 571 00a0 A4000000 		.4byte	0xa4
 572 00a4 05       		.uleb128 0x5
 573 00a5 6B000000 		.4byte	0x6b
 574 00a9 04       		.uleb128 0x4
 575 00aa 00000000 		.4byte	.LASF15
 576 00ae 02       		.byte	0x2
 577 00af 8F02     		.2byte	0x28f
 578 00b1 B5000000 		.4byte	0xb5
 579 00b5 05       		.uleb128 0x5
 580 00b6 77000000 		.4byte	0x77
 581 00ba 02       		.uleb128 0x2
 582 00bb 08       		.byte	0x8
 583 00bc 04       		.byte	0x4
 584 00bd 95030000 		.4byte	.LASF16
 585 00c1 02       		.uleb128 0x2
 586 00c2 04       		.byte	0x4
 587 00c3 07       		.byte	0x7
 588 00c4 0A020000 		.4byte	.LASF17
 589 00c8 06       		.uleb128 0x6
 590 00c9 75020000 		.4byte	.LASF18
 591 00cd 01       		.byte	0x1
 592 00ce B4       		.byte	0xb4
 593 00cf 00000000 		.4byte	.LFB1
ARM GAS  C:\Users\Lory\AppData\Local\Temp\ccAWTQQM.s 			page 21


 594 00d3 28000000 		.4byte	.LFE1-.LFB1
 595 00d7 01       		.uleb128 0x1
 596 00d8 9C       		.byte	0x9c
 597 00d9 06       		.uleb128 0x6
 598 00da AD030000 		.4byte	.LASF19
 599 00de 01       		.byte	0x1
 600 00df F7       		.byte	0xf7
 601 00e0 00000000 		.4byte	.LFB3
 602 00e4 28000000 		.4byte	.LFE3-.LFB3
 603 00e8 01       		.uleb128 0x1
 604 00e9 9C       		.byte	0x9c
 605 00ea 07       		.uleb128 0x7
 606 00eb 77030000 		.4byte	.LASF23
 607 00ef 01       		.byte	0x1
 608 00f0 1701     		.2byte	0x117
 609 00f2 00000000 		.4byte	.LFB4
 610 00f6 0C000000 		.4byte	.LFE4-.LFB4
 611 00fa 01       		.uleb128 0x1
 612 00fb 9C       		.byte	0x9c
 613 00fc 0F010000 		.4byte	0x10f
 614 0100 08       		.uleb128 0x8
 615 0101 41020000 		.4byte	.LASF25
 616 0105 01       		.byte	0x1
 617 0106 1701     		.2byte	0x117
 618 0108 6B000000 		.4byte	0x6b
 619 010c 01       		.uleb128 0x1
 620 010d 50       		.byte	0x50
 621 010e 00       		.byte	0
 622 010f 09       		.uleb128 0x9
 623 0110 3F000000 		.4byte	.LASF20
 624 0114 01       		.byte	0x1
 625 0115 2E01     		.2byte	0x12e
 626 0117 00000000 		.4byte	.LFB5
 627 011b 0C000000 		.4byte	.LFE5-.LFB5
 628 011f 01       		.uleb128 0x1
 629 0120 9C       		.byte	0x9c
 630 0121 0A       		.uleb128 0xa
 631 0122 21020000 		.4byte	.LASF21
 632 0126 01       		.byte	0x1
 633 0127 4D01     		.2byte	0x14d
 634 0129 6B000000 		.4byte	0x6b
 635 012d 00000000 		.4byte	.LFB6
 636 0131 0C000000 		.4byte	.LFE6-.LFB6
 637 0135 01       		.uleb128 0x1
 638 0136 9C       		.byte	0x9c
 639 0137 0A       		.uleb128 0xa
 640 0138 48030000 		.4byte	.LASF22
 641 013c 01       		.byte	0x1
 642 013d 6401     		.2byte	0x164
 643 013f 6B000000 		.4byte	0x6b
 644 0143 00000000 		.4byte	.LFB7
 645 0147 0C000000 		.4byte	.LFE7-.LFB7
 646 014b 01       		.uleb128 0x1
 647 014c 9C       		.byte	0x9c
 648 014d 07       		.uleb128 0x7
 649 014e A5010000 		.4byte	.LASF24
 650 0152 01       		.byte	0x1
ARM GAS  C:\Users\Lory\AppData\Local\Temp\ccAWTQQM.s 			page 22


 651 0153 7B01     		.2byte	0x17b
 652 0155 00000000 		.4byte	.LFB8
 653 0159 0C000000 		.4byte	.LFE8-.LFB8
 654 015d 01       		.uleb128 0x1
 655 015e 9C       		.byte	0x9c
 656 015f 72010000 		.4byte	0x172
 657 0163 08       		.uleb128 0x8
 658 0164 5D010000 		.4byte	.LASF26
 659 0168 01       		.byte	0x1
 660 0169 7B01     		.2byte	0x17b
 661 016b 6B000000 		.4byte	0x6b
 662 016f 01       		.uleb128 0x1
 663 0170 50       		.byte	0x50
 664 0171 00       		.byte	0
 665 0172 0A       		.uleb128 0xa
 666 0173 86010000 		.4byte	.LASF27
 667 0177 01       		.byte	0x1
 668 0178 9501     		.2byte	0x195
 669 017a 6B000000 		.4byte	0x6b
 670 017e 00000000 		.4byte	.LFB9
 671 0182 0C000000 		.4byte	.LFE9-.LFB9
 672 0186 01       		.uleb128 0x1
 673 0187 9C       		.byte	0x9c
 674 0188 07       		.uleb128 0x7
 675 0189 1F000000 		.4byte	.LASF28
 676 018d 01       		.byte	0x1
 677 018e AF01     		.2byte	0x1af
 678 0190 00000000 		.4byte	.LFB10
 679 0194 0C000000 		.4byte	.LFE10-.LFB10
 680 0198 01       		.uleb128 0x1
 681 0199 9C       		.byte	0x9c
 682 019a BB010000 		.4byte	0x1bb
 683 019e 08       		.uleb128 0x8
 684 019f 38000000 		.4byte	.LASF29
 685 01a3 01       		.byte	0x1
 686 01a4 AF01     		.2byte	0x1af
 687 01a6 6B000000 		.4byte	0x6b
 688 01aa 01       		.uleb128 0x1
 689 01ab 50       		.byte	0x50
 690 01ac 0B       		.uleb128 0xb
 691 01ad FE010000 		.4byte	.LASF39
 692 01b1 01       		.byte	0x1
 693 01b2 B201     		.2byte	0x1b2
 694 01b4 77000000 		.4byte	0x77
 695 01b8 01       		.uleb128 0x1
 696 01b9 50       		.byte	0x50
 697 01ba 00       		.byte	0
 698 01bb 0A       		.uleb128 0xa
 699 01bc 06000000 		.4byte	.LASF30
 700 01c0 01       		.byte	0x1
 701 01c1 C801     		.2byte	0x1c8
 702 01c3 6B000000 		.4byte	0x6b
 703 01c7 00000000 		.4byte	.LFB11
 704 01cb 0C000000 		.4byte	.LFE11-.LFB11
 705 01cf 01       		.uleb128 0x1
 706 01d0 9C       		.byte	0x9c
 707 01d1 07       		.uleb128 0x7
ARM GAS  C:\Users\Lory\AppData\Local\Temp\ccAWTQQM.s 			page 23


 708 01d2 65010000 		.4byte	.LASF31
 709 01d6 01       		.byte	0x1
 710 01d7 E001     		.2byte	0x1e0
 711 01d9 00000000 		.4byte	.LFB12
 712 01dd 0C000000 		.4byte	.LFE12-.LFB12
 713 01e1 01       		.uleb128 0x1
 714 01e2 9C       		.byte	0x9c
 715 01e3 F6010000 		.4byte	0x1f6
 716 01e7 08       		.uleb128 0x8
 717 01e8 87000000 		.4byte	.LASF32
 718 01ec 01       		.byte	0x1
 719 01ed E001     		.2byte	0x1e0
 720 01ef 6B000000 		.4byte	0x6b
 721 01f3 01       		.uleb128 0x1
 722 01f4 50       		.byte	0x50
 723 01f5 00       		.byte	0
 724 01f6 0C       		.uleb128 0xc
 725 01f7 6F000000 		.4byte	.LASF33
 726 01fb 01       		.byte	0x1
 727 01fc 2B       		.byte	0x2b
 728 01fd 00000000 		.4byte	.LFB0
 729 0201 90000000 		.4byte	.LFE0-.LFB0
 730 0205 01       		.uleb128 0x1
 731 0206 9C       		.byte	0x9c
 732 0207 43020000 		.4byte	0x243
 733 020b 0D       		.uleb128 0xd
 734 020c 76000000 		.4byte	.LVL4
 735 0210 88010000 		.4byte	0x188
 736 0214 1F020000 		.4byte	0x21f
 737 0218 0E       		.uleb128 0xe
 738 0219 01       		.uleb128 0x1
 739 021a 50       		.byte	0x50
 740 021b 02       		.uleb128 0x2
 741 021c 09       		.byte	0x9
 742 021d C7       		.byte	0xc7
 743 021e 00       		.byte	0
 744 021f 0D       		.uleb128 0xd
 745 0220 7C000000 		.4byte	.LVL5
 746 0224 D1010000 		.4byte	0x1d1
 747 0228 33020000 		.4byte	0x233
 748 022c 0E       		.uleb128 0xe
 749 022d 01       		.uleb128 0x1
 750 022e 50       		.byte	0x50
 751 022f 02       		.uleb128 0x2
 752 0230 09       		.byte	0x9
 753 0231 C7       		.byte	0xc7
 754 0232 00       		.byte	0
 755 0233 0F       		.uleb128 0xf
 756 0234 82000000 		.4byte	.LVL6
 757 0238 EA000000 		.4byte	0xea
 758 023c 0E       		.uleb128 0xe
 759 023d 01       		.uleb128 0x1
 760 023e 50       		.byte	0x50
 761 023f 01       		.uleb128 0x1
 762 0240 38       		.byte	0x38
 763 0241 00       		.byte	0
 764 0242 00       		.byte	0
ARM GAS  C:\Users\Lory\AppData\Local\Temp\ccAWTQQM.s 			page 24


 765 0243 0C       		.uleb128 0xc
 766 0244 C7010000 		.4byte	.LASF34
 767 0248 01       		.byte	0x1
 768 0249 D7       		.byte	0xd7
 769 024a 00000000 		.4byte	.LFB2
 770 024e 1C000000 		.4byte	.LFE2-.LFB2
 771 0252 01       		.uleb128 0x1
 772 0253 9C       		.byte	0x9c
 773 0254 6B020000 		.4byte	0x26b
 774 0258 10       		.uleb128 0x10
 775 0259 0C000000 		.4byte	.LVL7
 776 025d F6010000 		.4byte	0x1f6
 777 0261 10       		.uleb128 0x10
 778 0262 16000000 		.4byte	.LVL8
 779 0266 C8000000 		.4byte	0xc8
 780 026a 00       		.byte	0
 781 026b 0A       		.uleb128 0xa
 782 026c 89020000 		.4byte	.LASF35
 783 0270 01       		.byte	0x1
 784 0271 FC01     		.2byte	0x1fc
 785 0273 6B000000 		.4byte	0x6b
 786 0277 00000000 		.4byte	.LFB13
 787 027b 14000000 		.4byte	.LFE13-.LFB13
 788 027f 01       		.uleb128 0x1
 789 0280 9C       		.byte	0x9c
 790 0281 11       		.uleb128 0x11
 791 0282 30010000 		.4byte	.LASF40
 792 0286 01       		.byte	0x1
 793 0287 1A       		.byte	0x1a
 794 0288 6B000000 		.4byte	0x6b
 795 028c 05       		.uleb128 0x5
 796 028d 03       		.byte	0x3
 797 028e 00000000 		.4byte	BUTTON_TIMER_initVar
 798 0292 00       		.byte	0
 799              		.section	.debug_abbrev,"",%progbits
 800              	.Ldebug_abbrev0:
 801 0000 01       		.uleb128 0x1
 802 0001 11       		.uleb128 0x11
 803 0002 01       		.byte	0x1
 804 0003 25       		.uleb128 0x25
 805 0004 0E       		.uleb128 0xe
 806 0005 13       		.uleb128 0x13
 807 0006 0B       		.uleb128 0xb
 808 0007 03       		.uleb128 0x3
 809 0008 0E       		.uleb128 0xe
 810 0009 1B       		.uleb128 0x1b
 811 000a 0E       		.uleb128 0xe
 812 000b 55       		.uleb128 0x55
 813 000c 17       		.uleb128 0x17
 814 000d 11       		.uleb128 0x11
 815 000e 01       		.uleb128 0x1
 816 000f 10       		.uleb128 0x10
 817 0010 17       		.uleb128 0x17
 818 0011 00       		.byte	0
 819 0012 00       		.byte	0
 820 0013 02       		.uleb128 0x2
 821 0014 24       		.uleb128 0x24
ARM GAS  C:\Users\Lory\AppData\Local\Temp\ccAWTQQM.s 			page 25


 822 0015 00       		.byte	0
 823 0016 0B       		.uleb128 0xb
 824 0017 0B       		.uleb128 0xb
 825 0018 3E       		.uleb128 0x3e
 826 0019 0B       		.uleb128 0xb
 827 001a 03       		.uleb128 0x3
 828 001b 0E       		.uleb128 0xe
 829 001c 00       		.byte	0
 830 001d 00       		.byte	0
 831 001e 03       		.uleb128 0x3
 832 001f 24       		.uleb128 0x24
 833 0020 00       		.byte	0
 834 0021 0B       		.uleb128 0xb
 835 0022 0B       		.uleb128 0xb
 836 0023 3E       		.uleb128 0x3e
 837 0024 0B       		.uleb128 0xb
 838 0025 03       		.uleb128 0x3
 839 0026 08       		.uleb128 0x8
 840 0027 00       		.byte	0
 841 0028 00       		.byte	0
 842 0029 04       		.uleb128 0x4
 843 002a 16       		.uleb128 0x16
 844 002b 00       		.byte	0
 845 002c 03       		.uleb128 0x3
 846 002d 0E       		.uleb128 0xe
 847 002e 3A       		.uleb128 0x3a
 848 002f 0B       		.uleb128 0xb
 849 0030 3B       		.uleb128 0x3b
 850 0031 05       		.uleb128 0x5
 851 0032 49       		.uleb128 0x49
 852 0033 13       		.uleb128 0x13
 853 0034 00       		.byte	0
 854 0035 00       		.byte	0
 855 0036 05       		.uleb128 0x5
 856 0037 35       		.uleb128 0x35
 857 0038 00       		.byte	0
 858 0039 49       		.uleb128 0x49
 859 003a 13       		.uleb128 0x13
 860 003b 00       		.byte	0
 861 003c 00       		.byte	0
 862 003d 06       		.uleb128 0x6
 863 003e 2E       		.uleb128 0x2e
 864 003f 00       		.byte	0
 865 0040 3F       		.uleb128 0x3f
 866 0041 19       		.uleb128 0x19
 867 0042 03       		.uleb128 0x3
 868 0043 0E       		.uleb128 0xe
 869 0044 3A       		.uleb128 0x3a
 870 0045 0B       		.uleb128 0xb
 871 0046 3B       		.uleb128 0x3b
 872 0047 0B       		.uleb128 0xb
 873 0048 27       		.uleb128 0x27
 874 0049 19       		.uleb128 0x19
 875 004a 11       		.uleb128 0x11
 876 004b 01       		.uleb128 0x1
 877 004c 12       		.uleb128 0x12
 878 004d 06       		.uleb128 0x6
ARM GAS  C:\Users\Lory\AppData\Local\Temp\ccAWTQQM.s 			page 26


 879 004e 40       		.uleb128 0x40
 880 004f 18       		.uleb128 0x18
 881 0050 9742     		.uleb128 0x2117
 882 0052 19       		.uleb128 0x19
 883 0053 00       		.byte	0
 884 0054 00       		.byte	0
 885 0055 07       		.uleb128 0x7
 886 0056 2E       		.uleb128 0x2e
 887 0057 01       		.byte	0x1
 888 0058 3F       		.uleb128 0x3f
 889 0059 19       		.uleb128 0x19
 890 005a 03       		.uleb128 0x3
 891 005b 0E       		.uleb128 0xe
 892 005c 3A       		.uleb128 0x3a
 893 005d 0B       		.uleb128 0xb
 894 005e 3B       		.uleb128 0x3b
 895 005f 05       		.uleb128 0x5
 896 0060 27       		.uleb128 0x27
 897 0061 19       		.uleb128 0x19
 898 0062 11       		.uleb128 0x11
 899 0063 01       		.uleb128 0x1
 900 0064 12       		.uleb128 0x12
 901 0065 06       		.uleb128 0x6
 902 0066 40       		.uleb128 0x40
 903 0067 18       		.uleb128 0x18
 904 0068 9742     		.uleb128 0x2117
 905 006a 19       		.uleb128 0x19
 906 006b 01       		.uleb128 0x1
 907 006c 13       		.uleb128 0x13
 908 006d 00       		.byte	0
 909 006e 00       		.byte	0
 910 006f 08       		.uleb128 0x8
 911 0070 05       		.uleb128 0x5
 912 0071 00       		.byte	0
 913 0072 03       		.uleb128 0x3
 914 0073 0E       		.uleb128 0xe
 915 0074 3A       		.uleb128 0x3a
 916 0075 0B       		.uleb128 0xb
 917 0076 3B       		.uleb128 0x3b
 918 0077 05       		.uleb128 0x5
 919 0078 49       		.uleb128 0x49
 920 0079 13       		.uleb128 0x13
 921 007a 02       		.uleb128 0x2
 922 007b 18       		.uleb128 0x18
 923 007c 00       		.byte	0
 924 007d 00       		.byte	0
 925 007e 09       		.uleb128 0x9
 926 007f 2E       		.uleb128 0x2e
 927 0080 00       		.byte	0
 928 0081 3F       		.uleb128 0x3f
 929 0082 19       		.uleb128 0x19
 930 0083 03       		.uleb128 0x3
 931 0084 0E       		.uleb128 0xe
 932 0085 3A       		.uleb128 0x3a
 933 0086 0B       		.uleb128 0xb
 934 0087 3B       		.uleb128 0x3b
 935 0088 05       		.uleb128 0x5
ARM GAS  C:\Users\Lory\AppData\Local\Temp\ccAWTQQM.s 			page 27


 936 0089 27       		.uleb128 0x27
 937 008a 19       		.uleb128 0x19
 938 008b 11       		.uleb128 0x11
 939 008c 01       		.uleb128 0x1
 940 008d 12       		.uleb128 0x12
 941 008e 06       		.uleb128 0x6
 942 008f 40       		.uleb128 0x40
 943 0090 18       		.uleb128 0x18
 944 0091 9742     		.uleb128 0x2117
 945 0093 19       		.uleb128 0x19
 946 0094 00       		.byte	0
 947 0095 00       		.byte	0
 948 0096 0A       		.uleb128 0xa
 949 0097 2E       		.uleb128 0x2e
 950 0098 00       		.byte	0
 951 0099 3F       		.uleb128 0x3f
 952 009a 19       		.uleb128 0x19
 953 009b 03       		.uleb128 0x3
 954 009c 0E       		.uleb128 0xe
 955 009d 3A       		.uleb128 0x3a
 956 009e 0B       		.uleb128 0xb
 957 009f 3B       		.uleb128 0x3b
 958 00a0 05       		.uleb128 0x5
 959 00a1 27       		.uleb128 0x27
 960 00a2 19       		.uleb128 0x19
 961 00a3 49       		.uleb128 0x49
 962 00a4 13       		.uleb128 0x13
 963 00a5 11       		.uleb128 0x11
 964 00a6 01       		.uleb128 0x1
 965 00a7 12       		.uleb128 0x12
 966 00a8 06       		.uleb128 0x6
 967 00a9 40       		.uleb128 0x40
 968 00aa 18       		.uleb128 0x18
 969 00ab 9742     		.uleb128 0x2117
 970 00ad 19       		.uleb128 0x19
 971 00ae 00       		.byte	0
 972 00af 00       		.byte	0
 973 00b0 0B       		.uleb128 0xb
 974 00b1 34       		.uleb128 0x34
 975 00b2 00       		.byte	0
 976 00b3 03       		.uleb128 0x3
 977 00b4 0E       		.uleb128 0xe
 978 00b5 3A       		.uleb128 0x3a
 979 00b6 0B       		.uleb128 0xb
 980 00b7 3B       		.uleb128 0x3b
 981 00b8 05       		.uleb128 0x5
 982 00b9 49       		.uleb128 0x49
 983 00ba 13       		.uleb128 0x13
 984 00bb 02       		.uleb128 0x2
 985 00bc 18       		.uleb128 0x18
 986 00bd 00       		.byte	0
 987 00be 00       		.byte	0
 988 00bf 0C       		.uleb128 0xc
 989 00c0 2E       		.uleb128 0x2e
 990 00c1 01       		.byte	0x1
 991 00c2 3F       		.uleb128 0x3f
 992 00c3 19       		.uleb128 0x19
ARM GAS  C:\Users\Lory\AppData\Local\Temp\ccAWTQQM.s 			page 28


 993 00c4 03       		.uleb128 0x3
 994 00c5 0E       		.uleb128 0xe
 995 00c6 3A       		.uleb128 0x3a
 996 00c7 0B       		.uleb128 0xb
 997 00c8 3B       		.uleb128 0x3b
 998 00c9 0B       		.uleb128 0xb
 999 00ca 27       		.uleb128 0x27
 1000 00cb 19       		.uleb128 0x19
 1001 00cc 11       		.uleb128 0x11
 1002 00cd 01       		.uleb128 0x1
 1003 00ce 12       		.uleb128 0x12
 1004 00cf 06       		.uleb128 0x6
 1005 00d0 40       		.uleb128 0x40
 1006 00d1 18       		.uleb128 0x18
 1007 00d2 9742     		.uleb128 0x2117
 1008 00d4 19       		.uleb128 0x19
 1009 00d5 01       		.uleb128 0x1
 1010 00d6 13       		.uleb128 0x13
 1011 00d7 00       		.byte	0
 1012 00d8 00       		.byte	0
 1013 00d9 0D       		.uleb128 0xd
 1014 00da 898201   		.uleb128 0x4109
 1015 00dd 01       		.byte	0x1
 1016 00de 11       		.uleb128 0x11
 1017 00df 01       		.uleb128 0x1
 1018 00e0 31       		.uleb128 0x31
 1019 00e1 13       		.uleb128 0x13
 1020 00e2 01       		.uleb128 0x1
 1021 00e3 13       		.uleb128 0x13
 1022 00e4 00       		.byte	0
 1023 00e5 00       		.byte	0
 1024 00e6 0E       		.uleb128 0xe
 1025 00e7 8A8201   		.uleb128 0x410a
 1026 00ea 00       		.byte	0
 1027 00eb 02       		.uleb128 0x2
 1028 00ec 18       		.uleb128 0x18
 1029 00ed 9142     		.uleb128 0x2111
 1030 00ef 18       		.uleb128 0x18
 1031 00f0 00       		.byte	0
 1032 00f1 00       		.byte	0
 1033 00f2 0F       		.uleb128 0xf
 1034 00f3 898201   		.uleb128 0x4109
 1035 00f6 01       		.byte	0x1
 1036 00f7 11       		.uleb128 0x11
 1037 00f8 01       		.uleb128 0x1
 1038 00f9 31       		.uleb128 0x31
 1039 00fa 13       		.uleb128 0x13
 1040 00fb 00       		.byte	0
 1041 00fc 00       		.byte	0
 1042 00fd 10       		.uleb128 0x10
 1043 00fe 898201   		.uleb128 0x4109
 1044 0101 00       		.byte	0
 1045 0102 11       		.uleb128 0x11
 1046 0103 01       		.uleb128 0x1
 1047 0104 31       		.uleb128 0x31
 1048 0105 13       		.uleb128 0x13
 1049 0106 00       		.byte	0
ARM GAS  C:\Users\Lory\AppData\Local\Temp\ccAWTQQM.s 			page 29


 1050 0107 00       		.byte	0
 1051 0108 11       		.uleb128 0x11
 1052 0109 34       		.uleb128 0x34
 1053 010a 00       		.byte	0
 1054 010b 03       		.uleb128 0x3
 1055 010c 0E       		.uleb128 0xe
 1056 010d 3A       		.uleb128 0x3a
 1057 010e 0B       		.uleb128 0xb
 1058 010f 3B       		.uleb128 0x3b
 1059 0110 0B       		.uleb128 0xb
 1060 0111 49       		.uleb128 0x49
 1061 0112 13       		.uleb128 0x13
 1062 0113 3F       		.uleb128 0x3f
 1063 0114 19       		.uleb128 0x19
 1064 0115 02       		.uleb128 0x2
 1065 0116 18       		.uleb128 0x18
 1066 0117 00       		.byte	0
 1067 0118 00       		.byte	0
 1068 0119 00       		.byte	0
 1069              		.section	.debug_aranges,"",%progbits
 1070 0000 84000000 		.4byte	0x84
 1071 0004 0200     		.2byte	0x2
 1072 0006 00000000 		.4byte	.Ldebug_info0
 1073 000a 04       		.byte	0x4
 1074 000b 00       		.byte	0
 1075 000c 0000     		.2byte	0
 1076 000e 0000     		.2byte	0
 1077 0010 00000000 		.4byte	.LFB1
 1078 0014 28000000 		.4byte	.LFE1-.LFB1
 1079 0018 00000000 		.4byte	.LFB3
 1080 001c 28000000 		.4byte	.LFE3-.LFB3
 1081 0020 00000000 		.4byte	.LFB4
 1082 0024 0C000000 		.4byte	.LFE4-.LFB4
 1083 0028 00000000 		.4byte	.LFB5
 1084 002c 0C000000 		.4byte	.LFE5-.LFB5
 1085 0030 00000000 		.4byte	.LFB6
 1086 0034 0C000000 		.4byte	.LFE6-.LFB6
 1087 0038 00000000 		.4byte	.LFB7
 1088 003c 0C000000 		.4byte	.LFE7-.LFB7
 1089 0040 00000000 		.4byte	.LFB8
 1090 0044 0C000000 		.4byte	.LFE8-.LFB8
 1091 0048 00000000 		.4byte	.LFB9
 1092 004c 0C000000 		.4byte	.LFE9-.LFB9
 1093 0050 00000000 		.4byte	.LFB10
 1094 0054 0C000000 		.4byte	.LFE10-.LFB10
 1095 0058 00000000 		.4byte	.LFB11
 1096 005c 0C000000 		.4byte	.LFE11-.LFB11
 1097 0060 00000000 		.4byte	.LFB12
 1098 0064 0C000000 		.4byte	.LFE12-.LFB12
 1099 0068 00000000 		.4byte	.LFB0
 1100 006c 90000000 		.4byte	.LFE0-.LFB0
 1101 0070 00000000 		.4byte	.LFB2
 1102 0074 1C000000 		.4byte	.LFE2-.LFB2
 1103 0078 00000000 		.4byte	.LFB13
 1104 007c 14000000 		.4byte	.LFE13-.LFB13
 1105 0080 00000000 		.4byte	0
 1106 0084 00000000 		.4byte	0
ARM GAS  C:\Users\Lory\AppData\Local\Temp\ccAWTQQM.s 			page 30


 1107              		.section	.debug_ranges,"",%progbits
 1108              	.Ldebug_ranges0:
 1109 0000 00000000 		.4byte	.LFB1
 1110 0004 28000000 		.4byte	.LFE1
 1111 0008 00000000 		.4byte	.LFB3
 1112 000c 28000000 		.4byte	.LFE3
 1113 0010 00000000 		.4byte	.LFB4
 1114 0014 0C000000 		.4byte	.LFE4
 1115 0018 00000000 		.4byte	.LFB5
 1116 001c 0C000000 		.4byte	.LFE5
 1117 0020 00000000 		.4byte	.LFB6
 1118 0024 0C000000 		.4byte	.LFE6
 1119 0028 00000000 		.4byte	.LFB7
 1120 002c 0C000000 		.4byte	.LFE7
 1121 0030 00000000 		.4byte	.LFB8
 1122 0034 0C000000 		.4byte	.LFE8
 1123 0038 00000000 		.4byte	.LFB9
 1124 003c 0C000000 		.4byte	.LFE9
 1125 0040 00000000 		.4byte	.LFB10
 1126 0044 0C000000 		.4byte	.LFE10
 1127 0048 00000000 		.4byte	.LFB11
 1128 004c 0C000000 		.4byte	.LFE11
 1129 0050 00000000 		.4byte	.LFB12
 1130 0054 0C000000 		.4byte	.LFE12
 1131 0058 00000000 		.4byte	.LFB0
 1132 005c 90000000 		.4byte	.LFE0
 1133 0060 00000000 		.4byte	.LFB2
 1134 0064 1C000000 		.4byte	.LFE2
 1135 0068 00000000 		.4byte	.LFB13
 1136 006c 14000000 		.4byte	.LFE13
 1137 0070 00000000 		.4byte	0
 1138 0074 00000000 		.4byte	0
 1139              		.section	.debug_line,"",%progbits
 1140              	.Ldebug_line0:
 1141 0000 5C010000 		.section	.debug_str,"MS",%progbits,1
 1141      02004900 
 1141      00000201 
 1141      FB0E0D00 
 1141      01010101 
 1142              	.LASF15:
 1143 0000 72656731 		.ascii	"reg16\000"
 1143      3600
 1144              	.LASF30:
 1145 0006 42555454 		.ascii	"BUTTON_TIMER_ReadCapture\000"
 1145      4F4E5F54 
 1145      494D4552 
 1145      5F526561 
 1145      64436170 
 1146              	.LASF28:
 1147 001f 42555454 		.ascii	"BUTTON_TIMER_WritePeriod\000"
 1147      4F4E5F54 
 1147      494D4552 
 1147      5F577269 
 1147      74655065 
 1148              	.LASF29:
 1149 0038 70657269 		.ascii	"period\000"
 1149      6F6400
ARM GAS  C:\Users\Lory\AppData\Local\Temp\ccAWTQQM.s 			page 31


 1150              	.LASF20:
 1151 003f 42555454 		.ascii	"BUTTON_TIMER_SoftwareCapture\000"
 1151      4F4E5F54 
 1151      494D4552 
 1151      5F536F66 
 1151      74776172 
 1152              	.LASF3:
 1153 005c 73686F72 		.ascii	"short unsigned int\000"
 1153      7420756E 
 1153      7369676E 
 1153      65642069 
 1153      6E7400
 1154              	.LASF33:
 1155 006f 42555454 		.ascii	"BUTTON_TIMER_Init\000"
 1155      4F4E5F54 
 1155      494D4552 
 1155      5F496E69 
 1155      7400
 1156              	.LASF11:
 1157 0081 666C6F61 		.ascii	"float\000"
 1157      7400
 1158              	.LASF32:
 1159 0087 636F756E 		.ascii	"counter\000"
 1159      74657200 
 1160              	.LASF1:
 1161 008f 756E7369 		.ascii	"unsigned char\000"
 1161      676E6564 
 1161      20636861 
 1161      7200
 1162              	.LASF36:
 1163 009d 474E5520 		.ascii	"GNU C11 5.4.1 20160609 (release) [ARM/embedded-5-br"
 1163      43313120 
 1163      352E342E 
 1163      31203230 
 1163      31363036 
 1164 00d0 616E6368 		.ascii	"anch revision 237715] -mcpu=cortex-m3 -mthumb -g -O"
 1164      20726576 
 1164      6973696F 
 1164      6E203233 
 1164      37373135 
 1165 0103 67202D66 		.ascii	"g -ffunction-sections -ffat-lto-objects\000"
 1165      66756E63 
 1165      74696F6E 
 1165      2D736563 
 1165      74696F6E 
 1166              	.LASF14:
 1167 012b 72656738 		.ascii	"reg8\000"
 1167      00
 1168              	.LASF40:
 1169 0130 42555454 		.ascii	"BUTTON_TIMER_initVar\000"
 1169      4F4E5F54 
 1169      494D4552 
 1169      5F696E69 
 1169      74566172 
 1170              	.LASF5:
 1171 0145 6C6F6E67 		.ascii	"long unsigned int\000"
 1171      20756E73 
ARM GAS  C:\Users\Lory\AppData\Local\Temp\ccAWTQQM.s 			page 32


 1171      69676E65 
 1171      6420696E 
 1171      7400
 1172              	.LASF9:
 1173 0157 75696E74 		.ascii	"uint8\000"
 1173      3800
 1174              	.LASF26:
 1175 015d 636F6E74 		.ascii	"control\000"
 1175      726F6C00 
 1176              	.LASF31:
 1177 0165 42555454 		.ascii	"BUTTON_TIMER_WriteCounter\000"
 1177      4F4E5F54 
 1177      494D4552 
 1177      5F577269 
 1177      7465436F 
 1178              	.LASF12:
 1179 017f 646F7562 		.ascii	"double\000"
 1179      6C6500
 1180              	.LASF27:
 1181 0186 42555454 		.ascii	"BUTTON_TIMER_ReadPeriod\000"
 1181      4F4E5F54 
 1181      494D4552 
 1181      5F526561 
 1181      64506572 
 1182              	.LASF10:
 1183 019e 75696E74 		.ascii	"uint16\000"
 1183      313600
 1184              	.LASF24:
 1185 01a5 42555454 		.ascii	"BUTTON_TIMER_WriteControlRegister\000"
 1185      4F4E5F54 
 1185      494D4552 
 1185      5F577269 
 1185      7465436F 
 1186              	.LASF34:
 1187 01c7 42555454 		.ascii	"BUTTON_TIMER_Start\000"
 1187      4F4E5F54 
 1187      494D4552 
 1187      5F537461 
 1187      727400
 1188              	.LASF8:
 1189 01da 756E7369 		.ascii	"unsigned int\000"
 1189      676E6564 
 1189      20696E74 
 1189      00
 1190              	.LASF7:
 1191 01e7 6C6F6E67 		.ascii	"long long unsigned int\000"
 1191      206C6F6E 
 1191      6720756E 
 1191      7369676E 
 1191      65642069 
 1192              	.LASF39:
 1193 01fe 70657269 		.ascii	"period_temp\000"
 1193      6F645F74 
 1193      656D7000 
 1194              	.LASF17:
 1195 020a 73697A65 		.ascii	"sizetype\000"
 1195      74797065 
ARM GAS  C:\Users\Lory\AppData\Local\Temp\ccAWTQQM.s 			page 33


 1195      00
 1196              	.LASF6:
 1197 0213 6C6F6E67 		.ascii	"long long int\000"
 1197      206C6F6E 
 1197      6720696E 
 1197      7400
 1198              	.LASF21:
 1199 0221 42555454 		.ascii	"BUTTON_TIMER_ReadStatusRegister\000"
 1199      4F4E5F54 
 1199      494D4552 
 1199      5F526561 
 1199      64537461 
 1200              	.LASF25:
 1201 0241 696E7465 		.ascii	"interruptMode\000"
 1201      72727570 
 1201      744D6F64 
 1201      6500
 1202              	.LASF37:
 1203 024f 47656E65 		.ascii	"Generated_Source\\PSoC5\\BUTTON_TIMER.c\000"
 1203      72617465 
 1203      645F536F 
 1203      75726365 
 1203      5C50536F 
 1204              	.LASF18:
 1205 0275 42555454 		.ascii	"BUTTON_TIMER_Enable\000"
 1205      4F4E5F54 
 1205      494D4552 
 1205      5F456E61 
 1205      626C6500 
 1206              	.LASF35:
 1207 0289 42555454 		.ascii	"BUTTON_TIMER_ReadCounter\000"
 1207      4F4E5F54 
 1207      494D4552 
 1207      5F526561 
 1207      64436F75 
 1208              	.LASF2:
 1209 02a2 73686F72 		.ascii	"short int\000"
 1209      7420696E 
 1209      7400
 1210              	.LASF38:
 1211 02ac 433A5C55 		.ascii	"C:\\Users\\Lory\\Desktop\\info_projects\\git_reposi"
 1211      73657273 
 1211      5C4C6F72 
 1211      795C4465 
 1211      736B746F 
 1212 02da 746F7269 		.ascii	"tories\\PSoC-Final-Project\\AY1920_II_HW_FINAL_CARZ"
 1212      65735C50 
 1212      536F432D 
 1212      46696E61 
 1212      6C2D5072 
 1213 030b 414E4947 		.ascii	"ANIGA_GUALNIERA\\AY1920_II_HW_FINAL_CARZANIGA_GUALN"
 1213      415F4755 
 1213      414C4E49 
 1213      4552415C 
 1213      41593139 
 1214 033d 49455241 		.ascii	"IERA.cydsn\000"
 1214      2E637964 
ARM GAS  C:\Users\Lory\AppData\Local\Temp\ccAWTQQM.s 			page 34


 1214      736E00
 1215              	.LASF22:
 1216 0348 42555454 		.ascii	"BUTTON_TIMER_ReadControlRegister\000"
 1216      4F4E5F54 
 1216      494D4552 
 1216      5F526561 
 1216      64436F6E 
 1217              	.LASF4:
 1218 0369 6C6F6E67 		.ascii	"long int\000"
 1218      20696E74 
 1218      00
 1219              	.LASF13:
 1220 0372 63686172 		.ascii	"char\000"
 1220      00
 1221              	.LASF23:
 1222 0377 42555454 		.ascii	"BUTTON_TIMER_SetInterruptMode\000"
 1222      4F4E5F54 
 1222      494D4552 
 1222      5F536574 
 1222      496E7465 
 1223              	.LASF16:
 1224 0395 6C6F6E67 		.ascii	"long double\000"
 1224      20646F75 
 1224      626C6500 
 1225              	.LASF0:
 1226 03a1 7369676E 		.ascii	"signed char\000"
 1226      65642063 
 1226      68617200 
 1227              	.LASF19:
 1228 03ad 42555454 		.ascii	"BUTTON_TIMER_Stop\000"
 1228      4F4E5F54 
 1228      494D4552 
 1228      5F53746F 
 1228      7000
 1229              		.ident	"GCC: (GNU Tools for ARM Embedded Processors) 5.4.1 20160609 (release) [ARM/embedded-5-bran
